2025-10-24 00:04:12,914 DEBUG    root            Loaded Command Group: ['gcloud', 'auth']
2025-10-24 00:04:12,915 DEBUG    root            Loaded Command Group: ['gcloud', 'auth', 'list']
2025-10-24 00:04:12,916 DEBUG    root            Running [gcloud.auth.list] with arguments: []
2025-10-24 00:04:12,920 DEBUG    root            Chosen display Format:    table[title='Credentialed Accounts'](
        status.yesno(yes='*', no=''):label=ACTIVE,
        account
    )
2025-10-24 00:04:12,920 INFO     root            Display format: "    table[title='Credentialed Accounts'](
        status.yesno(yes='*', no=''):label=ACTIVE,
        account
    )"
2025-10-24 00:04:12,940 INFO     ___FILE_ONLY___            Credentialed Accounts
2025-10-24 00:04:12,941 INFO     ___FILE_ONLY___ 

2025-10-24 00:04:12,941 INFO     ___FILE_ONLY___ ACTIVE
2025-10-24 00:04:12,941 INFO     ___FILE_ONLY___   
2025-10-24 00:04:12,941 INFO     ___FILE_ONLY___ ACCOUNT
2025-10-24 00:04:12,941 INFO     ___FILE_ONLY___ 

2025-10-24 00:04:12,942 INFO     ___FILE_ONLY___ *
2025-10-24 00:04:12,942 INFO     ___FILE_ONLY___        
2025-10-24 00:04:12,942 INFO     ___FILE_ONLY___ magnus.lundstein@kli.oslo.kommune.no
2025-10-24 00:04:12,942 INFO     ___FILE_ONLY___ 

2025-10-24 00:04:12,942 INFO     ___FILE_ONLY___ 
To set the active account, run:
    $ gcloud config set account `ACCOUNT`


2025-10-24 00:04:12,950 DEBUG    root            Metrics reporting process started...
