2025-10-24 00:04:26,548 DEBUG    root            Loaded Command Group: ['gcloud', 'builds']
2025-10-24 00:04:26,549 DEBUG    root            Loaded Command Group: ['gcloud', 'builds', 'triggers']
2025-10-24 00:04:26,551 DEBUG    root            Loaded Command Group: ['gcloud', 'builds', 'triggers', 'list']
2025-10-24 00:04:26,551 DEBUG    root            Running [gcloud.builds.triggers.list] with arguments: [--format: "json"]
2025-10-24 00:04:26,575 DEBUG    urllib3.connectionpool Starting new HTTPS connection (1): cloudbuild.googleapis.com:443
2025-10-24 00:04:26,576 DEBUG    root            Caught socket error, retrying: HTTPSConnectionPool(host='cloudbuild.googleapis.com', port=443): Max retries exceeded with url: /v1/projects/energiverktoy-poc-1234/locations/global/triggers?alt=json (Caused by NameResolutionError("<urllib3.connection.HTTPSConnection object at 0x1054bce60>: Failed to resolve 'cloudbuild.googleapis.com' ([Errno 8] nodename nor servname provided, or not known)"))
2025-10-24 00:04:26,576 DEBUG    root            Retrying request to url https://cloudbuild.googleapis.com/v1/projects/energiverktoy-poc-1234/locations/global/triggers?alt=json after exception HTTPSConnectionPool(host='cloudbuild.googleapis.com', port=443): Max retries exceeded with url: /v1/projects/energiverktoy-poc-1234/locations/global/triggers?alt=json (Caused by NameResolutionError("<urllib3.connection.HTTPSConnection object at 0x1054bce60>: Failed to resolve 'cloudbuild.googleapis.com' ([Errno 8] nodename nor servname provided, or not known)"))
2025-10-24 00:04:28,659 DEBUG    urllib3.connectionpool Starting new HTTPS connection (2): cloudbuild.googleapis.com:443
2025-10-24 00:04:28,661 DEBUG    root            Caught socket error, retrying: HTTPSConnectionPool(host='cloudbuild.googleapis.com', port=443): Max retries exceeded with url: /v1/projects/energiverktoy-poc-1234/locations/global/triggers?alt=json (Caused by NameResolutionError("<urllib3.connection.HTTPSConnection object at 0x1054bd070>: Failed to resolve 'cloudbuild.googleapis.com' ([Errno 8] nodename nor servname provided, or not known)"))
2025-10-24 00:04:28,662 DEBUG    root            Retrying request to url https://cloudbuild.googleapis.com/v1/projects/energiverktoy-poc-1234/locations/global/triggers?alt=json after exception HTTPSConnectionPool(host='cloudbuild.googleapis.com', port=443): Max retries exceeded with url: /v1/projects/energiverktoy-poc-1234/locations/global/triggers?alt=json (Caused by NameResolutionError("<urllib3.connection.HTTPSConnection object at 0x1054bd070>: Failed to resolve 'cloudbuild.googleapis.com' ([Errno 8] nodename nor servname provided, or not known)"))
2025-10-24 00:04:32,803 DEBUG    urllib3.connectionpool Starting new HTTPS connection (3): cloudbuild.googleapis.com:443
2025-10-24 00:04:32,805 DEBUG    root            Caught socket error, retrying: HTTPSConnectionPool(host='cloudbuild.googleapis.com', port=443): Max retries exceeded with url: /v1/projects/energiverktoy-poc-1234/locations/global/triggers?alt=json (Caused by NameResolutionError("<urllib3.connection.HTTPSConnection object at 0x1054bd4f0>: Failed to resolve 'cloudbuild.googleapis.com' ([Errno 8] nodename nor servname provided, or not known)"))
2025-10-24 00:04:32,806 DEBUG    root            Retrying request to url https://cloudbuild.googleapis.com/v1/projects/energiverktoy-poc-1234/locations/global/triggers?alt=json after exception HTTPSConnectionPool(host='cloudbuild.googleapis.com', port=443): Max retries exceeded with url: /v1/projects/energiverktoy-poc-1234/locations/global/triggers?alt=json (Caused by NameResolutionError("<urllib3.connection.HTTPSConnection object at 0x1054bd4f0>: Failed to resolve 'cloudbuild.googleapis.com' ([Errno 8] nodename nor servname provided, or not known)"))
2025-10-24 00:04:40,802 DEBUG    urllib3.connectionpool Starting new HTTPS connection (4): cloudbuild.googleapis.com:443
2025-10-24 00:04:40,804 DEBUG    root            Caught socket error, retrying: HTTPSConnectionPool(host='cloudbuild.googleapis.com', port=443): Max retries exceeded with url: /v1/projects/energiverktoy-poc-1234/locations/global/triggers?alt=json (Caused by NameResolutionError("<urllib3.connection.HTTPSConnection object at 0x1054bda00>: Failed to resolve 'cloudbuild.googleapis.com' ([Errno 8] nodename nor servname provided, or not known)"))
2025-10-24 00:04:40,805 DEBUG    root            Retrying request to url https://cloudbuild.googleapis.com/v1/projects/energiverktoy-poc-1234/locations/global/triggers?alt=json after exception HTTPSConnectionPool(host='cloudbuild.googleapis.com', port=443): Max retries exceeded with url: /v1/projects/energiverktoy-poc-1234/locations/global/triggers?alt=json (Caused by NameResolutionError("<urllib3.connection.HTTPSConnection object at 0x1054bda00>: Failed to resolve 'cloudbuild.googleapis.com' ([Errno 8] nodename nor servname provided, or not known)"))
2025-10-24 00:04:59,676 DEBUG    urllib3.connectionpool Starting new HTTPS connection (5): cloudbuild.googleapis.com:443
2025-10-24 00:04:59,678 DEBUG    root            HTTPSConnectionPool(host='cloudbuild.googleapis.com', port=443): Max retries exceeded with url: /v1/projects/energiverktoy-poc-1234/locations/global/triggers?alt=json (Caused by NameResolutionError("<urllib3.connection.HTTPSConnection object at 0x1054bdf10>: Failed to resolve 'cloudbuild.googleapis.com' ([Errno 8] nodename nor servname provided, or not known)"))
Traceback (most recent call last):
  File "/Users/magnuslundstein/Desktop/Innholdsproduksjon/Tjenester/Google Cloud/google-cloud-sdk/lib/third_party/urllib3/connection.py", line 200, in _new_conn
    sock = connection.create_connection(
           ^^^^^^^^^^^^^^^^^^^^^^^^^^^^^
  File "/Users/magnuslundstein/Desktop/Innholdsproduksjon/Tjenester/Google Cloud/google-cloud-sdk/lib/third_party/urllib3/util/connection.py", line 62, in create_connection
    for res in socket.getaddrinfo(host, port, family, socket.SOCK_STREAM):
               ^^^^^^^^^^^^^^^^^^^^^^^^^^^^^^^^^^^^^^^^^^^^^^^^^^^^^^^^^^
  File "/Library/Frameworks/Python.framework/Versions/3.12/lib/python3.12/socket.py", line 976, in getaddrinfo
    for res in _socket.getaddrinfo(host, port, family, type, proto, flags):
               ^^^^^^^^^^^^^^^^^^^^^^^^^^^^^^^^^^^^^^^^^^^^^^^^^^^^^^^^^^^
socket.gaierror: [Errno 8] nodename nor servname provided, or not known

The above exception was the direct cause of the following exception:

Traceback (most recent call last):
  File "/Users/magnuslundstein/Desktop/Innholdsproduksjon/Tjenester/Google Cloud/google-cloud-sdk/lib/third_party/urllib3/connectionpool.py", line 787, in urlopen
    response = self._make_request(
               ^^^^^^^^^^^^^^^^^^^
  File "/Users/magnuslundstein/Desktop/Innholdsproduksjon/Tjenester/Google Cloud/google-cloud-sdk/lib/third_party/urllib3/connectionpool.py", line 488, in _make_request
    raise new_e
  File "/Users/magnuslundstein/Desktop/Innholdsproduksjon/Tjenester/Google Cloud/google-cloud-sdk/lib/third_party/urllib3/connectionpool.py", line 464, in _make_request
    self._validate_conn(conn)
  File "/Users/magnuslundstein/Desktop/Innholdsproduksjon/Tjenester/Google Cloud/google-cloud-sdk/lib/third_party/urllib3/connectionpool.py", line 1096, in _validate_conn
    conn.connect()
  File "/Users/magnuslundstein/Desktop/Innholdsproduksjon/Tjenester/Google Cloud/google-cloud-sdk/lib/third_party/urllib3/connection.py", line 758, in connect
    self.sock = sock = self._new_conn()
                       ^^^^^^^^^^^^^^^^
  File "/Users/magnuslundstein/Desktop/Innholdsproduksjon/Tjenester/Google Cloud/google-cloud-sdk/lib/third_party/urllib3/connection.py", line 208, in _new_conn
    raise NameResolutionError(self.host, self, e) from e
urllib3.exceptions.NameResolutionError: <urllib3.connection.HTTPSConnection object at 0x1054bdf10>: Failed to resolve 'cloudbuild.googleapis.com' ([Errno 8] nodename nor servname provided, or not known)

The above exception was the direct cause of the following exception:

Traceback (most recent call last):
  File "/Users/magnuslundstein/Desktop/Innholdsproduksjon/Tjenester/Google Cloud/google-cloud-sdk/lib/third_party/requests/adapters.py", line 667, in send
    resp = conn.urlopen(
           ^^^^^^^^^^^^^
  File "/Users/magnuslundstein/Desktop/Innholdsproduksjon/Tjenester/Google Cloud/google-cloud-sdk/lib/third_party/urllib3/connectionpool.py", line 841, in urlopen
    retries = retries.increment(
              ^^^^^^^^^^^^^^^^^^
  File "/Users/magnuslundstein/Desktop/Innholdsproduksjon/Tjenester/Google Cloud/google-cloud-sdk/lib/third_party/urllib3/util/retry.py", line 520, in increment
    raise MaxRetryError(_pool, url, reason) from reason  # type: ignore[arg-type]
    ^^^^^^^^^^^^^^^^^^^^^^^^^^^^^^^^^^^^^^^^^^^^^^^^^^^
urllib3.exceptions.MaxRetryError: HTTPSConnectionPool(host='cloudbuild.googleapis.com', port=443): Max retries exceeded with url: /v1/projects/energiverktoy-poc-1234/locations/global/triggers?alt=json (Caused by NameResolutionError("<urllib3.connection.HTTPSConnection object at 0x1054bdf10>: Failed to resolve 'cloudbuild.googleapis.com' ([Errno 8] nodename nor servname provided, or not known)"))

During handling of the above exception, another exception occurred:

Traceback (most recent call last):
  File "/Users/magnuslundstein/Desktop/Innholdsproduksjon/Tjenester/Google Cloud/google-cloud-sdk/lib/googlecloudsdk/calliope/cli.py", line 944, in Execute
    resources = calliope_command.Run(cli=self, args=args)
                ^^^^^^^^^^^^^^^^^^^^^^^^^^^^^^^^^^^^^^^^^
  File "/Users/magnuslundstein/Desktop/Innholdsproduksjon/Tjenester/Google Cloud/google-cloud-sdk/lib/googlecloudsdk/calliope/backend.py", line 955, in Run
    resources = command_instance.Run(args)
                ^^^^^^^^^^^^^^^^^^^^^^^^^^
  File "/Users/magnuslundstein/Desktop/Innholdsproduksjon/Tjenester/Google Cloud/google-cloud-sdk/lib/surface/builds/triggers/list.py", line 67, in Run
    return client.projects_locations_triggers.List(
           ^^^^^^^^^^^^^^^^^^^^^^^^^^^^^^^^^^^^^^^^
  File "/Users/magnuslundstein/Desktop/Innholdsproduksjon/Tjenester/Google Cloud/google-cloud-sdk/lib/googlecloudsdk/generated_clients/apis/cloudbuild/v1/cloudbuild_v1_client.py", line 2210, in List
    return self._RunMethod(
           ^^^^^^^^^^^^^^^^
  File "/Users/magnuslundstein/Desktop/Innholdsproduksjon/Tjenester/Google Cloud/google-cloud-sdk/lib/third_party/apitools/base/py/base_api.py", line 744, in _RunMethod
    http_response = http_wrapper.MakeRequest(
                    ^^^^^^^^^^^^^^^^^^^^^^^^^
  File "/Users/magnuslundstein/Desktop/Innholdsproduksjon/Tjenester/Google Cloud/google-cloud-sdk/lib/third_party/apitools/base/py/http_wrapper.py", line 348, in MakeRequest
    return _MakeRequestNoRetry(
           ^^^^^^^^^^^^^^^^^^^^
  File "/Users/magnuslundstein/Desktop/Innholdsproduksjon/Tjenester/Google Cloud/google-cloud-sdk/lib/third_party/apitools/base/py/http_wrapper.py", line 397, in _MakeRequestNoRetry
    info, content = http.request(
                    ^^^^^^^^^^^^^
  File "/Users/magnuslundstein/Desktop/Innholdsproduksjon/Tjenester/Google Cloud/google-cloud-sdk/lib/googlecloudsdk/core/requests.py", line 461, in HttpRequest
    return orig_request_method(*args, **kwargs)
           ^^^^^^^^^^^^^^^^^^^^^^^^^^^^^^^^^^^^
  File "/Users/magnuslundstein/Desktop/Innholdsproduksjon/Tjenester/Google Cloud/google-cloud-sdk/lib/googlecloudsdk/core/requests.py", line 545, in request
    response = self.session.request(
               ^^^^^^^^^^^^^^^^^^^^^
  File "/Users/magnuslundstein/Desktop/Innholdsproduksjon/Tjenester/Google Cloud/google-cloud-sdk/lib/googlecloudsdk/core/transport.py", line 281, in WrappedRequest
    response = orig_request(*modified_args, **modified_kwargs)
               ^^^^^^^^^^^^^^^^^^^^^^^^^^^^^^^^^^^^^^^^^^^^^^^
  File "/Users/magnuslundstein/Desktop/Innholdsproduksjon/Tjenester/Google Cloud/google-cloud-sdk/lib/googlecloudsdk/core/credentials/requests.py", line 122, in WrappedRequest
    response = orig_request(
               ^^^^^^^^^^^^^
  File "/Users/magnuslundstein/Desktop/Innholdsproduksjon/Tjenester/Google Cloud/google-cloud-sdk/lib/googlecloudsdk/core/credentials/requests.py", line 173, in RequestWithRetry
    response = wrapped_request(*args, **kwargs)
               ^^^^^^^^^^^^^^^^^^^^^^^^^^^^^^^^
  File "/Users/magnuslundstein/Desktop/Innholdsproduksjon/Tjenester/Google Cloud/google-cloud-sdk/lib/googlecloudsdk/core/transport.py", line 281, in WrappedRequest
    response = orig_request(*modified_args, **modified_kwargs)
               ^^^^^^^^^^^^^^^^^^^^^^^^^^^^^^^^^^^^^^^^^^^^^^^
  File "/Users/magnuslundstein/Desktop/Innholdsproduksjon/Tjenester/Google Cloud/google-cloud-sdk/lib/googlecloudsdk/core/transport.py", line 281, in WrappedRequest
    response = orig_request(*modified_args, **modified_kwargs)
               ^^^^^^^^^^^^^^^^^^^^^^^^^^^^^^^^^^^^^^^^^^^^^^^
  File "/Users/magnuslundstein/Desktop/Innholdsproduksjon/Tjenester/Google Cloud/google-cloud-sdk/lib/googlecloudsdk/core/requests.py", line 280, in WrappedRequest
    return orig_request_method(*args, **kwargs)
           ^^^^^^^^^^^^^^^^^^^^^^^^^^^^^^^^^^^^
  File "/Users/magnuslundstein/Desktop/Innholdsproduksjon/Tjenester/Google Cloud/google-cloud-sdk/lib/third_party/requests/sessions.py", line 589, in request
    resp = self.send(prep, **send_kwargs)
           ^^^^^^^^^^^^^^^^^^^^^^^^^^^^^^
  File "/Users/magnuslundstein/Desktop/Innholdsproduksjon/Tjenester/Google Cloud/google-cloud-sdk/lib/third_party/requests/sessions.py", line 703, in send
    r = adapter.send(request, **kwargs)
        ^^^^^^^^^^^^^^^^^^^^^^^^^^^^^^^
  File "/Users/magnuslundstein/Desktop/Innholdsproduksjon/Tjenester/Google Cloud/google-cloud-sdk/lib/third_party/requests/adapters.py", line 700, in send
    raise ConnectionError(e, request=request)
requests.exceptions.ConnectionError: HTTPSConnectionPool(host='cloudbuild.googleapis.com', port=443): Max retries exceeded with url: /v1/projects/energiverktoy-poc-1234/locations/global/triggers?alt=json (Caused by NameResolutionError("<urllib3.connection.HTTPSConnection object at 0x1054bdf10>: Failed to resolve 'cloudbuild.googleapis.com' ([Errno 8] nodename nor servname provided, or not known)"))
2025-10-24 00:04:59,685 ERROR    ___FILE_ONLY___ BEGIN CRASH STACKTRACE
Traceback (most recent call last):
  File "/Users/magnuslundstein/Desktop/Innholdsproduksjon/Tjenester/Google Cloud/google-cloud-sdk/lib/third_party/urllib3/connection.py", line 200, in _new_conn
    sock = connection.create_connection(
           ^^^^^^^^^^^^^^^^^^^^^^^^^^^^^
  File "/Users/magnuslundstein/Desktop/Innholdsproduksjon/Tjenester/Google Cloud/google-cloud-sdk/lib/third_party/urllib3/util/connection.py", line 62, in create_connection
    for res in socket.getaddrinfo(host, port, family, socket.SOCK_STREAM):
               ^^^^^^^^^^^^^^^^^^^^^^^^^^^^^^^^^^^^^^^^^^^^^^^^^^^^^^^^^^
  File "/Library/Frameworks/Python.framework/Versions/3.12/lib/python3.12/socket.py", line 976, in getaddrinfo
    for res in _socket.getaddrinfo(host, port, family, type, proto, flags):
               ^^^^^^^^^^^^^^^^^^^^^^^^^^^^^^^^^^^^^^^^^^^^^^^^^^^^^^^^^^^
socket.gaierror: [Errno 8] nodename nor servname provided, or not known

The above exception was the direct cause of the following exception:

Traceback (most recent call last):
  File "/Users/magnuslundstein/Desktop/Innholdsproduksjon/Tjenester/Google Cloud/google-cloud-sdk/lib/third_party/urllib3/connectionpool.py", line 787, in urlopen
    response = self._make_request(
               ^^^^^^^^^^^^^^^^^^^
  File "/Users/magnuslundstein/Desktop/Innholdsproduksjon/Tjenester/Google Cloud/google-cloud-sdk/lib/third_party/urllib3/connectionpool.py", line 488, in _make_request
    raise new_e
  File "/Users/magnuslundstein/Desktop/Innholdsproduksjon/Tjenester/Google Cloud/google-cloud-sdk/lib/third_party/urllib3/connectionpool.py", line 464, in _make_request
    self._validate_conn(conn)
  File "/Users/magnuslundstein/Desktop/Innholdsproduksjon/Tjenester/Google Cloud/google-cloud-sdk/lib/third_party/urllib3/connectionpool.py", line 1096, in _validate_conn
    conn.connect()
  File "/Users/magnuslundstein/Desktop/Innholdsproduksjon/Tjenester/Google Cloud/google-cloud-sdk/lib/third_party/urllib3/connection.py", line 758, in connect
    self.sock = sock = self._new_conn()
                       ^^^^^^^^^^^^^^^^
  File "/Users/magnuslundstein/Desktop/Innholdsproduksjon/Tjenester/Google Cloud/google-cloud-sdk/lib/third_party/urllib3/connection.py", line 208, in _new_conn
    raise NameResolutionError(self.host, self, e) from e
urllib3.exceptions.NameResolutionError: <urllib3.connection.HTTPSConnection object at 0x1054bdf10>: Failed to resolve 'cloudbuild.googleapis.com' ([Errno 8] nodename nor servname provided, or not known)

The above exception was the direct cause of the following exception:

Traceback (most recent call last):
  File "/Users/magnuslundstein/Desktop/Innholdsproduksjon/Tjenester/Google Cloud/google-cloud-sdk/lib/third_party/requests/adapters.py", line 667, in send
    resp = conn.urlopen(
           ^^^^^^^^^^^^^
  File "/Users/magnuslundstein/Desktop/Innholdsproduksjon/Tjenester/Google Cloud/google-cloud-sdk/lib/third_party/urllib3/connectionpool.py", line 841, in urlopen
    retries = retries.increment(
              ^^^^^^^^^^^^^^^^^^
  File "/Users/magnuslundstein/Desktop/Innholdsproduksjon/Tjenester/Google Cloud/google-cloud-sdk/lib/third_party/urllib3/util/retry.py", line 520, in increment
    raise MaxRetryError(_pool, url, reason) from reason  # type: ignore[arg-type]
    ^^^^^^^^^^^^^^^^^^^^^^^^^^^^^^^^^^^^^^^^^^^^^^^^^^^
urllib3.exceptions.MaxRetryError: HTTPSConnectionPool(host='cloudbuild.googleapis.com', port=443): Max retries exceeded with url: /v1/projects/energiverktoy-poc-1234/locations/global/triggers?alt=json (Caused by NameResolutionError("<urllib3.connection.HTTPSConnection object at 0x1054bdf10>: Failed to resolve 'cloudbuild.googleapis.com' ([Errno 8] nodename nor servname provided, or not known)"))

During handling of the above exception, another exception occurred:

Traceback (most recent call last):
  File "/Users/magnuslundstein/Desktop/Innholdsproduksjon/Tjenester/Google Cloud/google-cloud-sdk/lib/googlecloudsdk/command_lib/crash_handling.py", line 199, in Wrapper
    target_function(*args, **kwargs)
  File "/Users/magnuslundstein/Desktop/Innholdsproduksjon/Tjenester/Google Cloud/google-cloud-sdk/lib/googlecloudsdk/gcloud_main.py", line 190, in main
    gcloud_cli.Execute()
  File "/Users/magnuslundstein/Desktop/Innholdsproduksjon/Tjenester/Google Cloud/google-cloud-sdk/lib/googlecloudsdk/calliope/cli.py", line 973, in Execute
    self._HandleAllErrors(exc, command_path_string, specified_arg_names)
  File "/Users/magnuslundstein/Desktop/Innholdsproduksjon/Tjenester/Google Cloud/google-cloud-sdk/lib/googlecloudsdk/calliope/cli.py", line 1017, in _HandleAllErrors
    exceptions.HandleError(exc, command_path_string, self.__known_error_handler)
  File "/Users/magnuslundstein/Desktop/Innholdsproduksjon/Tjenester/Google Cloud/google-cloud-sdk/lib/googlecloudsdk/calliope/exceptions.py", line 594, in HandleError
    core_exceptions.reraise(exc)
  File "/Users/magnuslundstein/Desktop/Innholdsproduksjon/Tjenester/Google Cloud/google-cloud-sdk/lib/googlecloudsdk/core/exceptions.py", line 149, in reraise
    six.reraise(type(exc_value), exc_value, tb)
  File "/Users/magnuslundstein/Desktop/Innholdsproduksjon/Tjenester/Google Cloud/google-cloud-sdk/lib/third_party/six/__init__.py", line 719, in reraise
    raise value
  File "/Users/magnuslundstein/Desktop/Innholdsproduksjon/Tjenester/Google Cloud/google-cloud-sdk/lib/googlecloudsdk/calliope/cli.py", line 944, in Execute
    resources = calliope_command.Run(cli=self, args=args)
                ^^^^^^^^^^^^^^^^^^^^^^^^^^^^^^^^^^^^^^^^^
  File "/Users/magnuslundstein/Desktop/Innholdsproduksjon/Tjenester/Google Cloud/google-cloud-sdk/lib/googlecloudsdk/calliope/backend.py", line 955, in Run
    resources = command_instance.Run(args)
                ^^^^^^^^^^^^^^^^^^^^^^^^^^
  File "/Users/magnuslundstein/Desktop/Innholdsproduksjon/Tjenester/Google Cloud/google-cloud-sdk/lib/surface/builds/triggers/list.py", line 67, in Run
    return client.projects_locations_triggers.List(
           ^^^^^^^^^^^^^^^^^^^^^^^^^^^^^^^^^^^^^^^^
  File "/Users/magnuslundstein/Desktop/Innholdsproduksjon/Tjenester/Google Cloud/google-cloud-sdk/lib/googlecloudsdk/generated_clients/apis/cloudbuild/v1/cloudbuild_v1_client.py", line 2210, in List
    return self._RunMethod(
           ^^^^^^^^^^^^^^^^
  File "/Users/magnuslundstein/Desktop/Innholdsproduksjon/Tjenester/Google Cloud/google-cloud-sdk/lib/third_party/apitools/base/py/base_api.py", line 744, in _RunMethod
    http_response = http_wrapper.MakeRequest(
                    ^^^^^^^^^^^^^^^^^^^^^^^^^
  File "/Users/magnuslundstein/Desktop/Innholdsproduksjon/Tjenester/Google Cloud/google-cloud-sdk/lib/third_party/apitools/base/py/http_wrapper.py", line 348, in MakeRequest
    return _MakeRequestNoRetry(
           ^^^^^^^^^^^^^^^^^^^^
  File "/Users/magnuslundstein/Desktop/Innholdsproduksjon/Tjenester/Google Cloud/google-cloud-sdk/lib/third_party/apitools/base/py/http_wrapper.py", line 397, in _MakeRequestNoRetry
    info, content = http.request(
                    ^^^^^^^^^^^^^
  File "/Users/magnuslundstein/Desktop/Innholdsproduksjon/Tjenester/Google Cloud/google-cloud-sdk/lib/googlecloudsdk/core/requests.py", line 461, in HttpRequest
    return orig_request_method(*args, **kwargs)
           ^^^^^^^^^^^^^^^^^^^^^^^^^^^^^^^^^^^^
  File "/Users/magnuslundstein/Desktop/Innholdsproduksjon/Tjenester/Google Cloud/google-cloud-sdk/lib/googlecloudsdk/core/requests.py", line 545, in request
    response = self.session.request(
               ^^^^^^^^^^^^^^^^^^^^^
  File "/Users/magnuslundstein/Desktop/Innholdsproduksjon/Tjenester/Google Cloud/google-cloud-sdk/lib/googlecloudsdk/core/transport.py", line 281, in WrappedRequest
    response = orig_request(*modified_args, **modified_kwargs)
               ^^^^^^^^^^^^^^^^^^^^^^^^^^^^^^^^^^^^^^^^^^^^^^^
  File "/Users/magnuslundstein/Desktop/Innholdsproduksjon/Tjenester/Google Cloud/google-cloud-sdk/lib/googlecloudsdk/core/credentials/requests.py", line 122, in WrappedRequest
    response = orig_request(
               ^^^^^^^^^^^^^
  File "/Users/magnuslundstein/Desktop/Innholdsproduksjon/Tjenester/Google Cloud/google-cloud-sdk/lib/googlecloudsdk/core/credentials/requests.py", line 173, in RequestWithRetry
    response = wrapped_request(*args, **kwargs)
               ^^^^^^^^^^^^^^^^^^^^^^^^^^^^^^^^
  File "/Users/magnuslundstein/Desktop/Innholdsproduksjon/Tjenester/Google Cloud/google-cloud-sdk/lib/googlecloudsdk/core/transport.py", line 281, in WrappedRequest
    response = orig_request(*modified_args, **modified_kwargs)
               ^^^^^^^^^^^^^^^^^^^^^^^^^^^^^^^^^^^^^^^^^^^^^^^
  File "/Users/magnuslundstein/Desktop/Innholdsproduksjon/Tjenester/Google Cloud/google-cloud-sdk/lib/googlecloudsdk/core/transport.py", line 281, in WrappedRequest
    response = orig_request(*modified_args, **modified_kwargs)
               ^^^^^^^^^^^^^^^^^^^^^^^^^^^^^^^^^^^^^^^^^^^^^^^
  File "/Users/magnuslundstein/Desktop/Innholdsproduksjon/Tjenester/Google Cloud/google-cloud-sdk/lib/googlecloudsdk/core/requests.py", line 280, in WrappedRequest
    return orig_request_method(*args, **kwargs)
           ^^^^^^^^^^^^^^^^^^^^^^^^^^^^^^^^^^^^
  File "/Users/magnuslundstein/Desktop/Innholdsproduksjon/Tjenester/Google Cloud/google-cloud-sdk/lib/third_party/requests/sessions.py", line 589, in request
    resp = self.send(prep, **send_kwargs)
           ^^^^^^^^^^^^^^^^^^^^^^^^^^^^^^
  File "/Users/magnuslundstein/Desktop/Innholdsproduksjon/Tjenester/Google Cloud/google-cloud-sdk/lib/third_party/requests/sessions.py", line 703, in send
    r = adapter.send(request, **kwargs)
        ^^^^^^^^^^^^^^^^^^^^^^^^^^^^^^^
  File "/Users/magnuslundstein/Desktop/Innholdsproduksjon/Tjenester/Google Cloud/google-cloud-sdk/lib/third_party/requests/adapters.py", line 700, in send
    raise ConnectionError(e, request=request)
requests.exceptions.ConnectionError: HTTPSConnectionPool(host='cloudbuild.googleapis.com', port=443): Max retries exceeded with url: /v1/projects/energiverktoy-poc-1234/locations/global/triggers?alt=json (Caused by NameResolutionError("<urllib3.connection.HTTPSConnection object at 0x1054bdf10>: Failed to resolve 'cloudbuild.googleapis.com' ([Errno 8] nodename nor servname provided, or not known)"))
2025-10-24 00:04:59,689 ERROR    root            gcloud crashed (ConnectionError): HTTPSConnectionPool(host='cloudbuild.googleapis.com', port=443): Max retries exceeded with url: /v1/projects/energiverktoy-poc-1234/locations/global/triggers?alt=json (Caused by NameResolutionError("<urllib3.connection.HTTPSConnection object at 0x1054bdf10>: Failed to resolve 'cloudbuild.googleapis.com' ([Errno 8] nodename nor servname provided, or not known)"))
2025-10-24 00:04:59,694 INFO     ___FILE_ONLY___ 
If you would like to report this issue, please run the following command:

2025-10-24 00:04:59,694 INFO     ___FILE_ONLY___   gcloud feedback

2025-10-24 00:04:59,694 INFO     ___FILE_ONLY___ 
To check gcloud for common problems, please run the following command:

2025-10-24 00:04:59,694 INFO     ___FILE_ONLY___   gcloud info --run-diagnostics

2025-10-24 00:04:59,700 DEBUG    root            Metrics reporting process started...
