2025-10-24 00:10:54,789 DEBUG    root            Loaded Command Group: ['gcloud', 'builds']
2025-10-24 00:10:54,790 DEBUG    root            Loaded Command Group: ['gcloud', 'builds', 'triggers']
2025-10-24 00:10:54,791 DEBUG    root            Loaded Command Group: ['gcloud', 'builds', 'triggers', 'create']
2025-10-24 00:10:54,794 DEBUG    root            Loaded Command Group: ['gcloud', 'builds', 'triggers', 'create', 'github']
2025-10-24 00:10:54,796 DEBUG    root            Running [gcloud.builds.triggers.create.github] with arguments: [--branch-pattern: "^main$", --build-config: "deploy/gcp/cloudbuild.yaml", --name: "energinokkelen-staging", --repo-name: "PoC_Energir-dgivning", --repo-owner: "klimaetatenmagnus", --substitutions: "OrderedDict({'_TAG': 'staging-', '_DEPLOY': 'true', '_API_ENV': 'test'})"]
2025-10-24 00:10:54,817 DEBUG    urllib3.connectionpool Starting new HTTPS connection (1): cloudbuild.googleapis.com:443
2025-10-24 00:10:55,755 DEBUG    urllib3.connectionpool https://cloudbuild.googleapis.com:443 "POST /v1/projects/energiverktoy-poc-1234/locations/global/triggers?alt=json HTTP/1.1" 400 None
2025-10-24 00:10:55,760 DEBUG    root            (gcloud.builds.triggers.create.github) INVALID_ARGUMENT: Request contains an invalid argument.
Traceback (most recent call last):
  File "/Users/magnuslundstein/Desktop/Innholdsproduksjon/Tjenester/Google Cloud/google-cloud-sdk/lib/googlecloudsdk/calliope/cli.py", line 944, in Execute
    resources = calliope_command.Run(cli=self, args=args)
                ^^^^^^^^^^^^^^^^^^^^^^^^^^^^^^^^^^^^^^^^^
  File "/Users/magnuslundstein/Desktop/Innholdsproduksjon/Tjenester/Google Cloud/google-cloud-sdk/lib/googlecloudsdk/calliope/backend.py", line 955, in Run
    resources = command_instance.Run(args)
                ^^^^^^^^^^^^^^^^^^^^^^^^^^
  File "/Users/magnuslundstein/Desktop/Innholdsproduksjon/Tjenester/Google Cloud/google-cloud-sdk/lib/surface/builds/triggers/create/github.py", line 189, in Run
    created_trigger = client.projects_locations_triggers.Create(
                      ^^^^^^^^^^^^^^^^^^^^^^^^^^^^^^^^^^^^^^^^^^
  File "/Users/magnuslundstein/Desktop/Innholdsproduksjon/Tjenester/Google Cloud/google-cloud-sdk/lib/googlecloudsdk/generated_clients/apis/cloudbuild/v1/cloudbuild_v1_client.py", line 2129, in Create
    return self._RunMethod(
           ^^^^^^^^^^^^^^^^
  File "/Users/magnuslundstein/Desktop/Innholdsproduksjon/Tjenester/Google Cloud/google-cloud-sdk/lib/third_party/apitools/base/py/base_api.py", line 747, in _RunMethod
    return self.ProcessHttpResponse(method_config, http_response, request)
           ^^^^^^^^^^^^^^^^^^^^^^^^^^^^^^^^^^^^^^^^^^^^^^^^^^^^^^^^^^^^^^^
  File "/Users/magnuslundstein/Desktop/Innholdsproduksjon/Tjenester/Google Cloud/google-cloud-sdk/lib/third_party/apitools/base/py/base_api.py", line 753, in ProcessHttpResponse
    self.__ProcessHttpResponse(method_config, http_response, request))
    ^^^^^^^^^^^^^^^^^^^^^^^^^^^^^^^^^^^^^^^^^^^^^^^^^^^^^^^^^^^^^^^^^
  File "/Users/magnuslundstein/Desktop/Innholdsproduksjon/Tjenester/Google Cloud/google-cloud-sdk/lib/third_party/apitools/base/py/base_api.py", line 612, in __ProcessHttpResponse
    raise exceptions.HttpError.FromResponse(
apitools.base.py.exceptions.HttpBadRequestError: HttpError accessing <https://cloudbuild.googleapis.com/v1/projects/energiverktoy-poc-1234/locations/global/triggers?alt=json>: response: <{'vary': 'Origin, X-Origin, Referer', 'content-type': 'application/json; charset=UTF-8', 'content-encoding': 'gzip', 'date': 'Thu, 23 Oct 2025 22:10:55 GMT', 'server': 'ESF', 'x-xss-protection': '0', 'x-frame-options': 'SAMEORIGIN', 'x-content-type-options': 'nosniff', 'alt-svc': 'h3=":443"; ma=2592000,h3-29=":443"; ma=2592000', 'transfer-encoding': 'chunked', 'status': 400}>, content <{
  "error": {
    "code": 400,
    "message": "Request contains an invalid argument.",
    "status": "INVALID_ARGUMENT"
  }
}
>
2025-10-24 00:10:55,763 ERROR    root            (gcloud.builds.triggers.create.github) INVALID_ARGUMENT: Request contains an invalid argument.
2025-10-24 00:10:55,775 DEBUG    root            Metrics reporting process started...
