2025-10-23 12:21:35,947 DEBUG    root            Running [gcloud] with arguments: [-v: "None"]
2025-10-23 12:21:36,054 DEBUG    root            Loaded Command Group: ['gcloud', 'version']
2025-10-23 12:21:36,055 DEBUG    root            Running [gcloud.version] with arguments: []
2025-10-23 12:21:36,116 DEBUG    root            Chosen display Format:flattened[no-pad,separator=" "]
2025-10-23 12:21:36,116 INFO     root            Display format: "flattened[no-pad,separator=" "]"
2025-10-23 12:21:36,143 INFO     ___FILE_ONLY___ Google Cloud SDK
2025-10-23 12:21:36,143 INFO     ___FILE_ONLY___  
2025-10-23 12:21:36,143 INFO     ___FILE_ONLY___ 544.0.0

2025-10-23 12:21:36,143 INFO     ___FILE_ONLY___ bq
2025-10-23 12:21:36,143 INFO     ___FILE_ONLY___  
2025-10-23 12:21:36,143 INFO     ___FILE_ONLY___ 2.1.24

2025-10-23 12:21:36,143 INFO     ___FILE_ONLY___ core
2025-10-23 12:21:36,143 INFO     ___FILE_ONLY___  
2025-10-23 12:21:36,143 INFO     ___FILE_ONLY___ 2025.10.17

2025-10-23 12:21:36,143 INFO     ___FILE_ONLY___ gcloud-crc32c
2025-10-23 12:21:36,143 INFO     ___FILE_ONLY___  
2025-10-23 12:21:36,143 INFO     ___FILE_ONLY___ 1.0.0

2025-10-23 12:21:36,143 INFO     ___FILE_ONLY___ gsutil
2025-10-23 12:21:36,143 INFO     ___FILE_ONLY___  
2025-10-23 12:21:36,143 INFO     ___FILE_ONLY___ 5.35

2025-10-23 12:21:36,152 DEBUG    root            Metrics reporting process started...
