2025-10-23 12:33:33,340 DEBUG    root            Loaded Command Group: ['gcloud', 'auth']
2025-10-23 12:33:33,341 DEBUG    root            Loaded Command Group: ['gcloud', 'auth', 'application_default']
2025-10-23 12:33:33,354 DEBUG    root            Loaded Command Group: ['gcloud', 'auth', 'application-default', 'login']
2025-10-23 12:33:33,355 DEBUG    root            Running [gcloud.auth.application-default.login] with arguments: []
2025-10-23 12:33:33,402 DEBUG    requests_oauthlib.oauth2_session Generated new state a5G4tJDi30xDJfTieqSCGPqgIXdV8p.
2025-10-23 12:33:33,487 INFO     ___FILE_ONLY___ Your browser has been opened to visit:

    https://accounts.google.com/o/oauth2/auth?response_type=code&client_id=764086051850-6qr4p6gpi6hn506pt8ejuq83di341hur.apps.googleusercontent.com&redirect_uri=http%3A%2F%2Flocalhost%3A8085%2F&scope=openid+https%3A%2F%2Fwww.googleapis.com%2Fauth%2Fuserinfo.email+https%3A%2F%2Fwww.googleapis.com%2Fauth%2Fcloud-platform+https%3A%2F%2Fwww.googleapis.com%2Fauth%2Fsqlservice.login&state=a5G4tJDi30xDJfTieqSCGPqgIXdV8p&access_type=offline&code_challenge=JMrNGJMke1DfoTcyD0OQf_v24TR_uP1Kk7R5MTJFOv8&code_challenge_method=S256


2025-10-23 12:33:42,669 INFO     google_auth_oauthlib.flow "GET /?state=a5G4tJDi30xDJfTieqSCGPqgIXdV8p&code=4/0AVGzR1Ax8Lp-BCFHpCnRow_HFyW6tu3E3QybQWmnJYICJn4lNP3tFdKz081EieZ2a2kL4A&scope=email%20https://www.googleapis.com/auth/cloud-platform%20https://www.googleapis.com/auth/sqlservice.login%20https://www.googleapis.com/auth/userinfo.email%20openid&authuser=1&prompt=consent HTTP/1.1" 200 937
2025-10-23 12:33:42,671 DEBUG    requests_oauthlib.oauth2_session Requesting url https://oauth2.googleapis.com/token using method POST.
2025-10-23 12:33:42,671 DEBUG    requests_oauthlib.oauth2_session Supplying headers {b'Accept': b'application/json', b'Content-Type': b'application/x-www-form-urlencoded;charset=UTF-8', b'user-agent': b'google-cloud-sdk gcloud/544.0.0 command/gcloud.auth.application-default.login invocation-id/ded41a6a856c45cf8b7f806615b4d129 environment/None environment-version/None client-os/MACOSX client-os-ver/25.0.0 client-pltf-arch/arm interactive/True from-script/False python/3.12.8 term/xterm-256color  (Macintosh; Intel Mac OS X 25.0.0)'} and data {'grant_type': 'authorization_code', 'client_id': '764086051850-6qr4p6gpi6hn506pt8ejuq83di341hur.apps.googleusercontent.com', 'client_secret': 'd-FL95Q19q7MQmFpd7hHD0Ty', 'code': '4/0AVGzR1Ax8Lp-BCFHpCnRow_HFyW6tu3E3QybQWmnJYICJn4lNP3tFdKz081EieZ2a2kL4A', 'redirect_uri': 'http://localhost:8085/', 'code_verifier': 'lIq-.kXz5GQZeJACG0D.BWxnBp29bXV7~pKh~O-hMGHjCE0M1bWf5Z3_QQf-D4vtZjOSCuuRCMI9AFGqP3y.SiN1CYTPuw_tP~uPqFiX9N9v0yFB.1ItJV1~jJiKvCk6'}
2025-10-23 12:33:42,671 DEBUG    requests_oauthlib.oauth2_session Passing through key word arguments {'json': None, 'timeout': None, 'auth': None, 'verify': None, 'proxies': None}.
2025-10-23 12:33:42,680 DEBUG    urllib3.connectionpool Starting new HTTPS connection (1): oauth2.googleapis.com:443
2025-10-23 12:33:42,816 DEBUG    urllib3.connectionpool https://oauth2.googleapis.com:443 "POST /token HTTP/1.1" 200 None
2025-10-23 12:33:42,818 DEBUG    requests_oauthlib.oauth2_session Prepared fetch token request body grant_type=authorization_code&client_id=764086051850-6qr4p6gpi6hn506pt8ejuq83di341hur.apps.googleusercontent.com&client_secret=d-FL95Q19q7MQmFpd7hHD0Ty&code=4%2F0AVGzR1Ax8Lp-BCFHpCnRow_HFyW6tu3E3QybQWmnJYICJn4lNP3tFdKz081EieZ2a2kL4A&redirect_uri=http%3A%2F%2Flocalhost%3A8085%2F&code_verifier=lIq-.kXz5GQZeJACG0D.BWxnBp29bXV7~pKh~O-hMGHjCE0M1bWf5Z3_QQf-D4vtZjOSCuuRCMI9AFGqP3y.SiN1CYTPuw_tP~uPqFiX9N9v0yFB.1ItJV1~jJiKvCk6
2025-10-23 12:33:42,818 DEBUG    requests_oauthlib.oauth2_session Request to fetch token completed with status 200.
2025-10-23 12:33:42,818 DEBUG    requests_oauthlib.oauth2_session Request headers were {'user-agent': b'google-cloud-sdk gcloud/544.0.0 command/gcloud.auth.application-default.login invocation-id/ded41a6a856c45cf8b7f806615b4d129 environment/None environment-version/None client-os/MACOSX client-os-ver/25.0.0 client-pltf-arch/arm interactive/True from-script/False python/3.12.8 term/xterm-256color  (Macintosh; Intel Mac OS X 25.0.0)', 'Accept-Encoding': 'gzip, deflate', 'Accept': b'application/json', 'Connection': 'keep-alive', 'Content-Type': b'application/x-www-form-urlencoded;charset=UTF-8', 'Content-Length': '421'}
2025-10-23 12:33:42,819 DEBUG    requests_oauthlib.oauth2_session Request body was grant_type=authorization_code&client_id=764086051850-6qr4p6gpi6hn506pt8ejuq83di341hur.apps.googleusercontent.com&client_secret=d-FL95Q19q7MQmFpd7hHD0Ty&code=4%2F0AVGzR1Ax8Lp-BCFHpCnRow_HFyW6tu3E3QybQWmnJYICJn4lNP3tFdKz081EieZ2a2kL4A&redirect_uri=http%3A%2F%2Flocalhost%3A8085%2F&code_verifier=lIq-.kXz5GQZeJACG0D.BWxnBp29bXV7~pKh~O-hMGHjCE0M1bWf5Z3_QQf-D4vtZjOSCuuRCMI9AFGqP3y.SiN1CYTPuw_tP~uPqFiX9N9v0yFB.1ItJV1~jJiKvCk6
2025-10-23 12:33:42,819 DEBUG    requests_oauthlib.oauth2_session Response headers were {'Cache-Control': 'no-cache, no-store, max-age=0, must-revalidate', 'Date': 'Thu, 23 Oct 2025 10:33:42 GMT', 'Expires': 'Mon, 01 Jan 1990 00:00:00 GMT', 'Pragma': 'no-cache', 'Content-Type': 'application/json; charset=utf-8', 'Vary': 'Origin, X-Origin, Referer', 'Content-Encoding': 'gzip', 'Server': 'scaffolding on HTTPServer2', 'X-XSS-Protection': '0', 'X-Frame-Options': 'SAMEORIGIN', 'X-Content-Type-Options': 'nosniff', 'Alt-Svc': 'h3=":443"; ma=2592000,h3-29=":443"; ma=2592000', 'Transfer-Encoding': 'chunked'} and content {
  "access_token": "ya29.a0AQQ_BDR9GeRqsbKxgYLlwq2tf79tWOEnp2_qUK561CD4YL7_-TSQc_gMLzxGecEcUEAtPStDOZhTGbhHBsRXk4QXScWVQrBeRW1NWzVmTiErLAf-oAEQ3G4GcPtfR_6RDlxR37K5HYCJN8N6ShHhbkiPqy3W4A3t81teCOaUSoKaKx6Wr5cSRRSVNZlMGaMwHwQ8kGsaCgYKAQESARUSFQHGX2Miz1RF1_xd5KnP_huOZAZJkg0206",
  "expires_in": 3599,
  "refresh_token": "1//0clNoNxPAY5MCCgYIARAAGAwSNwF-L9IrBJbuOgvlRUFU7_f0zx6FCiwILR7Baw9jUeXPC_MoslHsVp6NvgAO_DH4-ro5ECrjnds",
  "scope": "https://www.googleapis.com/auth/sqlservice.login https://www.googleapis.com/auth/userinfo.email openid https://www.googleapis.com/auth/cloud-platform",
  "token_type": "Bearer",
  "id_token": "eyJhbGciOiJSUzI1NiIsImtpZCI6Ijg4NDg5MjEyMmUyOTM5ZmQxZjMxMzc1YjJiMzYzZWM4MTU3MjNiYmIiLCJ0eXAiOiJKV1QifQ.eyJpc3MiOiJodHRwczovL2FjY291bnRzLmdvb2dsZS5jb20iLCJhenAiOiI3NjQwODYwNTE4NTAtNnFyNHA2Z3BpNmhuNTA2cHQ4ZWp1cTgzZGkzNDFodXIuYXBwcy5nb29nbGV1c2VyY29udGVudC5jb20iLCJhdWQiOiI3NjQwODYwNTE4NTAtNnFyNHA2Z3BpNmhuNTA2cHQ4ZWp1cTgzZGkzNDFodXIuYXBwcy5nb29nbGV1c2VyY29udGVudC5jb20iLCJzdWIiOiIxMDE0NTI0NzQ1NTg2ODc5Mjc3MzkiLCJlbWFpbCI6Im1hZ251cy5sdW5kc3RlaW5Aa2xpLm9zbG8ua29tbXVuZS5ubyIsImVtYWlsX3ZlcmlmaWVkIjp0cnVlLCJhdF9oYXNoIjoiaDlxYzZvTjBBWnh3T2dSd2E3aHIwQSIsImlhdCI6MTc2MTIxNTYyMiwiZXhwIjoxNzYxMjE5MjIyfQ.LmB2q1vFAzwxkDICsZA17DaymcEcZ__RiTGZX1NQ3gnKswAsHfFeQlfaZG2aAur050RB0sI9RnAeaDgVZ-rsYNJVJmpIELd1gukGU-2qIJR_5w3F3GL_EYSzaw3l-I5JlzUmjAt0MFPqikvrf5D1YyvLEUWd4ml6q5BGGLfst0Hzo1txX6A8VYNitbRNijc7iS6OLv9Pb6141DiSdr7fB43bVqu8vjjQ1K4wq7P2K-TLIhZNEiztAXHpmkNKoLL3APbkYhfmQHe1CNY9WUwO4SmwSCa4f6nx9HrHuL3K2OOkz5eXhscxOhAFHG4aPEHCUEGRj9y9WXGwREhpDhoUCQ"
}.
2025-10-23 12:33:42,819 DEBUG    requests_oauthlib.oauth2_session Invoking 0 token response hooks.
2025-10-23 12:33:42,820 DEBUG    requests_oauthlib.oauth2_session Obtained token {'access_token': 'ya29.a0AQQ_BDR9GeRqsbKxgYLlwq2tf79tWOEnp2_qUK561CD4YL7_-TSQc_gMLzxGecEcUEAtPStDOZhTGbhHBsRXk4QXScWVQrBeRW1NWzVmTiErLAf-oAEQ3G4GcPtfR_6RDlxR37K5HYCJN8N6ShHhbkiPqy3W4A3t81teCOaUSoKaKx6Wr5cSRRSVNZlMGaMwHwQ8kGsaCgYKAQESARUSFQHGX2Miz1RF1_xd5KnP_huOZAZJkg0206', 'expires_in': 3599, 'refresh_token': '1//0clNoNxPAY5MCCgYIARAAGAwSNwF-L9IrBJbuOgvlRUFU7_f0zx6FCiwILR7Baw9jUeXPC_MoslHsVp6NvgAO_DH4-ro5ECrjnds', 'scope': ['https://www.googleapis.com/auth/sqlservice.login', 'https://www.googleapis.com/auth/userinfo.email', 'openid', 'https://www.googleapis.com/auth/cloud-platform'], 'token_type': 'Bearer', 'id_token': 'eyJhbGciOiJSUzI1NiIsImtpZCI6Ijg4NDg5MjEyMmUyOTM5ZmQxZjMxMzc1YjJiMzYzZWM4MTU3MjNiYmIiLCJ0eXAiOiJKV1QifQ.eyJpc3MiOiJodHRwczovL2FjY291bnRzLmdvb2dsZS5jb20iLCJhenAiOiI3NjQwODYwNTE4NTAtNnFyNHA2Z3BpNmhuNTA2cHQ4ZWp1cTgzZGkzNDFodXIuYXBwcy5nb29nbGV1c2VyY29udGVudC5jb20iLCJhdWQiOiI3NjQwODYwNTE4NTAtNnFyNHA2Z3BpNmhuNTA2cHQ4ZWp1cTgzZGkzNDFodXIuYXBwcy5nb29nbGV1c2VyY29udGVudC5jb20iLCJzdWIiOiIxMDE0NTI0NzQ1NTg2ODc5Mjc3MzkiLCJlbWFpbCI6Im1hZ251cy5sdW5kc3RlaW5Aa2xpLm9zbG8ua29tbXVuZS5ubyIsImVtYWlsX3ZlcmlmaWVkIjp0cnVlLCJhdF9oYXNoIjoiaDlxYzZvTjBBWnh3T2dSd2E3aHIwQSIsImlhdCI6MTc2MTIxNTYyMiwiZXhwIjoxNzYxMjE5MjIyfQ.LmB2q1vFAzwxkDICsZA17DaymcEcZ__RiTGZX1NQ3gnKswAsHfFeQlfaZG2aAur050RB0sI9RnAeaDgVZ-rsYNJVJmpIELd1gukGU-2qIJR_5w3F3GL_EYSzaw3l-I5JlzUmjAt0MFPqikvrf5D1YyvLEUWd4ml6q5BGGLfst0Hzo1txX6A8VYNitbRNijc7iS6OLv9Pb6141DiSdr7fB43bVqu8vjjQ1K4wq7P2K-TLIhZNEiztAXHpmkNKoLL3APbkYhfmQHe1CNY9WUwO4SmwSCa4f6nx9HrHuL3K2OOkz5eXhscxOhAFHG4aPEHCUEGRj9y9WXGwREhpDhoUCQ', 'expires_at': 1761219221.820132}.
2025-10-23 12:33:42,829 INFO     ___FILE_ONLY___ 
Credentials saved to file: [/Users/magnuslundstein/.config/gcloud/application_default_credentials.json]

2025-10-23 12:33:42,829 INFO     ___FILE_ONLY___ 
These credentials will be used by any library that requests Application Default Credentials (ADC).

2025-10-23 12:33:42,830 WARNING  root            
Cannot find a quota project to add to ADC. You might receive a "quota exceeded" or "API not enabled" error. Run $ gcloud auth application-default set-quota-project to add a quota project.
2025-10-23 12:33:42,830 DEBUG    root            Chosen display Format:none
2025-10-23 12:33:42,830 INFO     root            Display format: "none"
2025-10-23 12:33:42,863 DEBUG    root            Metrics reporting process started...
