2025-10-23 12:33:07,325 DEBUG    root            Loaded Command Group: ['gcloud', 'auth']
2025-10-23 12:33:07,356 DEBUG    root            Loaded Command Group: ['gcloud', 'auth', 'login']
2025-10-23 12:33:07,357 DEBUG    root            Running [gcloud.auth.login] with arguments: []
2025-10-23 12:33:10,044 DEBUG    requests_oauthlib.oauth2_session Generated new state qRcRc4odwrpqsuuSqrrj1RgobgrTZB.
2025-10-23 12:33:10,181 INFO     ___FILE_ONLY___ Your browser has been opened to visit:

    https://accounts.google.com/o/oauth2/auth?response_type=code&client_id=32555940559.apps.googleusercontent.com&redirect_uri=http%3A%2F%2Flocalhost%3A8085%2F&scope=openid+https%3A%2F%2Fwww.googleapis.com%2Fauth%2Fuserinfo.email+https%3A%2F%2Fwww.googleapis.com%2Fauth%2Fcloud-platform+https%3A%2F%2Fwww.googleapis.com%2Fauth%2Fappengine.admin+https%3A%2F%2Fwww.googleapis.com%2Fauth%2Fsqlservice.login+https%3A%2F%2Fwww.googleapis.com%2Fauth%2Fcompute+https%3A%2F%2Fwww.googleapis.com%2Fauth%2Faccounts.reauth&state=qRcRc4odwrpqsuuSqrrj1RgobgrTZB&access_type=offline&code_challenge=BqaR_GM-r1QyBbbcjaW-SROhKuRHwASBbLsjE_9Z5fw&code_challenge_method=S256


2025-10-23 12:33:19,112 INFO     google_auth_oauthlib.flow "GET /?state=qRcRc4odwrpqsuuSqrrj1RgobgrTZB&code=4/0AVGzR1CVEcixPH8lsNJ1U3qBSejxZsW703MucbiSfkivn-g0wZwtEzZX1A1DorNlsXAFCA&scope=email%20openid%20https://www.googleapis.com/auth/userinfo.email%20https://www.googleapis.com/auth/cloud-platform%20https://www.googleapis.com/auth/appengine.admin%20https://www.googleapis.com/auth/sqlservice.login%20https://www.googleapis.com/auth/compute%20https://www.googleapis.com/auth/accounts.reauth&authuser=1&prompt=consent HTTP/1.1" 200 937
2025-10-23 12:33:19,113 DEBUG    requests_oauthlib.oauth2_session Requesting url https://oauth2.googleapis.com/token using method POST.
2025-10-23 12:33:19,113 DEBUG    requests_oauthlib.oauth2_session Supplying headers {b'Accept': b'application/json', b'Content-Type': b'application/x-www-form-urlencoded;charset=UTF-8', b'user-agent': b'google-cloud-sdk gcloud/544.0.0 command/gcloud.auth.login invocation-id/7091eff9713f477886f8c03b978e25bb environment/None environment-version/None client-os/MACOSX client-os-ver/25.0.0 client-pltf-arch/arm interactive/True from-script/False python/3.12.8 term/xterm-256color  (Macintosh; Intel Mac OS X 25.0.0)'} and data {'grant_type': 'authorization_code', 'client_id': '32555940559.apps.googleusercontent.com', 'client_secret': 'ZmssLNjJy2998hD4CTg2ejr2', 'code': '4/0AVGzR1CVEcixPH8lsNJ1U3qBSejxZsW703MucbiSfkivn-g0wZwtEzZX1A1DorNlsXAFCA', 'redirect_uri': 'http://localhost:8085/', 'code_verifier': 'L.1AYb_dHL-mqG5Ba66J4hqRZk5VCOyA2HzW.lhHA6YU4wJXds2D_2JAe-s8I~6BApoLwA5yookj~xqMbx2vINSVhntuy18I9RAVvL_w_lHlj0j391NCGQ76abdk76kk'}
2025-10-23 12:33:19,113 DEBUG    requests_oauthlib.oauth2_session Passing through key word arguments {'json': None, 'timeout': None, 'auth': None, 'verify': None, 'proxies': None}.
2025-10-23 12:33:19,124 DEBUG    urllib3.connectionpool Starting new HTTPS connection (1): oauth2.googleapis.com:443
2025-10-23 12:33:19,343 DEBUG    urllib3.connectionpool https://oauth2.googleapis.com:443 "POST /token HTTP/1.1" 200 None
2025-10-23 12:33:19,344 DEBUG    requests_oauthlib.oauth2_session Prepared fetch token request body grant_type=authorization_code&client_id=32555940559.apps.googleusercontent.com&client_secret=ZmssLNjJy2998hD4CTg2ejr2&code=4%2F0AVGzR1CVEcixPH8lsNJ1U3qBSejxZsW703MucbiSfkivn-g0wZwtEzZX1A1DorNlsXAFCA&redirect_uri=http%3A%2F%2Flocalhost%3A8085%2F&code_verifier=L.1AYb_dHL-mqG5Ba66J4hqRZk5VCOyA2HzW.lhHA6YU4wJXds2D_2JAe-s8I~6BApoLwA5yookj~xqMbx2vINSVhntuy18I9RAVvL_w_lHlj0j391NCGQ76abdk76kk
2025-10-23 12:33:19,344 DEBUG    requests_oauthlib.oauth2_session Request to fetch token completed with status 200.
2025-10-23 12:33:19,345 DEBUG    requests_oauthlib.oauth2_session Request headers were {'user-agent': b'google-cloud-sdk gcloud/544.0.0 command/gcloud.auth.login invocation-id/7091eff9713f477886f8c03b978e25bb environment/None environment-version/None client-os/MACOSX client-os-ver/25.0.0 client-pltf-arch/arm interactive/True from-script/False python/3.12.8 term/xterm-256color  (Macintosh; Intel Mac OS X 25.0.0)', 'Accept-Encoding': 'gzip, deflate', 'Accept': b'application/json', 'Connection': 'keep-alive', 'Content-Type': b'application/x-www-form-urlencoded;charset=UTF-8', 'Content-Length': '387'}
2025-10-23 12:33:19,345 DEBUG    requests_oauthlib.oauth2_session Request body was grant_type=authorization_code&client_id=32555940559.apps.googleusercontent.com&client_secret=ZmssLNjJy2998hD4CTg2ejr2&code=4%2F0AVGzR1CVEcixPH8lsNJ1U3qBSejxZsW703MucbiSfkivn-g0wZwtEzZX1A1DorNlsXAFCA&redirect_uri=http%3A%2F%2Flocalhost%3A8085%2F&code_verifier=L.1AYb_dHL-mqG5Ba66J4hqRZk5VCOyA2HzW.lhHA6YU4wJXds2D_2JAe-s8I~6BApoLwA5yookj~xqMbx2vINSVhntuy18I9RAVvL_w_lHlj0j391NCGQ76abdk76kk
2025-10-23 12:33:19,345 DEBUG    requests_oauthlib.oauth2_session Response headers were {'Expires': 'Mon, 01 Jan 1990 00:00:00 GMT', 'Date': 'Thu, 23 Oct 2025 10:33:19 GMT', 'Pragma': 'no-cache', 'Cache-Control': 'no-cache, no-store, max-age=0, must-revalidate', 'Content-Type': 'application/json; charset=utf-8', 'Vary': 'Origin, X-Origin, Referer', 'Content-Encoding': 'gzip', 'Server': 'scaffolding on HTTPServer2', 'X-XSS-Protection': '0', 'X-Frame-Options': 'SAMEORIGIN', 'X-Content-Type-Options': 'nosniff', 'Alt-Svc': 'h3=":443"; ma=2592000,h3-29=":443"; ma=2592000', 'Transfer-Encoding': 'chunked'} and content {
  "access_token": "ya29.a0ATi6K2sICQCR-cQBJHKQ1OpB2vhS4dg5D6UnO2pAh55f1W9xgAxd2EnGHxFZqlkzLJHUEwaovZ3waBTTzk0kgbovLHvEuFcTZapkBEF0NsVXKBBWWtO_2Kzlnye8GFg4eRZ-qA8_baFikwwaA-z1tPefNKQTU7BwgLSgc6MozSfB1ZCwq7xoLISfazuq5mJtly5PXL3BOqs3aCgYKAfQSARUSFQHGX2MiTLuQNlI-JBZjKxBj4C3RaQ0211",
  "expires_in": 3599,
  "refresh_token": "1//0cNetXr08oKv2CgYIARAAGAwSNwF-L9IrXvAQozMoHZvKhq_zeOszKz7MZRziYJSqC8MOng4lFWjcg2Bvs0QEc9FRt5jFgFZLD3U",
  "scope": "https://www.googleapis.com/auth/sqlservice.login https://www.googleapis.com/auth/accounts.reauth https://www.googleapis.com/auth/compute https://www.googleapis.com/auth/cloud-platform https://www.googleapis.com/auth/userinfo.email openid https://www.googleapis.com/auth/appengine.admin",
  "token_type": "Bearer",
  "id_token": "eyJhbGciOiJSUzI1NiIsImtpZCI6Ijg4NDg5MjEyMmUyOTM5ZmQxZjMxMzc1YjJiMzYzZWM4MTU3MjNiYmIiLCJ0eXAiOiJKV1QifQ.eyJpc3MiOiJodHRwczovL2FjY291bnRzLmdvb2dsZS5jb20iLCJhenAiOiIzMjU1NTk0MDU1OS5hcHBzLmdvb2dsZXVzZXJjb250ZW50LmNvbSIsImF1ZCI6IjMyNTU1OTQwNTU5LmFwcHMuZ29vZ2xldXNlcmNvbnRlbnQuY29tIiwic3ViIjoiMTAxNDUyNDc0NTU4Njg3OTI3NzM5IiwiZW1haWwiOiJtYWdudXMubHVuZHN0ZWluQGtsaS5vc2xvLmtvbW11bmUubm8iLCJlbWFpbF92ZXJpZmllZCI6dHJ1ZSwiYXRfaGFzaCI6IlhqUkppSUpGSTVrSW1DNTJHbVVSdFEiLCJpYXQiOjE3NjEyMTU1OTksImV4cCI6MTc2MTIxOTE5OX0.aup8stnu__xGVTLWPB12MfyvVFoBvn37r46TeBvn2odQPxGTHDC1f4GheQCfh84DqgsOkfMB3OptTlaGMB3J-bgv7_9x7I8bt98gGEtlMz4MK0ry5_tShNoGm5gTpGnxnCX4i31NQKgOgbatD0nqip16dO46g5Oqfa80FWkxjx_vqbT-A2cJs4wE8dByblfN-GgSgpz8SlVEBLlVimweFbcL9xvsPvUBITj_FE6BkW0Z6vJVHslpK8Rcjz5_m72MhPPBcUbsxsvzaoso7h6yl_3b4cEYXOWmf5FiKO25YzLyOiGKJH4uAnC-cMwse_lYHsknfLTz45myycgbYtoV5g"
}.
2025-10-23 12:33:19,345 DEBUG    requests_oauthlib.oauth2_session Invoking 0 token response hooks.
2025-10-23 12:33:19,345 DEBUG    requests_oauthlib.oauth2_session Obtained token {'access_token': 'ya29.a0ATi6K2sICQCR-cQBJHKQ1OpB2vhS4dg5D6UnO2pAh55f1W9xgAxd2EnGHxFZqlkzLJHUEwaovZ3waBTTzk0kgbovLHvEuFcTZapkBEF0NsVXKBBWWtO_2Kzlnye8GFg4eRZ-qA8_baFikwwaA-z1tPefNKQTU7BwgLSgc6MozSfB1ZCwq7xoLISfazuq5mJtly5PXL3BOqs3aCgYKAfQSARUSFQHGX2MiTLuQNlI-JBZjKxBj4C3RaQ0211', 'expires_in': 3599, 'refresh_token': '1//0cNetXr08oKv2CgYIARAAGAwSNwF-L9IrXvAQozMoHZvKhq_zeOszKz7MZRziYJSqC8MOng4lFWjcg2Bvs0QEc9FRt5jFgFZLD3U', 'scope': ['https://www.googleapis.com/auth/sqlservice.login', 'https://www.googleapis.com/auth/accounts.reauth', 'https://www.googleapis.com/auth/compute', 'https://www.googleapis.com/auth/cloud-platform', 'https://www.googleapis.com/auth/userinfo.email', 'openid', 'https://www.googleapis.com/auth/appengine.admin'], 'token_type': 'Bearer', 'id_token': 'eyJhbGciOiJSUzI1NiIsImtpZCI6Ijg4NDg5MjEyMmUyOTM5ZmQxZjMxMzc1YjJiMzYzZWM4MTU3MjNiYmIiLCJ0eXAiOiJKV1QifQ.eyJpc3MiOiJodHRwczovL2FjY291bnRzLmdvb2dsZS5jb20iLCJhenAiOiIzMjU1NTk0MDU1OS5hcHBzLmdvb2dsZXVzZXJjb250ZW50LmNvbSIsImF1ZCI6IjMyNTU1OTQwNTU5LmFwcHMuZ29vZ2xldXNlcmNvbnRlbnQuY29tIiwic3ViIjoiMTAxNDUyNDc0NTU4Njg3OTI3NzM5IiwiZW1haWwiOiJtYWdudXMubHVuZHN0ZWluQGtsaS5vc2xvLmtvbW11bmUubm8iLCJlbWFpbF92ZXJpZmllZCI6dHJ1ZSwiYXRfaGFzaCI6IlhqUkppSUpGSTVrSW1DNTJHbVVSdFEiLCJpYXQiOjE3NjEyMTU1OTksImV4cCI6MTc2MTIxOTE5OX0.aup8stnu__xGVTLWPB12MfyvVFoBvn37r46TeBvn2odQPxGTHDC1f4GheQCfh84DqgsOkfMB3OptTlaGMB3J-bgv7_9x7I8bt98gGEtlMz4MK0ry5_tShNoGm5gTpGnxnCX4i31NQKgOgbatD0nqip16dO46g5Oqfa80FWkxjx_vqbT-A2cJs4wE8dByblfN-GgSgpz8SlVEBLlVimweFbcL9xvsPvUBITj_FE6BkW0Z6vJVHslpK8Rcjz5_m72MhPPBcUbsxsvzaoso7h6yl_3b4cEYXOWmf5FiKO25YzLyOiGKJH4uAnC-cMwse_lYHsknfLTz45myycgbYtoV5g', 'expires_at': 1761219198.345485}.
2025-10-23 12:33:19,383 INFO     ___FILE_ONLY___ 
You are now logged in as [magnus.lundstein@kli.oslo.kommune.no].
Your current project is [None].  You can change this setting by running:
  $ gcloud config set project PROJECT_ID

2025-10-23 12:33:19,384 DEBUG    root            Chosen display Format:none
2025-10-23 12:33:19,384 INFO     root            Display format: "none"
2025-10-23 12:33:19,410 DEBUG    root            Metrics reporting process started...
