2025-10-23 12:34:55,025 DEBUG    root            Loaded Command Group: ['gcloud', 'projects']
2025-10-23 12:34:55,041 DEBUG    root            Loaded Command Group: ['gcloud', 'projects', 'create']
2025-10-23 12:34:55,041 DEBUG    root            Running [gcloud.projects.create] with arguments: [--name: "Energinøkkelen", PROJECT_ID: "energiverktoy-poc-1234"]
2025-10-23 12:34:55,066 DEBUG    urllib3.connectionpool Starting new HTTPS connection (1): cloudresourcemanager.googleapis.com:443
2025-10-23 12:34:55,418 DEBUG    urllib3.connectionpool https://cloudresourcemanager.googleapis.com:443 "POST /v1/projects?alt=json HTTP/1.1" 400 None
2025-10-23 12:34:55,421 DEBUG    root            Chosen display Format:value(links.flatten(show="values",separator="
"))
2025-10-23 12:34:55,452 DEBUG    root            Chosen display Format:default
2025-10-23 12:34:55,454 DEBUG    root            Chosen display Format:value(links.flatten(show="values",separator="
"))
2025-10-23 12:34:55,454 DEBUG    root            Chosen display Format:default
2025-10-23 12:34:55,454 DEBUG    root            Chosen display Format:value(links.flatten(show="values",separator="
"))
2025-10-23 12:34:55,455 DEBUG    root            Chosen display Format:default
2025-10-23 12:34:55,455 DEBUG    root            (gcloud.projects.create) INVALID_ARGUMENT: field [display_name] has issue [project display name contains invalid characters]
https://cloud.google.com/resource-manager/reference/rest/v1/projects
- '@type': type.googleapis.com/google.rpc.BadRequest
  fieldViolations:
  - description: project display name contains invalid characters
    field: display_name
Traceback (most recent call last):
  File "/Users/magnuslundstein/Desktop/Innholdsproduksjon/Tjenester/Google Cloud/google-cloud-sdk/lib/googlecloudsdk/calliope/cli.py", line 944, in Execute
    resources = calliope_command.Run(cli=self, args=args)
                ^^^^^^^^^^^^^^^^^^^^^^^^^^^^^^^^^^^^^^^^^
  File "/Users/magnuslundstein/Desktop/Innholdsproduksjon/Tjenester/Google Cloud/google-cloud-sdk/lib/googlecloudsdk/calliope/backend.py", line 955, in Run
    resources = command_instance.Run(args)
                ^^^^^^^^^^^^^^^^^^^^^^^^^^
  File "/Users/magnuslundstein/Desktop/Innholdsproduksjon/Tjenester/Google Cloud/google-cloud-sdk/lib/surface/projects/create.py", line 154, in Run
    create_op = projects_api.Create(
                ^^^^^^^^^^^^^^^^^^^^
  File "/Users/magnuslundstein/Desktop/Innholdsproduksjon/Tjenester/Google Cloud/google-cloud-sdk/lib/googlecloudsdk/api_lib/cloudresourcemanager/projects_api.py", line 156, in Create
    return client.projects.Create(
           ^^^^^^^^^^^^^^^^^^^^^^^
  File "/Users/magnuslundstein/Desktop/Innholdsproduksjon/Tjenester/Google Cloud/google-cloud-sdk/lib/googlecloudsdk/generated_clients/apis/cloudresourcemanager/v1/cloudresourcemanager_v1_client.py", line 706, in Create
    return self._RunMethod(
           ^^^^^^^^^^^^^^^^
  File "/Users/magnuslundstein/Desktop/Innholdsproduksjon/Tjenester/Google Cloud/google-cloud-sdk/lib/third_party/apitools/base/py/base_api.py", line 747, in _RunMethod
    return self.ProcessHttpResponse(method_config, http_response, request)
           ^^^^^^^^^^^^^^^^^^^^^^^^^^^^^^^^^^^^^^^^^^^^^^^^^^^^^^^^^^^^^^^
  File "/Users/magnuslundstein/Desktop/Innholdsproduksjon/Tjenester/Google Cloud/google-cloud-sdk/lib/third_party/apitools/base/py/base_api.py", line 753, in ProcessHttpResponse
    self.__ProcessHttpResponse(method_config, http_response, request))
    ^^^^^^^^^^^^^^^^^^^^^^^^^^^^^^^^^^^^^^^^^^^^^^^^^^^^^^^^^^^^^^^^^
  File "/Users/magnuslundstein/Desktop/Innholdsproduksjon/Tjenester/Google Cloud/google-cloud-sdk/lib/third_party/apitools/base/py/base_api.py", line 612, in __ProcessHttpResponse
    raise exceptions.HttpError.FromResponse(
apitools.base.py.exceptions.HttpBadRequestError: HttpError accessing <https://cloudresourcemanager.googleapis.com/v1/projects?alt=json>: response: <{'vary': 'Origin, X-Origin, Referer', 'content-type': 'application/json; charset=UTF-8', 'content-encoding': 'gzip', 'date': 'Thu, 23 Oct 2025 10:34:55 GMT', 'server': 'ESF', 'x-xss-protection': '0', 'x-frame-options': 'SAMEORIGIN', 'x-content-type-options': 'nosniff', 'server-timing': 'gfet4t7; dur=246', 'alt-svc': 'h3=":443"; ma=2592000,h3-29=":443"; ma=2592000', 'transfer-encoding': 'chunked', 'status': 400}>, content <{
  "error": {
    "code": 400,
    "message": "field [display_name] has issue [project display name contains invalid characters]",
    "status": "INVALID_ARGUMENT",
    "details": [
      {
        "@type": "type.googleapis.com/google.rpc.BadRequest",
        "fieldViolations": [
          {
            "field": "display_name",
            "description": "project display name contains invalid characters"
          }
        ]
      },
      {
        "@type": "type.googleapis.com/google.rpc.Help",
        "links": [
          {
            "url": "https://cloud.google.com/resource-manager/reference/rest/v1/projects"
          }
        ]
      }
    ]
  }
}
>
2025-10-23 12:34:55,458 ERROR    root            (gcloud.projects.create) INVALID_ARGUMENT: field [display_name] has issue [project display name contains invalid characters]
https://cloud.google.com/resource-manager/reference/rest/v1/projects
- '@type': type.googleapis.com/google.rpc.BadRequest
  fieldViolations:
  - description: project display name contains invalid characters
    field: display_name
2025-10-23 12:34:55,471 DEBUG    root            Metrics reporting process started...
