2025-10-23 12:35:07,883 DEBUG    root            Loaded Command Group: ['gcloud', 'projects']
2025-10-23 12:35:07,888 DEBUG    root            Loaded Command Group: ['gcloud', 'projects', 'create']
2025-10-23 12:35:07,888 DEBUG    root            Running [gcloud.projects.create] with arguments: [--name: "Energinoekkelen", PROJECT_ID: "energiverktoy-poc-1234"]
2025-10-23 12:35:07,903 DEBUG    urllib3.connectionpool Starting new HTTPS connection (1): cloudresourcemanager.googleapis.com:443
2025-10-23 12:35:08,375 DEBUG    urllib3.connectionpool https://cloudresourcemanager.googleapis.com:443 "POST /v1/projects?alt=json HTTP/1.1" 200 None
2025-10-23 12:35:08,378 INFO     ___FILE_ONLY___ Create in progress for [https://cloudresourcemanager.googleapis.com/v1/projects/energiverktoy-poc-1234].

2025-10-23 12:35:08,378 INFO     ___FILE_ONLY___ Waiting for [operations/create_project.global.5040800817819741770] to finish...
2025-10-23 12:35:09,396 DEBUG    urllib3.connectionpool Starting new HTTPS connection (1): cloudresourcemanager.googleapis.com:443
2025-10-23 12:35:10,167 DEBUG    urllib3.connectionpool https://cloudresourcemanager.googleapis.com:443 "GET /v1/operations/create_project.global.5040800817819741770?alt=json HTTP/1.1" 200 None
2025-10-23 12:35:10,170 DEBUG    root            Enabling cloudapis.googleapis.com
2025-10-23 12:35:10,171 INFO     ___FILE_ONLY___ Enabling service [cloudapis.googleapis.com] on project [energiverktoy-poc-1234]...

2025-10-23 12:35:10,193 DEBUG    urllib3.connectionpool Starting new HTTPS connection (1): serviceusage.googleapis.com:443
2025-10-23 12:35:12,249 DEBUG    urllib3.connectionpool https://serviceusage.googleapis.com:443 "POST /v1/projects/energiverktoy-poc-1234/services/cloudapis.googleapis.com:enable?alt=json HTTP/1.1" 200 None
2025-10-23 12:35:12,259 DEBUG    urllib3.connectionpool Starting new HTTPS connection (1): serviceusage.googleapis.com:443
2025-10-23 12:35:13,328 DEBUG    urllib3.connectionpool https://serviceusage.googleapis.com:443 "GET /v1/operations/acat.p2-168751968131-d67333d7-2400-435c-b348-a2984cec6853?alt=json HTTP/1.1" 200 None
2025-10-23 12:35:15,825 DEBUG    urllib3.connectionpool Starting new HTTPS connection (1): serviceusage.googleapis.com:443
2025-10-23 12:35:17,035 DEBUG    urllib3.connectionpool https://serviceusage.googleapis.com:443 "GET /v1/operations/acat.p2-168751968131-d67333d7-2400-435c-b348-a2984cec6853?alt=json HTTP/1.1" 200 None
2025-10-23 12:35:17,038 INFO     ___FILE_ONLY___ Operation "operations/acat.p2-168751968131-d67333d7-2400-435c-b348-a2984cec6853" finished successfully.

2025-10-23 12:35:17,039 DEBUG    root            Chosen display Format:none
2025-10-23 12:35:17,040 INFO     root            Display format: "none"
2025-10-23 12:35:17,086 DEBUG    root            Metrics reporting process started...
