2025-10-23 13:09:53,196 DEBUG    root            Loaded Command Group: ['gcloud', 'storage']
2025-10-23 13:09:53,196 DEBUG    root            Loaded Command Group: ['gcloud', 'storage', 'buckets']
2025-10-23 13:09:53,316 DEBUG    root            Loaded Command Group: ['gcloud', 'storage', 'buckets', 'list']
2025-10-23 13:09:53,318 DEBUG    root            Running [gcloud.storage.buckets.list] with arguments: [--filter: "name:energinokkelen-poc-20251023"]
2025-10-23 13:09:53,318 DEBUG    root            Chosen display Format:default
2025-10-23 13:09:53,319 INFO     root            Display format: "default"
2025-10-23 13:09:53,326 DEBUG    urllib3.connectionpool Starting new HTTPS connection (1): storage.googleapis.com:443
2025-10-23 13:09:53,984 DEBUG    urllib3.connectionpool https://storage.googleapis.com:443 "GET /storage/v1/b?alt=json&maxResults=1000&project=energiverktoy-poc-1234&projection=full HTTP/1.1" 200 3610
2025-10-23 13:09:54,003 INFO     ___FILE_ONLY___ ---
2025-10-23 13:09:54,003 INFO     ___FILE_ONLY___ 

2025-10-23 13:09:54,003 INFO     ___FILE_ONLY___ acl
2025-10-23 13:09:54,003 INFO     ___FILE_ONLY___ :
2025-10-23 13:09:54,003 INFO     ___FILE_ONLY___ 

2025-10-23 13:09:54,003 INFO     ___FILE_ONLY___ -
2025-10-23 13:09:54,003 INFO     ___FILE_ONLY___  
2025-10-23 13:09:54,003 INFO     ___FILE_ONLY___ entity
2025-10-23 13:09:54,004 INFO     ___FILE_ONLY___ :
2025-10-23 13:09:54,004 INFO     ___FILE_ONLY___  
2025-10-23 13:09:54,004 INFO     ___FILE_ONLY___ project-owners-168751968131
2025-10-23 13:09:54,004 INFO     ___FILE_ONLY___ 

2025-10-23 13:09:54,004 INFO     ___FILE_ONLY___   
2025-10-23 13:09:54,004 INFO     ___FILE_ONLY___ projectTeam
2025-10-23 13:09:54,004 INFO     ___FILE_ONLY___ :
2025-10-23 13:09:54,004 INFO     ___FILE_ONLY___ 

2025-10-23 13:09:54,005 INFO     ___FILE_ONLY___     
2025-10-23 13:09:54,005 INFO     ___FILE_ONLY___ projectNumber
2025-10-23 13:09:54,005 INFO     ___FILE_ONLY___ :
2025-10-23 13:09:54,005 INFO     ___FILE_ONLY___  '
2025-10-23 13:09:54,005 INFO     ___FILE_ONLY___ 168751968131
2025-10-23 13:09:54,005 INFO     ___FILE_ONLY___ '
2025-10-23 13:09:54,005 INFO     ___FILE_ONLY___ 

2025-10-23 13:09:54,005 INFO     ___FILE_ONLY___     
2025-10-23 13:09:54,005 INFO     ___FILE_ONLY___ team
2025-10-23 13:09:54,005 INFO     ___FILE_ONLY___ :
2025-10-23 13:09:54,005 INFO     ___FILE_ONLY___  
2025-10-23 13:09:54,005 INFO     ___FILE_ONLY___ owners
2025-10-23 13:09:54,005 INFO     ___FILE_ONLY___ 

2025-10-23 13:09:54,005 INFO     ___FILE_ONLY___   
2025-10-23 13:09:54,005 INFO     ___FILE_ONLY___ role
2025-10-23 13:09:54,005 INFO     ___FILE_ONLY___ :
2025-10-23 13:09:54,005 INFO     ___FILE_ONLY___  
2025-10-23 13:09:54,005 INFO     ___FILE_ONLY___ OWNER
2025-10-23 13:09:54,005 INFO     ___FILE_ONLY___ 

2025-10-23 13:09:54,005 INFO     ___FILE_ONLY___ -
2025-10-23 13:09:54,005 INFO     ___FILE_ONLY___  
2025-10-23 13:09:54,005 INFO     ___FILE_ONLY___ entity
2025-10-23 13:09:54,005 INFO     ___FILE_ONLY___ :
2025-10-23 13:09:54,005 INFO     ___FILE_ONLY___  
2025-10-23 13:09:54,006 INFO     ___FILE_ONLY___ project-editors-168751968131
2025-10-23 13:09:54,006 INFO     ___FILE_ONLY___ 

2025-10-23 13:09:54,006 INFO     ___FILE_ONLY___   
2025-10-23 13:09:54,006 INFO     ___FILE_ONLY___ projectTeam
2025-10-23 13:09:54,006 INFO     ___FILE_ONLY___ :
2025-10-23 13:09:54,006 INFO     ___FILE_ONLY___ 

2025-10-23 13:09:54,006 INFO     ___FILE_ONLY___     
2025-10-23 13:09:54,006 INFO     ___FILE_ONLY___ projectNumber
2025-10-23 13:09:54,006 INFO     ___FILE_ONLY___ :
2025-10-23 13:09:54,006 INFO     ___FILE_ONLY___  '
2025-10-23 13:09:54,006 INFO     ___FILE_ONLY___ 168751968131
2025-10-23 13:09:54,006 INFO     ___FILE_ONLY___ '
2025-10-23 13:09:54,006 INFO     ___FILE_ONLY___ 

2025-10-23 13:09:54,006 INFO     ___FILE_ONLY___     
2025-10-23 13:09:54,006 INFO     ___FILE_ONLY___ team
2025-10-23 13:09:54,006 INFO     ___FILE_ONLY___ :
2025-10-23 13:09:54,006 INFO     ___FILE_ONLY___  
2025-10-23 13:09:54,006 INFO     ___FILE_ONLY___ editors
2025-10-23 13:09:54,006 INFO     ___FILE_ONLY___ 

2025-10-23 13:09:54,006 INFO     ___FILE_ONLY___   
2025-10-23 13:09:54,006 INFO     ___FILE_ONLY___ role
2025-10-23 13:09:54,006 INFO     ___FILE_ONLY___ :
2025-10-23 13:09:54,006 INFO     ___FILE_ONLY___  
2025-10-23 13:09:54,006 INFO     ___FILE_ONLY___ OWNER
2025-10-23 13:09:54,006 INFO     ___FILE_ONLY___ 

2025-10-23 13:09:54,007 INFO     ___FILE_ONLY___ -
2025-10-23 13:09:54,007 INFO     ___FILE_ONLY___  
2025-10-23 13:09:54,007 INFO     ___FILE_ONLY___ entity
2025-10-23 13:09:54,007 INFO     ___FILE_ONLY___ :
2025-10-23 13:09:54,007 INFO     ___FILE_ONLY___  
2025-10-23 13:09:54,007 INFO     ___FILE_ONLY___ project-viewers-168751968131
2025-10-23 13:09:54,007 INFO     ___FILE_ONLY___ 

2025-10-23 13:09:54,007 INFO     ___FILE_ONLY___   
2025-10-23 13:09:54,007 INFO     ___FILE_ONLY___ projectTeam
2025-10-23 13:09:54,007 INFO     ___FILE_ONLY___ :
2025-10-23 13:09:54,007 INFO     ___FILE_ONLY___ 

2025-10-23 13:09:54,007 INFO     ___FILE_ONLY___     
2025-10-23 13:09:54,007 INFO     ___FILE_ONLY___ projectNumber
2025-10-23 13:09:54,007 INFO     ___FILE_ONLY___ :
2025-10-23 13:09:54,007 INFO     ___FILE_ONLY___  '
2025-10-23 13:09:54,007 INFO     ___FILE_ONLY___ 168751968131
2025-10-23 13:09:54,007 INFO     ___FILE_ONLY___ '
2025-10-23 13:09:54,007 INFO     ___FILE_ONLY___ 

2025-10-23 13:09:54,007 INFO     ___FILE_ONLY___     
2025-10-23 13:09:54,007 INFO     ___FILE_ONLY___ team
2025-10-23 13:09:54,007 INFO     ___FILE_ONLY___ :
2025-10-23 13:09:54,007 INFO     ___FILE_ONLY___  
2025-10-23 13:09:54,007 INFO     ___FILE_ONLY___ viewers
2025-10-23 13:09:54,007 INFO     ___FILE_ONLY___ 

2025-10-23 13:09:54,007 INFO     ___FILE_ONLY___   
2025-10-23 13:09:54,007 INFO     ___FILE_ONLY___ role
2025-10-23 13:09:54,007 INFO     ___FILE_ONLY___ :
2025-10-23 13:09:54,007 INFO     ___FILE_ONLY___  
2025-10-23 13:09:54,007 INFO     ___FILE_ONLY___ READER
2025-10-23 13:09:54,008 INFO     ___FILE_ONLY___ 

2025-10-23 13:09:54,008 INFO     ___FILE_ONLY___ creation_time
2025-10-23 13:09:54,008 INFO     ___FILE_ONLY___ :
2025-10-23 13:09:54,008 INFO     ___FILE_ONLY___  
2025-10-23 13:09:54,008 INFO     ___FILE_ONLY___ 2025-10-23T11:09:47+0000
2025-10-23 13:09:54,008 INFO     ___FILE_ONLY___ 

2025-10-23 13:09:54,008 INFO     ___FILE_ONLY___ default_acl
2025-10-23 13:09:54,008 INFO     ___FILE_ONLY___ :
2025-10-23 13:09:54,008 INFO     ___FILE_ONLY___ 

2025-10-23 13:09:54,008 INFO     ___FILE_ONLY___ -
2025-10-23 13:09:54,008 INFO     ___FILE_ONLY___  
2025-10-23 13:09:54,008 INFO     ___FILE_ONLY___ entity
2025-10-23 13:09:54,008 INFO     ___FILE_ONLY___ :
2025-10-23 13:09:54,008 INFO     ___FILE_ONLY___  
2025-10-23 13:09:54,008 INFO     ___FILE_ONLY___ project-owners-168751968131
2025-10-23 13:09:54,008 INFO     ___FILE_ONLY___ 

2025-10-23 13:09:54,009 INFO     ___FILE_ONLY___   
2025-10-23 13:09:54,009 INFO     ___FILE_ONLY___ projectTeam
2025-10-23 13:09:54,009 INFO     ___FILE_ONLY___ :
2025-10-23 13:09:54,009 INFO     ___FILE_ONLY___ 

2025-10-23 13:09:54,009 INFO     ___FILE_ONLY___     
2025-10-23 13:09:54,009 INFO     ___FILE_ONLY___ projectNumber
2025-10-23 13:09:54,009 INFO     ___FILE_ONLY___ :
2025-10-23 13:09:54,009 INFO     ___FILE_ONLY___  '
2025-10-23 13:09:54,009 INFO     ___FILE_ONLY___ 168751968131
2025-10-23 13:09:54,009 INFO     ___FILE_ONLY___ '
2025-10-23 13:09:54,009 INFO     ___FILE_ONLY___ 

2025-10-23 13:09:54,009 INFO     ___FILE_ONLY___     
2025-10-23 13:09:54,009 INFO     ___FILE_ONLY___ team
2025-10-23 13:09:54,009 INFO     ___FILE_ONLY___ :
2025-10-23 13:09:54,009 INFO     ___FILE_ONLY___  
2025-10-23 13:09:54,009 INFO     ___FILE_ONLY___ owners
2025-10-23 13:09:54,009 INFO     ___FILE_ONLY___ 

2025-10-23 13:09:54,009 INFO     ___FILE_ONLY___   
2025-10-23 13:09:54,009 INFO     ___FILE_ONLY___ role
2025-10-23 13:09:54,009 INFO     ___FILE_ONLY___ :
2025-10-23 13:09:54,009 INFO     ___FILE_ONLY___  
2025-10-23 13:09:54,009 INFO     ___FILE_ONLY___ OWNER
2025-10-23 13:09:54,009 INFO     ___FILE_ONLY___ 

2025-10-23 13:09:54,009 INFO     ___FILE_ONLY___ -
2025-10-23 13:09:54,009 INFO     ___FILE_ONLY___  
2025-10-23 13:09:54,009 INFO     ___FILE_ONLY___ entity
2025-10-23 13:09:54,009 INFO     ___FILE_ONLY___ :
2025-10-23 13:09:54,009 INFO     ___FILE_ONLY___  
2025-10-23 13:09:54,009 INFO     ___FILE_ONLY___ project-editors-168751968131
2025-10-23 13:09:54,009 INFO     ___FILE_ONLY___ 

2025-10-23 13:09:54,009 INFO     ___FILE_ONLY___   
2025-10-23 13:09:54,009 INFO     ___FILE_ONLY___ projectTeam
2025-10-23 13:09:54,010 INFO     ___FILE_ONLY___ :
2025-10-23 13:09:54,010 INFO     ___FILE_ONLY___ 

2025-10-23 13:09:54,010 INFO     ___FILE_ONLY___     
2025-10-23 13:09:54,010 INFO     ___FILE_ONLY___ projectNumber
2025-10-23 13:09:54,010 INFO     ___FILE_ONLY___ :
2025-10-23 13:09:54,010 INFO     ___FILE_ONLY___  '
2025-10-23 13:09:54,010 INFO     ___FILE_ONLY___ 168751968131
2025-10-23 13:09:54,010 INFO     ___FILE_ONLY___ '
2025-10-23 13:09:54,010 INFO     ___FILE_ONLY___ 

2025-10-23 13:09:54,010 INFO     ___FILE_ONLY___     
2025-10-23 13:09:54,010 INFO     ___FILE_ONLY___ team
2025-10-23 13:09:54,010 INFO     ___FILE_ONLY___ :
2025-10-23 13:09:54,010 INFO     ___FILE_ONLY___  
2025-10-23 13:09:54,010 INFO     ___FILE_ONLY___ editors
2025-10-23 13:09:54,010 INFO     ___FILE_ONLY___ 

2025-10-23 13:09:54,010 INFO     ___FILE_ONLY___   
2025-10-23 13:09:54,010 INFO     ___FILE_ONLY___ role
2025-10-23 13:09:54,010 INFO     ___FILE_ONLY___ :
2025-10-23 13:09:54,010 INFO     ___FILE_ONLY___  
2025-10-23 13:09:54,010 INFO     ___FILE_ONLY___ OWNER
2025-10-23 13:09:54,010 INFO     ___FILE_ONLY___ 

2025-10-23 13:09:54,010 INFO     ___FILE_ONLY___ -
2025-10-23 13:09:54,010 INFO     ___FILE_ONLY___  
2025-10-23 13:09:54,010 INFO     ___FILE_ONLY___ entity
2025-10-23 13:09:54,010 INFO     ___FILE_ONLY___ :
2025-10-23 13:09:54,010 INFO     ___FILE_ONLY___  
2025-10-23 13:09:54,010 INFO     ___FILE_ONLY___ project-viewers-168751968131
2025-10-23 13:09:54,010 INFO     ___FILE_ONLY___ 

2025-10-23 13:09:54,010 INFO     ___FILE_ONLY___   
2025-10-23 13:09:54,010 INFO     ___FILE_ONLY___ projectTeam
2025-10-23 13:09:54,010 INFO     ___FILE_ONLY___ :
2025-10-23 13:09:54,010 INFO     ___FILE_ONLY___ 

2025-10-23 13:09:54,010 INFO     ___FILE_ONLY___     
2025-10-23 13:09:54,010 INFO     ___FILE_ONLY___ projectNumber
2025-10-23 13:09:54,011 INFO     ___FILE_ONLY___ :
2025-10-23 13:09:54,011 INFO     ___FILE_ONLY___  '
2025-10-23 13:09:54,011 INFO     ___FILE_ONLY___ 168751968131
2025-10-23 13:09:54,011 INFO     ___FILE_ONLY___ '
2025-10-23 13:09:54,011 INFO     ___FILE_ONLY___ 

2025-10-23 13:09:54,011 INFO     ___FILE_ONLY___     
2025-10-23 13:09:54,011 INFO     ___FILE_ONLY___ team
2025-10-23 13:09:54,011 INFO     ___FILE_ONLY___ :
2025-10-23 13:09:54,011 INFO     ___FILE_ONLY___  
2025-10-23 13:09:54,011 INFO     ___FILE_ONLY___ viewers
2025-10-23 13:09:54,011 INFO     ___FILE_ONLY___ 

2025-10-23 13:09:54,011 INFO     ___FILE_ONLY___   
2025-10-23 13:09:54,011 INFO     ___FILE_ONLY___ role
2025-10-23 13:09:54,011 INFO     ___FILE_ONLY___ :
2025-10-23 13:09:54,011 INFO     ___FILE_ONLY___  
2025-10-23 13:09:54,011 INFO     ___FILE_ONLY___ READER
2025-10-23 13:09:54,011 INFO     ___FILE_ONLY___ 

2025-10-23 13:09:54,011 INFO     ___FILE_ONLY___ default_storage_class
2025-10-23 13:09:54,011 INFO     ___FILE_ONLY___ :
2025-10-23 13:09:54,011 INFO     ___FILE_ONLY___  
2025-10-23 13:09:54,011 INFO     ___FILE_ONLY___ STANDARD
2025-10-23 13:09:54,011 INFO     ___FILE_ONLY___ 

2025-10-23 13:09:54,011 INFO     ___FILE_ONLY___ generation
2025-10-23 13:09:54,011 INFO     ___FILE_ONLY___ :
2025-10-23 13:09:54,011 INFO     ___FILE_ONLY___  
2025-10-23 13:09:54,011 INFO     ___FILE_ONLY___ 1761217786741088558
2025-10-23 13:09:54,011 INFO     ___FILE_ONLY___ 

2025-10-23 13:09:54,011 INFO     ___FILE_ONLY___ location
2025-10-23 13:09:54,011 INFO     ___FILE_ONLY___ :
2025-10-23 13:09:54,011 INFO     ___FILE_ONLY___  
2025-10-23 13:09:54,011 INFO     ___FILE_ONLY___ EUROPE-NORTH1
2025-10-23 13:09:54,011 INFO     ___FILE_ONLY___ 

2025-10-23 13:09:54,011 INFO     ___FILE_ONLY___ location_type
2025-10-23 13:09:54,011 INFO     ___FILE_ONLY___ :
2025-10-23 13:09:54,012 INFO     ___FILE_ONLY___  
2025-10-23 13:09:54,012 INFO     ___FILE_ONLY___ region
2025-10-23 13:09:54,012 INFO     ___FILE_ONLY___ 

2025-10-23 13:09:54,012 INFO     ___FILE_ONLY___ metageneration
2025-10-23 13:09:54,012 INFO     ___FILE_ONLY___ :
2025-10-23 13:09:54,012 INFO     ___FILE_ONLY___  
2025-10-23 13:09:54,012 INFO     ___FILE_ONLY___ 1
2025-10-23 13:09:54,012 INFO     ___FILE_ONLY___ 

2025-10-23 13:09:54,012 INFO     ___FILE_ONLY___ name
2025-10-23 13:09:54,012 INFO     ___FILE_ONLY___ :
2025-10-23 13:09:54,012 INFO     ___FILE_ONLY___  
2025-10-23 13:09:54,012 INFO     ___FILE_ONLY___ energinokkelen-poc-20251023
2025-10-23 13:09:54,012 INFO     ___FILE_ONLY___ 

2025-10-23 13:09:54,012 INFO     ___FILE_ONLY___ public_access_prevention
2025-10-23 13:09:54,012 INFO     ___FILE_ONLY___ :
2025-10-23 13:09:54,012 INFO     ___FILE_ONLY___  
2025-10-23 13:09:54,012 INFO     ___FILE_ONLY___ inherited
2025-10-23 13:09:54,012 INFO     ___FILE_ONLY___ 

2025-10-23 13:09:54,012 INFO     ___FILE_ONLY___ soft_delete_policy
2025-10-23 13:09:54,012 INFO     ___FILE_ONLY___ :
2025-10-23 13:09:54,012 INFO     ___FILE_ONLY___ 

2025-10-23 13:09:54,012 INFO     ___FILE_ONLY___   
2025-10-23 13:09:54,012 INFO     ___FILE_ONLY___ effectiveTime
2025-10-23 13:09:54,012 INFO     ___FILE_ONLY___ :
2025-10-23 13:09:54,012 INFO     ___FILE_ONLY___  '
2025-10-23 13:09:54,012 INFO     ___FILE_ONLY___ 2025-10-23T11:09:47.392000+00:00
2025-10-23 13:09:54,012 INFO     ___FILE_ONLY___ '
2025-10-23 13:09:54,012 INFO     ___FILE_ONLY___ 

2025-10-23 13:09:54,012 INFO     ___FILE_ONLY___   
2025-10-23 13:09:54,012 INFO     ___FILE_ONLY___ retentionDurationSeconds
2025-10-23 13:09:54,012 INFO     ___FILE_ONLY___ :
2025-10-23 13:09:54,012 INFO     ___FILE_ONLY___  '
2025-10-23 13:09:54,013 INFO     ___FILE_ONLY___ 604800
2025-10-23 13:09:54,013 INFO     ___FILE_ONLY___ '
2025-10-23 13:09:54,013 INFO     ___FILE_ONLY___ 

2025-10-23 13:09:54,013 INFO     ___FILE_ONLY___ storage_url
2025-10-23 13:09:54,013 INFO     ___FILE_ONLY___ :
2025-10-23 13:09:54,013 INFO     ___FILE_ONLY___  
2025-10-23 13:09:54,013 INFO     ___FILE_ONLY___ gs://energinokkelen-poc-20251023/
2025-10-23 13:09:54,013 INFO     ___FILE_ONLY___ 

2025-10-23 13:09:54,013 INFO     ___FILE_ONLY___ uniform_bucket_level_access
2025-10-23 13:09:54,013 INFO     ___FILE_ONLY___ :
2025-10-23 13:09:54,013 INFO     ___FILE_ONLY___  
2025-10-23 13:09:54,013 INFO     ___FILE_ONLY___ false
2025-10-23 13:09:54,013 INFO     ___FILE_ONLY___ 

2025-10-23 13:09:54,013 INFO     ___FILE_ONLY___ update_time
2025-10-23 13:09:54,013 INFO     ___FILE_ONLY___ :
2025-10-23 13:09:54,013 INFO     ___FILE_ONLY___  
2025-10-23 13:09:54,013 INFO     ___FILE_ONLY___ 2025-10-23T11:09:47+0000
2025-10-23 13:09:54,013 INFO     ___FILE_ONLY___ 

2025-10-23 13:09:54,021 DEBUG    root            Metrics reporting process started...
