2025-10-23 13:05:51,739 DEBUG    root            Loaded Command Group: ['gcloud', 'storage']
2025-10-23 13:05:51,740 DEBUG    root            Loaded Command Group: ['gcloud', 'storage', 'buckets']
2025-10-23 13:05:51,844 DEBUG    root            Loaded Command Group: ['gcloud', 'storage', 'buckets', 'create']
2025-10-23 13:05:51,846 DEBUG    root            Running [gcloud.storage.buckets.create] with arguments: [--location: "europe-north1", URL:1: "['gs://energinokkelen-poc-20251023']"]
2025-10-23 13:05:51,846 INFO     ___FILE_ONLY___ Creating gs://energinokkelen-poc-20251023/...

2025-10-23 13:05:51,847 DEBUG    root            (gcloud.storage.buckets.create) You do not currently have an active account selected.
Please run:

  $ gcloud auth login

to obtain new credentials.

If you have already logged in with a different account, run:

  $ gcloud config set account ACCOUNT

to select an already authenticated account to use.
Traceback (most recent call last):
  File "/Users/magnuslundstein/Desktop/Innholdsproduksjon/Tjenester/Google Cloud/google-cloud-sdk/lib/googlecloudsdk/calliope/cli.py", line 944, in Execute
    resources = calliope_command.Run(cli=self, args=args)
                ^^^^^^^^^^^^^^^^^^^^^^^^^^^^^^^^^^^^^^^^^
  File "/Users/magnuslundstein/Desktop/Innholdsproduksjon/Tjenester/Google Cloud/google-cloud-sdk/lib/googlecloudsdk/calliope/backend.py", line 955, in Run
    resources = command_instance.Run(args)
                ^^^^^^^^^^^^^^^^^^^^^^^^^^
  File "/Users/magnuslundstein/Desktop/Innholdsproduksjon/Tjenester/Google Cloud/google-cloud-sdk/lib/surface/storage/buckets/create.py", line 191, in Run
    ).execute()
      ^^^^^^^^^
  File "/Users/magnuslundstein/Desktop/Innholdsproduksjon/Tjenester/Google Cloud/google-cloud-sdk/lib/googlecloudsdk/command_lib/storage/tasks/buckets/create_bucket_task.py", line 48, in execute
    api_factory.get_api(provider).create_bucket(
    ^^^^^^^^^^^^^^^^^^^^^^^^^^^^^
  File "/Users/magnuslundstein/Desktop/Innholdsproduksjon/Tjenester/Google Cloud/google-cloud-sdk/lib/googlecloudsdk/api_lib/storage/api_factory.py", line 159, in get_api
    api_client = api_class()
                 ^^^^^^^^^^^
  File "/Users/magnuslundstein/Desktop/Innholdsproduksjon/Tjenester/Google Cloud/google-cloud-sdk/lib/googlecloudsdk/api_lib/storage/gcs_json/client.py", line 305, in __init__
    self.client = core_apis.GetClientInstance('storage', 'v1')
                  ^^^^^^^^^^^^^^^^^^^^^^^^^^^^^^^^^^^^^^^^^^^^
  File "/Users/magnuslundstein/Desktop/Innholdsproduksjon/Tjenester/Google Cloud/google-cloud-sdk/lib/googlecloudsdk/api_lib/util/apis.py", line 278, in GetClientInstance
    return apis_internal._GetClientInstance(
           ^^^^^^^^^^^^^^^^^^^^^^^^^^^^^^^^^
  File "/Users/magnuslundstein/Desktop/Innholdsproduksjon/Tjenester/Google Cloud/google-cloud-sdk/lib/googlecloudsdk/api_lib/util/apis_internal.py", line 169, in _GetClientInstance
    http_client = transports.GetApitoolsTransport(
                  ^^^^^^^^^^^^^^^^^^^^^^^^^^^^^^^^
  File "/Users/magnuslundstein/Desktop/Innholdsproduksjon/Tjenester/Google Cloud/google-cloud-sdk/lib/googlecloudsdk/core/credentials/transports.py", line 80, in GetApitoolsTransport
    session = requests.GetSession(
              ^^^^^^^^^^^^^^^^^^^^
  File "/Users/magnuslundstein/Desktop/Innholdsproduksjon/Tjenester/Google Cloud/google-cloud-sdk/lib/googlecloudsdk/core/credentials/requests.py", line 85, in GetSession
    credentials = store.LoadIfEnabled(
                  ^^^^^^^^^^^^^^^^^^^^
  File "/Users/magnuslundstein/Desktop/Innholdsproduksjon/Tjenester/Google Cloud/google-cloud-sdk/lib/googlecloudsdk/core/credentials/store.py", line 636, in LoadIfEnabled
    return Load(
           ^^^^^
  File "/Users/magnuslundstein/Desktop/Innholdsproduksjon/Tjenester/Google Cloud/google-cloud-sdk/lib/googlecloudsdk/core/credentials/store.py", line 876, in Load
    cred = _Load(
           ^^^^^^
  File "/Users/magnuslundstein/Desktop/Innholdsproduksjon/Tjenester/Google Cloud/google-cloud-sdk/lib/googlecloudsdk/core/credentials/store.py", line 1058, in _Load
    raise creds_exceptions.NoActiveAccountException(
googlecloudsdk.core.credentials.exceptions.NoActiveAccountException: You do not currently have an active account selected.
Please run:

  $ gcloud auth login

to obtain new credentials.

If you have already logged in with a different account, run:

  $ gcloud config set account ACCOUNT

to select an already authenticated account to use.
2025-10-23 13:05:51,849 ERROR    root            (gcloud.storage.buckets.create) You do not currently have an active account selected.
Please run:

  $ gcloud auth login

to obtain new credentials.

If you have already logged in with a different account, run:

  $ gcloud config set account ACCOUNT

to select an already authenticated account to use.
2025-10-23 13:05:51,856 DEBUG    root            Metrics reporting process started...
