2025-10-23 13:03:20,160 DEBUG    root            Loaded Command Group: ['gcloud', 'beta', 'billing']
2025-10-23 13:03:20,161 DEBUG    root            Loaded Command Group: ['gcloud', 'beta', 'billing', 'projects']
2025-10-23 13:03:20,163 DEBUG    root            Loaded Command Group: ['gcloud', 'beta', 'billing', 'projects', 'link']
2025-10-23 13:03:20,164 DEBUG    root            Running [gcloud.beta.billing.projects.link] with arguments: [--billing-account: "01C458-6FDA36-DE8B4A", PROJECT_ID: "energiverktoy-poc-1234"]
2025-10-23 13:03:20,179 DEBUG    urllib3.connectionpool Starting new HTTPS connection (1): cloudbilling.googleapis.com:443
2025-10-23 13:03:21,862 DEBUG    urllib3.connectionpool https://cloudbilling.googleapis.com:443 "PUT /v1/projects/energiverktoy-poc-1234/billingInfo?alt=json HTTP/1.1" 200 None
2025-10-23 13:03:21,865 DEBUG    root            Chosen display Format:default
2025-10-23 13:03:21,866 INFO     root            Display format: "default"
2025-10-23 13:03:21,901 INFO     ___FILE_ONLY___ billingAccountName
2025-10-23 13:03:21,901 INFO     ___FILE_ONLY___ :
2025-10-23 13:03:21,901 INFO     ___FILE_ONLY___  
2025-10-23 13:03:21,901 INFO     ___FILE_ONLY___ billingAccounts/01C458-6FDA36-DE8B4A
2025-10-23 13:03:21,901 INFO     ___FILE_ONLY___ 

2025-10-23 13:03:21,901 INFO     ___FILE_ONLY___ billingEnabled
2025-10-23 13:03:21,902 INFO     ___FILE_ONLY___ :
2025-10-23 13:03:21,902 INFO     ___FILE_ONLY___  
2025-10-23 13:03:21,902 INFO     ___FILE_ONLY___ true
2025-10-23 13:03:21,902 INFO     ___FILE_ONLY___ 

2025-10-23 13:03:21,902 INFO     ___FILE_ONLY___ name
2025-10-23 13:03:21,902 INFO     ___FILE_ONLY___ :
2025-10-23 13:03:21,902 INFO     ___FILE_ONLY___  
2025-10-23 13:03:21,902 INFO     ___FILE_ONLY___ projects/energiverktoy-poc-1234/billingInfo
2025-10-23 13:03:21,902 INFO     ___FILE_ONLY___ 

2025-10-23 13:03:21,902 INFO     ___FILE_ONLY___ projectId
2025-10-23 13:03:21,902 INFO     ___FILE_ONLY___ :
2025-10-23 13:03:21,902 INFO     ___FILE_ONLY___  
2025-10-23 13:03:21,902 INFO     ___FILE_ONLY___ energiverktoy-poc-1234
2025-10-23 13:03:21,902 INFO     ___FILE_ONLY___ 

2025-10-23 13:03:21,916 DEBUG    root            Metrics reporting process started...
