2025-10-23 16:07:38,881 DEBUG    root            Loaded Command Group: ['gcloud', 'artifacts']
2025-10-23 16:07:38,882 DEBUG    root            Loaded Command Group: ['gcloud', 'artifacts', 'repositories']
2025-10-23 16:07:38,950 DEBUG    root            Loaded Command Group: ['gcloud', 'artifacts', 'repositories', 'describe']
2025-10-23 16:07:38,956 DEBUG    root            Running [gcloud.artifacts.repositories.describe] with arguments: [--location: "europe-north1", REPOSITORY: "energinokkelen"]
2025-10-23 16:07:38,969 DEBUG    urllib3.connectionpool Starting new HTTPS connection (1): artifactregistry.googleapis.com:443
2025-10-23 16:07:39,124 DEBUG    urllib3.connectionpool https://artifactregistry.googleapis.com:443 "GET /v1/projects/energiverktoy-poc-1234/locations/europe-north1/repositories/energinokkelen?alt=json HTTP/1.1" 404 None
2025-10-23 16:07:39,125 DEBUG    root            (gcloud.artifacts.repositories.describe) NOT_FOUND: Requested entity was not found. This command is authenticated as magnus.lundstein@kli.oslo.kommune.no which is the active account specified by the [core/account] property.
Traceback (most recent call last):
  File "/Users/magnuslundstein/Desktop/Innholdsproduksjon/Tjenester/Google Cloud/google-cloud-sdk/lib/googlecloudsdk/calliope/cli.py", line 944, in Execute
    resources = calliope_command.Run(cli=self, args=args)
                ^^^^^^^^^^^^^^^^^^^^^^^^^^^^^^^^^^^^^^^^^
  File "/Users/magnuslundstein/Desktop/Innholdsproduksjon/Tjenester/Google Cloud/google-cloud-sdk/lib/googlecloudsdk/calliope/backend.py", line 955, in Run
    resources = command_instance.Run(args)
                ^^^^^^^^^^^^^^^^^^^^^^^^^^
  File "/Users/magnuslundstein/Desktop/Innholdsproduksjon/Tjenester/Google Cloud/google-cloud-sdk/lib/googlecloudsdk/command_lib/util/apis/yaml_command_translator.py", line 783, in Run
    unused_ref, response = self._CommonRun(args)
                           ^^^^^^^^^^^^^^^^^^^^^
  File "/Users/magnuslundstein/Desktop/Innholdsproduksjon/Tjenester/Google Cloud/google-cloud-sdk/lib/googlecloudsdk/command_lib/util/apis/yaml_command_translator.py", line 455, in _CommonRun
    response = method.Call(
               ^^^^^^^^^^^^
  File "/Users/magnuslundstein/Desktop/Innholdsproduksjon/Tjenester/Google Cloud/google-cloud-sdk/lib/googlecloudsdk/command_lib/util/apis/registry.py", line 341, in Call
    return request_func(global_params=global_params)
           ^^^^^^^^^^^^^^^^^^^^^^^^^^^^^^^^^^^^^^^^^
  File "/Users/magnuslundstein/Desktop/Innholdsproduksjon/Tjenester/Google Cloud/google-cloud-sdk/lib/googlecloudsdk/command_lib/util/apis/registry.py", line 404, in RequestFunc
    return method(request, global_params=global_params)
           ^^^^^^^^^^^^^^^^^^^^^^^^^^^^^^^^^^^^^^^^^^^^
  File "/Users/magnuslundstein/Desktop/Innholdsproduksjon/Tjenester/Google Cloud/google-cloud-sdk/lib/googlecloudsdk/generated_clients/apis/artifactregistry/v1/artifactregistry_v1_client.py", line 1717, in Get
    return self._RunMethod(
           ^^^^^^^^^^^^^^^^
  File "/Users/magnuslundstein/Desktop/Innholdsproduksjon/Tjenester/Google Cloud/google-cloud-sdk/lib/third_party/apitools/base/py/base_api.py", line 747, in _RunMethod
    return self.ProcessHttpResponse(method_config, http_response, request)
           ^^^^^^^^^^^^^^^^^^^^^^^^^^^^^^^^^^^^^^^^^^^^^^^^^^^^^^^^^^^^^^^
  File "/Users/magnuslundstein/Desktop/Innholdsproduksjon/Tjenester/Google Cloud/google-cloud-sdk/lib/third_party/apitools/base/py/base_api.py", line 753, in ProcessHttpResponse
    self.__ProcessHttpResponse(method_config, http_response, request))
    ^^^^^^^^^^^^^^^^^^^^^^^^^^^^^^^^^^^^^^^^^^^^^^^^^^^^^^^^^^^^^^^^^
  File "/Users/magnuslundstein/Desktop/Innholdsproduksjon/Tjenester/Google Cloud/google-cloud-sdk/lib/third_party/apitools/base/py/base_api.py", line 612, in __ProcessHttpResponse
    raise exceptions.HttpError.FromResponse(
apitools.base.py.exceptions.HttpNotFoundError: HttpError accessing <https://artifactregistry.googleapis.com/v1/projects/energiverktoy-poc-1234/locations/europe-north1/repositories/energinokkelen?alt=json>: response: <{'vary': 'Origin, X-Origin, Referer', 'content-type': 'application/json; charset=UTF-8', 'content-encoding': 'gzip', 'date': 'Thu, 23 Oct 2025 14:07:39 GMT', 'server': 'ESF', 'x-xss-protection': '0', 'x-frame-options': 'SAMEORIGIN', 'x-content-type-options': 'nosniff', 'alt-svc': 'h3=":443"; ma=2592000,h3-29=":443"; ma=2592000', 'transfer-encoding': 'chunked', 'status': 404}>, content <{
  "error": {
    "code": 404,
    "message": "Requested entity was not found.",
    "status": "NOT_FOUND"
  }
}
>
2025-10-23 16:07:39,130 ERROR    root            (gcloud.artifacts.repositories.describe) NOT_FOUND: Requested entity was not found. This command is authenticated as magnus.lundstein@kli.oslo.kommune.no which is the active account specified by the [core/account] property.
2025-10-23 16:07:39,140 DEBUG    root            Metrics reporting process started...
