2025-10-23 16:08:15,203 DEBUG    root            Loaded Command Group: ['gcloud', 'meta']
2025-10-23 16:08:15,205 DEBUG    root            Loaded Command Group: ['gcloud', 'meta', 'lint_gcloud_commands']
2025-10-23 16:08:15,206 DEBUG    root            Running [gcloud.meta.lint-gcloud-commands] with arguments: [--command-string: "gcloud iam service-accounts list"]
2025-10-23 16:08:15,206 DEBUG    root            Loaded Command Group: ['gcloud']
2025-10-23 16:08:15,209 DEBUG    root            Loaded Command Group: ['gcloud', 'beta']
2025-10-23 16:08:15,212 DEBUG    root            Loaded Command Group: ['gcloud', 'iam']
2025-10-23 16:08:15,214 DEBUG    root            Loaded Command Group: ['gcloud', 'iam', 'service_accounts']
2025-10-23 16:08:15,222 DEBUG    root            Loaded Command Group: ['gcloud', 'iam', 'service-accounts', 'list']
2025-10-23 16:08:15,223 DEBUG    root            Loaded Command Group: ['gcloud']
2025-10-23 16:08:15,225 DEBUG    root            Loaded Command Group: ['gcloud', 'beta']
2025-10-23 16:08:15,225 DEBUG    root            Loaded Command Group: ['gcloud', 'iam']
2025-10-23 16:08:15,226 DEBUG    root            Loaded Command Group: ['gcloud', 'iam', 'service_accounts']
2025-10-23 16:08:15,226 DEBUG    root            Loaded Command Group: ['gcloud', 'iam', 'service-accounts', 'list']
2025-10-23 16:08:15,227 DEBUG    root            Loaded Command Group: ['gcloud', 'beta', 'iam']
2025-10-23 16:08:15,227 DEBUG    root            Loaded Command Group: ['gcloud', 'beta', 'iam', 'service_accounts']
2025-10-23 16:08:15,228 DEBUG    root            Loaded Command Group: ['gcloud', 'beta', 'iam', 'service-accounts', 'list']
2025-10-23 16:08:15,230 INFO     ___FILE_ONLY___ [{"args_structure": {"arguments": [{"name": "-flag-file-line-", "type": "string", "required": false, "global": true, "node_id": "3ef1a004-c117-4735-a492-09926f0022b0"}, {"name": "access-token-file", "type": "string", "required": false, "global": true, "node_id": "0a68a546-db40-4129-9b47-16c6325cee94"}, {"name": "account", "type": "string", "required": false, "global": true, "node_id": "1d3ab0bf-0a6f-4c88-90ae-a02e87466a3b"}, {"name": "authority-selector", "type": "string", "required": false, "global": true, "node_id": "8dec6870-12b6-4636-8d77-08f4b058cbcb"}, {"name": "authorization-token-file", "type": "string", "required": false, "global": true, "node_id": "3d4f69d0-22e8-4283-a7e9-09508ab0f410"}, {"name": "billing-project", "type": "string", "required": false, "global": true, "node_id": "55e21353-9913-458c-832c-61571ce42102"}, {"name": "configuration", "type": "string", "required": false, "global": true, "node_id": "df31a13a-1a63-48fe-8273-8432e535683e"}, {"name": "credential-file-override", "type": "string", "required": false, "global": true, "node_id": "8eb8f200-6546-4dd4-8372-4f12d0aadc90"}, {"name": "document", "type": "dict", "required": false, "global": true, "node_id": "9c4d088b-ac5a-41c8-b601-fed512e1f93e"}, {"name": "filter", "type": "string", "required": false, "node_id": "b224c216-966a-4e86-b829-e3ec2d4ac5fb"}, {"name": "flags-file", "type": "string", "required": false, "global": true, "node_id": "a3f4f1c4-be4e-4a17-ba23-49354712d587"}, {"name": "flatten", "type": "list", "required": false, "global": true, "node_id": "a2fd7b58-527e-43dc-90d5-ffc05799f4e2"}, {"name": "format", "type": "string", "required": false, "global": true, "node_id": "d00edba2-a8b2-43eb-8960-298c3f3c2872"}, {"name": "help", "type": "bool", "required": false, "global": true, "node_id": "a773ea06-4f03-4e80-a625-b41441d0804d"}, {"name": "http-timeout", "type": "string", "required": false, "global": true, "node_id": "1364c293-bccd-4da4-9b2c-b696cf57d6a2"}, {"name": "impersonate-service-account", "type": "string", "required": false, "global": true, "node_id": "138e0a65-35f9-47f3-8285-fdda1e0308d7"}, {"name": "limit", "type": "googlecloudsdk.calliope.arg_parsers:Parse", "required": false, "node_id": "9dd21a07-af37-4e43-b04d-59c15631b22d"}, {"name": "log-http", "type": "bool", "required": false, "global": true, "node_id": "76b78889-16c9-470a-9560-fe0ffec4163f"}, {"name": "project", "type": "string", "required": false, "global": true, "node_id": "54f4baf9-add6-46af-b2e6-cb5014253c47"}, {"name": "quiet", "type": "bool", "required": false, "global": true, "node_id": "660a8ffa-7ee3-43a3-a1c8-d7577ade5912"}, {"name": "sort-by", "type": "list", "required": false, "node_id": "aeeba818-2d1f-43ef-8714-38ed56272424"}, {"group": {"arguments": [{"name": "trace-token", "type": "string", "required": false, "global": true, "node_id": "26874320-be62-49d6-81a6-1d740a14c176"}], "mutex": true, "node_id": "72668deb-be8b-4612-b715-792e97cc53cb"}}, {"name": "universe-domain", "type": "string", "required": false, "global": true, "node_id": "35e847ae-f245-4f5f-8ae4-4059a9c2b71a"}, {"name": "uri", "type": "bool", "required": false, "node_id": "cf14a5a0-be9a-4e46-a156-41323c3deac6"}, {"name": "user-output-enabled", "type": "bool", "required": false, "global": true, "node_id": "4fc56d02-3853-4020-8c5c-49701b939869"}, {"name": "verbosity", "type": "string", "required": false, "global": true, "choices": ["debug", "info", "warning", "error", "critical", "none"], "node_id": "c70fef52-7065-444c-80b6-4c7f5bc60937"}, {"name": "version", "type": "bool", "required": false, "global": true, "node_id": "1cf530f6-bee3-4976-b731-58b0423f39d1"}]}, "command_args": null, "command_string": "gcloud iam service-accounts list", "command_string_no_args": "gcloud iam service-accounts list", "error_message": null, "error_type": null, "success": true}]

2025-10-23 16:08:15,230 DEBUG    root            Chosen display Format:default
2025-10-23 16:08:15,230 INFO     root            Display format: "default"
2025-10-23 16:08:15,248 DEBUG    root            Metrics reporting process started...
