2025-10-23 16:07:38,393 DEBUG    root            Loaded Command Group: ['gcloud', 'meta']
2025-10-23 16:07:38,394 DEBUG    root            Loaded Command Group: ['gcloud', 'meta', 'lint_gcloud_commands']
2025-10-23 16:07:38,395 DEBUG    root            Running [gcloud.meta.lint-gcloud-commands] with arguments: [--command-string: "gcloud artifacts repositories describe energinokkelen --location europe-north1"]
2025-10-23 16:07:38,395 DEBUG    root            Loaded Command Group: ['gcloud']
2025-10-23 16:07:38,398 DEBUG    root            Loaded Command Group: ['gcloud', 'beta']
2025-10-23 16:07:38,399 DEBUG    root            Loaded Command Group: ['gcloud', 'artifacts']
2025-10-23 16:07:38,403 DEBUG    root            Loaded Command Group: ['gcloud', 'artifacts', 'repositories']
2025-10-23 16:07:38,513 DEBUG    root            Loaded Command Group: ['gcloud', 'artifacts', 'repositories', 'describe']
2025-10-23 16:07:38,520 DEBUG    root            Loaded Command Group: ['gcloud']
2025-10-23 16:07:38,522 DEBUG    root            Loaded Command Group: ['gcloud', 'beta']
2025-10-23 16:07:38,523 DEBUG    root            Loaded Command Group: ['gcloud', 'artifacts']
2025-10-23 16:07:38,523 DEBUG    root            Loaded Command Group: ['gcloud', 'artifacts', 'repositories']
2025-10-23 16:07:38,524 DEBUG    root            Loaded Command Group: ['gcloud', 'artifacts', 'repositories', 'describe']
2025-10-23 16:07:38,529 DEBUG    root            Loaded Command Group: ['gcloud', 'beta', 'artifacts']
2025-10-23 16:07:38,530 DEBUG    root            Loaded Command Group: ['gcloud', 'beta', 'artifacts', 'repositories']
2025-10-23 16:07:38,531 DEBUG    root            Loaded Command Group: ['gcloud', 'beta', 'artifacts', 'repositories', 'describe']
2025-10-23 16:07:38,537 INFO     ___FILE_ONLY___ [{"args_structure": {"arguments": [{"group": {"arguments": [{"name": "REPOSITORY", "positional": true, "required": true, "node_id": "512817db-7e04-40a1-8db7-4070640b1758"}, {"name": "location", "type": "string", "required": false, "node_id": "5088cc75-3ef0-41f1-9921-5f51111d13ca"}], "required": true, "node_id": "b2fa83ac-2885-41b6-bf48-011ba6c6f673"}}, {"name": "-flag-file-line-", "type": "string", "required": false, "global": true, "node_id": "b9f4659e-802c-498c-93c2-9e5b6d58642e"}, {"name": "access-token-file", "type": "string", "required": false, "global": true, "node_id": "ba6e0762-bc55-4f7f-ba12-fa831cc45b94"}, {"name": "account", "type": "string", "required": false, "global": true, "node_id": "a3ce18ba-1b95-4d22-9970-0c5c441403c1"}, {"name": "authority-selector", "type": "string", "required": false, "global": true, "node_id": "9c354640-8c04-4c47-bd37-e24ccb481f76"}, {"name": "authorization-token-file", "type": "string", "required": false, "global": true, "node_id": "775e8ccf-4b86-43b0-92c8-69200f991145"}, {"name": "billing-project", "type": "string", "required": false, "global": true, "node_id": "c6cd2ac7-71da-4986-bb31-e7683a6fd724"}, {"name": "configuration", "type": "string", "required": false, "global": true, "node_id": "6f9a7a88-fe58-49fd-bf19-9522566f1d61"}, {"name": "credential-file-override", "type": "string", "required": false, "global": true, "node_id": "89cb8e6a-770c-4c1f-90d4-fcef7768bc00"}, {"name": "document", "type": "dict", "required": false, "global": true, "node_id": "75532d41-1817-4f2f-93e0-2aa435c8358b"}, {"name": "flags-file", "type": "string", "required": false, "global": true, "node_id": "d5776bd6-532c-433d-8590-6d0be891168e"}, {"name": "flatten", "type": "list", "required": false, "global": true, "node_id": "4a708dfe-763a-4559-a2d1-3c92d8984bb0"}, {"name": "format", "type": "string", "required": false, "global": true, "node_id": "f1bf805c-88ab-4649-9eb8-50dd3af0ce91"}, {"name": "help", "type": "bool", "required": false, "global": true, "node_id": "03607c0a-7d74-4676-8709-e7d6000149c8"}, {"name": "http-timeout", "type": "string", "required": false, "global": true, "node_id": "8d579972-e2ec-4d8b-bf4c-b9f4e2c80317"}, {"name": "impersonate-service-account", "type": "string", "required": false, "global": true, "node_id": "0fb3ceca-3a6f-4ba8-831b-d0a362a85f55"}, {"name": "log-http", "type": "bool", "required": false, "global": true, "node_id": "177bd035-12bb-495a-98e0-664433624e8f"}, {"name": "project", "type": "string", "required": false, "global": true, "node_id": "f3b57e2c-1cbd-4c8e-a444-f533ac9a3bd3"}, {"name": "quiet", "type": "bool", "required": false, "global": true, "node_id": "4cc8626a-fb47-409a-8d33-522172550f8e"}, {"group": {"arguments": [{"name": "trace-token", "type": "string", "required": false, "global": true, "node_id": "985729de-4457-44e5-9a03-50635fd7dc8f"}], "mutex": true, "node_id": "72846ede-695d-4b84-83f4-d50300dd9db6"}}, {"name": "universe-domain", "type": "string", "required": false, "global": true, "node_id": "0d141b12-e049-4ba9-b473-2faf2bd20ff2"}, {"name": "user-output-enabled", "type": "bool", "required": false, "global": true, "node_id": "75888066-b0af-4f8b-90fb-efd197b85f48"}, {"name": "verbosity", "type": "string", "required": false, "global": true, "choices": ["debug", "info", "warning", "error", "critical", "none"], "node_id": "7bd3b471-e05e-44e5-b1dc-72fcd15fed6d"}, {"name": "version", "type": "bool", "required": false, "global": true, "node_id": "03a1a95f-8c8c-49c5-a903-9d990b162523"}]}, "command_args": {"REPOSITORY": {"value": "energinokkelen", "index": 0}, "--location": {"value": "europe-north1", "index": 1}, "--project": {"value": "myproject", "index": 2}}, "command_string": "gcloud artifacts repositories describe energinokkelen --location=europe-north1", "command_string_no_args": "gcloud artifacts repositories describe", "error_message": null, "error_type": null, "success": true}]

2025-10-23 16:07:38,537 DEBUG    root            Chosen display Format:default
2025-10-23 16:07:38,538 INFO     root            Display format: "default"
2025-10-23 16:07:38,545 DEBUG    root            Metrics reporting process started...
