2025-10-23 16:04:00,067 DEBUG    root            Loaded Command Group: ['gcloud', 'projects']
2025-10-23 16:04:00,069 DEBUG    root            Loaded Command Group: ['gcloud', 'projects', 'list']
2025-10-23 16:04:00,070 DEBUG    root            Running [gcloud.projects.list] with arguments: []
2025-10-23 16:04:00,070 INFO     root            client_filter="None" server_filter="None"
2025-10-23 16:04:00,085 DEBUG    google.auth.transport.requests Making request: POST https://oauth2.googleapis.com/token
2025-10-23 16:04:00,090 DEBUG    urllib3.connectionpool Starting new HTTPS connection (1): oauth2.googleapis.com:443
2025-10-23 16:04:00,225 DEBUG    urllib3.connectionpool https://oauth2.googleapis.com:443 "POST /token HTTP/1.1" 200 None
2025-10-23 16:04:00,232 DEBUG    root            Chosen display Format:
    table(
      projectId:sort=1,
      name,
      projectNumber
    )

2025-10-23 16:04:00,232 INFO     root            Display format: "
    table(
      projectId:sort=1,
      name,
      projectNumber
    )
"
2025-10-23 16:04:00,234 DEBUG    urllib3.connectionpool Starting new HTTPS connection (1): cloudresourcemanager.googleapis.com:443
2025-10-23 16:04:01,066 DEBUG    urllib3.connectionpool https://cloudresourcemanager.googleapis.com:443 "GET /v1/projects?alt=json&filter=lifecycleState%3AACTIVE&pageSize=500 HTTP/1.1" 200 None
2025-10-23 16:04:01,095 INFO     ___FILE_ONLY___ PROJECT_ID
2025-10-23 16:04:01,095 INFO     ___FILE_ONLY___                
2025-10-23 16:04:01,095 INFO     ___FILE_ONLY___ NAME
2025-10-23 16:04:01,095 INFO     ___FILE_ONLY___                
2025-10-23 16:04:01,095 INFO     ___FILE_ONLY___ PROJECT_NUMBER
2025-10-23 16:04:01,095 INFO     ___FILE_ONLY___ 

2025-10-23 16:04:01,095 INFO     ___FILE_ONLY___ bruktbutikk-navn
2025-10-23 16:04:01,095 INFO     ___FILE_ONLY___          
2025-10-23 16:04:01,095 INFO     ___FILE_ONLY___ Bruktbutikk-navn
2025-10-23 16:04:01,095 INFO     ___FILE_ONLY___    
2025-10-23 16:04:01,095 INFO     ___FILE_ONLY___ 412468299057
2025-10-23 16:04:01,095 INFO     ___FILE_ONLY___ 

2025-10-23 16:04:01,095 INFO     ___FILE_ONLY___ energiverktoy-poc-1234
2025-10-23 16:04:01,095 INFO     ___FILE_ONLY___    
2025-10-23 16:04:01,095 INFO     ___FILE_ONLY___ Energinoekkelen
2025-10-23 16:04:01,095 INFO     ___FILE_ONLY___     
2025-10-23 16:04:01,095 INFO     ___FILE_ONLY___ 168751968131
2025-10-23 16:04:01,095 INFO     ___FILE_ONLY___ 

2025-10-23 16:04:01,095 INFO     ___FILE_ONLY___ hente-koordinater
2025-10-23 16:04:01,095 INFO     ___FILE_ONLY___         
2025-10-23 16:04:01,095 INFO     ___FILE_ONLY___ Hente koordinater
2025-10-23 16:04:01,095 INFO     ___FILE_ONLY___   
2025-10-23 16:04:01,095 INFO     ___FILE_ONLY___ 581828994696
2025-10-23 16:04:01,095 INFO     ___FILE_ONLY___ 

2025-10-23 16:04:01,095 INFO     ___FILE_ONLY___ steam-habitat-450615-r4
2025-10-23 16:04:01,095 INFO     ___FILE_ONLY___   
2025-10-23 16:04:01,095 INFO     ___FILE_ONLY___ My First Project
2025-10-23 16:04:01,095 INFO     ___FILE_ONLY___    
2025-10-23 16:04:01,095 INFO     ___FILE_ONLY___ 120938132796
2025-10-23 16:04:01,095 INFO     ___FILE_ONLY___ 

2025-10-23 16:04:01,104 DEBUG    root            Metrics reporting process started...
