2025-10-23 16:08:28,157 DEBUG    root            Loaded Command Group: ['gcloud', 'meta']
2025-10-23 16:08:28,159 DEBUG    root            Loaded Command Group: ['gcloud', 'meta', 'lint_gcloud_commands']
2025-10-23 16:08:28,160 DEBUG    root            Running [gcloud.meta.lint-gcloud-commands] with arguments: [--command-string: "gcloud iam service-accounts create run-energinokkelen --display-name Cloud Run runtime (Energinokkelen)"]
2025-10-23 16:08:28,160 DEBUG    root            Loaded Command Group: ['gcloud']
2025-10-23 16:08:28,162 DEBUG    root            Loaded Command Group: ['gcloud', 'beta']
2025-10-23 16:08:28,163 DEBUG    root            Loaded Command Group: ['gcloud', 'iam']
2025-10-23 16:08:28,163 DEBUG    root            Loaded Command Group: ['gcloud', 'iam', 'service_accounts']
2025-10-23 16:08:28,170 DEBUG    root            Loaded Command Group: ['gcloud', 'iam', 'service-accounts', 'create']
2025-10-23 16:08:28,170 DEBUG    root            Loaded Command Group: ['gcloud', 'beta', 'iam']
2025-10-23 16:08:28,171 DEBUG    root            Loaded Command Group: ['gcloud', 'beta', 'iam', 'service_accounts']
2025-10-23 16:08:28,171 DEBUG    root            Loaded Command Group: ['gcloud', 'beta', 'iam', 'service-accounts', 'create']
2025-10-23 16:08:28,172 DEBUG    root            Loaded Command Group: ['gcloud']
2025-10-23 16:08:28,174 DEBUG    root            Loaded Command Group: ['gcloud', 'beta']
2025-10-23 16:08:28,174 DEBUG    root            Loaded Command Group: ['gcloud', 'iam']
2025-10-23 16:08:28,175 DEBUG    root            Loaded Command Group: ['gcloud', 'iam', 'service_accounts']
2025-10-23 16:08:28,175 DEBUG    root            Loaded Command Group: ['gcloud', 'iam', 'service-accounts', 'create']
2025-10-23 16:08:28,175 DEBUG    root            Loaded Command Group: ['gcloud', 'beta', 'iam']
2025-10-23 16:08:28,176 DEBUG    root            Loaded Command Group: ['gcloud', 'beta', 'iam', 'service_accounts']
2025-10-23 16:08:28,176 DEBUG    root            Loaded Command Group: ['gcloud', 'beta', 'iam', 'service-accounts', 'create']
2025-10-23 16:08:28,178 INFO     ___FILE_ONLY___ [{"args_structure": {"arguments": [{"name": "NAME", "positional": true, "required": true, "node_id": "9cafb8b0-9e40-47de-81d4-2df91e760ac1"}, {"name": "-flag-file-line-", "type": "string", "required": false, "global": true, "node_id": "49627bf9-25fb-471f-ab39-340ae6ea505d"}, {"name": "access-token-file", "type": "string", "required": false, "global": true, "node_id": "d4cd9cf9-376b-48e1-8675-a74ae4e9526c"}, {"name": "account", "type": "string", "required": false, "global": true, "node_id": "e1a090c2-a500-49d9-b591-48b6da8f87a5"}, {"name": "authority-selector", "type": "string", "required": false, "global": true, "node_id": "f81655e6-7f1b-4cb3-96ca-c7abe4ee5264"}, {"name": "authorization-token-file", "type": "string", "required": false, "global": true, "node_id": "3a535f87-2424-4c5d-aeb9-98636a65aa03"}, {"name": "billing-project", "type": "string", "required": false, "global": true, "node_id": "1512e602-8a55-4891-9d3a-db8be277feb0"}, {"name": "configuration", "type": "string", "required": false, "global": true, "node_id": "d546ca95-1710-4e18-b3a9-7f24922fcc43"}, {"name": "credential-file-override", "type": "string", "required": false, "global": true, "node_id": "6b22fdf2-0527-43f3-9986-7b6f41cfc2f8"}, {"name": "description", "type": "string", "required": false, "node_id": "908e33de-e2b7-40ce-b024-679a600be5c0"}, {"name": "display-name", "type": "string", "required": false, "node_id": "5f8e8af5-2c37-4736-8e99-e728e91b4316"}, {"name": "document", "type": "dict", "required": false, "global": true, "node_id": "1f24ac7f-fa70-4eb3-9083-de3a9137b5e0"}, {"name": "flags-file", "type": "string", "required": false, "global": true, "node_id": "02bb354f-b9bf-4268-8eb5-7c394dc2bacf"}, {"name": "flatten", "type": "list", "required": false, "global": true, "node_id": "68d9fd3c-5308-4489-8c7c-09389c71cbae"}, {"name": "format", "type": "string", "required": false, "global": true, "node_id": "d4b93988-5348-403e-b577-48f47a21fe7e"}, {"name": "help", "type": "bool", "required": false, "global": true, "node_id": "2c1e5816-a3aa-4a8a-b89f-cd7985a63281"}, {"name": "http-timeout", "type": "string", "required": false, "global": true, "node_id": "d7171839-1410-4eb9-be3d-3230fdffa7f5"}, {"name": "impersonate-service-account", "type": "string", "required": false, "global": true, "node_id": "d054ba34-f6ea-485e-be21-d5f71bfa116d"}, {"name": "log-http", "type": "bool", "required": false, "global": true, "node_id": "b1154b8b-ae63-47c3-a7ee-5822da431d22"}, {"name": "project", "type": "string", "required": false, "global": true, "node_id": "d226a819-199f-4e83-b427-f97d637cae26"}, {"name": "quiet", "type": "bool", "required": false, "global": true, "node_id": "78c469ce-a52f-4d24-b19c-84eee51e4c6a"}, {"group": {"arguments": [{"name": "trace-token", "type": "string", "required": false, "global": true, "node_id": "aec4d3a6-07da-4695-9587-8875d8ed32f3"}], "mutex": true, "node_id": "54e57e6b-c6ea-430b-ba08-c31c4ccae1cc"}}, {"name": "universe-domain", "type": "string", "required": false, "global": true, "node_id": "90a30e61-1442-4ef2-b156-5482077cc1c3"}, {"name": "user-output-enabled", "type": "bool", "required": false, "global": true, "node_id": "89a5cc6f-ab39-4f23-8bbd-9a39fc36ff23"}, {"name": "verbosity", "type": "string", "required": false, "global": true, "choices": ["debug", "info", "warning", "error", "critical", "none"], "node_id": "0a43dc7e-9ae9-4094-b230-37b84a90e691"}, {"name": "version", "type": "bool", "required": false, "global": true, "node_id": "f84b8898-ef23-4d98-8f3e-ad123ff3dbb6"}]}, "command_args": {"NAME": {"value": "run-energinokkelen", "index": 0}, "Run": {"value": "", "index": 1}, "runtime": {"value": "", "index": 2}, "(Energinokkelen)": {"value": "", "index": 3}, "--display-name": {"value": "Cloud", "index": 4}, "--project": {"value": "myproject", "index": 5}}, "command_string": "gcloud iam service-accounts create run-energinokkelen --display-name=Cloud Run runtime (Energinokkelen)", "command_string_no_args": "gcloud iam service-accounts create", "error_message": "unrecognized arguments:\n  Run\n  runtime\n  (Energinokkelen)\n  To search the help text of gcloud commands, run:\n  gcloud help -- SEARCH_TERMS", "error_type": "UnrecognizedArgumentsError", "success": false}]

2025-10-23 16:08:28,178 DEBUG    root            Chosen display Format:default
2025-10-23 16:08:28,178 INFO     root            Display format: "default"
2025-10-23 16:08:28,197 DEBUG    root            Metrics reporting process started...
