2025-10-23 16:08:56,749 DEBUG    root            Loaded Command Group: ['gcloud', 'projects']
2025-10-23 16:08:56,759 DEBUG    root            Loaded Command Group: ['gcloud', 'projects', 'add_iam_policy_binding']
2025-10-23 16:08:56,763 DEBUG    root            Running [gcloud.projects.add-iam-policy-binding] with arguments: [--condition: "OrderedDict({'None': None})", --member: "serviceAccount:cloud-build@energiverktoy-poc-1234.iam.gserviceaccount.com", --role: "roles/artifactregistry.writer", PROJECT_ID: "energiverktoy-poc-1234"]
2025-10-23 16:08:56,778 DEBUG    urllib3.connectionpool Starting new HTTPS connection (1): cloudresourcemanager.googleapis.com:443
2025-10-23 16:08:57,083 DEBUG    urllib3.connectionpool https://cloudresourcemanager.googleapis.com:443 "POST /v1/projects/energiverktoy-poc-1234:getIamPolicy?alt=json HTTP/1.1" 200 None
2025-10-23 16:08:57,091 DEBUG    urllib3.connectionpool Starting new HTTPS connection (1): cloudresourcemanager.googleapis.com:443
2025-10-23 16:08:58,635 DEBUG    urllib3.connectionpool https://cloudresourcemanager.googleapis.com:443 "POST /v1/projects/energiverktoy-poc-1234:setIamPolicy?alt=json HTTP/1.1" 200 None
2025-10-23 16:08:58,636 INFO     ___FILE_ONLY___ Updated IAM policy for project [energiverktoy-poc-1234].

2025-10-23 16:08:58,636 DEBUG    root            Chosen display Format:default
2025-10-23 16:08:58,637 INFO     root            Display format: "default"
2025-10-23 16:08:58,655 INFO     ___FILE_ONLY___ bindings
2025-10-23 16:08:58,655 INFO     ___FILE_ONLY___ :
2025-10-23 16:08:58,655 INFO     ___FILE_ONLY___ 

2025-10-23 16:08:58,655 INFO     ___FILE_ONLY___ -
2025-10-23 16:08:58,655 INFO     ___FILE_ONLY___  
2025-10-23 16:08:58,655 INFO     ___FILE_ONLY___ members
2025-10-23 16:08:58,656 INFO     ___FILE_ONLY___ :
2025-10-23 16:08:58,656 INFO     ___FILE_ONLY___ 

2025-10-23 16:08:58,656 INFO     ___FILE_ONLY___   
2025-10-23 16:08:58,656 INFO     ___FILE_ONLY___ -
2025-10-23 16:08:58,656 INFO     ___FILE_ONLY___  
2025-10-23 16:08:58,656 INFO     ___FILE_ONLY___ serviceAccount:service-168751968131@gcp-sa-artifactregistry.iam.gserviceaccount.com
2025-10-23 16:08:58,656 INFO     ___FILE_ONLY___ 

2025-10-23 16:08:58,656 INFO     ___FILE_ONLY___   
2025-10-23 16:08:58,656 INFO     ___FILE_ONLY___ role
2025-10-23 16:08:58,656 INFO     ___FILE_ONLY___ :
2025-10-23 16:08:58,656 INFO     ___FILE_ONLY___  
2025-10-23 16:08:58,656 INFO     ___FILE_ONLY___ roles/artifactregistry.serviceAgent
2025-10-23 16:08:58,656 INFO     ___FILE_ONLY___ 

2025-10-23 16:08:58,656 INFO     ___FILE_ONLY___ -
2025-10-23 16:08:58,656 INFO     ___FILE_ONLY___  
2025-10-23 16:08:58,656 INFO     ___FILE_ONLY___ members
2025-10-23 16:08:58,656 INFO     ___FILE_ONLY___ :
2025-10-23 16:08:58,656 INFO     ___FILE_ONLY___ 

2025-10-23 16:08:58,656 INFO     ___FILE_ONLY___   
2025-10-23 16:08:58,656 INFO     ___FILE_ONLY___ -
2025-10-23 16:08:58,656 INFO     ___FILE_ONLY___  
2025-10-23 16:08:58,656 INFO     ___FILE_ONLY___ serviceAccount:cloud-build@energiverktoy-poc-1234.iam.gserviceaccount.com
2025-10-23 16:08:58,656 INFO     ___FILE_ONLY___ 

2025-10-23 16:08:58,656 INFO     ___FILE_ONLY___   
2025-10-23 16:08:58,656 INFO     ___FILE_ONLY___ role
2025-10-23 16:08:58,656 INFO     ___FILE_ONLY___ :
2025-10-23 16:08:58,656 INFO     ___FILE_ONLY___  
2025-10-23 16:08:58,656 INFO     ___FILE_ONLY___ roles/artifactregistry.writer
2025-10-23 16:08:58,656 INFO     ___FILE_ONLY___ 

2025-10-23 16:08:58,656 INFO     ___FILE_ONLY___ -
2025-10-23 16:08:58,656 INFO     ___FILE_ONLY___  
2025-10-23 16:08:58,656 INFO     ___FILE_ONLY___ members
2025-10-23 16:08:58,656 INFO     ___FILE_ONLY___ :
2025-10-23 16:08:58,656 INFO     ___FILE_ONLY___ 

2025-10-23 16:08:58,656 INFO     ___FILE_ONLY___   
2025-10-23 16:08:58,656 INFO     ___FILE_ONLY___ -
2025-10-23 16:08:58,656 INFO     ___FILE_ONLY___  
2025-10-23 16:08:58,656 INFO     ___FILE_ONLY___ serviceAccount:168751968131@cloudbuild.gserviceaccount.com
2025-10-23 16:08:58,656 INFO     ___FILE_ONLY___ 

2025-10-23 16:08:58,656 INFO     ___FILE_ONLY___   
2025-10-23 16:08:58,656 INFO     ___FILE_ONLY___ role
2025-10-23 16:08:58,656 INFO     ___FILE_ONLY___ :
2025-10-23 16:08:58,656 INFO     ___FILE_ONLY___  
2025-10-23 16:08:58,656 INFO     ___FILE_ONLY___ roles/cloudbuild.builds.builder
2025-10-23 16:08:58,656 INFO     ___FILE_ONLY___ 

2025-10-23 16:08:58,656 INFO     ___FILE_ONLY___ -
2025-10-23 16:08:58,656 INFO     ___FILE_ONLY___  
2025-10-23 16:08:58,656 INFO     ___FILE_ONLY___ members
2025-10-23 16:08:58,657 INFO     ___FILE_ONLY___ :
2025-10-23 16:08:58,657 INFO     ___FILE_ONLY___ 

2025-10-23 16:08:58,657 INFO     ___FILE_ONLY___   
2025-10-23 16:08:58,657 INFO     ___FILE_ONLY___ -
2025-10-23 16:08:58,657 INFO     ___FILE_ONLY___  
2025-10-23 16:08:58,657 INFO     ___FILE_ONLY___ serviceAccount:cloud-build@energiverktoy-poc-1234.iam.gserviceaccount.com
2025-10-23 16:08:58,657 INFO     ___FILE_ONLY___ 

2025-10-23 16:08:58,657 INFO     ___FILE_ONLY___   
2025-10-23 16:08:58,657 INFO     ___FILE_ONLY___ role
2025-10-23 16:08:58,657 INFO     ___FILE_ONLY___ :
2025-10-23 16:08:58,657 INFO     ___FILE_ONLY___  
2025-10-23 16:08:58,657 INFO     ___FILE_ONLY___ roles/cloudbuild.builds.editor
2025-10-23 16:08:58,657 INFO     ___FILE_ONLY___ 

2025-10-23 16:08:58,657 INFO     ___FILE_ONLY___ -
2025-10-23 16:08:58,657 INFO     ___FILE_ONLY___  
2025-10-23 16:08:58,657 INFO     ___FILE_ONLY___ members
2025-10-23 16:08:58,657 INFO     ___FILE_ONLY___ :
2025-10-23 16:08:58,657 INFO     ___FILE_ONLY___ 

2025-10-23 16:08:58,657 INFO     ___FILE_ONLY___   
2025-10-23 16:08:58,657 INFO     ___FILE_ONLY___ -
2025-10-23 16:08:58,657 INFO     ___FILE_ONLY___  
2025-10-23 16:08:58,657 INFO     ___FILE_ONLY___ serviceAccount:service-168751968131@gcp-sa-cloudbuild.iam.gserviceaccount.com
2025-10-23 16:08:58,657 INFO     ___FILE_ONLY___ 

2025-10-23 16:08:58,657 INFO     ___FILE_ONLY___   
2025-10-23 16:08:58,657 INFO     ___FILE_ONLY___ role
2025-10-23 16:08:58,657 INFO     ___FILE_ONLY___ :
2025-10-23 16:08:58,657 INFO     ___FILE_ONLY___  
2025-10-23 16:08:58,657 INFO     ___FILE_ONLY___ roles/cloudbuild.serviceAgent
2025-10-23 16:08:58,657 INFO     ___FILE_ONLY___ 

2025-10-23 16:08:58,657 INFO     ___FILE_ONLY___ -
2025-10-23 16:08:58,657 INFO     ___FILE_ONLY___  
2025-10-23 16:08:58,657 INFO     ___FILE_ONLY___ members
2025-10-23 16:08:58,657 INFO     ___FILE_ONLY___ :
2025-10-23 16:08:58,657 INFO     ___FILE_ONLY___ 

2025-10-23 16:08:58,657 INFO     ___FILE_ONLY___   
2025-10-23 16:08:58,657 INFO     ___FILE_ONLY___ -
2025-10-23 16:08:58,657 INFO     ___FILE_ONLY___  
2025-10-23 16:08:58,657 INFO     ___FILE_ONLY___ serviceAccount:service-168751968131@compute-system.iam.gserviceaccount.com
2025-10-23 16:08:58,657 INFO     ___FILE_ONLY___ 

2025-10-23 16:08:58,657 INFO     ___FILE_ONLY___   
2025-10-23 16:08:58,657 INFO     ___FILE_ONLY___ role
2025-10-23 16:08:58,657 INFO     ___FILE_ONLY___ :
2025-10-23 16:08:58,657 INFO     ___FILE_ONLY___  
2025-10-23 16:08:58,657 INFO     ___FILE_ONLY___ roles/compute.serviceAgent
2025-10-23 16:08:58,657 INFO     ___FILE_ONLY___ 

2025-10-23 16:08:58,657 INFO     ___FILE_ONLY___ -
2025-10-23 16:08:58,657 INFO     ___FILE_ONLY___  
2025-10-23 16:08:58,657 INFO     ___FILE_ONLY___ members
2025-10-23 16:08:58,658 INFO     ___FILE_ONLY___ :
2025-10-23 16:08:58,658 INFO     ___FILE_ONLY___ 

2025-10-23 16:08:58,658 INFO     ___FILE_ONLY___   
2025-10-23 16:08:58,658 INFO     ___FILE_ONLY___ -
2025-10-23 16:08:58,658 INFO     ___FILE_ONLY___  
2025-10-23 16:08:58,658 INFO     ___FILE_ONLY___ serviceAccount:service-168751968131@containerregistry.iam.gserviceaccount.com
2025-10-23 16:08:58,658 INFO     ___FILE_ONLY___ 

2025-10-23 16:08:58,658 INFO     ___FILE_ONLY___   
2025-10-23 16:08:58,658 INFO     ___FILE_ONLY___ role
2025-10-23 16:08:58,658 INFO     ___FILE_ONLY___ :
2025-10-23 16:08:58,658 INFO     ___FILE_ONLY___  
2025-10-23 16:08:58,658 INFO     ___FILE_ONLY___ roles/containerregistry.ServiceAgent
2025-10-23 16:08:58,658 INFO     ___FILE_ONLY___ 

2025-10-23 16:08:58,658 INFO     ___FILE_ONLY___ -
2025-10-23 16:08:58,658 INFO     ___FILE_ONLY___  
2025-10-23 16:08:58,658 INFO     ___FILE_ONLY___ members
2025-10-23 16:08:58,658 INFO     ___FILE_ONLY___ :
2025-10-23 16:08:58,658 INFO     ___FILE_ONLY___ 

2025-10-23 16:08:58,658 INFO     ___FILE_ONLY___   
2025-10-23 16:08:58,658 INFO     ___FILE_ONLY___ -
2025-10-23 16:08:58,658 INFO     ___FILE_ONLY___  
2025-10-23 16:08:58,658 INFO     ___FILE_ONLY___ serviceAccount:168751968131-compute@developer.gserviceaccount.com
2025-10-23 16:08:58,658 INFO     ___FILE_ONLY___ 

2025-10-23 16:08:58,658 INFO     ___FILE_ONLY___   
2025-10-23 16:08:58,658 INFO     ___FILE_ONLY___ -
2025-10-23 16:08:58,658 INFO     ___FILE_ONLY___  
2025-10-23 16:08:58,658 INFO     ___FILE_ONLY___ serviceAccount:168751968131@cloudservices.gserviceaccount.com
2025-10-23 16:08:58,658 INFO     ___FILE_ONLY___ 

2025-10-23 16:08:58,658 INFO     ___FILE_ONLY___   
2025-10-23 16:08:58,658 INFO     ___FILE_ONLY___ role
2025-10-23 16:08:58,658 INFO     ___FILE_ONLY___ :
2025-10-23 16:08:58,658 INFO     ___FILE_ONLY___  
2025-10-23 16:08:58,658 INFO     ___FILE_ONLY___ roles/editor
2025-10-23 16:08:58,658 INFO     ___FILE_ONLY___ 

2025-10-23 16:08:58,658 INFO     ___FILE_ONLY___ -
2025-10-23 16:08:58,658 INFO     ___FILE_ONLY___  
2025-10-23 16:08:58,658 INFO     ___FILE_ONLY___ members
2025-10-23 16:08:58,658 INFO     ___FILE_ONLY___ :
2025-10-23 16:08:58,658 INFO     ___FILE_ONLY___ 

2025-10-23 16:08:58,658 INFO     ___FILE_ONLY___   
2025-10-23 16:08:58,658 INFO     ___FILE_ONLY___ -
2025-10-23 16:08:58,658 INFO     ___FILE_ONLY___  
2025-10-23 16:08:58,658 INFO     ___FILE_ONLY___ user:magnus.lundstein@kli.oslo.kommune.no
2025-10-23 16:08:58,658 INFO     ___FILE_ONLY___ 

2025-10-23 16:08:58,658 INFO     ___FILE_ONLY___   
2025-10-23 16:08:58,658 INFO     ___FILE_ONLY___ role
2025-10-23 16:08:58,658 INFO     ___FILE_ONLY___ :
2025-10-23 16:08:58,658 INFO     ___FILE_ONLY___  
2025-10-23 16:08:58,658 INFO     ___FILE_ONLY___ roles/owner
2025-10-23 16:08:58,658 INFO     ___FILE_ONLY___ 

2025-10-23 16:08:58,658 INFO     ___FILE_ONLY___ -
2025-10-23 16:08:58,658 INFO     ___FILE_ONLY___  
2025-10-23 16:08:58,658 INFO     ___FILE_ONLY___ members
2025-10-23 16:08:58,658 INFO     ___FILE_ONLY___ :
2025-10-23 16:08:58,658 INFO     ___FILE_ONLY___ 

2025-10-23 16:08:58,658 INFO     ___FILE_ONLY___   
2025-10-23 16:08:58,659 INFO     ___FILE_ONLY___ -
2025-10-23 16:08:58,659 INFO     ___FILE_ONLY___  
2025-10-23 16:08:58,659 INFO     ___FILE_ONLY___ serviceAccount:service-168751968131@gcp-sa-pubsub.iam.gserviceaccount.com
2025-10-23 16:08:58,659 INFO     ___FILE_ONLY___ 

2025-10-23 16:08:58,659 INFO     ___FILE_ONLY___   
2025-10-23 16:08:58,659 INFO     ___FILE_ONLY___ role
2025-10-23 16:08:58,659 INFO     ___FILE_ONLY___ :
2025-10-23 16:08:58,659 INFO     ___FILE_ONLY___  
2025-10-23 16:08:58,659 INFO     ___FILE_ONLY___ roles/pubsub.serviceAgent
2025-10-23 16:08:58,659 INFO     ___FILE_ONLY___ 

2025-10-23 16:08:58,659 INFO     ___FILE_ONLY___ -
2025-10-23 16:08:58,659 INFO     ___FILE_ONLY___  
2025-10-23 16:08:58,659 INFO     ___FILE_ONLY___ members
2025-10-23 16:08:58,659 INFO     ___FILE_ONLY___ :
2025-10-23 16:08:58,659 INFO     ___FILE_ONLY___ 

2025-10-23 16:08:58,659 INFO     ___FILE_ONLY___   
2025-10-23 16:08:58,659 INFO     ___FILE_ONLY___ -
2025-10-23 16:08:58,659 INFO     ___FILE_ONLY___  
2025-10-23 16:08:58,659 INFO     ___FILE_ONLY___ serviceAccount:cloud-build@energiverktoy-poc-1234.iam.gserviceaccount.com
2025-10-23 16:08:58,659 INFO     ___FILE_ONLY___ 

2025-10-23 16:08:58,659 INFO     ___FILE_ONLY___   
2025-10-23 16:08:58,659 INFO     ___FILE_ONLY___ role
2025-10-23 16:08:58,659 INFO     ___FILE_ONLY___ :
2025-10-23 16:08:58,659 INFO     ___FILE_ONLY___  
2025-10-23 16:08:58,659 INFO     ___FILE_ONLY___ roles/run.admin
2025-10-23 16:08:58,659 INFO     ___FILE_ONLY___ 

2025-10-23 16:08:58,659 INFO     ___FILE_ONLY___ -
2025-10-23 16:08:58,659 INFO     ___FILE_ONLY___  
2025-10-23 16:08:58,659 INFO     ___FILE_ONLY___ members
2025-10-23 16:08:58,659 INFO     ___FILE_ONLY___ :
2025-10-23 16:08:58,659 INFO     ___FILE_ONLY___ 

2025-10-23 16:08:58,659 INFO     ___FILE_ONLY___   
2025-10-23 16:08:58,659 INFO     ___FILE_ONLY___ -
2025-10-23 16:08:58,659 INFO     ___FILE_ONLY___  
2025-10-23 16:08:58,659 INFO     ___FILE_ONLY___ serviceAccount:service-168751968131@serverless-robot-prod.iam.gserviceaccount.com
2025-10-23 16:08:58,659 INFO     ___FILE_ONLY___ 

2025-10-23 16:08:58,659 INFO     ___FILE_ONLY___   
2025-10-23 16:08:58,659 INFO     ___FILE_ONLY___ role
2025-10-23 16:08:58,659 INFO     ___FILE_ONLY___ :
2025-10-23 16:08:58,659 INFO     ___FILE_ONLY___  
2025-10-23 16:08:58,659 INFO     ___FILE_ONLY___ roles/run.serviceAgent
2025-10-23 16:08:58,659 INFO     ___FILE_ONLY___ 

2025-10-23 16:08:58,659 INFO     ___FILE_ONLY___ etag
2025-10-23 16:08:58,659 INFO     ___FILE_ONLY___ :
2025-10-23 16:08:58,659 INFO     ___FILE_ONLY___  
2025-10-23 16:08:58,659 INFO     ___FILE_ONLY___ BwZB0_loDgc=
2025-10-23 16:08:58,659 INFO     ___FILE_ONLY___ 

2025-10-23 16:08:58,659 INFO     ___FILE_ONLY___ version
2025-10-23 16:08:58,659 INFO     ___FILE_ONLY___ :
2025-10-23 16:08:58,659 INFO     ___FILE_ONLY___  
2025-10-23 16:08:58,659 INFO     ___FILE_ONLY___ 1
2025-10-23 16:08:58,659 INFO     ___FILE_ONLY___ 

2025-10-23 16:08:58,668 DEBUG    root            Metrics reporting process started...
