2025-10-23 16:06:14,702 DEBUG    root            Loaded Command Group: ['gcloud', 'services']
2025-10-23 16:06:14,705 DEBUG    root            Loaded Command Group: ['gcloud', 'services', 'enable']
2025-10-23 16:06:14,706 DEBUG    root            Running [gcloud.services.enable] with arguments: [SERVICE:6: "['run.googleapis.com', 'cloudbuild.googleapis.com', 'artifactregistry.googleapis.com', 'secretmanager.googleapis.com', 'compute.googleapis.com', 'iam.googleapis.com']"]
2025-10-23 16:06:14,722 DEBUG    urllib3.connectionpool Starting new HTTPS connection (1): serviceusage.googleapis.com:443
2025-10-23 16:06:16,375 DEBUG    urllib3.connectionpool https://serviceusage.googleapis.com:443 "POST /v1/projects/energiverktoy-poc-1234/services:batchEnable?alt=json HTTP/1.1" 200 None
2025-10-23 16:06:16,379 DEBUG    urllib3.connectionpool Starting new HTTPS connection (1): serviceusage.googleapis.com:443
2025-10-23 16:06:17,164 DEBUG    urllib3.connectionpool https://serviceusage.googleapis.com:443 "GET /v1/operations/acf.p2-168751968131-6450481c-fc11-459b-aa19-1b472c8d62bc?alt=json HTTP/1.1" 200 None
2025-10-23 16:06:19,410 DEBUG    urllib3.connectionpool Starting new HTTPS connection (1): serviceusage.googleapis.com:443
2025-10-23 16:06:20,206 DEBUG    urllib3.connectionpool https://serviceusage.googleapis.com:443 "GET /v1/operations/acf.p2-168751968131-6450481c-fc11-459b-aa19-1b472c8d62bc?alt=json HTTP/1.1" 200 None
2025-10-23 16:06:23,125 DEBUG    urllib3.connectionpool Starting new HTTPS connection (1): serviceusage.googleapis.com:443
2025-10-23 16:06:23,917 DEBUG    urllib3.connectionpool https://serviceusage.googleapis.com:443 "GET /v1/operations/acf.p2-168751968131-6450481c-fc11-459b-aa19-1b472c8d62bc?alt=json HTTP/1.1" 200 None
2025-10-23 16:06:26,843 DEBUG    urllib3.connectionpool Starting new HTTPS connection (1): serviceusage.googleapis.com:443
2025-10-23 16:06:27,696 DEBUG    urllib3.connectionpool https://serviceusage.googleapis.com:443 "GET /v1/operations/acf.p2-168751968131-6450481c-fc11-459b-aa19-1b472c8d62bc?alt=json HTTP/1.1" 200 None
2025-10-23 16:06:30,620 DEBUG    urllib3.connectionpool Starting new HTTPS connection (1): serviceusage.googleapis.com:443
2025-10-23 16:06:31,413 DEBUG    urllib3.connectionpool https://serviceusage.googleapis.com:443 "GET /v1/operations/acf.p2-168751968131-6450481c-fc11-459b-aa19-1b472c8d62bc?alt=json HTTP/1.1" 200 None
2025-10-23 16:06:34,544 DEBUG    urllib3.connectionpool Starting new HTTPS connection (1): serviceusage.googleapis.com:443
2025-10-23 16:06:35,378 DEBUG    urllib3.connectionpool https://serviceusage.googleapis.com:443 "GET /v1/operations/acf.p2-168751968131-6450481c-fc11-459b-aa19-1b472c8d62bc?alt=json HTTP/1.1" 200 None
2025-10-23 16:06:39,378 DEBUG    urllib3.connectionpool Starting new HTTPS connection (1): serviceusage.googleapis.com:443
2025-10-23 16:06:40,191 DEBUG    urllib3.connectionpool https://serviceusage.googleapis.com:443 "GET /v1/operations/acf.p2-168751968131-6450481c-fc11-459b-aa19-1b472c8d62bc?alt=json HTTP/1.1" 200 None
2025-10-23 16:06:44,593 DEBUG    urllib3.connectionpool Starting new HTTPS connection (1): serviceusage.googleapis.com:443
2025-10-23 16:06:45,380 DEBUG    urllib3.connectionpool https://serviceusage.googleapis.com:443 "GET /v1/operations/acf.p2-168751968131-6450481c-fc11-459b-aa19-1b472c8d62bc?alt=json HTTP/1.1" 200 None
2025-10-23 16:06:49,792 DEBUG    urllib3.connectionpool Starting new HTTPS connection (1): serviceusage.googleapis.com:443
2025-10-23 16:06:50,586 DEBUG    urllib3.connectionpool https://serviceusage.googleapis.com:443 "GET /v1/operations/acf.p2-168751968131-6450481c-fc11-459b-aa19-1b472c8d62bc?alt=json HTTP/1.1" 200 None
2025-10-23 16:06:55,655 DEBUG    urllib3.connectionpool Starting new HTTPS connection (1): serviceusage.googleapis.com:443
2025-10-23 16:06:56,472 DEBUG    urllib3.connectionpool https://serviceusage.googleapis.com:443 "GET /v1/operations/acf.p2-168751968131-6450481c-fc11-459b-aa19-1b472c8d62bc?alt=json HTTP/1.1" 200 None
2025-10-23 16:07:01,367 DEBUG    urllib3.connectionpool Starting new HTTPS connection (1): serviceusage.googleapis.com:443
2025-10-23 16:07:02,127 DEBUG    urllib3.connectionpool https://serviceusage.googleapis.com:443 "GET /v1/operations/acf.p2-168751968131-6450481c-fc11-459b-aa19-1b472c8d62bc?alt=json HTTP/1.1" 200 None
2025-10-23 16:07:07,628 DEBUG    urllib3.connectionpool Starting new HTTPS connection (1): serviceusage.googleapis.com:443
2025-10-23 16:07:08,455 DEBUG    urllib3.connectionpool https://serviceusage.googleapis.com:443 "GET /v1/operations/acf.p2-168751968131-6450481c-fc11-459b-aa19-1b472c8d62bc?alt=json HTTP/1.1" 200 None
2025-10-23 16:07:14,629 DEBUG    urllib3.connectionpool Starting new HTTPS connection (1): serviceusage.googleapis.com:443
2025-10-23 16:07:15,448 DEBUG    urllib3.connectionpool https://serviceusage.googleapis.com:443 "GET /v1/operations/acf.p2-168751968131-6450481c-fc11-459b-aa19-1b472c8d62bc?alt=json HTTP/1.1" 200 None
2025-10-23 16:07:15,461 INFO     ___FILE_ONLY___ Operation "operations/acf.p2-168751968131-6450481c-fc11-459b-aa19-1b472c8d62bc" finished successfully.

2025-10-23 16:07:15,462 DEBUG    root            Chosen display Format:none
2025-10-23 16:07:15,462 INFO     root            Display format: "none"
2025-10-23 16:07:15,483 DEBUG    root            Metrics reporting process started...
