2025-10-23 16:08:22,188 DEBUG    root            Loaded Command Group: ['gcloud', 'meta']
2025-10-23 16:08:22,190 DEBUG    root            Loaded Command Group: ['gcloud', 'meta', 'lint_gcloud_commands']
2025-10-23 16:08:22,191 DEBUG    root            Running [gcloud.meta.lint-gcloud-commands] with arguments: [--command-string: "gcloud iam service-accounts create cloud-build --display-name Cloud Build (Energinokkelen)"]
2025-10-23 16:08:22,191 DEBUG    root            Loaded Command Group: ['gcloud']
2025-10-23 16:08:22,193 DEBUG    root            Loaded Command Group: ['gcloud', 'beta']
2025-10-23 16:08:22,194 DEBUG    root            Loaded Command Group: ['gcloud', 'iam']
2025-10-23 16:08:22,194 DEBUG    root            Loaded Command Group: ['gcloud', 'iam', 'service_accounts']
2025-10-23 16:08:22,202 DEBUG    root            Loaded Command Group: ['gcloud', 'iam', 'service-accounts', 'create']
2025-10-23 16:08:22,202 DEBUG    root            Loaded Command Group: ['gcloud', 'beta', 'iam']
2025-10-23 16:08:22,203 DEBUG    root            Loaded Command Group: ['gcloud', 'beta', 'iam', 'service_accounts']
2025-10-23 16:08:22,204 DEBUG    root            Loaded Command Group: ['gcloud', 'beta', 'iam', 'service-accounts', 'create']
2025-10-23 16:08:22,204 DEBUG    root            Loaded Command Group: ['gcloud']
2025-10-23 16:08:22,206 DEBUG    root            Loaded Command Group: ['gcloud', 'beta']
2025-10-23 16:08:22,207 DEBUG    root            Loaded Command Group: ['gcloud', 'iam']
2025-10-23 16:08:22,207 DEBUG    root            Loaded Command Group: ['gcloud', 'iam', 'service_accounts']
2025-10-23 16:08:22,208 DEBUG    root            Loaded Command Group: ['gcloud', 'iam', 'service-accounts', 'create']
2025-10-23 16:08:22,208 DEBUG    root            Loaded Command Group: ['gcloud', 'beta', 'iam']
2025-10-23 16:08:22,208 DEBUG    root            Loaded Command Group: ['gcloud', 'beta', 'iam', 'service_accounts']
2025-10-23 16:08:22,209 DEBUG    root            Loaded Command Group: ['gcloud', 'beta', 'iam', 'service-accounts', 'create']
2025-10-23 16:08:22,210 INFO     ___FILE_ONLY___ [{"args_structure": {"arguments": [{"name": "NAME", "positional": true, "required": true, "node_id": "89994a21-023e-460f-bb0f-eadb3ca08383"}, {"name": "-flag-file-line-", "type": "string", "required": false, "global": true, "node_id": "c1263e52-f019-4535-a63d-c5ce4ef28145"}, {"name": "access-token-file", "type": "string", "required": false, "global": true, "node_id": "2592f31e-9d71-455a-aca1-a1d222e8bc1a"}, {"name": "account", "type": "string", "required": false, "global": true, "node_id": "eca8d5a2-9246-4acd-9fc7-0dd81b936dc7"}, {"name": "authority-selector", "type": "string", "required": false, "global": true, "node_id": "17e522cf-a172-43d7-8dd6-fd49a1b9e231"}, {"name": "authorization-token-file", "type": "string", "required": false, "global": true, "node_id": "9c8bd878-d120-4581-abc1-30e1ee4798bd"}, {"name": "billing-project", "type": "string", "required": false, "global": true, "node_id": "d4f253f6-2457-48e9-b2ab-aac1a684f636"}, {"name": "configuration", "type": "string", "required": false, "global": true, "node_id": "61c0ec33-ff7a-45c9-b5ec-43882aa5f7d2"}, {"name": "credential-file-override", "type": "string", "required": false, "global": true, "node_id": "b2df8bbe-24d0-41ea-bc8d-e946b2f4f62b"}, {"name": "description", "type": "string", "required": false, "node_id": "4872da37-501c-4856-8537-b85894be2bf1"}, {"name": "display-name", "type": "string", "required": false, "node_id": "4308dcc8-ffe9-4287-bfb9-d16a9e8d600e"}, {"name": "document", "type": "dict", "required": false, "global": true, "node_id": "2b6f2fd6-2c17-4736-9c9c-6856a9761cf4"}, {"name": "flags-file", "type": "string", "required": false, "global": true, "node_id": "66f838b6-0c44-40da-840e-a3ee1c73cbb4"}, {"name": "flatten", "type": "list", "required": false, "global": true, "node_id": "0cec6dce-d99b-4c23-9354-a8fc246e05a6"}, {"name": "format", "type": "string", "required": false, "global": true, "node_id": "ee7ae632-dd3f-4f04-ad11-02b6c7937c49"}, {"name": "help", "type": "bool", "required": false, "global": true, "node_id": "fce42de0-aa60-41a3-87ea-5ca945da567a"}, {"name": "http-timeout", "type": "string", "required": false, "global": true, "node_id": "7cbd1794-d494-4026-b78c-8cf6ef0cd2ec"}, {"name": "impersonate-service-account", "type": "string", "required": false, "global": true, "node_id": "eea8c508-d4a3-4db0-a6fa-291b03cb41af"}, {"name": "log-http", "type": "bool", "required": false, "global": true, "node_id": "6614ce7f-8932-4cf4-9615-7c6306a378b9"}, {"name": "project", "type": "string", "required": false, "global": true, "node_id": "056417eb-37d8-4649-8f43-8b864557309b"}, {"name": "quiet", "type": "bool", "required": false, "global": true, "node_id": "1844fcdc-bb42-4646-a485-5461b238ea5d"}, {"group": {"arguments": [{"name": "trace-token", "type": "string", "required": false, "global": true, "node_id": "a931f5c7-5246-451d-a6a1-0200d744e65c"}], "mutex": true, "node_id": "9eb6a62a-02a7-4aa2-9394-0cf8a311a1e9"}}, {"name": "universe-domain", "type": "string", "required": false, "global": true, "node_id": "66dd2c76-2223-465f-ba21-5d03e038f2aa"}, {"name": "user-output-enabled", "type": "bool", "required": false, "global": true, "node_id": "16449ea9-035e-4c90-b0ee-b6f80fe16722"}, {"name": "verbosity", "type": "string", "required": false, "global": true, "choices": ["debug", "info", "warning", "error", "critical", "none"], "node_id": "f05e0287-8aae-4ab6-82a4-9c0c7da83970"}, {"name": "version", "type": "bool", "required": false, "global": true, "node_id": "69833127-6f95-45c6-8cc1-3f1019ed7e97"}]}, "command_args": {"NAME": {"value": "cloud-build", "index": 0}, "Build": {"value": "", "index": 1}, "(Energinokkelen)": {"value": "", "index": 2}, "--display-name": {"value": "Cloud", "index": 3}, "--project": {"value": "myproject", "index": 4}}, "command_string": "gcloud iam service-accounts create cloud-build --display-name=Cloud Build (Energinokkelen)", "command_string_no_args": "gcloud iam service-accounts create", "error_message": "unrecognized arguments:\n  Build\n  (Energinokkelen)\n  To search the help text of gcloud commands, run:\n  gcloud help -- SEARCH_TERMS", "error_type": "UnrecognizedArgumentsError", "success": false}]

2025-10-23 16:08:22,210 DEBUG    root            Chosen display Format:default
2025-10-23 16:08:22,211 INFO     root            Display format: "default"
2025-10-23 16:08:22,228 DEBUG    root            Metrics reporting process started...
