2025-10-23 16:11:14,344 DEBUG    root            Loaded Command Group: ['gcloud', 'secrets']
2025-10-23 16:11:14,355 DEBUG    root            Loaded Command Group: ['gcloud', 'secrets', 'list']
2025-10-23 16:11:14,360 DEBUG    root            Running [gcloud.secrets.list] with arguments: []
2025-10-23 16:11:14,368 DEBUG    root            Chosen display Format:
table(
  name.basename():label=NAME,
  createTime.date():label=CREATED,
  policy_transform():label=REPLICATION_POLICY,
  locations_transform():label=LOCATIONS
)

2025-10-23 16:11:14,368 INFO     root            Display format: "
table(
  name.basename():label=NAME,
  createTime.date():label=CREATED,
  policy_transform():label=REPLICATION_POLICY,
  locations_transform():label=LOCATIONS
)
"
2025-10-23 16:11:14,374 DEBUG    urllib3.connectionpool Starting new HTTPS connection (1): secretmanager.googleapis.com:443
2025-10-23 16:11:14,694 DEBUG    urllib3.connectionpool https://secretmanager.googleapis.com:443 "GET /v1/projects/energiverktoy-poc-1234/secrets?alt=json&pageSize=100 HTTP/1.1" 200 None
2025-10-23 16:11:14,698 INFO     ___FILE_ONLY___ Listed 0 items.

2025-10-23 16:11:14,718 DEBUG    root            Metrics reporting process started...
