2025-10-23 16:11:00,151 DEBUG    root            Loaded Command Group: ['gcloud', 'storage']
2025-10-23 16:11:00,152 DEBUG    root            Loaded Command Group: ['gcloud', 'storage', 'buckets']
2025-10-23 16:11:00,279 DEBUG    root            Loaded Command Group: ['gcloud', 'storage', 'buckets', 'add_iam_policy_binding']
2025-10-23 16:11:00,280 DEBUG    root            Running [gcloud.storage.buckets.add-iam-policy-binding] with arguments: [--member: "serviceAccount:run-energinokkelen@energiverktoy-poc-1234.iam.gserviceaccount.com", --role: "roles/storage.objectViewer", URL: "gs://energinokkelen-content"]
2025-10-23 16:11:00,288 DEBUG    urllib3.connectionpool Starting new HTTPS connection (1): storage.googleapis.com:443
2025-10-23 16:11:00,498 DEBUG    urllib3.connectionpool https://storage.googleapis.com:443 "GET /storage/v1/b/energinokkelen-content/iam?alt=json&fields=bindings%2Cetag&optionsRequestedPolicyVersion=3 HTTP/1.1" 200 848
2025-10-23 16:11:00,916 DEBUG    urllib3.connectionpool https://storage.googleapis.com:443 "PUT /storage/v1/b/energinokkelen-content/iam?alt=json HTTP/1.1" 200 1128
2025-10-23 16:11:00,919 DEBUG    root            Chosen display Format:default
2025-10-23 16:11:00,920 INFO     root            Display format: "default"
2025-10-23 16:11:00,932 INFO     ___FILE_ONLY___ bindings
2025-10-23 16:11:00,932 INFO     ___FILE_ONLY___ :
2025-10-23 16:11:00,932 INFO     ___FILE_ONLY___ 

2025-10-23 16:11:00,932 INFO     ___FILE_ONLY___ -
2025-10-23 16:11:00,932 INFO     ___FILE_ONLY___  
2025-10-23 16:11:00,932 INFO     ___FILE_ONLY___ members
2025-10-23 16:11:00,932 INFO     ___FILE_ONLY___ :
2025-10-23 16:11:00,932 INFO     ___FILE_ONLY___ 

2025-10-23 16:11:00,932 INFO     ___FILE_ONLY___   
2025-10-23 16:11:00,932 INFO     ___FILE_ONLY___ -
2025-10-23 16:11:00,932 INFO     ___FILE_ONLY___  
2025-10-23 16:11:00,932 INFO     ___FILE_ONLY___ projectEditor:energiverktoy-poc-1234
2025-10-23 16:11:00,933 INFO     ___FILE_ONLY___ 

2025-10-23 16:11:00,933 INFO     ___FILE_ONLY___   
2025-10-23 16:11:00,933 INFO     ___FILE_ONLY___ -
2025-10-23 16:11:00,933 INFO     ___FILE_ONLY___  
2025-10-23 16:11:00,933 INFO     ___FILE_ONLY___ projectOwner:energiverktoy-poc-1234
2025-10-23 16:11:00,933 INFO     ___FILE_ONLY___ 

2025-10-23 16:11:00,933 INFO     ___FILE_ONLY___   
2025-10-23 16:11:00,933 INFO     ___FILE_ONLY___ role
2025-10-23 16:11:00,933 INFO     ___FILE_ONLY___ :
2025-10-23 16:11:00,933 INFO     ___FILE_ONLY___  
2025-10-23 16:11:00,933 INFO     ___FILE_ONLY___ roles/storage.legacyBucketOwner
2025-10-23 16:11:00,933 INFO     ___FILE_ONLY___ 

2025-10-23 16:11:00,933 INFO     ___FILE_ONLY___ -
2025-10-23 16:11:00,933 INFO     ___FILE_ONLY___  
2025-10-23 16:11:00,933 INFO     ___FILE_ONLY___ members
2025-10-23 16:11:00,933 INFO     ___FILE_ONLY___ :
2025-10-23 16:11:00,933 INFO     ___FILE_ONLY___ 

2025-10-23 16:11:00,933 INFO     ___FILE_ONLY___   
2025-10-23 16:11:00,933 INFO     ___FILE_ONLY___ -
2025-10-23 16:11:00,933 INFO     ___FILE_ONLY___  
2025-10-23 16:11:00,933 INFO     ___FILE_ONLY___ projectViewer:energiverktoy-poc-1234
2025-10-23 16:11:00,933 INFO     ___FILE_ONLY___ 

2025-10-23 16:11:00,933 INFO     ___FILE_ONLY___   
2025-10-23 16:11:00,933 INFO     ___FILE_ONLY___ role
2025-10-23 16:11:00,933 INFO     ___FILE_ONLY___ :
2025-10-23 16:11:00,933 INFO     ___FILE_ONLY___  
2025-10-23 16:11:00,933 INFO     ___FILE_ONLY___ roles/storage.legacyBucketReader
2025-10-23 16:11:00,933 INFO     ___FILE_ONLY___ 

2025-10-23 16:11:00,933 INFO     ___FILE_ONLY___ -
2025-10-23 16:11:00,933 INFO     ___FILE_ONLY___  
2025-10-23 16:11:00,933 INFO     ___FILE_ONLY___ members
2025-10-23 16:11:00,933 INFO     ___FILE_ONLY___ :
2025-10-23 16:11:00,933 INFO     ___FILE_ONLY___ 

2025-10-23 16:11:00,933 INFO     ___FILE_ONLY___   
2025-10-23 16:11:00,933 INFO     ___FILE_ONLY___ -
2025-10-23 16:11:00,933 INFO     ___FILE_ONLY___  
2025-10-23 16:11:00,933 INFO     ___FILE_ONLY___ projectEditor:energiverktoy-poc-1234
2025-10-23 16:11:00,934 INFO     ___FILE_ONLY___ 

2025-10-23 16:11:00,934 INFO     ___FILE_ONLY___   
2025-10-23 16:11:00,934 INFO     ___FILE_ONLY___ -
2025-10-23 16:11:00,934 INFO     ___FILE_ONLY___  
2025-10-23 16:11:00,934 INFO     ___FILE_ONLY___ projectOwner:energiverktoy-poc-1234
2025-10-23 16:11:00,934 INFO     ___FILE_ONLY___ 

2025-10-23 16:11:00,934 INFO     ___FILE_ONLY___   
2025-10-23 16:11:00,934 INFO     ___FILE_ONLY___ role
2025-10-23 16:11:00,934 INFO     ___FILE_ONLY___ :
2025-10-23 16:11:00,934 INFO     ___FILE_ONLY___  
2025-10-23 16:11:00,934 INFO     ___FILE_ONLY___ roles/storage.legacyObjectOwner
2025-10-23 16:11:00,934 INFO     ___FILE_ONLY___ 

2025-10-23 16:11:00,934 INFO     ___FILE_ONLY___ -
2025-10-23 16:11:00,934 INFO     ___FILE_ONLY___  
2025-10-23 16:11:00,934 INFO     ___FILE_ONLY___ members
2025-10-23 16:11:00,934 INFO     ___FILE_ONLY___ :
2025-10-23 16:11:00,934 INFO     ___FILE_ONLY___ 

2025-10-23 16:11:00,934 INFO     ___FILE_ONLY___   
2025-10-23 16:11:00,934 INFO     ___FILE_ONLY___ -
2025-10-23 16:11:00,934 INFO     ___FILE_ONLY___  
2025-10-23 16:11:00,934 INFO     ___FILE_ONLY___ projectViewer:energiverktoy-poc-1234
2025-10-23 16:11:00,934 INFO     ___FILE_ONLY___ 

2025-10-23 16:11:00,934 INFO     ___FILE_ONLY___   
2025-10-23 16:11:00,934 INFO     ___FILE_ONLY___ role
2025-10-23 16:11:00,934 INFO     ___FILE_ONLY___ :
2025-10-23 16:11:00,934 INFO     ___FILE_ONLY___  
2025-10-23 16:11:00,934 INFO     ___FILE_ONLY___ roles/storage.legacyObjectReader
2025-10-23 16:11:00,934 INFO     ___FILE_ONLY___ 

2025-10-23 16:11:00,934 INFO     ___FILE_ONLY___ -
2025-10-23 16:11:00,934 INFO     ___FILE_ONLY___  
2025-10-23 16:11:00,934 INFO     ___FILE_ONLY___ members
2025-10-23 16:11:00,934 INFO     ___FILE_ONLY___ :
2025-10-23 16:11:00,934 INFO     ___FILE_ONLY___ 

2025-10-23 16:11:00,934 INFO     ___FILE_ONLY___   
2025-10-23 16:11:00,934 INFO     ___FILE_ONLY___ -
2025-10-23 16:11:00,934 INFO     ___FILE_ONLY___  
2025-10-23 16:11:00,934 INFO     ___FILE_ONLY___ serviceAccount:cloud-build@energiverktoy-poc-1234.iam.gserviceaccount.com
2025-10-23 16:11:00,934 INFO     ___FILE_ONLY___ 

2025-10-23 16:11:00,934 INFO     ___FILE_ONLY___   
2025-10-23 16:11:00,934 INFO     ___FILE_ONLY___ role
2025-10-23 16:11:00,934 INFO     ___FILE_ONLY___ :
2025-10-23 16:11:00,934 INFO     ___FILE_ONLY___  
2025-10-23 16:11:00,934 INFO     ___FILE_ONLY___ roles/storage.objectAdmin
2025-10-23 16:11:00,934 INFO     ___FILE_ONLY___ 

2025-10-23 16:11:00,934 INFO     ___FILE_ONLY___ -
2025-10-23 16:11:00,934 INFO     ___FILE_ONLY___  
2025-10-23 16:11:00,934 INFO     ___FILE_ONLY___ members
2025-10-23 16:11:00,934 INFO     ___FILE_ONLY___ :
2025-10-23 16:11:00,934 INFO     ___FILE_ONLY___ 

2025-10-23 16:11:00,934 INFO     ___FILE_ONLY___   
2025-10-23 16:11:00,934 INFO     ___FILE_ONLY___ -
2025-10-23 16:11:00,934 INFO     ___FILE_ONLY___  
2025-10-23 16:11:00,934 INFO     ___FILE_ONLY___ serviceAccount:run-energinokkelen@energiverktoy-poc-1234.iam.gserviceaccount.com
2025-10-23 16:11:00,935 INFO     ___FILE_ONLY___ 

2025-10-23 16:11:00,935 INFO     ___FILE_ONLY___   
2025-10-23 16:11:00,935 INFO     ___FILE_ONLY___ role
2025-10-23 16:11:00,935 INFO     ___FILE_ONLY___ :
2025-10-23 16:11:00,935 INFO     ___FILE_ONLY___  
2025-10-23 16:11:00,935 INFO     ___FILE_ONLY___ roles/storage.objectViewer
2025-10-23 16:11:00,935 INFO     ___FILE_ONLY___ 

2025-10-23 16:11:00,935 INFO     ___FILE_ONLY___ etag
2025-10-23 16:11:00,935 INFO     ___FILE_ONLY___ :
2025-10-23 16:11:00,935 INFO     ___FILE_ONLY___  
2025-10-23 16:11:00,935 INFO     ___FILE_ONLY___ CAM=
2025-10-23 16:11:00,935 INFO     ___FILE_ONLY___ 

2025-10-23 16:11:00,935 INFO     ___FILE_ONLY___ kind
2025-10-23 16:11:00,935 INFO     ___FILE_ONLY___ :
2025-10-23 16:11:00,935 INFO     ___FILE_ONLY___  
2025-10-23 16:11:00,935 INFO     ___FILE_ONLY___ storage#policy
2025-10-23 16:11:00,935 INFO     ___FILE_ONLY___ 

2025-10-23 16:11:00,935 INFO     ___FILE_ONLY___ resourceId
2025-10-23 16:11:00,935 INFO     ___FILE_ONLY___ :
2025-10-23 16:11:00,935 INFO     ___FILE_ONLY___  
2025-10-23 16:11:00,935 INFO     ___FILE_ONLY___ projects/_/buckets/energinokkelen-content
2025-10-23 16:11:00,935 INFO     ___FILE_ONLY___ 

2025-10-23 16:11:00,935 INFO     ___FILE_ONLY___ version
2025-10-23 16:11:00,935 INFO     ___FILE_ONLY___ :
2025-10-23 16:11:00,935 INFO     ___FILE_ONLY___  
2025-10-23 16:11:00,935 INFO     ___FILE_ONLY___ 1
2025-10-23 16:11:00,935 INFO     ___FILE_ONLY___ 

2025-10-23 16:11:00,943 DEBUG    root            Metrics reporting process started...
