2025-10-23 16:11:45,235 DEBUG    root            Loaded Command Group: ['gcloud', 'storage']
2025-10-23 16:11:45,236 DEBUG    root            Loaded Command Group: ['gcloud', 'storage', 'buckets']
2025-10-23 16:11:45,358 DEBUG    root            Loaded Command Group: ['gcloud', 'storage', 'buckets', 'list']
2025-10-23 16:11:45,360 DEBUG    root            Running [gcloud.storage.buckets.list] with arguments: []
2025-10-23 16:11:45,360 DEBUG    root            Chosen display Format:default
2025-10-23 16:11:45,360 INFO     root            Display format: "default"
2025-10-23 16:11:45,369 DEBUG    urllib3.connectionpool Starting new HTTPS connection (1): storage.googleapis.com:443
2025-10-23 16:11:45,903 DEBUG    urllib3.connectionpool https://storage.googleapis.com:443 "GET /storage/v1/b?alt=json&maxResults=1000&project=energiverktoy-poc-1234&projection=full HTTP/1.1" 200 3121
2025-10-23 16:11:45,918 INFO     ___FILE_ONLY___ ---
2025-10-23 16:11:45,919 INFO     ___FILE_ONLY___ 

2025-10-23 16:11:45,919 INFO     ___FILE_ONLY___ creation_time
2025-10-23 16:11:45,919 INFO     ___FILE_ONLY___ :
2025-10-23 16:11:45,919 INFO     ___FILE_ONLY___  
2025-10-23 16:11:45,919 INFO     ___FILE_ONLY___ 2025-10-23T14:10:31+0000
2025-10-23 16:11:45,919 INFO     ___FILE_ONLY___ 

2025-10-23 16:11:45,919 INFO     ___FILE_ONLY___ default_storage_class
2025-10-23 16:11:45,919 INFO     ___FILE_ONLY___ :
2025-10-23 16:11:45,919 INFO     ___FILE_ONLY___  
2025-10-23 16:11:45,919 INFO     ___FILE_ONLY___ STANDARD
2025-10-23 16:11:45,919 INFO     ___FILE_ONLY___ 

2025-10-23 16:11:45,919 INFO     ___FILE_ONLY___ generation
2025-10-23 16:11:45,919 INFO     ___FILE_ONLY___ :
2025-10-23 16:11:45,919 INFO     ___FILE_ONLY___  
2025-10-23 16:11:45,919 INFO     ___FILE_ONLY___ 1761228630459710137
2025-10-23 16:11:45,919 INFO     ___FILE_ONLY___ 

2025-10-23 16:11:45,919 INFO     ___FILE_ONLY___ location
2025-10-23 16:11:45,919 INFO     ___FILE_ONLY___ :
2025-10-23 16:11:45,919 INFO     ___FILE_ONLY___  
2025-10-23 16:11:45,919 INFO     ___FILE_ONLY___ EUROPE-NORTH1
2025-10-23 16:11:45,919 INFO     ___FILE_ONLY___ 

2025-10-23 16:11:45,919 INFO     ___FILE_ONLY___ location_type
2025-10-23 16:11:45,919 INFO     ___FILE_ONLY___ :
2025-10-23 16:11:45,919 INFO     ___FILE_ONLY___  
2025-10-23 16:11:45,919 INFO     ___FILE_ONLY___ region
2025-10-23 16:11:45,919 INFO     ___FILE_ONLY___ 

2025-10-23 16:11:45,919 INFO     ___FILE_ONLY___ metageneration
2025-10-23 16:11:45,919 INFO     ___FILE_ONLY___ :
2025-10-23 16:11:45,919 INFO     ___FILE_ONLY___  
2025-10-23 16:11:45,919 INFO     ___FILE_ONLY___ 3
2025-10-23 16:11:45,919 INFO     ___FILE_ONLY___ 

2025-10-23 16:11:45,920 INFO     ___FILE_ONLY___ name
2025-10-23 16:11:45,920 INFO     ___FILE_ONLY___ :
2025-10-23 16:11:45,920 INFO     ___FILE_ONLY___  
2025-10-23 16:11:45,920 INFO     ___FILE_ONLY___ energinokkelen-content
2025-10-23 16:11:45,920 INFO     ___FILE_ONLY___ 

2025-10-23 16:11:45,920 INFO     ___FILE_ONLY___ public_access_prevention
2025-10-23 16:11:45,920 INFO     ___FILE_ONLY___ :
2025-10-23 16:11:45,920 INFO     ___FILE_ONLY___  
2025-10-23 16:11:45,920 INFO     ___FILE_ONLY___ inherited
2025-10-23 16:11:45,920 INFO     ___FILE_ONLY___ 

2025-10-23 16:11:45,920 INFO     ___FILE_ONLY___ soft_delete_policy
2025-10-23 16:11:45,920 INFO     ___FILE_ONLY___ :
2025-10-23 16:11:45,920 INFO     ___FILE_ONLY___ 

2025-10-23 16:11:45,920 INFO     ___FILE_ONLY___   
2025-10-23 16:11:45,920 INFO     ___FILE_ONLY___ effectiveTime
2025-10-23 16:11:45,920 INFO     ___FILE_ONLY___ :
2025-10-23 16:11:45,920 INFO     ___FILE_ONLY___  '
2025-10-23 16:11:45,920 INFO     ___FILE_ONLY___ 2025-10-23T14:10:31.104000+00:00
2025-10-23 16:11:45,920 INFO     ___FILE_ONLY___ '
2025-10-23 16:11:45,920 INFO     ___FILE_ONLY___ 

2025-10-23 16:11:45,920 INFO     ___FILE_ONLY___   
2025-10-23 16:11:45,920 INFO     ___FILE_ONLY___ retentionDurationSeconds
2025-10-23 16:11:45,920 INFO     ___FILE_ONLY___ :
2025-10-23 16:11:45,920 INFO     ___FILE_ONLY___  '
2025-10-23 16:11:45,920 INFO     ___FILE_ONLY___ 604800
2025-10-23 16:11:45,920 INFO     ___FILE_ONLY___ '
2025-10-23 16:11:45,920 INFO     ___FILE_ONLY___ 

2025-10-23 16:11:45,920 INFO     ___FILE_ONLY___ storage_url
2025-10-23 16:11:45,920 INFO     ___FILE_ONLY___ :
2025-10-23 16:11:45,920 INFO     ___FILE_ONLY___  
2025-10-23 16:11:45,920 INFO     ___FILE_ONLY___ gs://energinokkelen-content/
2025-10-23 16:11:45,920 INFO     ___FILE_ONLY___ 

2025-10-23 16:11:45,920 INFO     ___FILE_ONLY___ uniform_bucket_level_access
2025-10-23 16:11:45,920 INFO     ___FILE_ONLY___ :
2025-10-23 16:11:45,920 INFO     ___FILE_ONLY___  
2025-10-23 16:11:45,920 INFO     ___FILE_ONLY___ true
2025-10-23 16:11:45,920 INFO     ___FILE_ONLY___ 

2025-10-23 16:11:45,920 INFO     ___FILE_ONLY___ update_time
2025-10-23 16:11:45,920 INFO     ___FILE_ONLY___ :
2025-10-23 16:11:45,920 INFO     ___FILE_ONLY___  
2025-10-23 16:11:45,920 INFO     ___FILE_ONLY___ 2025-10-23T14:11:00+0000
2025-10-23 16:11:45,920 INFO     ___FILE_ONLY___ 

2025-10-23 16:11:45,921 INFO     ___FILE_ONLY___ ---
2025-10-23 16:11:45,921 INFO     ___FILE_ONLY___ 

2025-10-23 16:11:45,921 INFO     ___FILE_ONLY___ creation_time
2025-10-23 16:11:45,921 INFO     ___FILE_ONLY___ :
2025-10-23 16:11:45,921 INFO     ___FILE_ONLY___  
2025-10-23 16:11:45,921 INFO     ___FILE_ONLY___ 2025-10-23T14:10:38+0000
2025-10-23 16:11:45,921 INFO     ___FILE_ONLY___ 

2025-10-23 16:11:45,921 INFO     ___FILE_ONLY___ default_storage_class
2025-10-23 16:11:45,921 INFO     ___FILE_ONLY___ :
2025-10-23 16:11:45,921 INFO     ___FILE_ONLY___  
2025-10-23 16:11:45,921 INFO     ___FILE_ONLY___ STANDARD
2025-10-23 16:11:45,921 INFO     ___FILE_ONLY___ 

2025-10-23 16:11:45,921 INFO     ___FILE_ONLY___ generation
2025-10-23 16:11:45,921 INFO     ___FILE_ONLY___ :
2025-10-23 16:11:45,921 INFO     ___FILE_ONLY___  
2025-10-23 16:11:45,921 INFO     ___FILE_ONLY___ 1761228638167005762
2025-10-23 16:11:45,921 INFO     ___FILE_ONLY___ 

2025-10-23 16:11:45,921 INFO     ___FILE_ONLY___ location
2025-10-23 16:11:45,921 INFO     ___FILE_ONLY___ :
2025-10-23 16:11:45,921 INFO     ___FILE_ONLY___  
2025-10-23 16:11:45,921 INFO     ___FILE_ONLY___ EUROPE-NORTH1
2025-10-23 16:11:45,921 INFO     ___FILE_ONLY___ 

2025-10-23 16:11:45,921 INFO     ___FILE_ONLY___ location_type
2025-10-23 16:11:45,921 INFO     ___FILE_ONLY___ :
2025-10-23 16:11:45,921 INFO     ___FILE_ONLY___  
2025-10-23 16:11:45,921 INFO     ___FILE_ONLY___ region
2025-10-23 16:11:45,921 INFO     ___FILE_ONLY___ 

2025-10-23 16:11:45,921 INFO     ___FILE_ONLY___ metageneration
2025-10-23 16:11:45,921 INFO     ___FILE_ONLY___ :
2025-10-23 16:11:45,921 INFO     ___FILE_ONLY___  
2025-10-23 16:11:45,921 INFO     ___FILE_ONLY___ 2
2025-10-23 16:11:45,921 INFO     ___FILE_ONLY___ 

2025-10-23 16:11:45,921 INFO     ___FILE_ONLY___ name
2025-10-23 16:11:45,921 INFO     ___FILE_ONLY___ :
2025-10-23 16:11:45,921 INFO     ___FILE_ONLY___  
2025-10-23 16:11:45,921 INFO     ___FILE_ONLY___ energinokkelen-data
2025-10-23 16:11:45,921 INFO     ___FILE_ONLY___ 

2025-10-23 16:11:45,921 INFO     ___FILE_ONLY___ public_access_prevention
2025-10-23 16:11:45,921 INFO     ___FILE_ONLY___ :
2025-10-23 16:11:45,921 INFO     ___FILE_ONLY___  
2025-10-23 16:11:45,921 INFO     ___FILE_ONLY___ inherited
2025-10-23 16:11:45,921 INFO     ___FILE_ONLY___ 

2025-10-23 16:11:45,921 INFO     ___FILE_ONLY___ soft_delete_policy
2025-10-23 16:11:45,922 INFO     ___FILE_ONLY___ :
2025-10-23 16:11:45,922 INFO     ___FILE_ONLY___ 

2025-10-23 16:11:45,922 INFO     ___FILE_ONLY___   
2025-10-23 16:11:45,922 INFO     ___FILE_ONLY___ effectiveTime
2025-10-23 16:11:45,922 INFO     ___FILE_ONLY___ :
2025-10-23 16:11:45,922 INFO     ___FILE_ONLY___  '
2025-10-23 16:11:45,922 INFO     ___FILE_ONLY___ 2025-10-23T14:10:38.853000+00:00
2025-10-23 16:11:45,922 INFO     ___FILE_ONLY___ '
2025-10-23 16:11:45,922 INFO     ___FILE_ONLY___ 

2025-10-23 16:11:45,922 INFO     ___FILE_ONLY___   
2025-10-23 16:11:45,922 INFO     ___FILE_ONLY___ retentionDurationSeconds
2025-10-23 16:11:45,922 INFO     ___FILE_ONLY___ :
2025-10-23 16:11:45,922 INFO     ___FILE_ONLY___  '
2025-10-23 16:11:45,922 INFO     ___FILE_ONLY___ 604800
2025-10-23 16:11:45,922 INFO     ___FILE_ONLY___ '
2025-10-23 16:11:45,922 INFO     ___FILE_ONLY___ 

2025-10-23 16:11:45,922 INFO     ___FILE_ONLY___ storage_url
2025-10-23 16:11:45,922 INFO     ___FILE_ONLY___ :
2025-10-23 16:11:45,922 INFO     ___FILE_ONLY___  
2025-10-23 16:11:45,922 INFO     ___FILE_ONLY___ gs://energinokkelen-data/
2025-10-23 16:11:45,922 INFO     ___FILE_ONLY___ 

2025-10-23 16:11:45,922 INFO     ___FILE_ONLY___ uniform_bucket_level_access
2025-10-23 16:11:45,922 INFO     ___FILE_ONLY___ :
2025-10-23 16:11:45,922 INFO     ___FILE_ONLY___  
2025-10-23 16:11:45,922 INFO     ___FILE_ONLY___ true
2025-10-23 16:11:45,922 INFO     ___FILE_ONLY___ 

2025-10-23 16:11:45,922 INFO     ___FILE_ONLY___ update_time
2025-10-23 16:11:45,922 INFO     ___FILE_ONLY___ :
2025-10-23 16:11:45,922 INFO     ___FILE_ONLY___  
2025-10-23 16:11:45,922 INFO     ___FILE_ONLY___ 2025-10-23T14:11:07+0000
2025-10-23 16:11:45,922 INFO     ___FILE_ONLY___ 

2025-10-23 16:11:45,922 INFO     ___FILE_ONLY___ ---
2025-10-23 16:11:45,922 INFO     ___FILE_ONLY___ 

2025-10-23 16:11:45,922 INFO     ___FILE_ONLY___ creation_time
2025-10-23 16:11:45,922 INFO     ___FILE_ONLY___ :
2025-10-23 16:11:45,922 INFO     ___FILE_ONLY___  
2025-10-23 16:11:45,922 INFO     ___FILE_ONLY___ 2025-10-23T14:10:24+0000
2025-10-23 16:11:45,922 INFO     ___FILE_ONLY___ 

2025-10-23 16:11:45,922 INFO     ___FILE_ONLY___ default_storage_class
2025-10-23 16:11:45,922 INFO     ___FILE_ONLY___ :
2025-10-23 16:11:45,922 INFO     ___FILE_ONLY___  
2025-10-23 16:11:45,923 INFO     ___FILE_ONLY___ STANDARD
2025-10-23 16:11:45,923 INFO     ___FILE_ONLY___ 

2025-10-23 16:11:45,923 INFO     ___FILE_ONLY___ generation
2025-10-23 16:11:45,923 INFO     ___FILE_ONLY___ :
2025-10-23 16:11:45,923 INFO     ___FILE_ONLY___  
2025-10-23 16:11:45,923 INFO     ___FILE_ONLY___ 1761228623418850930
2025-10-23 16:11:45,923 INFO     ___FILE_ONLY___ 

2025-10-23 16:11:45,923 INFO     ___FILE_ONLY___ location
2025-10-23 16:11:45,923 INFO     ___FILE_ONLY___ :
2025-10-23 16:11:45,923 INFO     ___FILE_ONLY___  
2025-10-23 16:11:45,923 INFO     ___FILE_ONLY___ EUROPE-NORTH1
2025-10-23 16:11:45,923 INFO     ___FILE_ONLY___ 

2025-10-23 16:11:45,923 INFO     ___FILE_ONLY___ location_type
2025-10-23 16:11:45,923 INFO     ___FILE_ONLY___ :
2025-10-23 16:11:45,923 INFO     ___FILE_ONLY___  
2025-10-23 16:11:45,923 INFO     ___FILE_ONLY___ region
2025-10-23 16:11:45,923 INFO     ___FILE_ONLY___ 

2025-10-23 16:11:45,923 INFO     ___FILE_ONLY___ metageneration
2025-10-23 16:11:45,923 INFO     ___FILE_ONLY___ :
2025-10-23 16:11:45,923 INFO     ___FILE_ONLY___  
2025-10-23 16:11:45,923 INFO     ___FILE_ONLY___ 2
2025-10-23 16:11:45,923 INFO     ___FILE_ONLY___ 

2025-10-23 16:11:45,923 INFO     ___FILE_ONLY___ name
2025-10-23 16:11:45,923 INFO     ___FILE_ONLY___ :
2025-10-23 16:11:45,923 INFO     ___FILE_ONLY___  
2025-10-23 16:11:45,923 INFO     ___FILE_ONLY___ energinokkelen-frontend
2025-10-23 16:11:45,923 INFO     ___FILE_ONLY___ 

2025-10-23 16:11:45,923 INFO     ___FILE_ONLY___ public_access_prevention
2025-10-23 16:11:45,923 INFO     ___FILE_ONLY___ :
2025-10-23 16:11:45,923 INFO     ___FILE_ONLY___  
2025-10-23 16:11:45,923 INFO     ___FILE_ONLY___ inherited
2025-10-23 16:11:45,923 INFO     ___FILE_ONLY___ 

2025-10-23 16:11:45,923 INFO     ___FILE_ONLY___ soft_delete_policy
2025-10-23 16:11:45,923 INFO     ___FILE_ONLY___ :
2025-10-23 16:11:45,923 INFO     ___FILE_ONLY___ 

2025-10-23 16:11:45,923 INFO     ___FILE_ONLY___   
2025-10-23 16:11:45,923 INFO     ___FILE_ONLY___ effectiveTime
2025-10-23 16:11:45,923 INFO     ___FILE_ONLY___ :
2025-10-23 16:11:45,923 INFO     ___FILE_ONLY___  '
2025-10-23 16:11:45,923 INFO     ___FILE_ONLY___ 2025-10-23T14:10:24.122000+00:00
2025-10-23 16:11:45,923 INFO     ___FILE_ONLY___ '
2025-10-23 16:11:45,923 INFO     ___FILE_ONLY___ 

2025-10-23 16:11:45,923 INFO     ___FILE_ONLY___   
2025-10-23 16:11:45,923 INFO     ___FILE_ONLY___ retentionDurationSeconds
2025-10-23 16:11:45,923 INFO     ___FILE_ONLY___ :
2025-10-23 16:11:45,923 INFO     ___FILE_ONLY___  '
2025-10-23 16:11:45,923 INFO     ___FILE_ONLY___ 604800
2025-10-23 16:11:45,923 INFO     ___FILE_ONLY___ '
2025-10-23 16:11:45,923 INFO     ___FILE_ONLY___ 

2025-10-23 16:11:45,923 INFO     ___FILE_ONLY___ storage_url
2025-10-23 16:11:45,923 INFO     ___FILE_ONLY___ :
2025-10-23 16:11:45,923 INFO     ___FILE_ONLY___  
2025-10-23 16:11:45,923 INFO     ___FILE_ONLY___ gs://energinokkelen-frontend/
2025-10-23 16:11:45,923 INFO     ___FILE_ONLY___ 

2025-10-23 16:11:45,923 INFO     ___FILE_ONLY___ uniform_bucket_level_access
2025-10-23 16:11:45,924 INFO     ___FILE_ONLY___ :
2025-10-23 16:11:45,924 INFO     ___FILE_ONLY___  
2025-10-23 16:11:45,924 INFO     ___FILE_ONLY___ true
2025-10-23 16:11:45,924 INFO     ___FILE_ONLY___ 

2025-10-23 16:11:45,924 INFO     ___FILE_ONLY___ update_time
2025-10-23 16:11:45,924 INFO     ___FILE_ONLY___ :
2025-10-23 16:11:45,924 INFO     ___FILE_ONLY___  
2025-10-23 16:11:45,924 INFO     ___FILE_ONLY___ 2025-10-23T14:10:47+0000
2025-10-23 16:11:45,924 INFO     ___FILE_ONLY___ 

2025-10-23 16:11:45,929 DEBUG    root            Metrics reporting process started...
