2025-10-23 16:25:27,652 DEBUG    root            Loaded Command Group: ['gcloud', 'secrets']
2025-10-23 16:25:27,663 DEBUG    root            Loaded Command Group: ['gcloud', 'secrets', 'list']
2025-10-23 16:25:27,668 DEBUG    root            Running [gcloud.secrets.list] with arguments: []
2025-10-23 16:25:27,682 DEBUG    root            Chosen display Format:
table(
  name.basename():label=NAME,
  createTime.date():label=CREATED,
  policy_transform():label=REPLICATION_POLICY,
  locations_transform():label=LOCATIONS
)

2025-10-23 16:25:27,683 INFO     root            Display format: "
table(
  name.basename():label=NAME,
  createTime.date():label=CREATED,
  policy_transform():label=REPLICATION_POLICY,
  locations_transform():label=LOCATIONS
)
"
2025-10-23 16:25:27,689 DEBUG    urllib3.connectionpool Starting new HTTPS connection (1): secretmanager.googleapis.com:443
2025-10-23 16:25:27,996 DEBUG    urllib3.connectionpool https://secretmanager.googleapis.com:443 "GET /v1/projects/energiverktoy-poc-1234/secrets?alt=json&pageSize=100 HTTP/1.1" 200 None
2025-10-23 16:25:28,026 INFO     ___FILE_ONLY___ NAME
2025-10-23 16:25:28,026 INFO     ___FILE_ONLY___                          
2025-10-23 16:25:28,026 INFO     ___FILE_ONLY___ CREATED
2025-10-23 16:25:28,026 INFO     ___FILE_ONLY___               
2025-10-23 16:25:28,026 INFO     ___FILE_ONLY___ REPLICATION_POLICY
2025-10-23 16:25:28,026 INFO     ___FILE_ONLY___   
2025-10-23 16:25:28,026 INFO     ___FILE_ONLY___ LOCATIONS
2025-10-23 16:25:28,026 INFO     ___FILE_ONLY___ 

2025-10-23 16:25:28,026 INFO     ___FILE_ONLY___ ENOVA_API_KEY
2025-10-23 16:25:28,026 INFO     ___FILE_ONLY___                 
2025-10-23 16:25:28,026 INFO     ___FILE_ONLY___ 2025-10-23T14:20:08
2025-10-23 16:25:28,026 INFO     ___FILE_ONLY___   
2025-10-23 16:25:28,026 INFO     ___FILE_ONLY___ automatic
2025-10-23 16:25:28,026 INFO     ___FILE_ONLY___            
2025-10-23 16:25:28,026 INFO     ___FILE_ONLY___ -
2025-10-23 16:25:28,026 INFO     ___FILE_ONLY___ 

2025-10-23 16:25:28,027 INFO     ___FILE_ONLY___ LIVE
2025-10-23 16:25:28,027 INFO     ___FILE_ONLY___                          
2025-10-23 16:25:28,027 INFO     ___FILE_ONLY___ 2025-10-23T14:24:38
2025-10-23 16:25:28,027 INFO     ___FILE_ONLY___   
2025-10-23 16:25:28,027 INFO     ___FILE_ONLY___ automatic
2025-10-23 16:25:28,027 INFO     ___FILE_ONLY___            
2025-10-23 16:25:28,027 INFO     ___FILE_ONLY___ -
2025-10-23 16:25:28,027 INFO     ___FILE_ONLY___ 

2025-10-23 16:25:28,027 INFO     ___FILE_ONLY___ MATRIKKEL_API_BASE_URL_PROD
2025-10-23 16:25:28,027 INFO     ___FILE_ONLY___   
2025-10-23 16:25:28,027 INFO     ___FILE_ONLY___ 2025-10-23T14:20:51
2025-10-23 16:25:28,027 INFO     ___FILE_ONLY___   
2025-10-23 16:25:28,027 INFO     ___FILE_ONLY___ automatic
2025-10-23 16:25:28,027 INFO     ___FILE_ONLY___            
2025-10-23 16:25:28,027 INFO     ___FILE_ONLY___ -
2025-10-23 16:25:28,027 INFO     ___FILE_ONLY___ 

2025-10-23 16:25:28,027 INFO     ___FILE_ONLY___ MATRIKKEL_API_BASE_URL_TEST
2025-10-23 16:25:28,027 INFO     ___FILE_ONLY___   
2025-10-23 16:25:28,027 INFO     ___FILE_ONLY___ 2025-10-23T14:21:17
2025-10-23 16:25:28,027 INFO     ___FILE_ONLY___   
2025-10-23 16:25:28,027 INFO     ___FILE_ONLY___ automatic
2025-10-23 16:25:28,027 INFO     ___FILE_ONLY___            
2025-10-23 16:25:28,027 INFO     ___FILE_ONLY___ -
2025-10-23 16:25:28,027 INFO     ___FILE_ONLY___ 

2025-10-23 16:25:28,027 INFO     ___FILE_ONLY___ MATRIKKEL_PASSWORD
2025-10-23 16:25:28,027 INFO     ___FILE_ONLY___            
2025-10-23 16:25:28,027 INFO     ___FILE_ONLY___ 2025-10-23T14:21:42
2025-10-23 16:25:28,027 INFO     ___FILE_ONLY___   
2025-10-23 16:25:28,027 INFO     ___FILE_ONLY___ automatic
2025-10-23 16:25:28,027 INFO     ___FILE_ONLY___            
2025-10-23 16:25:28,027 INFO     ___FILE_ONLY___ -
2025-10-23 16:25:28,027 INFO     ___FILE_ONLY___ 

2025-10-23 16:25:28,027 INFO     ___FILE_ONLY___ MATRIKKEL_SNAPSHOT_VERSION
2025-10-23 16:25:28,027 INFO     ___FILE_ONLY___    
2025-10-23 16:25:28,027 INFO     ___FILE_ONLY___ 2025-10-23T14:22:11
2025-10-23 16:25:28,027 INFO     ___FILE_ONLY___   
2025-10-23 16:25:28,027 INFO     ___FILE_ONLY___ automatic
2025-10-23 16:25:28,027 INFO     ___FILE_ONLY___            
2025-10-23 16:25:28,027 INFO     ___FILE_ONLY___ -
2025-10-23 16:25:28,027 INFO     ___FILE_ONLY___ 

2025-10-23 16:25:28,027 INFO     ___FILE_ONLY___ MATRIKKEL_SYSTEM_VERSION
2025-10-23 16:25:28,027 INFO     ___FILE_ONLY___      
2025-10-23 16:25:28,027 INFO     ___FILE_ONLY___ 2025-10-23T14:22:34
2025-10-23 16:25:28,027 INFO     ___FILE_ONLY___   
2025-10-23 16:25:28,027 INFO     ___FILE_ONLY___ automatic
2025-10-23 16:25:28,027 INFO     ___FILE_ONLY___            
2025-10-23 16:25:28,027 INFO     ___FILE_ONLY___ -
2025-10-23 16:25:28,027 INFO     ___FILE_ONLY___ 

2025-10-23 16:25:28,027 INFO     ___FILE_ONLY___ MATRIKKEL_USERNAME
2025-10-23 16:25:28,027 INFO     ___FILE_ONLY___            
2025-10-23 16:25:28,027 INFO     ___FILE_ONLY___ 2025-10-23T14:22:51
2025-10-23 16:25:28,027 INFO     ___FILE_ONLY___   
2025-10-23 16:25:28,027 INFO     ___FILE_ONLY___ automatic
2025-10-23 16:25:28,027 INFO     ___FILE_ONLY___            
2025-10-23 16:25:28,027 INFO     ___FILE_ONLY___ -
2025-10-23 16:25:28,027 INFO     ___FILE_ONLY___ 

2025-10-23 16:25:28,027 INFO     ___FILE_ONLY___ MATRIKKEL_USERNAME_TEST
2025-10-23 16:25:28,027 INFO     ___FILE_ONLY___       
2025-10-23 16:25:28,027 INFO     ___FILE_ONLY___ 2025-10-23T14:23:10
2025-10-23 16:25:28,027 INFO     ___FILE_ONLY___   
2025-10-23 16:25:28,027 INFO     ___FILE_ONLY___ automatic
2025-10-23 16:25:28,027 INFO     ___FILE_ONLY___            
2025-10-23 16:25:28,027 INFO     ___FILE_ONLY___ -
2025-10-23 16:25:28,027 INFO     ___FILE_ONLY___ 

2025-10-23 16:25:28,027 INFO     ___FILE_ONLY___ PBE_IDENTIFY_TOLERANCE
2025-10-23 16:25:28,027 INFO     ___FILE_ONLY___        
2025-10-23 16:25:28,027 INFO     ___FILE_ONLY___ 2025-10-23T14:23:25
2025-10-23 16:25:28,027 INFO     ___FILE_ONLY___   
2025-10-23 16:25:28,027 INFO     ___FILE_ONLY___ automatic
2025-10-23 16:25:28,027 INFO     ___FILE_ONLY___            
2025-10-23 16:25:28,028 INFO     ___FILE_ONLY___ -
2025-10-23 16:25:28,028 INFO     ___FILE_ONLY___ 

2025-10-23 16:25:28,028 INFO     ___FILE_ONLY___ PBE_MAP_BASE_URL
2025-10-23 16:25:28,028 INFO     ___FILE_ONLY___              
2025-10-23 16:25:28,028 INFO     ___FILE_ONLY___ 2025-10-23T14:23:46
2025-10-23 16:25:28,028 INFO     ___FILE_ONLY___   
2025-10-23 16:25:28,028 INFO     ___FILE_ONLY___ automatic
2025-10-23 16:25:28,028 INFO     ___FILE_ONLY___            
2025-10-23 16:25:28,028 INFO     ___FILE_ONLY___ -
2025-10-23 16:25:28,028 INFO     ___FILE_ONLY___ 

2025-10-23 16:25:28,028 INFO     ___FILE_ONLY___ VITE_API_PROXY_URL
2025-10-23 16:25:28,028 INFO     ___FILE_ONLY___            
2025-10-23 16:25:28,028 INFO     ___FILE_ONLY___ 2025-10-23T14:24:06
2025-10-23 16:25:28,028 INFO     ___FILE_ONLY___   
2025-10-23 16:25:28,028 INFO     ___FILE_ONLY___ automatic
2025-10-23 16:25:28,028 INFO     ___FILE_ONLY___            
2025-10-23 16:25:28,028 INFO     ___FILE_ONLY___ -
2025-10-23 16:25:28,028 INFO     ___FILE_ONLY___ 

2025-10-23 16:25:28,028 INFO     ___FILE_ONLY___ VITE_BIS_BASE
2025-10-23 16:25:28,028 INFO     ___FILE_ONLY___                 
2025-10-23 16:25:28,028 INFO     ___FILE_ONLY___ 2025-10-23T14:24:22
2025-10-23 16:25:28,028 INFO     ___FILE_ONLY___   
2025-10-23 16:25:28,028 INFO     ___FILE_ONLY___ automatic
2025-10-23 16:25:28,028 INFO     ___FILE_ONLY___            
2025-10-23 16:25:28,028 INFO     ___FILE_ONLY___ -
2025-10-23 16:25:28,028 INFO     ___FILE_ONLY___ 

2025-10-23 16:25:28,035 DEBUG    root            Metrics reporting process started...
