2025-10-23 21:38:00,141 DEBUG    root            Loaded Command Group: ['gcloud', 'artifacts']
2025-10-23 21:38:00,141 DEBUG    root            Loaded Command Group: ['gcloud', 'artifacts', 'repositories']
2025-10-23 21:38:00,196 DEBUG    root            Loaded Command Group: ['gcloud', 'artifacts', 'repositories', 'list']
2025-10-23 21:38:00,199 DEBUG    root            Running [gcloud.artifacts.repositories.list] with arguments: [--location: "europe-north1"]
2025-10-23 21:38:00,199 INFO     ___FILE_ONLY___ Listing items under project energiverktoy-poc-1234, location europe-north1.


2025-10-23 21:38:00,209 DEBUG    google.auth.transport.requests Making request: POST https://oauth2.googleapis.com/token
2025-10-23 21:38:00,213 DEBUG    urllib3.connectionpool Starting new HTTPS connection (1): oauth2.googleapis.com:443
2025-10-23 21:38:00,358 DEBUG    urllib3.connectionpool https://oauth2.googleapis.com:443 "POST /token HTTP/1.1" 200 None
2025-10-23 21:38:00,367 DEBUG    urllib3.connectionpool Starting new HTTPS connection (1): artifactregistry.googleapis.com:443
2025-10-23 21:38:00,616 DEBUG    urllib3.connectionpool https://artifactregistry.googleapis.com:443 "GET /v1/projects/energiverktoy-poc-1234/locations/europe-north1/repositories?alt=json HTTP/1.1" 200 None
2025-10-23 21:38:00,618 DEBUG    root            Chosen display Format:    table[title="ARTIFACT_REGISTRY"](
         name.basename():label=REPOSITORY,
         format:label=FORMAT,
         mode.basename(undefined=STANDARD_REPOSITORY):label=MODE,
         description:label=DESCRIPTION,
         name.segment(3):label=LOCATION,
         labels.list():label=LABELS,
         kmsKeyName.yesno(yes='Customer-managed key', no='Google-managed key'):label=ENCRYPTION,
         createTime.date(tz=LOCAL),
         updateTime.date(tz=LOCAL),
         sizeBytes.size(zero='0',precision=3,units_out=M):label="SIZE (MB)"
    )
2025-10-23 21:38:00,619 INFO     root            Display format: "    table[title="ARTIFACT_REGISTRY"](
         name.basename():label=REPOSITORY,
         format:label=FORMAT,
         mode.basename(undefined=STANDARD_REPOSITORY):label=MODE,
         description:label=DESCRIPTION,
         name.segment(3):label=LOCATION,
         labels.list():label=LABELS,
         kmsKeyName.yesno(yes='Customer-managed key', no='Google-managed key'):label=ENCRYPTION,
         createTime.date(tz=LOCAL),
         updateTime.date(tz=LOCAL),
         sizeBytes.size(zero='0',precision=3,units_out=M):label="SIZE (MB)"
    )"
2025-10-23 21:38:00,634 INFO     ___FILE_ONLY___                                                                           ARTIFACT_REGISTRY
2025-10-23 21:38:00,634 INFO     ___FILE_ONLY___ 

2025-10-23 21:38:00,634 INFO     ___FILE_ONLY___ REPOSITORY
2025-10-23 21:38:00,634 INFO     ___FILE_ONLY___       
2025-10-23 21:38:00,634 INFO     ___FILE_ONLY___ FORMAT
2025-10-23 21:38:00,634 INFO     ___FILE_ONLY___   
2025-10-23 21:38:00,634 INFO     ___FILE_ONLY___ MODE
2025-10-23 21:38:00,634 INFO     ___FILE_ONLY___                  
2025-10-23 21:38:00,634 INFO     ___FILE_ONLY___ DESCRIPTION
2025-10-23 21:38:00,634 INFO     ___FILE_ONLY___                 
2025-10-23 21:38:00,634 INFO     ___FILE_ONLY___ LOCATION
2025-10-23 21:38:00,634 INFO     ___FILE_ONLY___        
2025-10-23 21:38:00,634 INFO     ___FILE_ONLY___ LABELS
2025-10-23 21:38:00,634 INFO     ___FILE_ONLY___   
2025-10-23 21:38:00,634 INFO     ___FILE_ONLY___ ENCRYPTION
2025-10-23 21:38:00,634 INFO     ___FILE_ONLY___           
2025-10-23 21:38:00,634 INFO     ___FILE_ONLY___ CREATE_TIME
2025-10-23 21:38:00,634 INFO     ___FILE_ONLY___           
2025-10-23 21:38:00,635 INFO     ___FILE_ONLY___ UPDATE_TIME
2025-10-23 21:38:00,635 INFO     ___FILE_ONLY___           
2025-10-23 21:38:00,635 INFO     ___FILE_ONLY___ SIZE (MB)
2025-10-23 21:38:00,635 INFO     ___FILE_ONLY___ 

2025-10-23 21:38:00,635 INFO     ___FILE_ONLY___ energinokkelen
2025-10-23 21:38:00,635 INFO     ___FILE_ONLY___   
2025-10-23 21:38:00,635 INFO     ___FILE_ONLY___ DOCKER
2025-10-23 21:38:00,635 INFO     ___FILE_ONLY___   
2025-10-23 21:38:00,635 INFO     ___FILE_ONLY___ STANDARD_REPOSITORY
2025-10-23 21:38:00,635 INFO     ___FILE_ONLY___   
2025-10-23 21:38:00,635 INFO     ___FILE_ONLY___ Energinokkelen containere
2025-10-23 21:38:00,635 INFO     ___FILE_ONLY___   
2025-10-23 21:38:00,635 INFO     ___FILE_ONLY___ europe-north1
2025-10-23 21:38:00,635 INFO     ___FILE_ONLY___           
2025-10-23 21:38:00,635 INFO     ___FILE_ONLY___ Google-managed key
2025-10-23 21:38:00,635 INFO     ___FILE_ONLY___   
2025-10-23 21:38:00,635 INFO     ___FILE_ONLY___ 2025-10-23T16:08:00
2025-10-23 21:38:00,635 INFO     ___FILE_ONLY___   
2025-10-23 21:38:00,635 INFO     ___FILE_ONLY___ 2025-10-23T16:08:00
2025-10-23 21:38:00,635 INFO     ___FILE_ONLY___   
2025-10-23 21:38:00,635 INFO     ___FILE_ONLY___ 0
2025-10-23 21:38:00,635 INFO     ___FILE_ONLY___ 

2025-10-23 21:38:00,642 DEBUG    root            Metrics reporting process started...
