2025-10-23 21:38:07,951 DEBUG    root            Loaded Command Group: ['gcloud', 'meta']
2025-10-23 21:38:07,953 DEBUG    root            Loaded Command Group: ['gcloud', 'meta', 'lint_gcloud_commands']
2025-10-23 21:38:07,953 DEBUG    root            Running [gcloud.meta.lint-gcloud-commands] with arguments: [--command-string: "gcloud iam service-accounts list"]
2025-10-23 21:38:07,954 DEBUG    root            Loaded Command Group: ['gcloud']
2025-10-23 21:38:07,956 DEBUG    root            Loaded Command Group: ['gcloud', 'beta']
2025-10-23 21:38:07,958 DEBUG    root            Loaded Command Group: ['gcloud', 'iam']
2025-10-23 21:38:07,961 DEBUG    root            Loaded Command Group: ['gcloud', 'iam', 'service_accounts']
2025-10-23 21:38:07,969 DEBUG    root            Loaded Command Group: ['gcloud', 'iam', 'service-accounts', 'list']
2025-10-23 21:38:07,970 DEBUG    root            Loaded Command Group: ['gcloud']
2025-10-23 21:38:07,972 DEBUG    root            Loaded Command Group: ['gcloud', 'beta']
2025-10-23 21:38:07,972 DEBUG    root            Loaded Command Group: ['gcloud', 'iam']
2025-10-23 21:38:07,973 DEBUG    root            Loaded Command Group: ['gcloud', 'iam', 'service_accounts']
2025-10-23 21:38:07,973 DEBUG    root            Loaded Command Group: ['gcloud', 'iam', 'service-accounts', 'list']
2025-10-23 21:38:07,974 DEBUG    root            Loaded Command Group: ['gcloud', 'beta', 'iam']
2025-10-23 21:38:07,974 DEBUG    root            Loaded Command Group: ['gcloud', 'beta', 'iam', 'service_accounts']
2025-10-23 21:38:07,975 DEBUG    root            Loaded Command Group: ['gcloud', 'beta', 'iam', 'service-accounts', 'list']
2025-10-23 21:38:07,977 INFO     ___FILE_ONLY___ [{"args_structure": {"arguments": [{"name": "-flag-file-line-", "type": "string", "required": false, "global": true, "node_id": "6bd9c732-1c64-47d4-9a6f-d64ad2cacc99"}, {"name": "access-token-file", "type": "string", "required": false, "global": true, "node_id": "234ce83c-c04f-4bff-a805-cf9c9bc28e60"}, {"name": "account", "type": "string", "required": false, "global": true, "node_id": "77b70673-5300-425f-acba-993c3990a30c"}, {"name": "authority-selector", "type": "string", "required": false, "global": true, "node_id": "8210fb20-e16d-43c3-98bc-7ce697405f78"}, {"name": "authorization-token-file", "type": "string", "required": false, "global": true, "node_id": "da13a1bb-bba8-4da4-8e34-e193d692b8ef"}, {"name": "billing-project", "type": "string", "required": false, "global": true, "node_id": "708fa979-8b25-43d3-9943-cc0327cdcd5c"}, {"name": "configuration", "type": "string", "required": false, "global": true, "node_id": "64c97ba8-b488-48e1-8a4f-efb69e7254b1"}, {"name": "credential-file-override", "type": "string", "required": false, "global": true, "node_id": "859df8b8-fa25-4296-a0c1-78dc8a393423"}, {"name": "document", "type": "dict", "required": false, "global": true, "node_id": "bea7eb05-97a5-4fd8-92ad-a9e5e4c96f76"}, {"name": "filter", "type": "string", "required": false, "node_id": "1faf2613-e7dc-4d60-b8c5-71d275ea9106"}, {"name": "flags-file", "type": "string", "required": false, "global": true, "node_id": "0a345d1f-bb2c-4fca-956b-87bff7fd6ec9"}, {"name": "flatten", "type": "list", "required": false, "global": true, "node_id": "12baac29-b719-4b04-a06e-4445e4fedcae"}, {"name": "format", "type": "string", "required": false, "global": true, "node_id": "664600dc-783c-426d-8cb6-67933c8fe311"}, {"name": "help", "type": "bool", "required": false, "global": true, "node_id": "a81437cc-e34c-44c0-b213-bcf6b2f9689d"}, {"name": "http-timeout", "type": "string", "required": false, "global": true, "node_id": "2687a67a-56b4-4e05-90a9-df33fec1dae9"}, {"name": "impersonate-service-account", "type": "string", "required": false, "global": true, "node_id": "d68b25a3-9e21-4e29-901a-e894676adb03"}, {"name": "limit", "type": "googlecloudsdk.calliope.arg_parsers:Parse", "required": false, "node_id": "3aab8a4a-e259-43cb-9eb6-cbd6b98949c6"}, {"name": "log-http", "type": "bool", "required": false, "global": true, "node_id": "da0f2536-9db4-47eb-a796-ec18574fe1b0"}, {"name": "project", "type": "string", "required": false, "global": true, "node_id": "c558b372-e4a1-47a1-b6f3-bc307275f0fd"}, {"name": "quiet", "type": "bool", "required": false, "global": true, "node_id": "39ef8b69-f48a-4a03-a94f-5fc659001c07"}, {"name": "sort-by", "type": "list", "required": false, "node_id": "71a1625c-dae0-48b2-9904-9439fa7d74b6"}, {"group": {"arguments": [{"name": "trace-token", "type": "string", "required": false, "global": true, "node_id": "4390eb57-d5f7-4470-9363-5383f11328e9"}], "mutex": true, "node_id": "c4335c50-b1c5-495e-bfb1-02dd1ba30ad8"}}, {"name": "universe-domain", "type": "string", "required": false, "global": true, "node_id": "8b427c24-92ef-4a50-a377-ab1a7da8abe0"}, {"name": "uri", "type": "bool", "required": false, "node_id": "b4e43271-6046-4483-867c-c578b3011bd4"}, {"name": "user-output-enabled", "type": "bool", "required": false, "global": true, "node_id": "26d96a03-0ceb-474f-940c-3eeb7ac6506b"}, {"name": "verbosity", "type": "string", "required": false, "global": true, "choices": ["debug", "info", "warning", "error", "critical", "none"], "node_id": "5d8bf364-02d9-4cd3-8878-aa70d37dcc12"}, {"name": "version", "type": "bool", "required": false, "global": true, "node_id": "f37ef5f1-8840-48d4-aed5-8522b67d6127"}]}, "command_args": null, "command_string": "gcloud iam service-accounts list", "command_string_no_args": "gcloud iam service-accounts list", "error_message": null, "error_type": null, "success": true}]

2025-10-23 21:38:07,977 DEBUG    root            Chosen display Format:default
2025-10-23 21:38:07,977 INFO     root            Display format: "default"
2025-10-23 21:38:07,996 DEBUG    root            Metrics reporting process started...
