2025-10-23 22:09:19,497 DEBUG    root            Loaded Command Group: ['gcloud', 'builds']
2025-10-23 22:09:19,521 DEBUG    root            Loaded Command Group: ['gcloud', 'builds', 'submit']
2025-10-23 22:09:19,528 DEBUG    root            Running [gcloud.builds.submit] with arguments: [--config: "deploy/gcp/cloudbuild.yaml", --substitutions: "OrderedDict({'_DEPLOY': 'false'})"]
2025-10-23 22:09:19,531 DEBUG    root            (gcloud.builds.submit) parsing deploy/gcp/cloudbuild.yaml: while scanning a simple key
  in "deploy/gcp/cloudbuild.yaml", line 74, column 1
could not find expected ':'
  in "deploy/gcp/cloudbuild.yaml", line 75, column 1
Traceback (most recent call last):
  File "/Users/magnuslundstein/Desktop/Innholdsproduksjon/Tjenester/Google Cloud/google-cloud-sdk/lib/googlecloudsdk/core/yaml.py", line 140, in load
    return yaml.load(
           ^^^^^^^^^^
  File "/Users/magnuslundstein/Desktop/Innholdsproduksjon/Tjenester/Google Cloud/google-cloud-sdk/lib/third_party/ruamel/yaml/main.py", line 935, in load
    return loader._constructor.get_single_data()
           ^^^^^^^^^^^^^^^^^^^^^^^^^^^^^^^^^^^^^
  File "/Users/magnuslundstein/Desktop/Innholdsproduksjon/Tjenester/Google Cloud/google-cloud-sdk/lib/third_party/ruamel/yaml/constructor.py", line 109, in get_single_data
    node = self.composer.get_single_node()
           ^^^^^^^^^^^^^^^^^^^^^^^^^^^^^^^
  File "/Users/magnuslundstein/Desktop/Innholdsproduksjon/Tjenester/Google Cloud/google-cloud-sdk/lib/third_party/ruamel/yaml/composer.py", line 78, in get_single_node
    document = self.compose_document()
               ^^^^^^^^^^^^^^^^^^^^^^^
  File "/Users/magnuslundstein/Desktop/Innholdsproduksjon/Tjenester/Google Cloud/google-cloud-sdk/lib/third_party/ruamel/yaml/composer.py", line 101, in compose_document
    node = self.compose_node(None, None)
           ^^^^^^^^^^^^^^^^^^^^^^^^^^^^^
  File "/Users/magnuslundstein/Desktop/Innholdsproduksjon/Tjenester/Google Cloud/google-cloud-sdk/lib/third_party/ruamel/yaml/composer.py", line 138, in compose_node
    node = self.compose_mapping_node(anchor)
           ^^^^^^^^^^^^^^^^^^^^^^^^^^^^^^^^^
  File "/Users/magnuslundstein/Desktop/Innholdsproduksjon/Tjenester/Google Cloud/google-cloud-sdk/lib/third_party/ruamel/yaml/composer.py", line 218, in compose_mapping_node
    item_value = self.compose_node(node, item_key)
                 ^^^^^^^^^^^^^^^^^^^^^^^^^^^^^^^^^
  File "/Users/magnuslundstein/Desktop/Innholdsproduksjon/Tjenester/Google Cloud/google-cloud-sdk/lib/third_party/ruamel/yaml/composer.py", line 136, in compose_node
    node = self.compose_sequence_node(anchor)
           ^^^^^^^^^^^^^^^^^^^^^^^^^^^^^^^^^^
  File "/Users/magnuslundstein/Desktop/Innholdsproduksjon/Tjenester/Google Cloud/google-cloud-sdk/lib/third_party/ruamel/yaml/composer.py", line 180, in compose_sequence_node
    node.value.append(self.compose_node(node, index))
                      ^^^^^^^^^^^^^^^^^^^^^^^^^^^^^^
  File "/Users/magnuslundstein/Desktop/Innholdsproduksjon/Tjenester/Google Cloud/google-cloud-sdk/lib/third_party/ruamel/yaml/composer.py", line 138, in compose_node
    node = self.compose_mapping_node(anchor)
           ^^^^^^^^^^^^^^^^^^^^^^^^^^^^^^^^^
  File "/Users/magnuslundstein/Desktop/Innholdsproduksjon/Tjenester/Google Cloud/google-cloud-sdk/lib/third_party/ruamel/yaml/composer.py", line 218, in compose_mapping_node
    item_value = self.compose_node(node, item_key)
                 ^^^^^^^^^^^^^^^^^^^^^^^^^^^^^^^^^
  File "/Users/magnuslundstein/Desktop/Innholdsproduksjon/Tjenester/Google Cloud/google-cloud-sdk/lib/third_party/ruamel/yaml/composer.py", line 136, in compose_node
    node = self.compose_sequence_node(anchor)
           ^^^^^^^^^^^^^^^^^^^^^^^^^^^^^^^^^^
  File "/Users/magnuslundstein/Desktop/Innholdsproduksjon/Tjenester/Google Cloud/google-cloud-sdk/lib/third_party/ruamel/yaml/composer.py", line 179, in compose_sequence_node
    while not self.parser.check_event(SequenceEndEvent):
              ^^^^^^^^^^^^^^^^^^^^^^^^^^^^^^^^^^^^^^^^^
  File "/Users/magnuslundstein/Desktop/Innholdsproduksjon/Tjenester/Google Cloud/google-cloud-sdk/lib/third_party/ruamel/yaml/parser.py", line 141, in check_event
    self.current_event = self.state()
                         ^^^^^^^^^^^^
  File "/Users/magnuslundstein/Desktop/Innholdsproduksjon/Tjenester/Google Cloud/google-cloud-sdk/lib/third_party/ruamel/yaml/parser.py", line 502, in parse_block_sequence_entry
    if self.scanner.check_token(BlockEntryToken):
       ^^^^^^^^^^^^^^^^^^^^^^^^^^^^^^^^^^^^^^^^^
  File "/Users/magnuslundstein/Desktop/Innholdsproduksjon/Tjenester/Google Cloud/google-cloud-sdk/lib/third_party/ruamel/yaml/scanner.py", line 168, in check_token
    while self.need_more_tokens():
          ^^^^^^^^^^^^^^^^^^^^^^^
  File "/Users/magnuslundstein/Desktop/Innholdsproduksjon/Tjenester/Google Cloud/google-cloud-sdk/lib/third_party/ruamel/yaml/scanner.py", line 205, in need_more_tokens
    self.stale_possible_simple_keys()
  File "/Users/magnuslundstein/Desktop/Innholdsproduksjon/Tjenester/Google Cloud/google-cloud-sdk/lib/third_party/ruamel/yaml/scanner.py", line 354, in stale_possible_simple_keys
    raise ScannerError(
ruamel.yaml.scanner.ScannerError: while scanning a simple key
  in "deploy/gcp/cloudbuild.yaml", line 74, column 1
could not find expected ':'
  in "deploy/gcp/cloudbuild.yaml", line 75, column 1

During handling of the above exception, another exception occurred:

Traceback (most recent call last):
  File "/Users/magnuslundstein/Desktop/Innholdsproduksjon/Tjenester/Google Cloud/google-cloud-sdk/lib/googlecloudsdk/api_lib/cloudbuild/cloudbuild_util.py", line 383, in LoadMessageFromStream
    structured_data = yaml.load(stream, file_hint=path)
                      ^^^^^^^^^^^^^^^^^^^^^^^^^^^^^^^^^
  File "/Users/magnuslundstein/Desktop/Innholdsproduksjon/Tjenester/Google Cloud/google-cloud-sdk/lib/googlecloudsdk/core/yaml.py", line 144, in load
    raise YAMLParseError(e, f=file_hint)
googlecloudsdk.core.yaml.YAMLParseError: Failed to parse YAML from [deploy/gcp/cloudbuild.yaml]: while scanning a simple key
  in "deploy/gcp/cloudbuild.yaml", line 74, column 1
could not find expected ':'
  in "deploy/gcp/cloudbuild.yaml", line 75, column 1

During handling of the above exception, another exception occurred:

Traceback (most recent call last):
  File "/Users/magnuslundstein/Desktop/Innholdsproduksjon/Tjenester/Google Cloud/google-cloud-sdk/lib/googlecloudsdk/calliope/cli.py", line 944, in Execute
    resources = calliope_command.Run(cli=self, args=args)
                ^^^^^^^^^^^^^^^^^^^^^^^^^^^^^^^^^^^^^^^^^
  File "/Users/magnuslundstein/Desktop/Innholdsproduksjon/Tjenester/Google Cloud/google-cloud-sdk/lib/googlecloudsdk/calliope/backend.py", line 955, in Run
    resources = command_instance.Run(args)
                ^^^^^^^^^^^^^^^^^^^^^^^^^^
  File "/Users/magnuslundstein/Desktop/Innholdsproduksjon/Tjenester/Google Cloud/google-cloud-sdk/lib/surface/builds/submit.py", line 223, in Run
    build_config = submit_util.CreateBuildConfig(
                   ^^^^^^^^^^^^^^^^^^^^^^^^^^^^^^
  File "/Users/magnuslundstein/Desktop/Innholdsproduksjon/Tjenester/Google Cloud/google-cloud-sdk/lib/googlecloudsdk/command_lib/builds/submit_util.py", line 659, in CreateBuildConfig
    build_config = _SetBuildSteps(
                   ^^^^^^^^^^^^^^^
  File "/Users/magnuslundstein/Desktop/Innholdsproduksjon/Tjenester/Google Cloud/google-cloud-sdk/lib/googlecloudsdk/command_lib/builds/submit_util.py", line 301, in _SetBuildSteps
    build_config = config.LoadCloudbuildConfigFromPath(
                   ^^^^^^^^^^^^^^^^^^^^^^^^^^^^^^^^^^^^
  File "/Users/magnuslundstein/Desktop/Innholdsproduksjon/Tjenester/Google Cloud/google-cloud-sdk/lib/googlecloudsdk/api_lib/cloudbuild/config.py", line 169, in LoadCloudbuildConfigFromPath
    build = cloudbuild_util.LoadMessageFromPath(
            ^^^^^^^^^^^^^^^^^^^^^^^^^^^^^^^^^^^^
  File "/Users/magnuslundstein/Desktop/Innholdsproduksjon/Tjenester/Google Cloud/google-cloud-sdk/lib/googlecloudsdk/api_lib/cloudbuild/cloudbuild_util.py", line 496, in LoadMessageFromPath
    return LoadMessageFromStream(f, msg_type, msg_friendly_name,
           ^^^^^^^^^^^^^^^^^^^^^^^^^^^^^^^^^^^^^^^^^^^^^^^^^^^^^
  File "/Users/magnuslundstein/Desktop/Innholdsproduksjon/Tjenester/Google Cloud/google-cloud-sdk/lib/googlecloudsdk/api_lib/cloudbuild/cloudbuild_util.py", line 385, in LoadMessageFromStream
    raise cloudbuild_exceptions.ParserError(path, e.inner_error)
googlecloudsdk.api_lib.cloudbuild.cloudbuild_exceptions.ParserError: parsing deploy/gcp/cloudbuild.yaml: while scanning a simple key
  in "deploy/gcp/cloudbuild.yaml", line 74, column 1
could not find expected ':'
  in "deploy/gcp/cloudbuild.yaml", line 75, column 1
2025-10-23 22:09:19,536 ERROR    root            (gcloud.builds.submit) parsing deploy/gcp/cloudbuild.yaml: while scanning a simple key
  in "deploy/gcp/cloudbuild.yaml", line 74, column 1
could not find expected ':'
  in "deploy/gcp/cloudbuild.yaml", line 75, column 1
2025-10-23 22:09:19,543 DEBUG    root            Metrics reporting process started...
