2025-10-23 22:19:36,226 DEBUG    root            Loaded Command Group: ['gcloud', 'builds']
2025-10-23 22:19:36,237 DEBUG    root            Loaded Command Group: ['gcloud', 'builds', 'log']
2025-10-23 22:19:36,238 DEBUG    root            Running [gcloud.builds.log] with arguments: [BUILD: "2c4eb29b-47ee-401a-ba88-a46203f69fe2"]
2025-10-23 22:19:36,261 DEBUG    urllib3.connectionpool Starting new HTTPS connection (1): cloudbuild.googleapis.com:443
2025-10-23 22:19:37,063 DEBUG    urllib3.connectionpool https://cloudbuild.googleapis.com:443 "GET /v1/projects/energiverktoy-poc-1234/locations/global/builds/2c4eb29b-47ee-401a-ba88-a46203f69fe2?alt=json HTTP/1.1" 200 None
2025-10-23 22:19:37,070 INFO     root            Printing logs from GCL: requested logging mode is CLOUD_LOGGING_ONLY.
2025-10-23 22:19:37,497 INFO     ___FILE_ONLY___ --------------------------------------- REMOTE BUILD OUTPUT ---------------------------------------

2025-10-23 22:19:37,498 DEBUG    urllib3.connectionpool Starting new HTTPS connection (1): logging.googleapis.com:443
2025-10-23 22:19:41,639 DEBUG    urllib3.connectionpool https://logging.googleapis.com:443 "POST /v2/entries:list?alt=json HTTP/1.1" 200 None
2025-10-23 22:19:41,673 INFO     ___FILE_ONLY___ starting build "2c4eb29b-47ee-401a-ba88-a46203f69fe2"

2025-10-23 22:19:41,673 INFO     ___FILE_ONLY___ FETCHSOURCE

2025-10-23 22:19:41,673 INFO     ___FILE_ONLY___ Fetching storage object: gs://energiverktoy-poc-1234_cloudbuild/source/1761250540.339572-d8bb519032254130b8de86e0efce383f.tgz#1761250563648533

2025-10-23 22:19:41,673 INFO     ___FILE_ONLY___ Copying gs://energiverktoy-poc-1234_cloudbuild/source/1761250540.339572-d8bb519032254130b8de86e0efce383f.tgz#1761250563648533...

2025-10-23 22:19:41,673 INFO     ___FILE_ONLY___ / [0 files][    0.0 B/ 26.0 MiB]                                                / [1 files][ 26.0 MiB/ 26.0 MiB]

2025-10-23 22:19:41,673 INFO     ___FILE_ONLY___ Operation completed over 1 objects/26.0 MiB.

2025-10-23 22:19:41,673 INFO     ___FILE_ONLY___ BUILD

2025-10-23 22:19:41,673 INFO     ___FILE_ONLY___ Starting Step #0 - "Install dependencies"

2025-10-23 22:19:41,673 INFO     ___FILE_ONLY___ Step #0 - "Install dependencies": Already have image (with digest): gcr.io/cloud-builders/npm

2025-10-23 22:19:41,673 INFO     ___FILE_ONLY___ Step #0 - "Install dependencies": npm WARN EBADENGINE Unsupported engine {

2025-10-23 22:19:41,673 INFO     ___FILE_ONLY___ Step #0 - "Install dependencies": npm WARN EBADENGINE   package: '@eslint/config-array@0.21.0',

2025-10-23 22:19:41,673 INFO     ___FILE_ONLY___ Step #0 - "Install dependencies": npm WARN EBADENGINE   required: { node: '^18.18.0 || ^20.9.0 || >=21.1.0' },

2025-10-23 22:19:41,673 INFO     ___FILE_ONLY___ Step #0 - "Install dependencies": npm WARN EBADENGINE   current: { node: 'v19.0.0', npm: '8.19.2' }

2025-10-23 22:19:41,673 INFO     ___FILE_ONLY___ Step #0 - "Install dependencies": npm WARN EBADENGINE }

2025-10-23 22:19:41,673 INFO     ___FILE_ONLY___ Step #0 - "Install dependencies": npm WARN EBADENGINE Unsupported engine {

2025-10-23 22:19:41,673 INFO     ___FILE_ONLY___ Step #0 - "Install dependencies": npm WARN EBADENGINE   package: '@eslint/config-helpers@0.3.0',

2025-10-23 22:19:41,673 INFO     ___FILE_ONLY___ Step #0 - "Install dependencies": npm WARN EBADENGINE   required: { node: '^18.18.0 || ^20.9.0 || >=21.1.0' },

2025-10-23 22:19:41,673 INFO     ___FILE_ONLY___ Step #0 - "Install dependencies": npm WARN EBADENGINE   current: { node: 'v19.0.0', npm: '8.19.2' }

2025-10-23 22:19:41,673 INFO     ___FILE_ONLY___ Step #0 - "Install dependencies": npm WARN EBADENGINE }

2025-10-23 22:19:41,673 INFO     ___FILE_ONLY___ Step #0 - "Install dependencies": npm WARN EBADENGINE Unsupported engine {

2025-10-23 22:19:41,674 INFO     ___FILE_ONLY___ Step #0 - "Install dependencies": npm WARN EBADENGINE   package: '@eslint/core@0.14.0',

2025-10-23 22:19:41,674 INFO     ___FILE_ONLY___ Step #0 - "Install dependencies": npm WARN EBADENGINE   required: { node: '^18.18.0 || ^20.9.0 || >=21.1.0' },

2025-10-23 22:19:41,674 INFO     ___FILE_ONLY___ Step #0 - "Install dependencies": npm WARN EBADENGINE   current: { node: 'v19.0.0', npm: '8.19.2' }

2025-10-23 22:19:41,674 INFO     ___FILE_ONLY___ Step #0 - "Install dependencies": npm WARN EBADENGINE }

2025-10-23 22:19:41,674 INFO     ___FILE_ONLY___ Step #0 - "Install dependencies": npm WARN EBADENGINE Unsupported engine {

2025-10-23 22:19:41,674 INFO     ___FILE_ONLY___ Step #0 - "Install dependencies": npm WARN EBADENGINE   package: '@eslint/eslintrc@3.3.1',

2025-10-23 22:19:41,674 INFO     ___FILE_ONLY___ Step #0 - "Install dependencies": npm WARN EBADENGINE   required: { node: '^18.18.0 || ^20.9.0 || >=21.1.0' },

2025-10-23 22:19:41,674 INFO     ___FILE_ONLY___ Step #0 - "Install dependencies": npm WARN EBADENGINE   current: { node: 'v19.0.0', npm: '8.19.2' }

2025-10-23 22:19:41,674 INFO     ___FILE_ONLY___ Step #0 - "Install dependencies": npm WARN EBADENGINE }

2025-10-23 22:19:41,674 INFO     ___FILE_ONLY___ Step #0 - "Install dependencies": npm WARN EBADENGINE Unsupported engine {

2025-10-23 22:19:41,674 INFO     ___FILE_ONLY___ Step #0 - "Install dependencies": npm WARN EBADENGINE   package: '@eslint/js@9.30.0',

2025-10-23 22:19:41,674 INFO     ___FILE_ONLY___ Step #0 - "Install dependencies": npm WARN EBADENGINE   required: { node: '^18.18.0 || ^20.9.0 || >=21.1.0' },

2025-10-23 22:19:41,674 INFO     ___FILE_ONLY___ Step #0 - "Install dependencies": npm WARN EBADENGINE   current: { node: 'v19.0.0', npm: '8.19.2' }

2025-10-23 22:19:41,674 INFO     ___FILE_ONLY___ Step #0 - "Install dependencies": npm WARN EBADENGINE }

2025-10-23 22:19:41,674 INFO     ___FILE_ONLY___ Step #0 - "Install dependencies": npm WARN EBADENGINE Unsupported engine {

2025-10-23 22:19:41,674 INFO     ___FILE_ONLY___ Step #0 - "Install dependencies": npm WARN EBADENGINE   package: '@eslint/object-schema@2.1.6',

2025-10-23 22:19:41,674 INFO     ___FILE_ONLY___ Step #0 - "Install dependencies": npm WARN EBADENGINE   required: { node: '^18.18.0 || ^20.9.0 || >=21.1.0' },

2025-10-23 22:19:41,674 INFO     ___FILE_ONLY___ Step #0 - "Install dependencies": npm WARN EBADENGINE   current: { node: 'v19.0.0', npm: '8.19.2' }

2025-10-23 22:19:41,674 INFO     ___FILE_ONLY___ Step #0 - "Install dependencies": npm WARN EBADENGINE }

2025-10-23 22:19:41,674 INFO     ___FILE_ONLY___ Step #0 - "Install dependencies": npm WARN EBADENGINE Unsupported engine {

2025-10-23 22:19:41,674 INFO     ___FILE_ONLY___ Step #0 - "Install dependencies": npm WARN EBADENGINE   package: '@eslint/plugin-kit@0.3.5',

2025-10-23 22:19:41,674 INFO     ___FILE_ONLY___ Step #0 - "Install dependencies": npm WARN EBADENGINE   required: { node: '^18.18.0 || ^20.9.0 || >=21.1.0' },

2025-10-23 22:19:41,674 INFO     ___FILE_ONLY___ Step #0 - "Install dependencies": npm WARN EBADENGINE   current: { node: 'v19.0.0', npm: '8.19.2' }

2025-10-23 22:19:41,674 INFO     ___FILE_ONLY___ Step #0 - "Install dependencies": npm WARN EBADENGINE }

2025-10-23 22:19:41,674 INFO     ___FILE_ONLY___ Step #0 - "Install dependencies": npm WARN EBADENGINE Unsupported engine {

2025-10-23 22:19:41,674 INFO     ___FILE_ONLY___ Step #0 - "Install dependencies": npm WARN EBADENGINE   package: '@eslint/core@0.15.2',

2025-10-23 22:19:41,674 INFO     ___FILE_ONLY___ Step #0 - "Install dependencies": npm WARN EBADENGINE   required: { node: '^18.18.0 || ^20.9.0 || >=21.1.0' },

2025-10-23 22:19:41,674 INFO     ___FILE_ONLY___ Step #0 - "Install dependencies": npm WARN EBADENGINE   current: { node: 'v19.0.0', npm: '8.19.2' }

2025-10-23 22:19:41,674 INFO     ___FILE_ONLY___ Step #0 - "Install dependencies": npm WARN EBADENGINE }

2025-10-23 22:19:41,674 INFO     ___FILE_ONLY___ Step #0 - "Install dependencies": npm WARN EBADENGINE Unsupported engine {

2025-10-23 22:19:41,674 INFO     ___FILE_ONLY___ Step #0 - "Install dependencies": npm WARN EBADENGINE   package: '@oslokommune/punkt-assets@12.43.2',

2025-10-23 22:19:41,674 INFO     ___FILE_ONLY___ Step #0 - "Install dependencies": npm WARN EBADENGINE   required: { node: '>=20.19.1' },

2025-10-23 22:19:41,674 INFO     ___FILE_ONLY___ Step #0 - "Install dependencies": npm WARN EBADENGINE   current: { node: 'v19.0.0', npm: '8.19.2' }

2025-10-23 22:19:41,674 INFO     ___FILE_ONLY___ Step #0 - "Install dependencies": npm WARN EBADENGINE }

2025-10-23 22:19:41,674 INFO     ___FILE_ONLY___ Step #0 - "Install dependencies": npm WARN EBADENGINE Unsupported engine {

2025-10-23 22:19:41,674 INFO     ___FILE_ONLY___ Step #0 - "Install dependencies": npm WARN EBADENGINE   package: '@oslokommune/punkt-css@12.43.2',

2025-10-23 22:19:41,674 INFO     ___FILE_ONLY___ Step #0 - "Install dependencies": npm WARN EBADENGINE   required: { node: '>=20.19.1' },

2025-10-23 22:19:41,674 INFO     ___FILE_ONLY___ Step #0 - "Install dependencies": npm WARN EBADENGINE   current: { node: 'v19.0.0', npm: '8.19.2' }

2025-10-23 22:19:41,674 INFO     ___FILE_ONLY___ Step #0 - "Install dependencies": npm WARN EBADENGINE }

2025-10-23 22:19:41,674 INFO     ___FILE_ONLY___ Step #0 - "Install dependencies": npm WARN EBADENGINE Unsupported engine {

2025-10-23 22:19:41,674 INFO     ___FILE_ONLY___ Step #0 - "Install dependencies": npm WARN EBADENGINE   package: '@typescript-eslint/eslint-plugin@8.35.0',

2025-10-23 22:19:41,674 INFO     ___FILE_ONLY___ Step #0 - "Install dependencies": npm WARN EBADENGINE   required: { node: '^18.18.0 || ^20.9.0 || >=21.1.0' },

2025-10-23 22:19:41,675 INFO     ___FILE_ONLY___ Step #0 - "Install dependencies": npm WARN EBADENGINE   current: { node: 'v19.0.0', npm: '8.19.2' }

2025-10-23 22:19:41,675 INFO     ___FILE_ONLY___ Step #0 - "Install dependencies": npm WARN EBADENGINE }

2025-10-23 22:19:41,675 INFO     ___FILE_ONLY___ Step #0 - "Install dependencies": npm WARN EBADENGINE Unsupported engine {

2025-10-23 22:19:41,675 INFO     ___FILE_ONLY___ Step #0 - "Install dependencies": npm WARN EBADENGINE   package: '@typescript-eslint/parser@8.35.0',

2025-10-23 22:19:41,675 INFO     ___FILE_ONLY___ Step #0 - "Install dependencies": npm WARN EBADENGINE   required: { node: '^18.18.0 || ^20.9.0 || >=21.1.0' },

2025-10-23 22:19:41,675 INFO     ___FILE_ONLY___ Step #0 - "Install dependencies": npm WARN EBADENGINE   current: { node: 'v19.0.0', npm: '8.19.2' }

2025-10-23 22:19:41,675 INFO     ___FILE_ONLY___ Step #0 - "Install dependencies": npm WARN EBADENGINE }

2025-10-23 22:19:41,675 INFO     ___FILE_ONLY___ Step #0 - "Install dependencies": npm WARN EBADENGINE Unsupported engine {

2025-10-23 22:19:41,675 INFO     ___FILE_ONLY___ Step #0 - "Install dependencies": npm WARN EBADENGINE   package: '@typescript-eslint/project-service@8.35.0',

2025-10-23 22:19:41,675 INFO     ___FILE_ONLY___ Step #0 - "Install dependencies": npm WARN EBADENGINE   required: { node: '^18.18.0 || ^20.9.0 || >=21.1.0' },

2025-10-23 22:19:41,675 INFO     ___FILE_ONLY___ Step #0 - "Install dependencies": npm WARN EBADENGINE   current: { node: 'v19.0.0', npm: '8.19.2' }

2025-10-23 22:19:41,675 INFO     ___FILE_ONLY___ Step #0 - "Install dependencies": npm WARN EBADENGINE }

2025-10-23 22:19:41,675 INFO     ___FILE_ONLY___ Step #0 - "Install dependencies": npm WARN EBADENGINE Unsupported engine {

2025-10-23 22:19:41,675 INFO     ___FILE_ONLY___ Step #0 - "Install dependencies": npm WARN EBADENGINE   package: '@typescript-eslint/scope-manager@8.35.0',

2025-10-23 22:19:41,675 INFO     ___FILE_ONLY___ Step #0 - "Install dependencies": npm WARN EBADENGINE   required: { node: '^18.18.0 || ^20.9.0 || >=21.1.0' },

2025-10-23 22:19:41,675 INFO     ___FILE_ONLY___ Step #0 - "Install dependencies": npm WARN EBADENGINE   current: { node: 'v19.0.0', npm: '8.19.2' }

2025-10-23 22:19:41,675 INFO     ___FILE_ONLY___ Step #0 - "Install dependencies": npm WARN EBADENGINE }

2025-10-23 22:19:41,675 INFO     ___FILE_ONLY___ Step #0 - "Install dependencies": npm WARN EBADENGINE Unsupported engine {

2025-10-23 22:19:41,675 INFO     ___FILE_ONLY___ Step #0 - "Install dependencies": npm WARN EBADENGINE   package: '@typescript-eslint/tsconfig-utils@8.35.0',

2025-10-23 22:19:41,675 INFO     ___FILE_ONLY___ Step #0 - "Install dependencies": npm WARN EBADENGINE   required: { node: '^18.18.0 || ^20.9.0 || >=21.1.0' },

2025-10-23 22:19:41,675 INFO     ___FILE_ONLY___ Step #0 - "Install dependencies": npm WARN EBADENGINE   current: { node: 'v19.0.0', npm: '8.19.2' }

2025-10-23 22:19:41,675 INFO     ___FILE_ONLY___ Step #0 - "Install dependencies": npm WARN EBADENGINE }

2025-10-23 22:19:41,675 INFO     ___FILE_ONLY___ Step #0 - "Install dependencies": npm WARN EBADENGINE Unsupported engine {

2025-10-23 22:19:41,675 INFO     ___FILE_ONLY___ Step #0 - "Install dependencies": npm WARN EBADENGINE   package: '@typescript-eslint/type-utils@8.35.0',

2025-10-23 22:19:41,675 INFO     ___FILE_ONLY___ Step #0 - "Install dependencies": npm WARN EBADENGINE   required: { node: '^18.18.0 || ^20.9.0 || >=21.1.0' },

2025-10-23 22:19:41,675 INFO     ___FILE_ONLY___ Step #0 - "Install dependencies": npm WARN EBADENGINE   current: { node: 'v19.0.0', npm: '8.19.2' }

2025-10-23 22:19:41,675 INFO     ___FILE_ONLY___ Step #0 - "Install dependencies": npm WARN EBADENGINE }

2025-10-23 22:19:41,675 INFO     ___FILE_ONLY___ Step #0 - "Install dependencies": npm WARN EBADENGINE Unsupported engine {

2025-10-23 22:19:41,675 INFO     ___FILE_ONLY___ Step #0 - "Install dependencies": npm WARN EBADENGINE   package: '@typescript-eslint/types@8.35.0',

2025-10-23 22:19:41,675 INFO     ___FILE_ONLY___ Step #0 - "Install dependencies": npm WARN EBADENGINE   required: { node: '^18.18.0 || ^20.9.0 || >=21.1.0' },

2025-10-23 22:19:41,675 INFO     ___FILE_ONLY___ Step #0 - "Install dependencies": npm WARN EBADENGINE   current: { node: 'v19.0.0', npm: '8.19.2' }

2025-10-23 22:19:41,675 INFO     ___FILE_ONLY___ Step #0 - "Install dependencies": npm WARN EBADENGINE }

2025-10-23 22:19:41,675 INFO     ___FILE_ONLY___ Step #0 - "Install dependencies": npm WARN EBADENGINE Unsupported engine {

2025-10-23 22:19:41,675 INFO     ___FILE_ONLY___ Step #0 - "Install dependencies": npm WARN EBADENGINE   package: '@typescript-eslint/typescript-estree@8.35.0',

2025-10-23 22:19:41,675 INFO     ___FILE_ONLY___ Step #0 - "Install dependencies": npm WARN EBADENGINE   required: { node: '^18.18.0 || ^20.9.0 || >=21.1.0' },

2025-10-23 22:19:41,675 INFO     ___FILE_ONLY___ Step #0 - "Install dependencies": npm WARN EBADENGINE   current: { node: 'v19.0.0', npm: '8.19.2' }

2025-10-23 22:19:41,675 INFO     ___FILE_ONLY___ Step #0 - "Install dependencies": npm WARN EBADENGINE }

2025-10-23 22:19:41,675 INFO     ___FILE_ONLY___ Step #0 - "Install dependencies": npm WARN EBADENGINE Unsupported engine {

2025-10-23 22:19:41,675 INFO     ___FILE_ONLY___ Step #0 - "Install dependencies": npm WARN EBADENGINE   package: '@typescript-eslint/utils@8.35.0',

2025-10-23 22:19:41,675 INFO     ___FILE_ONLY___ Step #0 - "Install dependencies": npm WARN EBADENGINE   required: { node: '^18.18.0 || ^20.9.0 || >=21.1.0' },

2025-10-23 22:19:41,675 INFO     ___FILE_ONLY___ Step #0 - "Install dependencies": npm WARN EBADENGINE   current: { node: 'v19.0.0', npm: '8.19.2' }

2025-10-23 22:19:41,675 INFO     ___FILE_ONLY___ Step #0 - "Install dependencies": npm WARN EBADENGINE }

2025-10-23 22:19:41,675 INFO     ___FILE_ONLY___ Step #0 - "Install dependencies": npm WARN EBADENGINE Unsupported engine {

2025-10-23 22:19:41,675 INFO     ___FILE_ONLY___ Step #0 - "Install dependencies": npm WARN EBADENGINE   package: '@typescript-eslint/visitor-keys@8.35.0',

2025-10-23 22:19:41,675 INFO     ___FILE_ONLY___ Step #0 - "Install dependencies": npm WARN EBADENGINE   required: { node: '^18.18.0 || ^20.9.0 || >=21.1.0' },

2025-10-23 22:19:41,675 INFO     ___FILE_ONLY___ Step #0 - "Install dependencies": npm WARN EBADENGINE   current: { node: 'v19.0.0', npm: '8.19.2' }

2025-10-23 22:19:41,675 INFO     ___FILE_ONLY___ Step #0 - "Install dependencies": npm WARN EBADENGINE }

2025-10-23 22:19:41,675 INFO     ___FILE_ONLY___ Step #0 - "Install dependencies": npm WARN EBADENGINE Unsupported engine {

2025-10-23 22:19:41,675 INFO     ___FILE_ONLY___ Step #0 - "Install dependencies": npm WARN EBADENGINE   package: 'eslint-visitor-keys@4.2.1',

2025-10-23 22:19:41,675 INFO     ___FILE_ONLY___ Step #0 - "Install dependencies": npm WARN EBADENGINE   required: { node: '^18.18.0 || ^20.9.0 || >=21.1.0' },

2025-10-23 22:19:41,675 INFO     ___FILE_ONLY___ Step #0 - "Install dependencies": npm WARN EBADENGINE   current: { node: 'v19.0.0', npm: '8.19.2' }

2025-10-23 22:19:41,676 INFO     ___FILE_ONLY___ Step #0 - "Install dependencies": npm WARN EBADENGINE }

2025-10-23 22:19:41,676 INFO     ___FILE_ONLY___ Step #0 - "Install dependencies": npm WARN EBADENGINE Unsupported engine {

2025-10-23 22:19:41,676 INFO     ___FILE_ONLY___ Step #0 - "Install dependencies": npm WARN EBADENGINE   package: 'eslint@9.30.0',

2025-10-23 22:19:41,676 INFO     ___FILE_ONLY___ Step #0 - "Install dependencies": npm WARN EBADENGINE   required: { node: '^18.18.0 || ^20.9.0 || >=21.1.0' },

2025-10-23 22:19:41,676 INFO     ___FILE_ONLY___ Step #0 - "Install dependencies": npm WARN EBADENGINE   current: { node: 'v19.0.0', npm: '8.19.2' }

2025-10-23 22:19:41,676 INFO     ___FILE_ONLY___ Step #0 - "Install dependencies": npm WARN EBADENGINE }

2025-10-23 22:19:41,676 INFO     ___FILE_ONLY___ Step #0 - "Install dependencies": npm WARN EBADENGINE Unsupported engine {

2025-10-23 22:19:41,676 INFO     ___FILE_ONLY___ Step #0 - "Install dependencies": npm WARN EBADENGINE   package: 'eslint-scope@8.4.0',

2025-10-23 22:19:41,676 INFO     ___FILE_ONLY___ Step #0 - "Install dependencies": npm WARN EBADENGINE   required: { node: '^18.18.0 || ^20.9.0 || >=21.1.0' },

2025-10-23 22:19:41,676 INFO     ___FILE_ONLY___ Step #0 - "Install dependencies": npm WARN EBADENGINE   current: { node: 'v19.0.0', npm: '8.19.2' }

2025-10-23 22:19:41,676 INFO     ___FILE_ONLY___ Step #0 - "Install dependencies": npm WARN EBADENGINE }

2025-10-23 22:19:41,676 INFO     ___FILE_ONLY___ Step #0 - "Install dependencies": npm WARN EBADENGINE Unsupported engine {

2025-10-23 22:19:41,676 INFO     ___FILE_ONLY___ Step #0 - "Install dependencies": npm WARN EBADENGINE   package: 'eslint-visitor-keys@4.2.1',

2025-10-23 22:19:41,676 INFO     ___FILE_ONLY___ Step #0 - "Install dependencies": npm WARN EBADENGINE   required: { node: '^18.18.0 || ^20.9.0 || >=21.1.0' },

2025-10-23 22:19:41,676 INFO     ___FILE_ONLY___ Step #0 - "Install dependencies": npm WARN EBADENGINE   current: { node: 'v19.0.0', npm: '8.19.2' }

2025-10-23 22:19:41,676 INFO     ___FILE_ONLY___ Step #0 - "Install dependencies": npm WARN EBADENGINE }

2025-10-23 22:19:41,676 INFO     ___FILE_ONLY___ Step #0 - "Install dependencies": npm WARN EBADENGINE Unsupported engine {

2025-10-23 22:19:41,676 INFO     ___FILE_ONLY___ Step #0 - "Install dependencies": npm WARN EBADENGINE   package: 'espree@10.4.0',

2025-10-23 22:19:41,676 INFO     ___FILE_ONLY___ Step #0 - "Install dependencies": npm WARN EBADENGINE   required: { node: '^18.18.0 || ^20.9.0 || >=21.1.0' },

2025-10-23 22:19:41,676 INFO     ___FILE_ONLY___ Step #0 - "Install dependencies": npm WARN EBADENGINE   current: { node: 'v19.0.0', npm: '8.19.2' }

2025-10-23 22:19:41,676 INFO     ___FILE_ONLY___ Step #0 - "Install dependencies": npm WARN EBADENGINE }

2025-10-23 22:19:41,676 INFO     ___FILE_ONLY___ Step #0 - "Install dependencies": npm WARN EBADENGINE Unsupported engine {

2025-10-23 22:19:41,676 INFO     ___FILE_ONLY___ Step #0 - "Install dependencies": npm WARN EBADENGINE   package: 'eslint-visitor-keys@4.2.1',

2025-10-23 22:19:41,676 INFO     ___FILE_ONLY___ Step #0 - "Install dependencies": npm WARN EBADENGINE   required: { node: '^18.18.0 || ^20.9.0 || >=21.1.0' },

2025-10-23 22:19:41,677 INFO     ___FILE_ONLY___ Step #0 - "Install dependencies": npm WARN EBADENGINE   current: { node: 'v19.0.0', npm: '8.19.2' }

2025-10-23 22:19:41,677 INFO     ___FILE_ONLY___ Step #0 - "Install dependencies": npm WARN EBADENGINE }

2025-10-23 22:19:41,677 INFO     ___FILE_ONLY___ Step #0 - "Install dependencies": npm WARN EBADENGINE Unsupported engine {

2025-10-23 22:19:41,677 INFO     ___FILE_ONLY___ Step #0 - "Install dependencies": npm WARN EBADENGINE   package: 'prom-client@15.1.3',

2025-10-23 22:19:41,677 INFO     ___FILE_ONLY___ Step #0 - "Install dependencies": npm WARN EBADENGINE   required: { node: '^16 || ^18 || >=20' },

2025-10-23 22:19:41,677 INFO     ___FILE_ONLY___ Step #0 - "Install dependencies": npm WARN EBADENGINE   current: { node: 'v19.0.0', npm: '8.19.2' }

2025-10-23 22:19:41,677 INFO     ___FILE_ONLY___ Step #0 - "Install dependencies": npm WARN EBADENGINE }

2025-10-23 22:19:41,677 INFO     ___FILE_ONLY___ Step #0 - "Install dependencies": npm WARN EBADENGINE Unsupported engine {

2025-10-23 22:19:41,677 INFO     ___FILE_ONLY___ Step #0 - "Install dependencies": npm WARN EBADENGINE   package: 'vite@6.3.6',

2025-10-23 22:19:41,677 INFO     ___FILE_ONLY___ Step #0 - "Install dependencies": npm WARN EBADENGINE   required: { node: '^18.0.0 || ^20.0.0 || >=22.0.0' },

2025-10-23 22:19:41,677 INFO     ___FILE_ONLY___ Step #0 - "Install dependencies": npm WARN EBADENGINE   current: { node: 'v19.0.0', npm: '8.19.2' }

2025-10-23 22:19:41,677 INFO     ___FILE_ONLY___ Step #0 - "Install dependencies": npm WARN EBADENGINE }

2025-10-23 22:19:41,677 INFO     ___FILE_ONLY___ Step #0 - "Install dependencies": npm WARN deprecated node-domexception@1.0.0: Use your platform's native DOMException instead

2025-10-23 22:19:41,677 INFO     ___FILE_ONLY___ Step #0 - "Install dependencies":

2025-10-23 22:19:41,677 INFO     ___FILE_ONLY___ Step #0 - "Install dependencies": added 636 packages, and audited 637 packages in 30s

2025-10-23 22:19:41,677 INFO     ___FILE_ONLY___ Step #0 - "Install dependencies":

2025-10-23 22:19:41,677 INFO     ___FILE_ONLY___ Step #0 - "Install dependencies": 221 packages are looking for funding

2025-10-23 22:19:41,677 INFO     ___FILE_ONLY___ Step #0 - "Install dependencies":   run `npm fund` for details

2025-10-23 22:19:41,677 INFO     ___FILE_ONLY___ Step #0 - "Install dependencies":

2025-10-23 22:19:41,677 INFO     ___FILE_ONLY___ Step #0 - "Install dependencies": 2 moderate severity vulnerabilities

2025-10-23 22:19:41,677 INFO     ___FILE_ONLY___ Step #0 - "Install dependencies":

2025-10-23 22:19:41,677 INFO     ___FILE_ONLY___ Step #0 - "Install dependencies": To address issues that do not require attention, run:

2025-10-23 22:19:41,677 INFO     ___FILE_ONLY___ Step #0 - "Install dependencies":   npm audit fix

2025-10-23 22:19:41,677 INFO     ___FILE_ONLY___ Step #0 - "Install dependencies":

2025-10-23 22:19:41,677 INFO     ___FILE_ONLY___ Step #0 - "Install dependencies": To address all issues (including breaking changes), run:

2025-10-23 22:19:41,677 INFO     ___FILE_ONLY___ Step #0 - "Install dependencies":   npm audit fix --force

2025-10-23 22:19:41,677 INFO     ___FILE_ONLY___ Step #0 - "Install dependencies":

2025-10-23 22:19:41,677 INFO     ___FILE_ONLY___ Step #0 - "Install dependencies": Run `npm audit` for details.

2025-10-23 22:19:41,677 INFO     ___FILE_ONLY___ Finished Step #0 - "Install dependencies"

2025-10-23 22:19:41,677 INFO     ___FILE_ONLY___ Starting Step #1 - "Verify"

2025-10-23 22:19:41,677 INFO     ___FILE_ONLY___ Step #1 - "Verify": Already have image (with digest): gcr.io/cloud-builders/npm

2025-10-23 22:19:41,677 INFO     ___FILE_ONLY___ Step #1 - "Verify":

2025-10-23 22:19:41,677 INFO     ___FILE_ONLY___ Step #1 - "Verify": > react-vite-ts@0.0.0 verify

2025-10-23 22:19:41,677 INFO     ___FILE_ONLY___ Step #1 - "Verify": > npm run typecheck && npm run lint && npm run test:contract && npm run test:smoke

2025-10-23 22:19:41,677 INFO     ___FILE_ONLY___ Step #1 - "Verify":

2025-10-23 22:19:41,677 INFO     ___FILE_ONLY___ Step #1 - "Verify":

2025-10-23 22:19:41,677 INFO     ___FILE_ONLY___ Step #1 - "Verify": > react-vite-ts@0.0.0 typecheck

2025-10-23 22:19:41,677 INFO     ___FILE_ONLY___ Step #1 - "Verify": > tsc --noEmit

2025-10-23 22:19:41,677 INFO     ___FILE_ONLY___ Step #1 - "Verify":

2025-10-23 22:19:41,678 INFO     ___FILE_ONLY___ Step #1 - "Verify":

2025-10-23 22:19:41,678 INFO     ___FILE_ONLY___ Step #1 - "Verify": > react-vite-ts@0.0.0 lint

2025-10-23 22:19:41,678 INFO     ___FILE_ONLY___ Step #1 - "Verify": > eslint . --ext ts,tsx --report-unused-disable-directives --max-warnings 0

2025-10-23 22:19:41,678 INFO     ___FILE_ONLY___ Step #1 - "Verify":

2025-10-23 22:19:41,678 INFO     ___FILE_ONLY___ Step #1 - "Verify":

2025-10-23 22:19:41,678 INFO     ___FILE_ONLY___ Step #1 - "Verify": > react-vite-ts@0.0.0 test:contract

2025-10-23 22:19:41,678 INFO     ___FILE_ONLY___ Step #1 - "Verify": > TS_NODE_PROJECT=tsconfig.contract.json node --loader ts-node/esm scripts/test-contract-matrikkel.ts && node --import tsx scripts/test-contract-resultAssembler.ts

2025-10-23 22:19:41,678 INFO     ___FILE_ONLY___ Step #1 - "Verify":

2025-10-23 22:19:41,678 INFO     ___FILE_ONLY___ Step #1 - "Verify": (node:73) ExperimentalWarning: Custom ESM Loaders is an experimental feature. This feature could change at any time

2025-10-23 22:19:41,678 INFO     ___FILE_ONLY___ Step #1 - "Verify": (Use `node --trace-warnings ...` to show where the warning was created)

2025-10-23 22:19:41,678 INFO     ___FILE_ONLY___ Step #1 - "Verify": file:///workspace/packages/config/src/runtime.ts:81

2025-10-23 22:19:41,678 INFO     ___FILE_ONLY___ Step #1 - "Verify":     throw new Error(`[config] Missing required environment variable ${name}`);

2025-10-23 22:19:41,678 INFO     ___FILE_ONLY___ Step #1 - "Verify":           ^

2025-10-23 22:19:41,678 INFO     ___FILE_ONLY___ Step #1 - "Verify": Error: [config] Missing required environment variable MATRIKKEL_USERNAME

2025-10-23 22:19:41,678 INFO     ___FILE_ONLY___ Step #1 - "Verify":     at requireEnv (file:///workspace/packages/config/src/runtime.ts:81:11)

2025-10-23 22:19:41,678 INFO     ___FILE_ONLY___ Step #1 - "Verify":     at getRuntimeConfig (file:///workspace/packages/config/src/runtime.ts:122:15)

2025-10-23 22:19:41,678 INFO     ___FILE_ONLY___ Step #1 - "Verify":     at file:///workspace/loadEnv.ts:5:1

2025-10-23 22:19:41,678 INFO     ___FILE_ONLY___ Step #1 - "Verify":     at ModuleJob.run (node:internal/modules/esm/module_job:193:25)

2025-10-23 22:19:41,678 INFO     ___FILE_ONLY___ Step #1 - "Verify":     at async Promise.all (index 0)

2025-10-23 22:19:41,678 INFO     ___FILE_ONLY___ Step #1 - "Verify":     at async ESMLoader.import (node:internal/modules/esm/loader:518:24)

2025-10-23 22:19:41,678 INFO     ___FILE_ONLY___ Step #1 - "Verify":     at async loadESM (node:internal/process/esm_loader:102:5)

2025-10-23 22:19:41,678 INFO     ___FILE_ONLY___ Step #1 - "Verify":     at async handleMainPromise (node:internal/modules/run_main:66:12)

2025-10-23 22:19:41,678 INFO     ___FILE_ONLY___ Finished Step #1 - "Verify"

2025-10-23 22:19:41,678 INFO     ___FILE_ONLY___ ERROR

2025-10-23 22:19:41,678 INFO     ___FILE_ONLY___ ERROR: build step 1 "gcr.io/cloud-builders/npm" failed: step exited with non-zero status: 1

2025-10-23 22:19:41,678 INFO     ___FILE_ONLY___ ---------------------------------------------------------------------------------------------------

2025-10-23 22:19:41,679 DEBUG    root            Chosen display Format:default
2025-10-23 22:19:41,679 INFO     root            Display format: "default"
2025-10-23 22:19:41,690 DEBUG    root            Metrics reporting process started...
