2025-10-23 22:32:21,475 DEBUG    root            Loaded Command Group: ['gcloud', 'secrets']
2025-10-23 22:32:21,485 DEBUG    root            Loaded Command Group: ['gcloud', 'secrets', 'add_iam_policy_binding']
2025-10-23 22:32:21,490 DEBUG    root            Running [gcloud.secrets.add-iam-policy-binding] with arguments: [--member: "serviceAccount:cloud-build@energiverktoy-poc-1234.iam.gserviceaccount.com", --role: "roles/secretmanager.secretAccessor", SECRET: "MATRIKKEL_API_BASE_URL_TEST"]
2025-10-23 22:32:21,503 DEBUG    urllib3.connectionpool Starting new HTTPS connection (1): secretmanager.googleapis.com:443
2025-10-23 22:32:21,992 DEBUG    urllib3.connectionpool https://secretmanager.googleapis.com:443 "GET /v1/projects/energiverktoy-poc-1234/secrets/MATRIKKEL_API_BASE_URL_TEST:getIamPolicy?alt=json&options.requestedPolicyVersion=3 HTTP/1.1" 200 None
2025-10-23 22:32:22,886 DEBUG    urllib3.connectionpool https://secretmanager.googleapis.com:443 "POST /v1/projects/energiverktoy-poc-1234/secrets/MATRIKKEL_API_BASE_URL_TEST:setIamPolicy?alt=json HTTP/1.1" 200 None
2025-10-23 22:32:22,888 INFO     ___FILE_ONLY___ Updated IAM policy for secret [MATRIKKEL_API_BASE_URL_TEST].

2025-10-23 22:32:22,888 DEBUG    root            Chosen display Format:default
2025-10-23 22:32:22,889 INFO     root            Display format: "default"
2025-10-23 22:32:22,915 INFO     ___FILE_ONLY___ bindings
2025-10-23 22:32:22,915 INFO     ___FILE_ONLY___ :
2025-10-23 22:32:22,915 INFO     ___FILE_ONLY___ 

2025-10-23 22:32:22,915 INFO     ___FILE_ONLY___ -
2025-10-23 22:32:22,915 INFO     ___FILE_ONLY___  
2025-10-23 22:32:22,915 INFO     ___FILE_ONLY___ members
2025-10-23 22:32:22,915 INFO     ___FILE_ONLY___ :
2025-10-23 22:32:22,915 INFO     ___FILE_ONLY___ 

2025-10-23 22:32:22,915 INFO     ___FILE_ONLY___   
2025-10-23 22:32:22,915 INFO     ___FILE_ONLY___ -
2025-10-23 22:32:22,915 INFO     ___FILE_ONLY___  
2025-10-23 22:32:22,915 INFO     ___FILE_ONLY___ serviceAccount:cloud-build@energiverktoy-poc-1234.iam.gserviceaccount.com
2025-10-23 22:32:22,915 INFO     ___FILE_ONLY___ 

2025-10-23 22:32:22,915 INFO     ___FILE_ONLY___   
2025-10-23 22:32:22,915 INFO     ___FILE_ONLY___ role
2025-10-23 22:32:22,915 INFO     ___FILE_ONLY___ :
2025-10-23 22:32:22,915 INFO     ___FILE_ONLY___  
2025-10-23 22:32:22,915 INFO     ___FILE_ONLY___ roles/secretmanager.secretAccessor
2025-10-23 22:32:22,915 INFO     ___FILE_ONLY___ 

2025-10-23 22:32:22,915 INFO     ___FILE_ONLY___ etag
2025-10-23 22:32:22,915 INFO     ___FILE_ONLY___ :
2025-10-23 22:32:22,915 INFO     ___FILE_ONLY___  
2025-10-23 22:32:22,915 INFO     ___FILE_ONLY___ BwZB2VSRd3s=
2025-10-23 22:32:22,916 INFO     ___FILE_ONLY___ 

2025-10-23 22:32:22,916 INFO     ___FILE_ONLY___ version
2025-10-23 22:32:22,916 INFO     ___FILE_ONLY___ :
2025-10-23 22:32:22,916 INFO     ___FILE_ONLY___  
2025-10-23 22:32:22,916 INFO     ___FILE_ONLY___ 1
2025-10-23 22:32:22,916 INFO     ___FILE_ONLY___ 

2025-10-23 22:32:22,926 DEBUG    root            Metrics reporting process started...
