2025-10-23 22:32:08,438 DEBUG    root            Loaded Command Group: ['gcloud', 'secrets']
2025-10-23 22:32:08,446 DEBUG    root            Loaded Command Group: ['gcloud', 'secrets', 'add_iam_policy_binding']
2025-10-23 22:32:08,452 DEBUG    root            Running [gcloud.secrets.add-iam-policy-binding] with arguments: [--member: "serviceAccount:cloud-build@energiverktoy-poc-1234.iam.gserviceaccount.com", --role: "roles/secretmanager.secretAccessor", SECRET: "MATRIKKEL_USERNAME_TEST"]
2025-10-23 22:32:08,464 DEBUG    urllib3.connectionpool Starting new HTTPS connection (1): secretmanager.googleapis.com:443
2025-10-23 22:32:09,006 DEBUG    urllib3.connectionpool https://secretmanager.googleapis.com:443 "GET /v1/projects/energiverktoy-poc-1234/secrets/MATRIKKEL_USERNAME_TEST:getIamPolicy?alt=json&options.requestedPolicyVersion=3 HTTP/1.1" 200 None
2025-10-23 22:32:09,799 DEBUG    urllib3.connectionpool https://secretmanager.googleapis.com:443 "POST /v1/projects/energiverktoy-poc-1234/secrets/MATRIKKEL_USERNAME_TEST:setIamPolicy?alt=json HTTP/1.1" 200 None
2025-10-23 22:32:09,800 INFO     ___FILE_ONLY___ Updated IAM policy for secret [MATRIKKEL_USERNAME_TEST].

2025-10-23 22:32:09,800 DEBUG    root            Chosen display Format:default
2025-10-23 22:32:09,801 INFO     root            Display format: "default"
2025-10-23 22:32:09,821 INFO     ___FILE_ONLY___ bindings
2025-10-23 22:32:09,821 INFO     ___FILE_ONLY___ :
2025-10-23 22:32:09,821 INFO     ___FILE_ONLY___ 

2025-10-23 22:32:09,821 INFO     ___FILE_ONLY___ -
2025-10-23 22:32:09,821 INFO     ___FILE_ONLY___  
2025-10-23 22:32:09,821 INFO     ___FILE_ONLY___ members
2025-10-23 22:32:09,821 INFO     ___FILE_ONLY___ :
2025-10-23 22:32:09,821 INFO     ___FILE_ONLY___ 

2025-10-23 22:32:09,821 INFO     ___FILE_ONLY___   
2025-10-23 22:32:09,821 INFO     ___FILE_ONLY___ -
2025-10-23 22:32:09,821 INFO     ___FILE_ONLY___  
2025-10-23 22:32:09,821 INFO     ___FILE_ONLY___ serviceAccount:cloud-build@energiverktoy-poc-1234.iam.gserviceaccount.com
2025-10-23 22:32:09,821 INFO     ___FILE_ONLY___ 

2025-10-23 22:32:09,822 INFO     ___FILE_ONLY___   
2025-10-23 22:32:09,822 INFO     ___FILE_ONLY___ role
2025-10-23 22:32:09,822 INFO     ___FILE_ONLY___ :
2025-10-23 22:32:09,822 INFO     ___FILE_ONLY___  
2025-10-23 22:32:09,822 INFO     ___FILE_ONLY___ roles/secretmanager.secretAccessor
2025-10-23 22:32:09,822 INFO     ___FILE_ONLY___ 

2025-10-23 22:32:09,822 INFO     ___FILE_ONLY___ etag
2025-10-23 22:32:09,822 INFO     ___FILE_ONLY___ :
2025-10-23 22:32:09,822 INFO     ___FILE_ONLY___  
2025-10-23 22:32:09,822 INFO     ___FILE_ONLY___ BwZB2VPJsPM=
2025-10-23 22:32:09,822 INFO     ___FILE_ONLY___ 

2025-10-23 22:32:09,822 INFO     ___FILE_ONLY___ version
2025-10-23 22:32:09,822 INFO     ___FILE_ONLY___ :
2025-10-23 22:32:09,822 INFO     ___FILE_ONLY___  
2025-10-23 22:32:09,822 INFO     ___FILE_ONLY___ 1
2025-10-23 22:32:09,822 INFO     ___FILE_ONLY___ 

2025-10-23 22:32:09,832 DEBUG    root            Metrics reporting process started...
