2025-10-23 22:35:29,194 DEBUG    root            Loaded Command Group: ['gcloud', 'builds']
2025-10-23 22:35:29,195 DEBUG    root            Loaded Command Group: ['gcloud', 'builds', 'describe']
2025-10-23 22:35:29,196 DEBUG    root            Running [gcloud.builds.describe] with arguments: [BUILD: "27b67b47-ce3d-4f1e-af64-154fab385f22"]
2025-10-23 22:35:29,220 DEBUG    urllib3.connectionpool Starting new HTTPS connection (1): cloudbuild.googleapis.com:443
2025-10-23 22:35:30,038 DEBUG    urllib3.connectionpool https://cloudbuild.googleapis.com:443 "GET /v1/projects/energiverktoy-poc-1234/locations/global/builds/27b67b47-ce3d-4f1e-af64-154fab385f22?alt=json HTTP/1.1" 200 None
2025-10-23 22:35:30,043 DEBUG    root            Chosen display Format:default
2025-10-23 22:35:30,043 INFO     root            Display format: "default"
2025-10-23 22:35:30,071 INFO     ___FILE_ONLY___ artifacts
2025-10-23 22:35:30,071 INFO     ___FILE_ONLY___ :
2025-10-23 22:35:30,071 INFO     ___FILE_ONLY___ 

2025-10-23 22:35:30,071 INFO     ___FILE_ONLY___   
2025-10-23 22:35:30,071 INFO     ___FILE_ONLY___ images
2025-10-23 22:35:30,071 INFO     ___FILE_ONLY___ :
2025-10-23 22:35:30,071 INFO     ___FILE_ONLY___ 

2025-10-23 22:35:30,071 INFO     ___FILE_ONLY___   
2025-10-23 22:35:30,072 INFO     ___FILE_ONLY___ -
2025-10-23 22:35:30,072 INFO     ___FILE_ONLY___  
2025-10-23 22:35:30,072 INFO     ___FILE_ONLY___ europe-north1-docker.pkg.dev/energiverktoy-poc-1234/energinokkelen/app:manual-test
2025-10-23 22:35:30,072 INFO     ___FILE_ONLY___ 

2025-10-23 22:35:30,072 INFO     ___FILE_ONLY___ availableSecrets
2025-10-23 22:35:30,072 INFO     ___FILE_ONLY___ :
2025-10-23 22:35:30,072 INFO     ___FILE_ONLY___ 

2025-10-23 22:35:30,072 INFO     ___FILE_ONLY___   
2025-10-23 22:35:30,072 INFO     ___FILE_ONLY___ secretManager
2025-10-23 22:35:30,072 INFO     ___FILE_ONLY___ :
2025-10-23 22:35:30,072 INFO     ___FILE_ONLY___ 

2025-10-23 22:35:30,072 INFO     ___FILE_ONLY___   
2025-10-23 22:35:30,072 INFO     ___FILE_ONLY___ -
2025-10-23 22:35:30,072 INFO     ___FILE_ONLY___  
2025-10-23 22:35:30,072 INFO     ___FILE_ONLY___ env
2025-10-23 22:35:30,072 INFO     ___FILE_ONLY___ :
2025-10-23 22:35:30,072 INFO     ___FILE_ONLY___  
2025-10-23 22:35:30,072 INFO     ___FILE_ONLY___ MATRIKKEL_USERNAME
2025-10-23 22:35:30,072 INFO     ___FILE_ONLY___ 

2025-10-23 22:35:30,072 INFO     ___FILE_ONLY___     
2025-10-23 22:35:30,072 INFO     ___FILE_ONLY___ versionName
2025-10-23 22:35:30,072 INFO     ___FILE_ONLY___ :
2025-10-23 22:35:30,072 INFO     ___FILE_ONLY___  
2025-10-23 22:35:30,072 INFO     ___FILE_ONLY___ projects/energiverktoy-poc-1234/secrets/MATRIKKEL_USERNAME/versions/latest
2025-10-23 22:35:30,072 INFO     ___FILE_ONLY___ 

2025-10-23 22:35:30,072 INFO     ___FILE_ONLY___   
2025-10-23 22:35:30,072 INFO     ___FILE_ONLY___ -
2025-10-23 22:35:30,072 INFO     ___FILE_ONLY___  
2025-10-23 22:35:30,072 INFO     ___FILE_ONLY___ env
2025-10-23 22:35:30,072 INFO     ___FILE_ONLY___ :
2025-10-23 22:35:30,072 INFO     ___FILE_ONLY___  
2025-10-23 22:35:30,073 INFO     ___FILE_ONLY___ MATRIKKEL_PASSWORD
2025-10-23 22:35:30,073 INFO     ___FILE_ONLY___ 

2025-10-23 22:35:30,073 INFO     ___FILE_ONLY___     
2025-10-23 22:35:30,073 INFO     ___FILE_ONLY___ versionName
2025-10-23 22:35:30,073 INFO     ___FILE_ONLY___ :
2025-10-23 22:35:30,073 INFO     ___FILE_ONLY___  
2025-10-23 22:35:30,073 INFO     ___FILE_ONLY___ projects/energiverktoy-poc-1234/secrets/MATRIKKEL_PASSWORD/versions/latest
2025-10-23 22:35:30,073 INFO     ___FILE_ONLY___ 

2025-10-23 22:35:30,073 INFO     ___FILE_ONLY___   
2025-10-23 22:35:30,073 INFO     ___FILE_ONLY___ -
2025-10-23 22:35:30,073 INFO     ___FILE_ONLY___  
2025-10-23 22:35:30,073 INFO     ___FILE_ONLY___ env
2025-10-23 22:35:30,073 INFO     ___FILE_ONLY___ :
2025-10-23 22:35:30,073 INFO     ___FILE_ONLY___  
2025-10-23 22:35:30,073 INFO     ___FILE_ONLY___ MATRIKKEL_USERNAME_TEST
2025-10-23 22:35:30,073 INFO     ___FILE_ONLY___ 

2025-10-23 22:35:30,073 INFO     ___FILE_ONLY___     
2025-10-23 22:35:30,073 INFO     ___FILE_ONLY___ versionName
2025-10-23 22:35:30,073 INFO     ___FILE_ONLY___ :
2025-10-23 22:35:30,073 INFO     ___FILE_ONLY___  
2025-10-23 22:35:30,073 INFO     ___FILE_ONLY___ projects/energiverktoy-poc-1234/secrets/MATRIKKEL_USERNAME_TEST/versions/latest
2025-10-23 22:35:30,073 INFO     ___FILE_ONLY___ 

2025-10-23 22:35:30,073 INFO     ___FILE_ONLY___   
2025-10-23 22:35:30,073 INFO     ___FILE_ONLY___ -
2025-10-23 22:35:30,073 INFO     ___FILE_ONLY___  
2025-10-23 22:35:30,073 INFO     ___FILE_ONLY___ env
2025-10-23 22:35:30,073 INFO     ___FILE_ONLY___ :
2025-10-23 22:35:30,073 INFO     ___FILE_ONLY___  
2025-10-23 22:35:30,073 INFO     ___FILE_ONLY___ MATRIKKEL_API_BASE_URL_TEST
2025-10-23 22:35:30,073 INFO     ___FILE_ONLY___ 

2025-10-23 22:35:30,073 INFO     ___FILE_ONLY___     
2025-10-23 22:35:30,073 INFO     ___FILE_ONLY___ versionName
2025-10-23 22:35:30,073 INFO     ___FILE_ONLY___ :
2025-10-23 22:35:30,073 INFO     ___FILE_ONLY___  
2025-10-23 22:35:30,073 INFO     ___FILE_ONLY___ projects/energiverktoy-poc-1234/secrets/MATRIKKEL_API_BASE_URL_TEST/versions/latest
2025-10-23 22:35:30,073 INFO     ___FILE_ONLY___ 

2025-10-23 22:35:30,073 INFO     ___FILE_ONLY___   
2025-10-23 22:35:30,073 INFO     ___FILE_ONLY___ -
2025-10-23 22:35:30,073 INFO     ___FILE_ONLY___  
2025-10-23 22:35:30,073 INFO     ___FILE_ONLY___ env
2025-10-23 22:35:30,073 INFO     ___FILE_ONLY___ :
2025-10-23 22:35:30,073 INFO     ___FILE_ONLY___  
2025-10-23 22:35:30,073 INFO     ___FILE_ONLY___ MATRIKKEL_API_BASE_URL_PROD
2025-10-23 22:35:30,073 INFO     ___FILE_ONLY___ 

2025-10-23 22:35:30,073 INFO     ___FILE_ONLY___     
2025-10-23 22:35:30,073 INFO     ___FILE_ONLY___ versionName
2025-10-23 22:35:30,073 INFO     ___FILE_ONLY___ :
2025-10-23 22:35:30,073 INFO     ___FILE_ONLY___  
2025-10-23 22:35:30,074 INFO     ___FILE_ONLY___ projects/energiverktoy-poc-1234/secrets/MATRIKKEL_API_BASE_URL_PROD/versions/latest
2025-10-23 22:35:30,074 INFO     ___FILE_ONLY___ 

2025-10-23 22:35:30,074 INFO     ___FILE_ONLY___   
2025-10-23 22:35:30,074 INFO     ___FILE_ONLY___ -
2025-10-23 22:35:30,074 INFO     ___FILE_ONLY___  
2025-10-23 22:35:30,074 INFO     ___FILE_ONLY___ env
2025-10-23 22:35:30,074 INFO     ___FILE_ONLY___ :
2025-10-23 22:35:30,074 INFO     ___FILE_ONLY___  
2025-10-23 22:35:30,074 INFO     ___FILE_ONLY___ MATRIKKEL_SNAPSHOT_VERSION
2025-10-23 22:35:30,074 INFO     ___FILE_ONLY___ 

2025-10-23 22:35:30,074 INFO     ___FILE_ONLY___     
2025-10-23 22:35:30,074 INFO     ___FILE_ONLY___ versionName
2025-10-23 22:35:30,074 INFO     ___FILE_ONLY___ :
2025-10-23 22:35:30,074 INFO     ___FILE_ONLY___  
2025-10-23 22:35:30,074 INFO     ___FILE_ONLY___ projects/energiverktoy-poc-1234/secrets/MATRIKKEL_SNAPSHOT_VERSION/versions/latest
2025-10-23 22:35:30,074 INFO     ___FILE_ONLY___ 

2025-10-23 22:35:30,074 INFO     ___FILE_ONLY___   
2025-10-23 22:35:30,074 INFO     ___FILE_ONLY___ -
2025-10-23 22:35:30,074 INFO     ___FILE_ONLY___  
2025-10-23 22:35:30,074 INFO     ___FILE_ONLY___ env
2025-10-23 22:35:30,074 INFO     ___FILE_ONLY___ :
2025-10-23 22:35:30,074 INFO     ___FILE_ONLY___  
2025-10-23 22:35:30,074 INFO     ___FILE_ONLY___ MATRIKKEL_SYSTEM_VERSION
2025-10-23 22:35:30,074 INFO     ___FILE_ONLY___ 

2025-10-23 22:35:30,074 INFO     ___FILE_ONLY___     
2025-10-23 22:35:30,074 INFO     ___FILE_ONLY___ versionName
2025-10-23 22:35:30,074 INFO     ___FILE_ONLY___ :
2025-10-23 22:35:30,074 INFO     ___FILE_ONLY___  
2025-10-23 22:35:30,074 INFO     ___FILE_ONLY___ projects/energiverktoy-poc-1234/secrets/MATRIKKEL_SYSTEM_VERSION/versions/latest
2025-10-23 22:35:30,074 INFO     ___FILE_ONLY___ 

2025-10-23 22:35:30,074 INFO     ___FILE_ONLY___   
2025-10-23 22:35:30,074 INFO     ___FILE_ONLY___ -
2025-10-23 22:35:30,074 INFO     ___FILE_ONLY___  
2025-10-23 22:35:30,074 INFO     ___FILE_ONLY___ env
2025-10-23 22:35:30,074 INFO     ___FILE_ONLY___ :
2025-10-23 22:35:30,074 INFO     ___FILE_ONLY___  
2025-10-23 22:35:30,074 INFO     ___FILE_ONLY___ ENOVA_API_KEY
2025-10-23 22:35:30,074 INFO     ___FILE_ONLY___ 

2025-10-23 22:35:30,074 INFO     ___FILE_ONLY___     
2025-10-23 22:35:30,074 INFO     ___FILE_ONLY___ versionName
2025-10-23 22:35:30,074 INFO     ___FILE_ONLY___ :
2025-10-23 22:35:30,074 INFO     ___FILE_ONLY___  
2025-10-23 22:35:30,074 INFO     ___FILE_ONLY___ projects/energiverktoy-poc-1234/secrets/ENOVA_API_KEY/versions/latest
2025-10-23 22:35:30,074 INFO     ___FILE_ONLY___ 

2025-10-23 22:35:30,074 INFO     ___FILE_ONLY___   
2025-10-23 22:35:30,074 INFO     ___FILE_ONLY___ -
2025-10-23 22:35:30,075 INFO     ___FILE_ONLY___  
2025-10-23 22:35:30,075 INFO     ___FILE_ONLY___ env
2025-10-23 22:35:30,075 INFO     ___FILE_ONLY___ :
2025-10-23 22:35:30,075 INFO     ___FILE_ONLY___  
2025-10-23 22:35:30,075 INFO     ___FILE_ONLY___ LIVE
2025-10-23 22:35:30,075 INFO     ___FILE_ONLY___ 

2025-10-23 22:35:30,075 INFO     ___FILE_ONLY___     
2025-10-23 22:35:30,075 INFO     ___FILE_ONLY___ versionName
2025-10-23 22:35:30,075 INFO     ___FILE_ONLY___ :
2025-10-23 22:35:30,075 INFO     ___FILE_ONLY___  
2025-10-23 22:35:30,075 INFO     ___FILE_ONLY___ projects/energiverktoy-poc-1234/secrets/LIVE/versions/latest
2025-10-23 22:35:30,075 INFO     ___FILE_ONLY___ 

2025-10-23 22:35:30,075 INFO     ___FILE_ONLY___ createTime
2025-10-23 22:35:30,075 INFO     ___FILE_ONLY___ :
2025-10-23 22:35:30,075 INFO     ___FILE_ONLY___  '
2025-10-23 22:35:30,075 INFO     ___FILE_ONLY___ 2025-10-23T20:34:07.569815564Z
2025-10-23 22:35:30,075 INFO     ___FILE_ONLY___ '
2025-10-23 22:35:30,075 INFO     ___FILE_ONLY___ 

2025-10-23 22:35:30,075 INFO     ___FILE_ONLY___ failureInfo
2025-10-23 22:35:30,076 INFO     ___FILE_ONLY___ :
2025-10-23 22:35:30,076 INFO     ___FILE_ONLY___ 

2025-10-23 22:35:30,076 INFO     ___FILE_ONLY___   
2025-10-23 22:35:30,076 INFO     ___FILE_ONLY___ detail
2025-10-23 22:35:30,076 INFO     ___FILE_ONLY___ :
2025-10-23 22:35:30,076 INFO     ___FILE_ONLY___  '
2025-10-23 22:35:30,076 INFO     ___FILE_ONLY___ Build
2025-10-23 22:35:30,076 INFO     ___FILE_ONLY___  
2025-10-23 22:35:30,076 INFO     ___FILE_ONLY___ step
2025-10-23 22:35:30,076 INFO     ___FILE_ONLY___  
2025-10-23 22:35:30,076 INFO     ___FILE_ONLY___ failure:
2025-10-23 22:35:30,076 INFO     ___FILE_ONLY___  
2025-10-23 22:35:30,076 INFO     ___FILE_ONLY___ build
2025-10-23 22:35:30,076 INFO     ___FILE_ONLY___  
2025-10-23 22:35:30,076 INFO     ___FILE_ONLY___ step
2025-10-23 22:35:30,076 INFO     ___FILE_ONLY___  
2025-10-23 22:35:30,076 INFO     ___FILE_ONLY___ 1
2025-10-23 22:35:30,076 INFO     ___FILE_ONLY___  
2025-10-23 22:35:30,076 INFO     ___FILE_ONLY___ "gcr.io/cloud-builders/npm"
2025-10-23 22:35:30,076 INFO     ___FILE_ONLY___  
2025-10-23 22:35:30,076 INFO     ___FILE_ONLY___ failed:
2025-10-23 22:35:30,076 INFO     ___FILE_ONLY___  
2025-10-23 22:35:30,076 INFO     ___FILE_ONLY___ step
2025-10-23 22:35:30,076 INFO     ___FILE_ONLY___ 

2025-10-23 22:35:30,076 INFO     ___FILE_ONLY___     
2025-10-23 22:35:30,076 INFO     ___FILE_ONLY___ exited
2025-10-23 22:35:30,076 INFO     ___FILE_ONLY___  
2025-10-23 22:35:30,076 INFO     ___FILE_ONLY___ with
2025-10-23 22:35:30,076 INFO     ___FILE_ONLY___  
2025-10-23 22:35:30,076 INFO     ___FILE_ONLY___ non-zero
2025-10-23 22:35:30,076 INFO     ___FILE_ONLY___  
2025-10-23 22:35:30,076 INFO     ___FILE_ONLY___ status:
2025-10-23 22:35:30,076 INFO     ___FILE_ONLY___  
2025-10-23 22:35:30,076 INFO     ___FILE_ONLY___ 1
2025-10-23 22:35:30,076 INFO     ___FILE_ONLY___ '
2025-10-23 22:35:30,076 INFO     ___FILE_ONLY___ 

2025-10-23 22:35:30,076 INFO     ___FILE_ONLY___   
2025-10-23 22:35:30,076 INFO     ___FILE_ONLY___ type
2025-10-23 22:35:30,076 INFO     ___FILE_ONLY___ :
2025-10-23 22:35:30,076 INFO     ___FILE_ONLY___  
2025-10-23 22:35:30,076 INFO     ___FILE_ONLY___ USER_BUILD_STEP
2025-10-23 22:35:30,076 INFO     ___FILE_ONLY___ 

2025-10-23 22:35:30,076 INFO     ___FILE_ONLY___ finishTime
2025-10-23 22:35:30,076 INFO     ___FILE_ONLY___ :
2025-10-23 22:35:30,076 INFO     ___FILE_ONLY___  '
2025-10-23 22:35:30,076 INFO     ___FILE_ONLY___ 2025-10-23T20:35:25.607058015Z
2025-10-23 22:35:30,076 INFO     ___FILE_ONLY___ '
2025-10-23 22:35:30,076 INFO     ___FILE_ONLY___ 

2025-10-23 22:35:30,076 INFO     ___FILE_ONLY___ id
2025-10-23 22:35:30,076 INFO     ___FILE_ONLY___ :
2025-10-23 22:35:30,076 INFO     ___FILE_ONLY___  
2025-10-23 22:35:30,076 INFO     ___FILE_ONLY___ 27b67b47-ce3d-4f1e-af64-154fab385f22
2025-10-23 22:35:30,076 INFO     ___FILE_ONLY___ 

2025-10-23 22:35:30,076 INFO     ___FILE_ONLY___ images
2025-10-23 22:35:30,076 INFO     ___FILE_ONLY___ :
2025-10-23 22:35:30,076 INFO     ___FILE_ONLY___ 

2025-10-23 22:35:30,076 INFO     ___FILE_ONLY___ -
2025-10-23 22:35:30,076 INFO     ___FILE_ONLY___  
2025-10-23 22:35:30,076 INFO     ___FILE_ONLY___ europe-north1-docker.pkg.dev/energiverktoy-poc-1234/energinokkelen/app:manual-test
2025-10-23 22:35:30,077 INFO     ___FILE_ONLY___ 

2025-10-23 22:35:30,077 INFO     ___FILE_ONLY___ logUrl
2025-10-23 22:35:30,077 INFO     ___FILE_ONLY___ :
2025-10-23 22:35:30,077 INFO     ___FILE_ONLY___  
2025-10-23 22:35:30,077 INFO     ___FILE_ONLY___ https://console.cloud.google.com/cloud-build/builds/27b67b47-ce3d-4f1e-af64-154fab385f22?project=168751968131
2025-10-23 22:35:30,077 INFO     ___FILE_ONLY___ 

2025-10-23 22:35:30,077 INFO     ___FILE_ONLY___ name
2025-10-23 22:35:30,077 INFO     ___FILE_ONLY___ :
2025-10-23 22:35:30,077 INFO     ___FILE_ONLY___  
2025-10-23 22:35:30,077 INFO     ___FILE_ONLY___ projects/168751968131/locations/global/builds/27b67b47-ce3d-4f1e-af64-154fab385f22
2025-10-23 22:35:30,077 INFO     ___FILE_ONLY___ 

2025-10-23 22:35:30,077 INFO     ___FILE_ONLY___ options
2025-10-23 22:35:30,077 INFO     ___FILE_ONLY___ :
2025-10-23 22:35:30,077 INFO     ___FILE_ONLY___ 

2025-10-23 22:35:30,077 INFO     ___FILE_ONLY___   
2025-10-23 22:35:30,077 INFO     ___FILE_ONLY___ logging
2025-10-23 22:35:30,077 INFO     ___FILE_ONLY___ :
2025-10-23 22:35:30,077 INFO     ___FILE_ONLY___  
2025-10-23 22:35:30,077 INFO     ___FILE_ONLY___ CLOUD_LOGGING_ONLY
2025-10-23 22:35:30,077 INFO     ___FILE_ONLY___ 

2025-10-23 22:35:30,077 INFO     ___FILE_ONLY___   
2025-10-23 22:35:30,077 INFO     ___FILE_ONLY___ pool
2025-10-23 22:35:30,077 INFO     ___FILE_ONLY___ :
2025-10-23 22:35:30,077 INFO     ___FILE_ONLY___  {
2025-10-23 22:35:30,077 INFO     ___FILE_ONLY___ }
2025-10-23 22:35:30,077 INFO     ___FILE_ONLY___ 

2025-10-23 22:35:30,077 INFO     ___FILE_ONLY___ projectId
2025-10-23 22:35:30,077 INFO     ___FILE_ONLY___ :
2025-10-23 22:35:30,077 INFO     ___FILE_ONLY___  
2025-10-23 22:35:30,077 INFO     ___FILE_ONLY___ energiverktoy-poc-1234
2025-10-23 22:35:30,077 INFO     ___FILE_ONLY___ 

2025-10-23 22:35:30,077 INFO     ___FILE_ONLY___ queueTtl
2025-10-23 22:35:30,077 INFO     ___FILE_ONLY___ :
2025-10-23 22:35:30,077 INFO     ___FILE_ONLY___  
2025-10-23 22:35:30,077 INFO     ___FILE_ONLY___ 3600s
2025-10-23 22:35:30,077 INFO     ___FILE_ONLY___ 

2025-10-23 22:35:30,077 INFO     ___FILE_ONLY___ results
2025-10-23 22:35:30,077 INFO     ___FILE_ONLY___ :
2025-10-23 22:35:30,077 INFO     ___FILE_ONLY___ 

2025-10-23 22:35:30,077 INFO     ___FILE_ONLY___   
2025-10-23 22:35:30,077 INFO     ___FILE_ONLY___ buildStepImages
2025-10-23 22:35:30,077 INFO     ___FILE_ONLY___ :
2025-10-23 22:35:30,077 INFO     ___FILE_ONLY___ 

2025-10-23 22:35:30,077 INFO     ___FILE_ONLY___   
2025-10-23 22:35:30,077 INFO     ___FILE_ONLY___ -
2025-10-23 22:35:30,077 INFO     ___FILE_ONLY___  
2025-10-23 22:35:30,077 INFO     ___FILE_ONLY___ sha256:c4a5b2fe136a8d5a9950594a3df578e2fbaf8a69d1fb0101cbdf857f314cfa26
2025-10-23 22:35:30,077 INFO     ___FILE_ONLY___ 

2025-10-23 22:35:30,077 INFO     ___FILE_ONLY___   
2025-10-23 22:35:30,078 INFO     ___FILE_ONLY___ -
2025-10-23 22:35:30,078 INFO     ___FILE_ONLY___  
2025-10-23 22:35:30,078 INFO     ___FILE_ONLY___ sha256:c4a5b2fe136a8d5a9950594a3df578e2fbaf8a69d1fb0101cbdf857f314cfa26
2025-10-23 22:35:30,078 INFO     ___FILE_ONLY___ 

2025-10-23 22:35:30,078 INFO     ___FILE_ONLY___   
2025-10-23 22:35:30,078 INFO     ___FILE_ONLY___ -
2025-10-23 22:35:30,078 INFO     ___FILE_ONLY___  
2025-10-23 22:35:30,078 INFO     ___FILE_ONLY___ '
2025-10-23 22:35:30,078 INFO     ___FILE_ONLY___ '
2025-10-23 22:35:30,078 INFO     ___FILE_ONLY___ 

2025-10-23 22:35:30,078 INFO     ___FILE_ONLY___   
2025-10-23 22:35:30,078 INFO     ___FILE_ONLY___ -
2025-10-23 22:35:30,078 INFO     ___FILE_ONLY___  
2025-10-23 22:35:30,078 INFO     ___FILE_ONLY___ '
2025-10-23 22:35:30,078 INFO     ___FILE_ONLY___ '
2025-10-23 22:35:30,078 INFO     ___FILE_ONLY___ 

2025-10-23 22:35:30,078 INFO     ___FILE_ONLY___   
2025-10-23 22:35:30,078 INFO     ___FILE_ONLY___ -
2025-10-23 22:35:30,078 INFO     ___FILE_ONLY___  
2025-10-23 22:35:30,078 INFO     ___FILE_ONLY___ '
2025-10-23 22:35:30,078 INFO     ___FILE_ONLY___ '
2025-10-23 22:35:30,078 INFO     ___FILE_ONLY___ 

2025-10-23 22:35:30,078 INFO     ___FILE_ONLY___   
2025-10-23 22:35:30,078 INFO     ___FILE_ONLY___ -
2025-10-23 22:35:30,078 INFO     ___FILE_ONLY___  
2025-10-23 22:35:30,078 INFO     ___FILE_ONLY___ '
2025-10-23 22:35:30,078 INFO     ___FILE_ONLY___ '
2025-10-23 22:35:30,078 INFO     ___FILE_ONLY___ 

2025-10-23 22:35:30,078 INFO     ___FILE_ONLY___   
2025-10-23 22:35:30,078 INFO     ___FILE_ONLY___ -
2025-10-23 22:35:30,078 INFO     ___FILE_ONLY___  
2025-10-23 22:35:30,078 INFO     ___FILE_ONLY___ '
2025-10-23 22:35:30,078 INFO     ___FILE_ONLY___ '
2025-10-23 22:35:30,078 INFO     ___FILE_ONLY___ 

2025-10-23 22:35:30,078 INFO     ___FILE_ONLY___   
2025-10-23 22:35:30,078 INFO     ___FILE_ONLY___ -
2025-10-23 22:35:30,078 INFO     ___FILE_ONLY___  
2025-10-23 22:35:30,078 INFO     ___FILE_ONLY___ '
2025-10-23 22:35:30,078 INFO     ___FILE_ONLY___ '
2025-10-23 22:35:30,078 INFO     ___FILE_ONLY___ 

2025-10-23 22:35:30,078 INFO     ___FILE_ONLY___   
2025-10-23 22:35:30,078 INFO     ___FILE_ONLY___ buildStepOutputs
2025-10-23 22:35:30,078 INFO     ___FILE_ONLY___ :
2025-10-23 22:35:30,078 INFO     ___FILE_ONLY___ 

2025-10-23 22:35:30,078 INFO     ___FILE_ONLY___   
2025-10-23 22:35:30,078 INFO     ___FILE_ONLY___ -
2025-10-23 22:35:30,078 INFO     ___FILE_ONLY___  
2025-10-23 22:35:30,078 INFO     ___FILE_ONLY___ '
2025-10-23 22:35:30,078 INFO     ___FILE_ONLY___ '
2025-10-23 22:35:30,078 INFO     ___FILE_ONLY___ 

2025-10-23 22:35:30,078 INFO     ___FILE_ONLY___   
2025-10-23 22:35:30,078 INFO     ___FILE_ONLY___ -
2025-10-23 22:35:30,078 INFO     ___FILE_ONLY___  
2025-10-23 22:35:30,078 INFO     ___FILE_ONLY___ '
2025-10-23 22:35:30,078 INFO     ___FILE_ONLY___ '
2025-10-23 22:35:30,078 INFO     ___FILE_ONLY___ 

2025-10-23 22:35:30,079 INFO     ___FILE_ONLY___   
2025-10-23 22:35:30,079 INFO     ___FILE_ONLY___ -
2025-10-23 22:35:30,079 INFO     ___FILE_ONLY___  
2025-10-23 22:35:30,079 INFO     ___FILE_ONLY___ '
2025-10-23 22:35:30,079 INFO     ___FILE_ONLY___ '
2025-10-23 22:35:30,079 INFO     ___FILE_ONLY___ 

2025-10-23 22:35:30,079 INFO     ___FILE_ONLY___   
2025-10-23 22:35:30,079 INFO     ___FILE_ONLY___ -
2025-10-23 22:35:30,079 INFO     ___FILE_ONLY___  
2025-10-23 22:35:30,079 INFO     ___FILE_ONLY___ '
2025-10-23 22:35:30,079 INFO     ___FILE_ONLY___ '
2025-10-23 22:35:30,079 INFO     ___FILE_ONLY___ 

2025-10-23 22:35:30,079 INFO     ___FILE_ONLY___   
2025-10-23 22:35:30,079 INFO     ___FILE_ONLY___ -
2025-10-23 22:35:30,079 INFO     ___FILE_ONLY___  
2025-10-23 22:35:30,079 INFO     ___FILE_ONLY___ '
2025-10-23 22:35:30,079 INFO     ___FILE_ONLY___ '
2025-10-23 22:35:30,079 INFO     ___FILE_ONLY___ 

2025-10-23 22:35:30,079 INFO     ___FILE_ONLY___   
2025-10-23 22:35:30,079 INFO     ___FILE_ONLY___ -
2025-10-23 22:35:30,079 INFO     ___FILE_ONLY___  
2025-10-23 22:35:30,079 INFO     ___FILE_ONLY___ '
2025-10-23 22:35:30,079 INFO     ___FILE_ONLY___ '
2025-10-23 22:35:30,079 INFO     ___FILE_ONLY___ 

2025-10-23 22:35:30,079 INFO     ___FILE_ONLY___   
2025-10-23 22:35:30,079 INFO     ___FILE_ONLY___ -
2025-10-23 22:35:30,079 INFO     ___FILE_ONLY___  
2025-10-23 22:35:30,079 INFO     ___FILE_ONLY___ '
2025-10-23 22:35:30,079 INFO     ___FILE_ONLY___ '
2025-10-23 22:35:30,079 INFO     ___FILE_ONLY___ 

2025-10-23 22:35:30,079 INFO     ___FILE_ONLY___   
2025-10-23 22:35:30,079 INFO     ___FILE_ONLY___ -
2025-10-23 22:35:30,079 INFO     ___FILE_ONLY___  
2025-10-23 22:35:30,079 INFO     ___FILE_ONLY___ '
2025-10-23 22:35:30,079 INFO     ___FILE_ONLY___ '
2025-10-23 22:35:30,079 INFO     ___FILE_ONLY___ 

2025-10-23 22:35:30,079 INFO     ___FILE_ONLY___ serviceAccount
2025-10-23 22:35:30,079 INFO     ___FILE_ONLY___ :
2025-10-23 22:35:30,079 INFO     ___FILE_ONLY___  
2025-10-23 22:35:30,079 INFO     ___FILE_ONLY___ projects/energiverktoy-poc-1234/serviceAccounts/cloud-build@energiverktoy-poc-1234.iam.gserviceaccount.com
2025-10-23 22:35:30,079 INFO     ___FILE_ONLY___ 

2025-10-23 22:35:30,079 INFO     ___FILE_ONLY___ source
2025-10-23 22:35:30,079 INFO     ___FILE_ONLY___ :
2025-10-23 22:35:30,080 INFO     ___FILE_ONLY___ 

2025-10-23 22:35:30,080 INFO     ___FILE_ONLY___   
2025-10-23 22:35:30,080 INFO     ___FILE_ONLY___ storageSource
2025-10-23 22:35:30,080 INFO     ___FILE_ONLY___ :
2025-10-23 22:35:30,080 INFO     ___FILE_ONLY___ 

2025-10-23 22:35:30,080 INFO     ___FILE_ONLY___     
2025-10-23 22:35:30,080 INFO     ___FILE_ONLY___ bucket
2025-10-23 22:35:30,080 INFO     ___FILE_ONLY___ :
2025-10-23 22:35:30,080 INFO     ___FILE_ONLY___  
2025-10-23 22:35:30,080 INFO     ___FILE_ONLY___ energiverktoy-poc-1234_cloudbuild
2025-10-23 22:35:30,080 INFO     ___FILE_ONLY___ 

2025-10-23 22:35:30,080 INFO     ___FILE_ONLY___     
2025-10-23 22:35:30,080 INFO     ___FILE_ONLY___ generation
2025-10-23 22:35:30,080 INFO     ___FILE_ONLY___ :
2025-10-23 22:35:30,080 INFO     ___FILE_ONLY___  '
2025-10-23 22:35:30,080 INFO     ___FILE_ONLY___ 1761251646598125
2025-10-23 22:35:30,080 INFO     ___FILE_ONLY___ '
2025-10-23 22:35:30,080 INFO     ___FILE_ONLY___ 

2025-10-23 22:35:30,080 INFO     ___FILE_ONLY___     
2025-10-23 22:35:30,080 INFO     ___FILE_ONLY___ object
2025-10-23 22:35:30,080 INFO     ___FILE_ONLY___ :
2025-10-23 22:35:30,080 INFO     ___FILE_ONLY___  
2025-10-23 22:35:30,080 INFO     ___FILE_ONLY___ source/1761251620.152921-d50981c16d104d07896161da0b028963.tgz
2025-10-23 22:35:30,080 INFO     ___FILE_ONLY___ 

2025-10-23 22:35:30,080 INFO     ___FILE_ONLY___ sourceProvenance
2025-10-23 22:35:30,080 INFO     ___FILE_ONLY___ :
2025-10-23 22:35:30,080 INFO     ___FILE_ONLY___ 

2025-10-23 22:35:30,080 INFO     ___FILE_ONLY___   
2025-10-23 22:35:30,080 INFO     ___FILE_ONLY___ fileHashes
2025-10-23 22:35:30,080 INFO     ___FILE_ONLY___ :
2025-10-23 22:35:30,080 INFO     ___FILE_ONLY___ 

2025-10-23 22:35:30,080 INFO     ___FILE_ONLY___     
2025-10-23 22:35:30,080 INFO     ___FILE_ONLY___ gs://energiverktoy-poc-1234_cloudbuild/source/1761251620.152921-d50981c16d104d07896161da0b028963.tgz#1761251646598125
2025-10-23 22:35:30,080 INFO     ___FILE_ONLY___ :
2025-10-23 22:35:30,080 INFO     ___FILE_ONLY___ 

2025-10-23 22:35:30,080 INFO     ___FILE_ONLY___       
2025-10-23 22:35:30,080 INFO     ___FILE_ONLY___ fileHash
2025-10-23 22:35:30,080 INFO     ___FILE_ONLY___ :
2025-10-23 22:35:30,081 INFO     ___FILE_ONLY___ 

2025-10-23 22:35:30,081 INFO     ___FILE_ONLY___       
2025-10-23 22:35:30,081 INFO     ___FILE_ONLY___ -
2025-10-23 22:35:30,081 INFO     ___FILE_ONLY___  
2025-10-23 22:35:30,081 INFO     ___FILE_ONLY___ type
2025-10-23 22:35:30,081 INFO     ___FILE_ONLY___ :
2025-10-23 22:35:30,081 INFO     ___FILE_ONLY___  
2025-10-23 22:35:30,081 INFO     ___FILE_ONLY___ MD5
2025-10-23 22:35:30,081 INFO     ___FILE_ONLY___ 

2025-10-23 22:35:30,081 INFO     ___FILE_ONLY___         
2025-10-23 22:35:30,081 INFO     ___FILE_ONLY___ value
2025-10-23 22:35:30,081 INFO     ___FILE_ONLY___ :
2025-10-23 22:35:30,081 INFO     ___FILE_ONLY___  
2025-10-23 22:35:30,081 INFO     ___FILE_ONLY___ UuqsBbj2SOeBK3VW5WdB1Q==
2025-10-23 22:35:30,081 INFO     ___FILE_ONLY___ 

2025-10-23 22:35:30,081 INFO     ___FILE_ONLY___   
2025-10-23 22:35:30,081 INFO     ___FILE_ONLY___ resolvedStorageSource
2025-10-23 22:35:30,081 INFO     ___FILE_ONLY___ :
2025-10-23 22:35:30,081 INFO     ___FILE_ONLY___ 

2025-10-23 22:35:30,081 INFO     ___FILE_ONLY___     
2025-10-23 22:35:30,081 INFO     ___FILE_ONLY___ bucket
2025-10-23 22:35:30,081 INFO     ___FILE_ONLY___ :
2025-10-23 22:35:30,081 INFO     ___FILE_ONLY___  
2025-10-23 22:35:30,081 INFO     ___FILE_ONLY___ energiverktoy-poc-1234_cloudbuild
2025-10-23 22:35:30,081 INFO     ___FILE_ONLY___ 

2025-10-23 22:35:30,081 INFO     ___FILE_ONLY___     
2025-10-23 22:35:30,081 INFO     ___FILE_ONLY___ generation
2025-10-23 22:35:30,081 INFO     ___FILE_ONLY___ :
2025-10-23 22:35:30,081 INFO     ___FILE_ONLY___  '
2025-10-23 22:35:30,081 INFO     ___FILE_ONLY___ 1761251646598125
2025-10-23 22:35:30,081 INFO     ___FILE_ONLY___ '
2025-10-23 22:35:30,081 INFO     ___FILE_ONLY___ 

2025-10-23 22:35:30,081 INFO     ___FILE_ONLY___     
2025-10-23 22:35:30,081 INFO     ___FILE_ONLY___ object
2025-10-23 22:35:30,081 INFO     ___FILE_ONLY___ :
2025-10-23 22:35:30,081 INFO     ___FILE_ONLY___  
2025-10-23 22:35:30,081 INFO     ___FILE_ONLY___ source/1761251620.152921-d50981c16d104d07896161da0b028963.tgz
2025-10-23 22:35:30,081 INFO     ___FILE_ONLY___ 

2025-10-23 22:35:30,081 INFO     ___FILE_ONLY___ startTime
2025-10-23 22:35:30,081 INFO     ___FILE_ONLY___ :
2025-10-23 22:35:30,081 INFO     ___FILE_ONLY___  '
2025-10-23 22:35:30,082 INFO     ___FILE_ONLY___ 2025-10-23T20:34:08.414082394Z
2025-10-23 22:35:30,082 INFO     ___FILE_ONLY___ '
2025-10-23 22:35:30,082 INFO     ___FILE_ONLY___ 

2025-10-23 22:35:30,082 INFO     ___FILE_ONLY___ status
2025-10-23 22:35:30,082 INFO     ___FILE_ONLY___ :
2025-10-23 22:35:30,082 INFO     ___FILE_ONLY___  
2025-10-23 22:35:30,082 INFO     ___FILE_ONLY___ FAILURE
2025-10-23 22:35:30,082 INFO     ___FILE_ONLY___ 

2025-10-23 22:35:30,082 INFO     ___FILE_ONLY___ steps
2025-10-23 22:35:30,082 INFO     ___FILE_ONLY___ :
2025-10-23 22:35:30,082 INFO     ___FILE_ONLY___ 

2025-10-23 22:35:30,082 INFO     ___FILE_ONLY___ -
2025-10-23 22:35:30,082 INFO     ___FILE_ONLY___  
2025-10-23 22:35:30,082 INFO     ___FILE_ONLY___ args
2025-10-23 22:35:30,082 INFO     ___FILE_ONLY___ :
2025-10-23 22:35:30,082 INFO     ___FILE_ONLY___ 

2025-10-23 22:35:30,082 INFO     ___FILE_ONLY___   
2025-10-23 22:35:30,082 INFO     ___FILE_ONLY___ -
2025-10-23 22:35:30,082 INFO     ___FILE_ONLY___  
2025-10-23 22:35:30,082 INFO     ___FILE_ONLY___ ci
2025-10-23 22:35:30,082 INFO     ___FILE_ONLY___ 

2025-10-23 22:35:30,082 INFO     ___FILE_ONLY___   
2025-10-23 22:35:30,082 INFO     ___FILE_ONLY___ id
2025-10-23 22:35:30,082 INFO     ___FILE_ONLY___ :
2025-10-23 22:35:30,082 INFO     ___FILE_ONLY___  
2025-10-23 22:35:30,082 INFO     ___FILE_ONLY___ Install
2025-10-23 22:35:30,082 INFO     ___FILE_ONLY___  
2025-10-23 22:35:30,082 INFO     ___FILE_ONLY___ dependencies
2025-10-23 22:35:30,082 INFO     ___FILE_ONLY___ 

2025-10-23 22:35:30,082 INFO     ___FILE_ONLY___   
2025-10-23 22:35:30,082 INFO     ___FILE_ONLY___ name
2025-10-23 22:35:30,082 INFO     ___FILE_ONLY___ :
2025-10-23 22:35:30,082 INFO     ___FILE_ONLY___  
2025-10-23 22:35:30,082 INFO     ___FILE_ONLY___ gcr.io/cloud-builders/npm
2025-10-23 22:35:30,082 INFO     ___FILE_ONLY___ 

2025-10-23 22:35:30,082 INFO     ___FILE_ONLY___   
2025-10-23 22:35:30,082 INFO     ___FILE_ONLY___ pullTiming
2025-10-23 22:35:30,082 INFO     ___FILE_ONLY___ :
2025-10-23 22:35:30,082 INFO     ___FILE_ONLY___ 

2025-10-23 22:35:30,082 INFO     ___FILE_ONLY___     
2025-10-23 22:35:30,082 INFO     ___FILE_ONLY___ endTime
2025-10-23 22:35:30,082 INFO     ___FILE_ONLY___ :
2025-10-23 22:35:30,083 INFO     ___FILE_ONLY___  '
2025-10-23 22:35:30,083 INFO     ___FILE_ONLY___ 2025-10-23T20:34:14.174938835Z
2025-10-23 22:35:30,083 INFO     ___FILE_ONLY___ '
2025-10-23 22:35:30,083 INFO     ___FILE_ONLY___ 

2025-10-23 22:35:30,083 INFO     ___FILE_ONLY___     
2025-10-23 22:35:30,083 INFO     ___FILE_ONLY___ startTime
2025-10-23 22:35:30,083 INFO     ___FILE_ONLY___ :
2025-10-23 22:35:30,083 INFO     ___FILE_ONLY___  '
2025-10-23 22:35:30,083 INFO     ___FILE_ONLY___ 2025-10-23T20:34:14.159824048Z
2025-10-23 22:35:30,083 INFO     ___FILE_ONLY___ '
2025-10-23 22:35:30,083 INFO     ___FILE_ONLY___ 

2025-10-23 22:35:30,083 INFO     ___FILE_ONLY___   
2025-10-23 22:35:30,083 INFO     ___FILE_ONLY___ status
2025-10-23 22:35:30,083 INFO     ___FILE_ONLY___ :
2025-10-23 22:35:30,083 INFO     ___FILE_ONLY___  
2025-10-23 22:35:30,083 INFO     ___FILE_ONLY___ SUCCESS
2025-10-23 22:35:30,083 INFO     ___FILE_ONLY___ 

2025-10-23 22:35:30,083 INFO     ___FILE_ONLY___   
2025-10-23 22:35:30,083 INFO     ___FILE_ONLY___ timing
2025-10-23 22:35:30,083 INFO     ___FILE_ONLY___ :
2025-10-23 22:35:30,083 INFO     ___FILE_ONLY___ 

2025-10-23 22:35:30,083 INFO     ___FILE_ONLY___     
2025-10-23 22:35:30,083 INFO     ___FILE_ONLY___ endTime
2025-10-23 22:35:30,083 INFO     ___FILE_ONLY___ :
2025-10-23 22:35:30,083 INFO     ___FILE_ONLY___  '
2025-10-23 22:35:30,083 INFO     ___FILE_ONLY___ 2025-10-23T20:34:51.051175394Z
2025-10-23 22:35:30,083 INFO     ___FILE_ONLY___ '
2025-10-23 22:35:30,083 INFO     ___FILE_ONLY___ 

2025-10-23 22:35:30,083 INFO     ___FILE_ONLY___     
2025-10-23 22:35:30,083 INFO     ___FILE_ONLY___ startTime
2025-10-23 22:35:30,083 INFO     ___FILE_ONLY___ :
2025-10-23 22:35:30,083 INFO     ___FILE_ONLY___  '
2025-10-23 22:35:30,083 INFO     ___FILE_ONLY___ 2025-10-23T20:34:14.159824048Z
2025-10-23 22:35:30,083 INFO     ___FILE_ONLY___ '
2025-10-23 22:35:30,083 INFO     ___FILE_ONLY___ 

2025-10-23 22:35:30,083 INFO     ___FILE_ONLY___ -
2025-10-23 22:35:30,083 INFO     ___FILE_ONLY___  
2025-10-23 22:35:30,083 INFO     ___FILE_ONLY___ args
2025-10-23 22:35:30,083 INFO     ___FILE_ONLY___ :
2025-10-23 22:35:30,083 INFO     ___FILE_ONLY___ 

2025-10-23 22:35:30,083 INFO     ___FILE_ONLY___   
2025-10-23 22:35:30,084 INFO     ___FILE_ONLY___ -
2025-10-23 22:35:30,084 INFO     ___FILE_ONLY___  
2025-10-23 22:35:30,084 INFO     ___FILE_ONLY___ run
2025-10-23 22:35:30,084 INFO     ___FILE_ONLY___ 

2025-10-23 22:35:30,084 INFO     ___FILE_ONLY___   
2025-10-23 22:35:30,084 INFO     ___FILE_ONLY___ -
2025-10-23 22:35:30,084 INFO     ___FILE_ONLY___  
2025-10-23 22:35:30,084 INFO     ___FILE_ONLY___ verify
2025-10-23 22:35:30,084 INFO     ___FILE_ONLY___ 

2025-10-23 22:35:30,084 INFO     ___FILE_ONLY___   
2025-10-23 22:35:30,084 INFO     ___FILE_ONLY___ env
2025-10-23 22:35:30,084 INFO     ___FILE_ONLY___ :
2025-10-23 22:35:30,084 INFO     ___FILE_ONLY___ 

2025-10-23 22:35:30,084 INFO     ___FILE_ONLY___   
2025-10-23 22:35:30,084 INFO     ___FILE_ONLY___ -
2025-10-23 22:35:30,084 INFO     ___FILE_ONLY___  
2025-10-23 22:35:30,084 INFO     ___FILE_ONLY___ API_ENV=test
2025-10-23 22:35:30,084 INFO     ___FILE_ONLY___ 

2025-10-23 22:35:30,084 INFO     ___FILE_ONLY___   
2025-10-23 22:35:30,084 INFO     ___FILE_ONLY___ exitCode
2025-10-23 22:35:30,084 INFO     ___FILE_ONLY___ :
2025-10-23 22:35:30,084 INFO     ___FILE_ONLY___  
2025-10-23 22:35:30,084 INFO     ___FILE_ONLY___ 1
2025-10-23 22:35:30,084 INFO     ___FILE_ONLY___ 

2025-10-23 22:35:30,084 INFO     ___FILE_ONLY___   
2025-10-23 22:35:30,084 INFO     ___FILE_ONLY___ id
2025-10-23 22:35:30,084 INFO     ___FILE_ONLY___ :
2025-10-23 22:35:30,084 INFO     ___FILE_ONLY___  
2025-10-23 22:35:30,084 INFO     ___FILE_ONLY___ Verify
2025-10-23 22:35:30,084 INFO     ___FILE_ONLY___ 

2025-10-23 22:35:30,084 INFO     ___FILE_ONLY___   
2025-10-23 22:35:30,084 INFO     ___FILE_ONLY___ name
2025-10-23 22:35:30,084 INFO     ___FILE_ONLY___ :
2025-10-23 22:35:30,084 INFO     ___FILE_ONLY___  
2025-10-23 22:35:30,084 INFO     ___FILE_ONLY___ gcr.io/cloud-builders/npm
2025-10-23 22:35:30,084 INFO     ___FILE_ONLY___ 

2025-10-23 22:35:30,084 INFO     ___FILE_ONLY___   
2025-10-23 22:35:30,084 INFO     ___FILE_ONLY___ pullTiming
2025-10-23 22:35:30,084 INFO     ___FILE_ONLY___ :
2025-10-23 22:35:30,084 INFO     ___FILE_ONLY___ 

2025-10-23 22:35:30,084 INFO     ___FILE_ONLY___     
2025-10-23 22:35:30,084 INFO     ___FILE_ONLY___ endTime
2025-10-23 22:35:30,084 INFO     ___FILE_ONLY___ :
2025-10-23 22:35:30,084 INFO     ___FILE_ONLY___  '
2025-10-23 22:35:30,085 INFO     ___FILE_ONLY___ 2025-10-23T20:34:51.053079296Z
2025-10-23 22:35:30,085 INFO     ___FILE_ONLY___ '
2025-10-23 22:35:30,085 INFO     ___FILE_ONLY___ 

2025-10-23 22:35:30,085 INFO     ___FILE_ONLY___     
2025-10-23 22:35:30,085 INFO     ___FILE_ONLY___ startTime
2025-10-23 22:35:30,085 INFO     ___FILE_ONLY___ :
2025-10-23 22:35:30,085 INFO     ___FILE_ONLY___  '
2025-10-23 22:35:30,085 INFO     ___FILE_ONLY___ 2025-10-23T20:34:51.051261882Z
2025-10-23 22:35:30,085 INFO     ___FILE_ONLY___ '
2025-10-23 22:35:30,085 INFO     ___FILE_ONLY___ 

2025-10-23 22:35:30,085 INFO     ___FILE_ONLY___   
2025-10-23 22:35:30,085 INFO     ___FILE_ONLY___ secretEnv
2025-10-23 22:35:30,085 INFO     ___FILE_ONLY___ :
2025-10-23 22:35:30,085 INFO     ___FILE_ONLY___ 

2025-10-23 22:35:30,085 INFO     ___FILE_ONLY___   
2025-10-23 22:35:30,085 INFO     ___FILE_ONLY___ -
2025-10-23 22:35:30,085 INFO     ___FILE_ONLY___  
2025-10-23 22:35:30,085 INFO     ___FILE_ONLY___ MATRIKKEL_USERNAME
2025-10-23 22:35:30,085 INFO     ___FILE_ONLY___ 

2025-10-23 22:35:30,085 INFO     ___FILE_ONLY___   
2025-10-23 22:35:30,085 INFO     ___FILE_ONLY___ -
2025-10-23 22:35:30,085 INFO     ___FILE_ONLY___  
2025-10-23 22:35:30,085 INFO     ___FILE_ONLY___ MATRIKKEL_PASSWORD
2025-10-23 22:35:30,085 INFO     ___FILE_ONLY___ 

2025-10-23 22:35:30,085 INFO     ___FILE_ONLY___   
2025-10-23 22:35:30,085 INFO     ___FILE_ONLY___ -
2025-10-23 22:35:30,085 INFO     ___FILE_ONLY___  
2025-10-23 22:35:30,085 INFO     ___FILE_ONLY___ MATRIKKEL_USERNAME_TEST
2025-10-23 22:35:30,085 INFO     ___FILE_ONLY___ 

2025-10-23 22:35:30,085 INFO     ___FILE_ONLY___   
2025-10-23 22:35:30,085 INFO     ___FILE_ONLY___ -
2025-10-23 22:35:30,085 INFO     ___FILE_ONLY___  
2025-10-23 22:35:30,085 INFO     ___FILE_ONLY___ MATRIKKEL_API_BASE_URL_TEST
2025-10-23 22:35:30,085 INFO     ___FILE_ONLY___ 

2025-10-23 22:35:30,085 INFO     ___FILE_ONLY___   
2025-10-23 22:35:30,085 INFO     ___FILE_ONLY___ -
2025-10-23 22:35:30,085 INFO     ___FILE_ONLY___  
2025-10-23 22:35:30,085 INFO     ___FILE_ONLY___ MATRIKKEL_API_BASE_URL_PROD
2025-10-23 22:35:30,085 INFO     ___FILE_ONLY___ 

2025-10-23 22:35:30,085 INFO     ___FILE_ONLY___   
2025-10-23 22:35:30,085 INFO     ___FILE_ONLY___ -
2025-10-23 22:35:30,085 INFO     ___FILE_ONLY___  
2025-10-23 22:35:30,085 INFO     ___FILE_ONLY___ MATRIKKEL_SNAPSHOT_VERSION
2025-10-23 22:35:30,085 INFO     ___FILE_ONLY___ 

2025-10-23 22:35:30,085 INFO     ___FILE_ONLY___   
2025-10-23 22:35:30,085 INFO     ___FILE_ONLY___ -
2025-10-23 22:35:30,086 INFO     ___FILE_ONLY___  
2025-10-23 22:35:30,086 INFO     ___FILE_ONLY___ MATRIKKEL_SYSTEM_VERSION
2025-10-23 22:35:30,086 INFO     ___FILE_ONLY___ 

2025-10-23 22:35:30,086 INFO     ___FILE_ONLY___   
2025-10-23 22:35:30,086 INFO     ___FILE_ONLY___ -
2025-10-23 22:35:30,086 INFO     ___FILE_ONLY___  
2025-10-23 22:35:30,086 INFO     ___FILE_ONLY___ ENOVA_API_KEY
2025-10-23 22:35:30,086 INFO     ___FILE_ONLY___ 

2025-10-23 22:35:30,086 INFO     ___FILE_ONLY___   
2025-10-23 22:35:30,086 INFO     ___FILE_ONLY___ -
2025-10-23 22:35:30,086 INFO     ___FILE_ONLY___  
2025-10-23 22:35:30,086 INFO     ___FILE_ONLY___ LIVE
2025-10-23 22:35:30,086 INFO     ___FILE_ONLY___ 

2025-10-23 22:35:30,086 INFO     ___FILE_ONLY___   
2025-10-23 22:35:30,086 INFO     ___FILE_ONLY___ status
2025-10-23 22:35:30,086 INFO     ___FILE_ONLY___ :
2025-10-23 22:35:30,086 INFO     ___FILE_ONLY___  
2025-10-23 22:35:30,086 INFO     ___FILE_ONLY___ FAILURE
2025-10-23 22:35:30,086 INFO     ___FILE_ONLY___ 

2025-10-23 22:35:30,086 INFO     ___FILE_ONLY___   
2025-10-23 22:35:30,086 INFO     ___FILE_ONLY___ timing
2025-10-23 22:35:30,086 INFO     ___FILE_ONLY___ :
2025-10-23 22:35:30,086 INFO     ___FILE_ONLY___ 

2025-10-23 22:35:30,086 INFO     ___FILE_ONLY___     
2025-10-23 22:35:30,086 INFO     ___FILE_ONLY___ endTime
2025-10-23 22:35:30,086 INFO     ___FILE_ONLY___ :
2025-10-23 22:35:30,086 INFO     ___FILE_ONLY___  '
2025-10-23 22:35:30,086 INFO     ___FILE_ONLY___ 2025-10-23T20:35:25.320764656Z
2025-10-23 22:35:30,086 INFO     ___FILE_ONLY___ '
2025-10-23 22:35:30,086 INFO     ___FILE_ONLY___ 

2025-10-23 22:35:30,086 INFO     ___FILE_ONLY___     
2025-10-23 22:35:30,086 INFO     ___FILE_ONLY___ startTime
2025-10-23 22:35:30,086 INFO     ___FILE_ONLY___ :
2025-10-23 22:35:30,086 INFO     ___FILE_ONLY___  '
2025-10-23 22:35:30,086 INFO     ___FILE_ONLY___ 2025-10-23T20:34:51.051261882Z
2025-10-23 22:35:30,086 INFO     ___FILE_ONLY___ '
2025-10-23 22:35:30,086 INFO     ___FILE_ONLY___ 

2025-10-23 22:35:30,086 INFO     ___FILE_ONLY___ -
2025-10-23 22:35:30,086 INFO     ___FILE_ONLY___  
2025-10-23 22:35:30,086 INFO     ___FILE_ONLY___ args
2025-10-23 22:35:30,086 INFO     ___FILE_ONLY___ :
2025-10-23 22:35:30,086 INFO     ___FILE_ONLY___ 

2025-10-23 22:35:30,086 INFO     ___FILE_ONLY___   
2025-10-23 22:35:30,086 INFO     ___FILE_ONLY___ -
2025-10-23 22:35:30,086 INFO     ___FILE_ONLY___  
2025-10-23 22:35:30,086 INFO     ___FILE_ONLY___ run
2025-10-23 22:35:30,086 INFO     ___FILE_ONLY___ 

2025-10-23 22:35:30,086 INFO     ___FILE_ONLY___   
2025-10-23 22:35:30,086 INFO     ___FILE_ONLY___ -
2025-10-23 22:35:30,086 INFO     ___FILE_ONLY___  
2025-10-23 22:35:30,086 INFO     ___FILE_ONLY___ build:prod
2025-10-23 22:35:30,086 INFO     ___FILE_ONLY___ 

2025-10-23 22:35:30,086 INFO     ___FILE_ONLY___   
2025-10-23 22:35:30,086 INFO     ___FILE_ONLY___ id
2025-10-23 22:35:30,087 INFO     ___FILE_ONLY___ :
2025-10-23 22:35:30,087 INFO     ___FILE_ONLY___  
2025-10-23 22:35:30,087 INFO     ___FILE_ONLY___ Build
2025-10-23 22:35:30,087 INFO     ___FILE_ONLY___  
2025-10-23 22:35:30,087 INFO     ___FILE_ONLY___ production
2025-10-23 22:35:30,087 INFO     ___FILE_ONLY___  
2025-10-23 22:35:30,087 INFO     ___FILE_ONLY___ bundle
2025-10-23 22:35:30,087 INFO     ___FILE_ONLY___ 

2025-10-23 22:35:30,087 INFO     ___FILE_ONLY___   
2025-10-23 22:35:30,087 INFO     ___FILE_ONLY___ name
2025-10-23 22:35:30,087 INFO     ___FILE_ONLY___ :
2025-10-23 22:35:30,087 INFO     ___FILE_ONLY___  
2025-10-23 22:35:30,087 INFO     ___FILE_ONLY___ gcr.io/cloud-builders/npm
2025-10-23 22:35:30,087 INFO     ___FILE_ONLY___ 

2025-10-23 22:35:30,087 INFO     ___FILE_ONLY___   
2025-10-23 22:35:30,087 INFO     ___FILE_ONLY___ status
2025-10-23 22:35:30,087 INFO     ___FILE_ONLY___ :
2025-10-23 22:35:30,087 INFO     ___FILE_ONLY___  
2025-10-23 22:35:30,087 INFO     ___FILE_ONLY___ QUEUED
2025-10-23 22:35:30,087 INFO     ___FILE_ONLY___ 

2025-10-23 22:35:30,087 INFO     ___FILE_ONLY___ -
2025-10-23 22:35:30,087 INFO     ___FILE_ONLY___  
2025-10-23 22:35:30,087 INFO     ___FILE_ONLY___ args
2025-10-23 22:35:30,087 INFO     ___FILE_ONLY___ :
2025-10-23 22:35:30,087 INFO     ___FILE_ONLY___ 

2025-10-23 22:35:30,087 INFO     ___FILE_ONLY___   
2025-10-23 22:35:30,087 INFO     ___FILE_ONLY___ -
2025-10-23 22:35:30,087 INFO     ___FILE_ONLY___  
2025-10-23 22:35:30,087 INFO     ___FILE_ONLY___ -c
2025-10-23 22:35:30,087 INFO     ___FILE_ONLY___ 

2025-10-23 22:35:30,087 INFO     ___FILE_ONLY___   
2025-10-23 22:35:30,087 INFO     ___FILE_ONLY___ -
2025-10-23 22:35:30,087 INFO     ___FILE_ONLY___  
2025-10-23 22:35:30,087 INFO     ___FILE_ONLY___ |
2025-10-23 22:35:30,087 INFO     ___FILE_ONLY___ 

2025-10-23 22:35:30,087 INFO     ___FILE_ONLY___     
2025-10-23 22:35:30,087 INFO     ___FILE_ONLY___ set -eo pipefail
2025-10-23 22:35:30,087 INFO     ___FILE_ONLY___ 

2025-10-23 22:35:30,087 INFO     ___FILE_ONLY___     
2025-10-23 22:35:30,087 INFO     ___FILE_ONLY___ image_uri="europe-north1-docker.pkg.dev/energiverktoy-poc-1234/energinokkelen/app:manual-test"
2025-10-23 22:35:30,087 INFO     ___FILE_ONLY___ 

2025-10-23 22:35:30,087 INFO     ___FILE_ONLY___     
2025-10-23 22:35:30,087 INFO     ___FILE_ONLY___ echo "$image_uri" > /workspace/image-uri.txt
2025-10-23 22:35:30,087 INFO     ___FILE_ONLY___ 

2025-10-23 22:35:30,087 INFO     ___FILE_ONLY___     
2025-10-23 22:35:30,087 INFO     ___FILE_ONLY___ docker build --file Dockerfile --tag "$image_uri" .
2025-10-23 22:35:30,087 INFO     ___FILE_ONLY___ 

2025-10-23 22:35:30,087 INFO     ___FILE_ONLY___   
2025-10-23 22:35:30,087 INFO     ___FILE_ONLY___ entrypoint
2025-10-23 22:35:30,087 INFO     ___FILE_ONLY___ :
2025-10-23 22:35:30,087 INFO     ___FILE_ONLY___  
2025-10-23 22:35:30,087 INFO     ___FILE_ONLY___ bash
2025-10-23 22:35:30,087 INFO     ___FILE_ONLY___ 

2025-10-23 22:35:30,087 INFO     ___FILE_ONLY___   
2025-10-23 22:35:30,087 INFO     ___FILE_ONLY___ id
2025-10-23 22:35:30,087 INFO     ___FILE_ONLY___ :
2025-10-23 22:35:30,087 INFO     ___FILE_ONLY___  
2025-10-23 22:35:30,087 INFO     ___FILE_ONLY___ Build
2025-10-23 22:35:30,087 INFO     ___FILE_ONLY___  
2025-10-23 22:35:30,087 INFO     ___FILE_ONLY___ container
2025-10-23 22:35:30,087 INFO     ___FILE_ONLY___  
2025-10-23 22:35:30,087 INFO     ___FILE_ONLY___ image
2025-10-23 22:35:30,087 INFO     ___FILE_ONLY___ 

2025-10-23 22:35:30,087 INFO     ___FILE_ONLY___   
2025-10-23 22:35:30,088 INFO     ___FILE_ONLY___ name
2025-10-23 22:35:30,088 INFO     ___FILE_ONLY___ :
2025-10-23 22:35:30,088 INFO     ___FILE_ONLY___  
2025-10-23 22:35:30,088 INFO     ___FILE_ONLY___ gcr.io/cloud-builders/docker
2025-10-23 22:35:30,088 INFO     ___FILE_ONLY___ 

2025-10-23 22:35:30,088 INFO     ___FILE_ONLY___   
2025-10-23 22:35:30,088 INFO     ___FILE_ONLY___ status
2025-10-23 22:35:30,088 INFO     ___FILE_ONLY___ :
2025-10-23 22:35:30,088 INFO     ___FILE_ONLY___  
2025-10-23 22:35:30,088 INFO     ___FILE_ONLY___ QUEUED
2025-10-23 22:35:30,088 INFO     ___FILE_ONLY___ 

2025-10-23 22:35:30,088 INFO     ___FILE_ONLY___ -
2025-10-23 22:35:30,088 INFO     ___FILE_ONLY___  
2025-10-23 22:35:30,088 INFO     ___FILE_ONLY___ args
2025-10-23 22:35:30,088 INFO     ___FILE_ONLY___ :
2025-10-23 22:35:30,088 INFO     ___FILE_ONLY___ 

2025-10-23 22:35:30,088 INFO     ___FILE_ONLY___   
2025-10-23 22:35:30,088 INFO     ___FILE_ONLY___ -
2025-10-23 22:35:30,088 INFO     ___FILE_ONLY___  
2025-10-23 22:35:30,088 INFO     ___FILE_ONLY___ -c
2025-10-23 22:35:30,088 INFO     ___FILE_ONLY___ 

2025-10-23 22:35:30,088 INFO     ___FILE_ONLY___   
2025-10-23 22:35:30,088 INFO     ___FILE_ONLY___ -
2025-10-23 22:35:30,088 INFO     ___FILE_ONLY___  
2025-10-23 22:35:30,088 INFO     ___FILE_ONLY___ |
2025-10-23 22:35:30,088 INFO     ___FILE_ONLY___ 

2025-10-23 22:35:30,088 INFO     ___FILE_ONLY___     
2025-10-23 22:35:30,088 INFO     ___FILE_ONLY___ set -eo pipefail
2025-10-23 22:35:30,088 INFO     ___FILE_ONLY___ 

2025-10-23 22:35:30,088 INFO     ___FILE_ONLY___     
2025-10-23 22:35:30,088 INFO     ___FILE_ONLY___ image_uri=$(cat /workspace/image-uri.txt)
2025-10-23 22:35:30,088 INFO     ___FILE_ONLY___ 

2025-10-23 22:35:30,088 INFO     ___FILE_ONLY___     
2025-10-23 22:35:30,088 INFO     ___FILE_ONLY___ docker push "$image_uri"
2025-10-23 22:35:30,088 INFO     ___FILE_ONLY___ 

2025-10-23 22:35:30,088 INFO     ___FILE_ONLY___   
2025-10-23 22:35:30,088 INFO     ___FILE_ONLY___ entrypoint
2025-10-23 22:35:30,088 INFO     ___FILE_ONLY___ :
2025-10-23 22:35:30,088 INFO     ___FILE_ONLY___  
2025-10-23 22:35:30,088 INFO     ___FILE_ONLY___ bash
2025-10-23 22:35:30,088 INFO     ___FILE_ONLY___ 

2025-10-23 22:35:30,088 INFO     ___FILE_ONLY___   
2025-10-23 22:35:30,088 INFO     ___FILE_ONLY___ id
2025-10-23 22:35:30,088 INFO     ___FILE_ONLY___ :
2025-10-23 22:35:30,088 INFO     ___FILE_ONLY___  
2025-10-23 22:35:30,088 INFO     ___FILE_ONLY___ Push
2025-10-23 22:35:30,088 INFO     ___FILE_ONLY___  
2025-10-23 22:35:30,088 INFO     ___FILE_ONLY___ container
2025-10-23 22:35:30,088 INFO     ___FILE_ONLY___  
2025-10-23 22:35:30,089 INFO     ___FILE_ONLY___ image
2025-10-23 22:35:30,089 INFO     ___FILE_ONLY___ 

2025-10-23 22:35:30,089 INFO     ___FILE_ONLY___   
2025-10-23 22:35:30,089 INFO     ___FILE_ONLY___ name
2025-10-23 22:35:30,089 INFO     ___FILE_ONLY___ :
2025-10-23 22:35:30,089 INFO     ___FILE_ONLY___  
2025-10-23 22:35:30,089 INFO     ___FILE_ONLY___ gcr.io/cloud-builders/docker
2025-10-23 22:35:30,089 INFO     ___FILE_ONLY___ 

2025-10-23 22:35:30,089 INFO     ___FILE_ONLY___   
2025-10-23 22:35:30,089 INFO     ___FILE_ONLY___ status
2025-10-23 22:35:30,089 INFO     ___FILE_ONLY___ :
2025-10-23 22:35:30,089 INFO     ___FILE_ONLY___  
2025-10-23 22:35:30,089 INFO     ___FILE_ONLY___ QUEUED
2025-10-23 22:35:30,089 INFO     ___FILE_ONLY___ 

2025-10-23 22:35:30,089 INFO     ___FILE_ONLY___ -
2025-10-23 22:35:30,089 INFO     ___FILE_ONLY___  
2025-10-23 22:35:30,089 INFO     ___FILE_ONLY___ args
2025-10-23 22:35:30,089 INFO     ___FILE_ONLY___ :
2025-10-23 22:35:30,089 INFO     ___FILE_ONLY___ 

2025-10-23 22:35:30,089 INFO     ___FILE_ONLY___   
2025-10-23 22:35:30,089 INFO     ___FILE_ONLY___ -
2025-10-23 22:35:30,089 INFO     ___FILE_ONLY___  
2025-10-23 22:35:30,089 INFO     ___FILE_ONLY___ -c
2025-10-23 22:35:30,089 INFO     ___FILE_ONLY___ 

2025-10-23 22:35:30,089 INFO     ___FILE_ONLY___   
2025-10-23 22:35:30,089 INFO     ___FILE_ONLY___ -
2025-10-23 22:35:30,089 INFO     ___FILE_ONLY___  
2025-10-23 22:35:30,089 INFO     ___FILE_ONLY___ |
2025-10-23 22:35:30,089 INFO     ___FILE_ONLY___ 

2025-10-23 22:35:30,089 INFO     ___FILE_ONLY___     
2025-10-23 22:35:30,089 INFO     ___FILE_ONLY___ set -eo pipefail
2025-10-23 22:35:30,089 INFO     ___FILE_ONLY___ 

2025-10-23 22:35:30,089 INFO     ___FILE_ONLY___     
2025-10-23 22:35:30,089 INFO     ___FILE_ONLY___ frontend_bucket="gs://energinokkelen-frontend"
2025-10-23 22:35:30,089 INFO     ___FILE_ONLY___ 

2025-10-23 22:35:30,089 INFO     ___FILE_ONLY___     
2025-10-23 22:35:30,089 INFO     ___FILE_ONLY___ content_bucket="gs://energinokkelen-content"
2025-10-23 22:35:30,089 INFO     ___FILE_ONLY___ 

2025-10-23 22:35:30,089 INFO     ___FILE_ONLY___     
2025-10-23 22:35:30,089 INFO     ___FILE_ONLY___ gsutil -m rsync -d -r dist "${frontend_bucket}"
2025-10-23 22:35:30,089 INFO     ___FILE_ONLY___ 

2025-10-23 22:35:30,089 INFO     ___FILE_ONLY___     
2025-10-23 22:35:30,089 INFO     ___FILE_ONLY___ gsutil -m rsync -d -r content "${content_bucket}"
2025-10-23 22:35:30,090 INFO     ___FILE_ONLY___ 

2025-10-23 22:35:30,090 INFO     ___FILE_ONLY___   
2025-10-23 22:35:30,090 INFO     ___FILE_ONLY___ entrypoint
2025-10-23 22:35:30,090 INFO     ___FILE_ONLY___ :
2025-10-23 22:35:30,090 INFO     ___FILE_ONLY___  
2025-10-23 22:35:30,090 INFO     ___FILE_ONLY___ bash
2025-10-23 22:35:30,090 INFO     ___FILE_ONLY___ 

2025-10-23 22:35:30,090 INFO     ___FILE_ONLY___   
2025-10-23 22:35:30,090 INFO     ___FILE_ONLY___ id
2025-10-23 22:35:30,090 INFO     ___FILE_ONLY___ :
2025-10-23 22:35:30,090 INFO     ___FILE_ONLY___  
2025-10-23 22:35:30,090 INFO     ___FILE_ONLY___ Sync
2025-10-23 22:35:30,090 INFO     ___FILE_ONLY___  
2025-10-23 22:35:30,090 INFO     ___FILE_ONLY___ frontend
2025-10-23 22:35:30,090 INFO     ___FILE_ONLY___  
2025-10-23 22:35:30,090 INFO     ___FILE_ONLY___ &
2025-10-23 22:35:30,090 INFO     ___FILE_ONLY___  
2025-10-23 22:35:30,090 INFO     ___FILE_ONLY___ content
2025-10-23 22:35:30,090 INFO     ___FILE_ONLY___  
2025-10-23 22:35:30,090 INFO     ___FILE_ONLY___ buckets
2025-10-23 22:35:30,090 INFO     ___FILE_ONLY___ 

2025-10-23 22:35:30,090 INFO     ___FILE_ONLY___   
2025-10-23 22:35:30,090 INFO     ___FILE_ONLY___ name
2025-10-23 22:35:30,090 INFO     ___FILE_ONLY___ :
2025-10-23 22:35:30,090 INFO     ___FILE_ONLY___  
2025-10-23 22:35:30,090 INFO     ___FILE_ONLY___ gcr.io/google.com/cloudsdktool/cloud-sdk
2025-10-23 22:35:30,090 INFO     ___FILE_ONLY___ 

2025-10-23 22:35:30,090 INFO     ___FILE_ONLY___   
2025-10-23 22:35:30,090 INFO     ___FILE_ONLY___ status
2025-10-23 22:35:30,090 INFO     ___FILE_ONLY___ :
2025-10-23 22:35:30,090 INFO     ___FILE_ONLY___  
2025-10-23 22:35:30,090 INFO     ___FILE_ONLY___ QUEUED
2025-10-23 22:35:30,090 INFO     ___FILE_ONLY___ 

2025-10-23 22:35:30,090 INFO     ___FILE_ONLY___ -
2025-10-23 22:35:30,090 INFO     ___FILE_ONLY___  
2025-10-23 22:35:30,090 INFO     ___FILE_ONLY___ args
2025-10-23 22:35:30,090 INFO     ___FILE_ONLY___ :
2025-10-23 22:35:30,090 INFO     ___FILE_ONLY___ 

2025-10-23 22:35:30,090 INFO     ___FILE_ONLY___   
2025-10-23 22:35:30,090 INFO     ___FILE_ONLY___ -
2025-10-23 22:35:30,090 INFO     ___FILE_ONLY___  
2025-10-23 22:35:30,090 INFO     ___FILE_ONLY___ -c
2025-10-23 22:35:30,090 INFO     ___FILE_ONLY___ 

2025-10-23 22:35:30,090 INFO     ___FILE_ONLY___   
2025-10-23 22:35:30,090 INFO     ___FILE_ONLY___ -
2025-10-23 22:35:30,090 INFO     ___FILE_ONLY___  
2025-10-23 22:35:30,090 INFO     ___FILE_ONLY___ |
2025-10-23 22:35:30,091 INFO     ___FILE_ONLY___ 

2025-10-23 22:35:30,091 INFO     ___FILE_ONLY___     
2025-10-23 22:35:30,091 INFO     ___FILE_ONLY___ set -eo pipefail
2025-10-23 22:35:30,091 INFO     ___FILE_ONLY___ 

2025-10-23 22:35:30,091 INFO     ___FILE_ONLY___     
2025-10-23 22:35:30,091 INFO     ___FILE_ONLY___ image_uri=$(cat /workspace/image-uri.txt)
2025-10-23 22:35:30,091 INFO     ___FILE_ONLY___ 

2025-10-23 22:35:30,091 INFO     ___FILE_ONLY___     
2025-10-23 22:35:30,091 INFO     ___FILE_ONLY___ CLOUD_RUN_CONFIG="deploy/gcp/cloudrun.yaml"
2025-10-23 22:35:30,091 INFO     ___FILE_ONLY___ 

2025-10-23 22:35:30,091 INFO     ___FILE_ONLY___     
2025-10-23 22:35:30,091 INFO     ___FILE_ONLY___ export IMAGE_URI="$image_uri"
2025-10-23 22:35:30,091 INFO     ___FILE_ONLY___ 

2025-10-23 22:35:30,091 INFO     ___FILE_ONLY___     
2025-10-23 22:35:30,091 INFO     ___FILE_ONLY___ export PROJECT_ID="energiverktoy-poc-1234"
2025-10-23 22:35:30,091 INFO     ___FILE_ONLY___ 

2025-10-23 22:35:30,091 INFO     ___FILE_ONLY___     
2025-10-23 22:35:30,091 INFO     ___FILE_ONLY___ export API_ENV="test"
2025-10-23 22:35:30,091 INFO     ___FILE_ONLY___ 

2025-10-23 22:35:30,091 INFO     ___FILE_ONLY___     
2025-10-23 22:35:30,091 INFO     ___FILE_ONLY___ export CLOUD_RUN_CONFIG
2025-10-23 22:35:30,091 INFO     ___FILE_ONLY___ 

2025-10-23 22:35:30,091 INFO     ___FILE_ONLY___     
2025-10-23 22:35:30,091 INFO     ___FILE_ONLY___ python - <<'PY'
2025-10-23 22:35:30,091 INFO     ___FILE_ONLY___ 

2025-10-23 22:35:30,091 INFO     ___FILE_ONLY___     
2025-10-23 22:35:30,091 INFO     ___FILE_ONLY___   import os, pathlib
2025-10-23 22:35:30,091 INFO     ___FILE_ONLY___ 

2025-10-23 22:35:30,091 INFO     ___FILE_ONLY___     
2025-10-23 22:35:30,091 INFO     ___FILE_ONLY___   config_path = pathlib.Path(os.environ["CLOUD_RUN_CONFIG"])
2025-10-23 22:35:30,091 INFO     ___FILE_ONLY___ 

2025-10-23 22:35:30,091 INFO     ___FILE_ONLY___     
2025-10-23 22:35:30,091 INFO     ___FILE_ONLY___   content = config_path.read_text()
2025-10-23 22:35:30,091 INFO     ___FILE_ONLY___ 

2025-10-23 22:35:30,091 INFO     ___FILE_ONLY___     
2025-10-23 22:35:30,091 INFO     ___FILE_ONLY___   for placeholder, value in {
2025-10-23 22:35:30,091 INFO     ___FILE_ONLY___ 

2025-10-23 22:35:30,091 INFO     ___FILE_ONLY___     
2025-10-23 22:35:30,091 INFO     ___FILE_ONLY___       "__IMAGE_URI__": os.environ["IMAGE_URI"],
2025-10-23 22:35:30,091 INFO     ___FILE_ONLY___ 

2025-10-23 22:35:30,091 INFO     ___FILE_ONLY___     
2025-10-23 22:35:30,091 INFO     ___FILE_ONLY___       "__PROJECT_ID__": os.environ["PROJECT_ID"],
2025-10-23 22:35:30,091 INFO     ___FILE_ONLY___ 

2025-10-23 22:35:30,091 INFO     ___FILE_ONLY___     
2025-10-23 22:35:30,091 INFO     ___FILE_ONLY___       "__API_ENV__": os.environ["API_ENV"],
2025-10-23 22:35:30,091 INFO     ___FILE_ONLY___ 

2025-10-23 22:35:30,091 INFO     ___FILE_ONLY___     
2025-10-23 22:35:30,091 INFO     ___FILE_ONLY___   }.items():
2025-10-23 22:35:30,091 INFO     ___FILE_ONLY___ 

2025-10-23 22:35:30,091 INFO     ___FILE_ONLY___     
2025-10-23 22:35:30,091 INFO     ___FILE_ONLY___       content = content.replace(placeholder, value)
2025-10-23 22:35:30,091 INFO     ___FILE_ONLY___ 

2025-10-23 22:35:30,091 INFO     ___FILE_ONLY___     
2025-10-23 22:35:30,091 INFO     ___FILE_ONLY___   out_path = pathlib.Path("/workspace/cloudrun-rendered.yaml")
2025-10-23 22:35:30,091 INFO     ___FILE_ONLY___ 

2025-10-23 22:35:30,091 INFO     ___FILE_ONLY___     
2025-10-23 22:35:30,091 INFO     ___FILE_ONLY___   out_path.write_text(content)
2025-10-23 22:35:30,091 INFO     ___FILE_ONLY___ 

2025-10-23 22:35:30,091 INFO     ___FILE_ONLY___     
2025-10-23 22:35:30,091 INFO     ___FILE_ONLY___   print(content)
2025-10-23 22:35:30,091 INFO     ___FILE_ONLY___ 

2025-10-23 22:35:30,091 INFO     ___FILE_ONLY___     
2025-10-23 22:35:30,091 INFO     ___FILE_ONLY___ PY
2025-10-23 22:35:30,091 INFO     ___FILE_ONLY___ 

2025-10-23 22:35:30,091 INFO     ___FILE_ONLY___   
2025-10-23 22:35:30,091 INFO     ___FILE_ONLY___ entrypoint
2025-10-23 22:35:30,091 INFO     ___FILE_ONLY___ :
2025-10-23 22:35:30,091 INFO     ___FILE_ONLY___  
2025-10-23 22:35:30,091 INFO     ___FILE_ONLY___ bash
2025-10-23 22:35:30,091 INFO     ___FILE_ONLY___ 

2025-10-23 22:35:30,092 INFO     ___FILE_ONLY___   
2025-10-23 22:35:30,092 INFO     ___FILE_ONLY___ id
2025-10-23 22:35:30,092 INFO     ___FILE_ONLY___ :
2025-10-23 22:35:30,092 INFO     ___FILE_ONLY___  
2025-10-23 22:35:30,092 INFO     ___FILE_ONLY___ Render
2025-10-23 22:35:30,092 INFO     ___FILE_ONLY___  
2025-10-23 22:35:30,092 INFO     ___FILE_ONLY___ Cloud
2025-10-23 22:35:30,092 INFO     ___FILE_ONLY___  
2025-10-23 22:35:30,092 INFO     ___FILE_ONLY___ Run
2025-10-23 22:35:30,092 INFO     ___FILE_ONLY___  
2025-10-23 22:35:30,092 INFO     ___FILE_ONLY___ config
2025-10-23 22:35:30,092 INFO     ___FILE_ONLY___ 

2025-10-23 22:35:30,092 INFO     ___FILE_ONLY___   
2025-10-23 22:35:30,092 INFO     ___FILE_ONLY___ name
2025-10-23 22:35:30,092 INFO     ___FILE_ONLY___ :
2025-10-23 22:35:30,092 INFO     ___FILE_ONLY___  
2025-10-23 22:35:30,092 INFO     ___FILE_ONLY___ gcr.io/google.com/cloudsdktool/cloud-sdk
2025-10-23 22:35:30,092 INFO     ___FILE_ONLY___ 

2025-10-23 22:35:30,092 INFO     ___FILE_ONLY___   
2025-10-23 22:35:30,092 INFO     ___FILE_ONLY___ status
2025-10-23 22:35:30,092 INFO     ___FILE_ONLY___ :
2025-10-23 22:35:30,092 INFO     ___FILE_ONLY___  
2025-10-23 22:35:30,092 INFO     ___FILE_ONLY___ QUEUED
2025-10-23 22:35:30,092 INFO     ___FILE_ONLY___ 

2025-10-23 22:35:30,092 INFO     ___FILE_ONLY___ -
2025-10-23 22:35:30,092 INFO     ___FILE_ONLY___  
2025-10-23 22:35:30,092 INFO     ___FILE_ONLY___ args
2025-10-23 22:35:30,092 INFO     ___FILE_ONLY___ :
2025-10-23 22:35:30,092 INFO     ___FILE_ONLY___ 

2025-10-23 22:35:30,092 INFO     ___FILE_ONLY___   
2025-10-23 22:35:30,092 INFO     ___FILE_ONLY___ -
2025-10-23 22:35:30,092 INFO     ___FILE_ONLY___  
2025-10-23 22:35:30,092 INFO     ___FILE_ONLY___ -c
2025-10-23 22:35:30,092 INFO     ___FILE_ONLY___ 

2025-10-23 22:35:30,092 INFO     ___FILE_ONLY___   
2025-10-23 22:35:30,092 INFO     ___FILE_ONLY___ -
2025-10-23 22:35:30,092 INFO     ___FILE_ONLY___  
2025-10-23 22:35:30,092 INFO     ___FILE_ONLY___ |
2025-10-23 22:35:30,092 INFO     ___FILE_ONLY___ 

2025-10-23 22:35:30,092 INFO     ___FILE_ONLY___     
2025-10-23 22:35:30,092 INFO     ___FILE_ONLY___ set -eo pipefail
2025-10-23 22:35:30,092 INFO     ___FILE_ONLY___ 

2025-10-23 22:35:30,092 INFO     ___FILE_ONLY___     
2025-10-23 22:35:30,092 INFO     ___FILE_ONLY___ if [[ "false" != "true" ]]; then
2025-10-23 22:35:30,092 INFO     ___FILE_ONLY___ 

2025-10-23 22:35:30,092 INFO     ___FILE_ONLY___     
2025-10-23 22:35:30,092 INFO     ___FILE_ONLY___   echo "Skipping Cloud Run deploy (DEPLOY=false)."
2025-10-23 22:35:30,092 INFO     ___FILE_ONLY___ 

2025-10-23 22:35:30,092 INFO     ___FILE_ONLY___     
2025-10-23 22:35:30,092 INFO     ___FILE_ONLY___   exit 0
2025-10-23 22:35:30,092 INFO     ___FILE_ONLY___ 

2025-10-23 22:35:30,092 INFO     ___FILE_ONLY___     
2025-10-23 22:35:30,092 INFO     ___FILE_ONLY___ fi
2025-10-23 22:35:30,092 INFO     ___FILE_ONLY___ 

2025-10-23 22:35:30,092 INFO     ___FILE_ONLY___     
2025-10-23 22:35:30,092 INFO     ___FILE_ONLY___ gcloud run services replace /workspace/cloudrun-rendered.yaml --region "europe-north1" --project "energiverktoy-poc-1234"
2025-10-23 22:35:30,092 INFO     ___FILE_ONLY___ 

2025-10-23 22:35:30,092 INFO     ___FILE_ONLY___   
2025-10-23 22:35:30,092 INFO     ___FILE_ONLY___ entrypoint
2025-10-23 22:35:30,092 INFO     ___FILE_ONLY___ :
2025-10-23 22:35:30,092 INFO     ___FILE_ONLY___  
2025-10-23 22:35:30,092 INFO     ___FILE_ONLY___ bash
2025-10-23 22:35:30,092 INFO     ___FILE_ONLY___ 

2025-10-23 22:35:30,092 INFO     ___FILE_ONLY___   
2025-10-23 22:35:30,093 INFO     ___FILE_ONLY___ id
2025-10-23 22:35:30,093 INFO     ___FILE_ONLY___ :
2025-10-23 22:35:30,093 INFO     ___FILE_ONLY___  
2025-10-23 22:35:30,093 INFO     ___FILE_ONLY___ Deploy
2025-10-23 22:35:30,093 INFO     ___FILE_ONLY___  
2025-10-23 22:35:30,093 INFO     ___FILE_ONLY___ Cloud
2025-10-23 22:35:30,093 INFO     ___FILE_ONLY___  
2025-10-23 22:35:30,093 INFO     ___FILE_ONLY___ Run
2025-10-23 22:35:30,093 INFO     ___FILE_ONLY___  
2025-10-23 22:35:30,093 INFO     ___FILE_ONLY___ (conditional)
2025-10-23 22:35:30,093 INFO     ___FILE_ONLY___ 

2025-10-23 22:35:30,093 INFO     ___FILE_ONLY___   
2025-10-23 22:35:30,093 INFO     ___FILE_ONLY___ name
2025-10-23 22:35:30,093 INFO     ___FILE_ONLY___ :
2025-10-23 22:35:30,093 INFO     ___FILE_ONLY___  
2025-10-23 22:35:30,093 INFO     ___FILE_ONLY___ gcr.io/google.com/cloudsdktool/cloud-sdk
2025-10-23 22:35:30,093 INFO     ___FILE_ONLY___ 

2025-10-23 22:35:30,093 INFO     ___FILE_ONLY___   
2025-10-23 22:35:30,093 INFO     ___FILE_ONLY___ status
2025-10-23 22:35:30,093 INFO     ___FILE_ONLY___ :
2025-10-23 22:35:30,093 INFO     ___FILE_ONLY___  
2025-10-23 22:35:30,093 INFO     ___FILE_ONLY___ QUEUED
2025-10-23 22:35:30,093 INFO     ___FILE_ONLY___ 

2025-10-23 22:35:30,093 INFO     ___FILE_ONLY___ substitutions
2025-10-23 22:35:30,093 INFO     ___FILE_ONLY___ :
2025-10-23 22:35:30,093 INFO     ___FILE_ONLY___ 

2025-10-23 22:35:30,093 INFO     ___FILE_ONLY___   
2025-10-23 22:35:30,093 INFO     ___FILE_ONLY___ _API_ENV
2025-10-23 22:35:30,093 INFO     ___FILE_ONLY___ :
2025-10-23 22:35:30,093 INFO     ___FILE_ONLY___  
2025-10-23 22:35:30,093 INFO     ___FILE_ONLY___ test
2025-10-23 22:35:30,093 INFO     ___FILE_ONLY___ 

2025-10-23 22:35:30,093 INFO     ___FILE_ONLY___   
2025-10-23 22:35:30,093 INFO     ___FILE_ONLY___ _CLOUD_RUN_CONFIG
2025-10-23 22:35:30,093 INFO     ___FILE_ONLY___ :
2025-10-23 22:35:30,093 INFO     ___FILE_ONLY___  
2025-10-23 22:35:30,093 INFO     ___FILE_ONLY___ deploy/gcp/cloudrun.yaml
2025-10-23 22:35:30,093 INFO     ___FILE_ONLY___ 

2025-10-23 22:35:30,093 INFO     ___FILE_ONLY___   
2025-10-23 22:35:30,093 INFO     ___FILE_ONLY___ _CONTENT_BUCKET
2025-10-23 22:35:30,093 INFO     ___FILE_ONLY___ :
2025-10-23 22:35:30,093 INFO     ___FILE_ONLY___  
2025-10-23 22:35:30,093 INFO     ___FILE_ONLY___ gs://energinokkelen-content
2025-10-23 22:35:30,093 INFO     ___FILE_ONLY___ 

2025-10-23 22:35:30,093 INFO     ___FILE_ONLY___   
2025-10-23 22:35:30,093 INFO     ___FILE_ONLY___ _DEPLOY
2025-10-23 22:35:30,093 INFO     ___FILE_ONLY___ :
2025-10-23 22:35:30,093 INFO     ___FILE_ONLY___  '
2025-10-23 22:35:30,093 INFO     ___FILE_ONLY___ false
2025-10-23 22:35:30,093 INFO     ___FILE_ONLY___ '
2025-10-23 22:35:30,093 INFO     ___FILE_ONLY___ 

2025-10-23 22:35:30,093 INFO     ___FILE_ONLY___   
2025-10-23 22:35:30,093 INFO     ___FILE_ONLY___ _FRONTEND_BUCKET
2025-10-23 22:35:30,093 INFO     ___FILE_ONLY___ :
2025-10-23 22:35:30,093 INFO     ___FILE_ONLY___  
2025-10-23 22:35:30,093 INFO     ___FILE_ONLY___ gs://energinokkelen-frontend
2025-10-23 22:35:30,093 INFO     ___FILE_ONLY___ 

2025-10-23 22:35:30,093 INFO     ___FILE_ONLY___   
2025-10-23 22:35:30,093 INFO     ___FILE_ONLY___ _REGION
2025-10-23 22:35:30,093 INFO     ___FILE_ONLY___ :
2025-10-23 22:35:30,094 INFO     ___FILE_ONLY___  
2025-10-23 22:35:30,094 INFO     ___FILE_ONLY___ europe-north1
2025-10-23 22:35:30,094 INFO     ___FILE_ONLY___ 

2025-10-23 22:35:30,094 INFO     ___FILE_ONLY___   
2025-10-23 22:35:30,094 INFO     ___FILE_ONLY___ _REPOSITORY
2025-10-23 22:35:30,094 INFO     ___FILE_ONLY___ :
2025-10-23 22:35:30,094 INFO     ___FILE_ONLY___  
2025-10-23 22:35:30,094 INFO     ___FILE_ONLY___ energinokkelen
2025-10-23 22:35:30,094 INFO     ___FILE_ONLY___ 

2025-10-23 22:35:30,094 INFO     ___FILE_ONLY___   
2025-10-23 22:35:30,094 INFO     ___FILE_ONLY___ _TAG
2025-10-23 22:35:30,094 INFO     ___FILE_ONLY___ :
2025-10-23 22:35:30,094 INFO     ___FILE_ONLY___  
2025-10-23 22:35:30,094 INFO     ___FILE_ONLY___ manual-test
2025-10-23 22:35:30,094 INFO     ___FILE_ONLY___ 

2025-10-23 22:35:30,094 INFO     ___FILE_ONLY___ timeout
2025-10-23 22:35:30,094 INFO     ___FILE_ONLY___ :
2025-10-23 22:35:30,094 INFO     ___FILE_ONLY___  
2025-10-23 22:35:30,094 INFO     ___FILE_ONLY___ 3600s
2025-10-23 22:35:30,094 INFO     ___FILE_ONLY___ 

2025-10-23 22:35:30,094 INFO     ___FILE_ONLY___ timing
2025-10-23 22:35:30,094 INFO     ___FILE_ONLY___ :
2025-10-23 22:35:30,094 INFO     ___FILE_ONLY___ 

2025-10-23 22:35:30,094 INFO     ___FILE_ONLY___   
2025-10-23 22:35:30,094 INFO     ___FILE_ONLY___ BUILD
2025-10-23 22:35:30,094 INFO     ___FILE_ONLY___ :
2025-10-23 22:35:30,094 INFO     ___FILE_ONLY___ 

2025-10-23 22:35:30,094 INFO     ___FILE_ONLY___     
2025-10-23 22:35:30,094 INFO     ___FILE_ONLY___ endTime
2025-10-23 22:35:30,094 INFO     ___FILE_ONLY___ :
2025-10-23 22:35:30,094 INFO     ___FILE_ONLY___  '
2025-10-23 22:35:30,094 INFO     ___FILE_ONLY___ 2025-10-23T20:35:25.320828112Z
2025-10-23 22:35:30,094 INFO     ___FILE_ONLY___ '
2025-10-23 22:35:30,094 INFO     ___FILE_ONLY___ 

2025-10-23 22:35:30,094 INFO     ___FILE_ONLY___     
2025-10-23 22:35:30,094 INFO     ___FILE_ONLY___ startTime
2025-10-23 22:35:30,094 INFO     ___FILE_ONLY___ :
2025-10-23 22:35:30,094 INFO     ___FILE_ONLY___  '
2025-10-23 22:35:30,094 INFO     ___FILE_ONLY___ 2025-10-23T20:34:13.440713174Z
2025-10-23 22:35:30,094 INFO     ___FILE_ONLY___ '
2025-10-23 22:35:30,094 INFO     ___FILE_ONLY___ 

2025-10-23 22:35:30,094 INFO     ___FILE_ONLY___   
2025-10-23 22:35:30,094 INFO     ___FILE_ONLY___ FETCHSOURCE
2025-10-23 22:35:30,094 INFO     ___FILE_ONLY___ :
2025-10-23 22:35:30,094 INFO     ___FILE_ONLY___ 

2025-10-23 22:35:30,094 INFO     ___FILE_ONLY___     
2025-10-23 22:35:30,094 INFO     ___FILE_ONLY___ endTime
2025-10-23 22:35:30,094 INFO     ___FILE_ONLY___ :
2025-10-23 22:35:30,094 INFO     ___FILE_ONLY___  '
2025-10-23 22:35:30,094 INFO     ___FILE_ONLY___ 2025-10-23T20:34:13.440426648Z
2025-10-23 22:35:30,094 INFO     ___FILE_ONLY___ '
2025-10-23 22:35:30,094 INFO     ___FILE_ONLY___ 

2025-10-23 22:35:30,094 INFO     ___FILE_ONLY___     
2025-10-23 22:35:30,094 INFO     ___FILE_ONLY___ startTime
2025-10-23 22:35:30,094 INFO     ___FILE_ONLY___ :
2025-10-23 22:35:30,095 INFO     ___FILE_ONLY___  '
2025-10-23 22:35:30,095 INFO     ___FILE_ONLY___ 2025-10-23T20:34:08.655383340Z
2025-10-23 22:35:30,095 INFO     ___FILE_ONLY___ '
2025-10-23 22:35:30,095 INFO     ___FILE_ONLY___ 

2025-10-23 22:35:30,095 INFO     ___FILE_ONLY___   
2025-10-23 22:35:30,095 INFO     ___FILE_ONLY___ STORAGE_SOURCE
2025-10-23 22:35:30,095 INFO     ___FILE_ONLY___ :
2025-10-23 22:35:30,095 INFO     ___FILE_ONLY___ 

2025-10-23 22:35:30,095 INFO     ___FILE_ONLY___     
2025-10-23 22:35:30,095 INFO     ___FILE_ONLY___ endTime
2025-10-23 22:35:30,095 INFO     ___FILE_ONLY___ :
2025-10-23 22:35:30,095 INFO     ___FILE_ONLY___  '
2025-10-23 22:35:30,095 INFO     ___FILE_ONLY___ 2025-10-23T20:34:13.440426648Z
2025-10-23 22:35:30,095 INFO     ___FILE_ONLY___ '
2025-10-23 22:35:30,095 INFO     ___FILE_ONLY___ 

2025-10-23 22:35:30,095 INFO     ___FILE_ONLY___     
2025-10-23 22:35:30,095 INFO     ___FILE_ONLY___ startTime
2025-10-23 22:35:30,095 INFO     ___FILE_ONLY___ :
2025-10-23 22:35:30,095 INFO     ___FILE_ONLY___  '
2025-10-23 22:35:30,095 INFO     ___FILE_ONLY___ 2025-10-23T20:34:08.655383340Z
2025-10-23 22:35:30,095 INFO     ___FILE_ONLY___ '
2025-10-23 22:35:30,095 INFO     ___FILE_ONLY___ 

2025-10-23 22:35:30,105 DEBUG    root            Metrics reporting process started...
