2025-10-23 22:32:39,428 DEBUG    root            Loaded Command Group: ['gcloud', 'secrets']
2025-10-23 22:32:39,437 DEBUG    root            Loaded Command Group: ['gcloud', 'secrets', 'add_iam_policy_binding']
2025-10-23 22:32:39,443 DEBUG    root            Running [gcloud.secrets.add-iam-policy-binding] with arguments: [--member: "serviceAccount:cloud-build@energiverktoy-poc-1234.iam.gserviceaccount.com", --role: "roles/secretmanager.secretAccessor", SECRET: "MATRIKKEL_API_BASE_URL_PROD"]
2025-10-23 22:32:39,455 DEBUG    urllib3.connectionpool Starting new HTTPS connection (1): secretmanager.googleapis.com:443
2025-10-23 22:32:40,002 DEBUG    urllib3.connectionpool https://secretmanager.googleapis.com:443 "GET /v1/projects/energiverktoy-poc-1234/secrets/MATRIKKEL_API_BASE_URL_PROD:getIamPolicy?alt=json&options.requestedPolicyVersion=3 HTTP/1.1" 200 None
2025-10-23 22:32:40,699 DEBUG    urllib3.connectionpool https://secretmanager.googleapis.com:443 "POST /v1/projects/energiverktoy-poc-1234/secrets/MATRIKKEL_API_BASE_URL_PROD:setIamPolicy?alt=json HTTP/1.1" 200 None
2025-10-23 22:32:40,700 INFO     ___FILE_ONLY___ Updated IAM policy for secret [MATRIKKEL_API_BASE_URL_PROD].

2025-10-23 22:32:40,700 DEBUG    root            Chosen display Format:default
2025-10-23 22:32:40,700 INFO     root            Display format: "default"
2025-10-23 22:32:40,721 INFO     ___FILE_ONLY___ bindings
2025-10-23 22:32:40,721 INFO     ___FILE_ONLY___ :
2025-10-23 22:32:40,721 INFO     ___FILE_ONLY___ 

2025-10-23 22:32:40,721 INFO     ___FILE_ONLY___ -
2025-10-23 22:32:40,721 INFO     ___FILE_ONLY___  
2025-10-23 22:32:40,721 INFO     ___FILE_ONLY___ members
2025-10-23 22:32:40,721 INFO     ___FILE_ONLY___ :
2025-10-23 22:32:40,721 INFO     ___FILE_ONLY___ 

2025-10-23 22:32:40,721 INFO     ___FILE_ONLY___   
2025-10-23 22:32:40,722 INFO     ___FILE_ONLY___ -
2025-10-23 22:32:40,722 INFO     ___FILE_ONLY___  
2025-10-23 22:32:40,722 INFO     ___FILE_ONLY___ serviceAccount:cloud-build@energiverktoy-poc-1234.iam.gserviceaccount.com
2025-10-23 22:32:40,722 INFO     ___FILE_ONLY___ 

2025-10-23 22:32:40,722 INFO     ___FILE_ONLY___   
2025-10-23 22:32:40,722 INFO     ___FILE_ONLY___ role
2025-10-23 22:32:40,722 INFO     ___FILE_ONLY___ :
2025-10-23 22:32:40,722 INFO     ___FILE_ONLY___  
2025-10-23 22:32:40,722 INFO     ___FILE_ONLY___ roles/secretmanager.secretAccessor
2025-10-23 22:32:40,722 INFO     ___FILE_ONLY___ 

2025-10-23 22:32:40,722 INFO     ___FILE_ONLY___ etag
2025-10-23 22:32:40,722 INFO     ___FILE_ONLY___ :
2025-10-23 22:32:40,722 INFO     ___FILE_ONLY___  
2025-10-23 22:32:40,722 INFO     ___FILE_ONLY___ BwZB2VWhLJg=
2025-10-23 22:32:40,722 INFO     ___FILE_ONLY___ 

2025-10-23 22:32:40,722 INFO     ___FILE_ONLY___ version
2025-10-23 22:32:40,722 INFO     ___FILE_ONLY___ :
2025-10-23 22:32:40,722 INFO     ___FILE_ONLY___  
2025-10-23 22:32:40,722 INFO     ___FILE_ONLY___ 1
2025-10-23 22:32:40,722 INFO     ___FILE_ONLY___ 

2025-10-23 22:32:40,732 DEBUG    root            Metrics reporting process started...
