2025-10-23 22:33:03,070 DEBUG    root            Loaded Command Group: ['gcloud', 'secrets']
2025-10-23 22:33:03,078 DEBUG    root            Loaded Command Group: ['gcloud', 'secrets', 'add_iam_policy_binding']
2025-10-23 22:33:03,084 DEBUG    root            Running [gcloud.secrets.add-iam-policy-binding] with arguments: [--member: "serviceAccount:cloud-build@energiverktoy-poc-1234.iam.gserviceaccount.com", --role: "roles/secretmanager.secretAccessor", SECRET: "MATRIKKEL_SYSTEM_VERSION"]
2025-10-23 22:33:03,092 DEBUG    google.auth.transport.requests Making request: POST https://oauth2.googleapis.com/token
2025-10-23 22:33:03,097 DEBUG    urllib3.connectionpool Starting new HTTPS connection (1): oauth2.googleapis.com:443
2025-10-23 22:33:03,276 DEBUG    urllib3.connectionpool https://oauth2.googleapis.com:443 "POST /token HTTP/1.1" 200 None
2025-10-23 22:33:03,280 DEBUG    urllib3.connectionpool Starting new HTTPS connection (1): secretmanager.googleapis.com:443
2025-10-23 22:33:03,927 DEBUG    urllib3.connectionpool https://secretmanager.googleapis.com:443 "GET /v1/projects/energiverktoy-poc-1234/secrets/MATRIKKEL_SYSTEM_VERSION:getIamPolicy?alt=json&options.requestedPolicyVersion=3 HTTP/1.1" 200 None
2025-10-23 22:33:04,986 DEBUG    urllib3.connectionpool https://secretmanager.googleapis.com:443 "POST /v1/projects/energiverktoy-poc-1234/secrets/MATRIKKEL_SYSTEM_VERSION:setIamPolicy?alt=json HTTP/1.1" 200 None
2025-10-23 22:33:04,987 INFO     ___FILE_ONLY___ Updated IAM policy for secret [MATRIKKEL_SYSTEM_VERSION].

2025-10-23 22:33:04,987 DEBUG    root            Chosen display Format:default
2025-10-23 22:33:04,988 INFO     root            Display format: "default"
2025-10-23 22:33:05,013 INFO     ___FILE_ONLY___ bindings
2025-10-23 22:33:05,013 INFO     ___FILE_ONLY___ :
2025-10-23 22:33:05,013 INFO     ___FILE_ONLY___ 

2025-10-23 22:33:05,013 INFO     ___FILE_ONLY___ -
2025-10-23 22:33:05,013 INFO     ___FILE_ONLY___  
2025-10-23 22:33:05,013 INFO     ___FILE_ONLY___ members
2025-10-23 22:33:05,013 INFO     ___FILE_ONLY___ :
2025-10-23 22:33:05,013 INFO     ___FILE_ONLY___ 

2025-10-23 22:33:05,013 INFO     ___FILE_ONLY___   
2025-10-23 22:33:05,013 INFO     ___FILE_ONLY___ -
2025-10-23 22:33:05,013 INFO     ___FILE_ONLY___  
2025-10-23 22:33:05,013 INFO     ___FILE_ONLY___ serviceAccount:cloud-build@energiverktoy-poc-1234.iam.gserviceaccount.com
2025-10-23 22:33:05,013 INFO     ___FILE_ONLY___ 

2025-10-23 22:33:05,013 INFO     ___FILE_ONLY___   
2025-10-23 22:33:05,013 INFO     ___FILE_ONLY___ role
2025-10-23 22:33:05,013 INFO     ___FILE_ONLY___ :
2025-10-23 22:33:05,013 INFO     ___FILE_ONLY___  
2025-10-23 22:33:05,013 INFO     ___FILE_ONLY___ roles/secretmanager.secretAccessor
2025-10-23 22:33:05,014 INFO     ___FILE_ONLY___ 

2025-10-23 22:33:05,014 INFO     ___FILE_ONLY___ etag
2025-10-23 22:33:05,014 INFO     ___FILE_ONLY___ :
2025-10-23 22:33:05,014 INFO     ___FILE_ONLY___  
2025-10-23 22:33:05,014 INFO     ___FILE_ONLY___ BwZB2VcURaM=
2025-10-23 22:33:05,014 INFO     ___FILE_ONLY___ 

2025-10-23 22:33:05,014 INFO     ___FILE_ONLY___ version
2025-10-23 22:33:05,014 INFO     ___FILE_ONLY___ :
2025-10-23 22:33:05,014 INFO     ___FILE_ONLY___  
2025-10-23 22:33:05,014 INFO     ___FILE_ONLY___ 1
2025-10-23 22:33:05,014 INFO     ___FILE_ONLY___ 

2025-10-23 22:33:05,026 DEBUG    root            Metrics reporting process started...
