2025-10-23 23:39:16,724 DEBUG    root            Loaded Command Group: ['gcloud', 'builds']
2025-10-23 23:39:16,726 DEBUG    root            Loaded Command Group: ['gcloud', 'builds', 'describe']
2025-10-23 23:39:16,726 DEBUG    root            Running [gcloud.builds.describe] with arguments: [BUILD: "4500b1d5-bc7e-4543-89fb-0d401a39dcdb"]
2025-10-23 23:39:16,747 DEBUG    urllib3.connectionpool Starting new HTTPS connection (1): cloudbuild.googleapis.com:443
2025-10-23 23:39:17,538 DEBUG    urllib3.connectionpool https://cloudbuild.googleapis.com:443 "GET /v1/projects/energiverktoy-poc-1234/locations/global/builds/4500b1d5-bc7e-4543-89fb-0d401a39dcdb?alt=json HTTP/1.1" 200 None
2025-10-23 23:39:17,541 DEBUG    root            Chosen display Format:default
2025-10-23 23:39:17,542 INFO     root            Display format: "default"
2025-10-23 23:39:17,569 INFO     ___FILE_ONLY___ artifacts
2025-10-23 23:39:17,569 INFO     ___FILE_ONLY___ :
2025-10-23 23:39:17,569 INFO     ___FILE_ONLY___ 

2025-10-23 23:39:17,569 INFO     ___FILE_ONLY___   
2025-10-23 23:39:17,569 INFO     ___FILE_ONLY___ images
2025-10-23 23:39:17,569 INFO     ___FILE_ONLY___ :
2025-10-23 23:39:17,569 INFO     ___FILE_ONLY___ 

2025-10-23 23:39:17,569 INFO     ___FILE_ONLY___   
2025-10-23 23:39:17,569 INFO     ___FILE_ONLY___ -
2025-10-23 23:39:17,569 INFO     ___FILE_ONLY___  
2025-10-23 23:39:17,569 INFO     ___FILE_ONLY___ europe-north1-docker.pkg.dev/energiverktoy-poc-1234/energinokkelen/app:manual-test
2025-10-23 23:39:17,569 INFO     ___FILE_ONLY___ 

2025-10-23 23:39:17,569 INFO     ___FILE_ONLY___ availableSecrets
2025-10-23 23:39:17,569 INFO     ___FILE_ONLY___ :
2025-10-23 23:39:17,569 INFO     ___FILE_ONLY___ 

2025-10-23 23:39:17,569 INFO     ___FILE_ONLY___   
2025-10-23 23:39:17,569 INFO     ___FILE_ONLY___ secretManager
2025-10-23 23:39:17,569 INFO     ___FILE_ONLY___ :
2025-10-23 23:39:17,569 INFO     ___FILE_ONLY___ 

2025-10-23 23:39:17,569 INFO     ___FILE_ONLY___   
2025-10-23 23:39:17,569 INFO     ___FILE_ONLY___ -
2025-10-23 23:39:17,569 INFO     ___FILE_ONLY___  
2025-10-23 23:39:17,569 INFO     ___FILE_ONLY___ env
2025-10-23 23:39:17,569 INFO     ___FILE_ONLY___ :
2025-10-23 23:39:17,569 INFO     ___FILE_ONLY___  
2025-10-23 23:39:17,569 INFO     ___FILE_ONLY___ MATRIKKEL_USERNAME
2025-10-23 23:39:17,569 INFO     ___FILE_ONLY___ 

2025-10-23 23:39:17,569 INFO     ___FILE_ONLY___     
2025-10-23 23:39:17,569 INFO     ___FILE_ONLY___ versionName
2025-10-23 23:39:17,569 INFO     ___FILE_ONLY___ :
2025-10-23 23:39:17,569 INFO     ___FILE_ONLY___  
2025-10-23 23:39:17,569 INFO     ___FILE_ONLY___ projects/energiverktoy-poc-1234/secrets/MATRIKKEL_USERNAME/versions/latest
2025-10-23 23:39:17,569 INFO     ___FILE_ONLY___ 

2025-10-23 23:39:17,569 INFO     ___FILE_ONLY___   
2025-10-23 23:39:17,569 INFO     ___FILE_ONLY___ -
2025-10-23 23:39:17,569 INFO     ___FILE_ONLY___  
2025-10-23 23:39:17,569 INFO     ___FILE_ONLY___ env
2025-10-23 23:39:17,569 INFO     ___FILE_ONLY___ :
2025-10-23 23:39:17,569 INFO     ___FILE_ONLY___  
2025-10-23 23:39:17,569 INFO     ___FILE_ONLY___ MATRIKKEL_PASSWORD
2025-10-23 23:39:17,570 INFO     ___FILE_ONLY___ 

2025-10-23 23:39:17,570 INFO     ___FILE_ONLY___     
2025-10-23 23:39:17,570 INFO     ___FILE_ONLY___ versionName
2025-10-23 23:39:17,570 INFO     ___FILE_ONLY___ :
2025-10-23 23:39:17,570 INFO     ___FILE_ONLY___  
2025-10-23 23:39:17,570 INFO     ___FILE_ONLY___ projects/energiverktoy-poc-1234/secrets/MATRIKKEL_PASSWORD/versions/latest
2025-10-23 23:39:17,570 INFO     ___FILE_ONLY___ 

2025-10-23 23:39:17,570 INFO     ___FILE_ONLY___   
2025-10-23 23:39:17,570 INFO     ___FILE_ONLY___ -
2025-10-23 23:39:17,570 INFO     ___FILE_ONLY___  
2025-10-23 23:39:17,570 INFO     ___FILE_ONLY___ env
2025-10-23 23:39:17,570 INFO     ___FILE_ONLY___ :
2025-10-23 23:39:17,570 INFO     ___FILE_ONLY___  
2025-10-23 23:39:17,570 INFO     ___FILE_ONLY___ MATRIKKEL_USERNAME_TEST
2025-10-23 23:39:17,570 INFO     ___FILE_ONLY___ 

2025-10-23 23:39:17,570 INFO     ___FILE_ONLY___     
2025-10-23 23:39:17,570 INFO     ___FILE_ONLY___ versionName
2025-10-23 23:39:17,570 INFO     ___FILE_ONLY___ :
2025-10-23 23:39:17,570 INFO     ___FILE_ONLY___  
2025-10-23 23:39:17,570 INFO     ___FILE_ONLY___ projects/energiverktoy-poc-1234/secrets/MATRIKKEL_USERNAME_TEST/versions/latest
2025-10-23 23:39:17,570 INFO     ___FILE_ONLY___ 

2025-10-23 23:39:17,570 INFO     ___FILE_ONLY___   
2025-10-23 23:39:17,570 INFO     ___FILE_ONLY___ -
2025-10-23 23:39:17,570 INFO     ___FILE_ONLY___  
2025-10-23 23:39:17,570 INFO     ___FILE_ONLY___ env
2025-10-23 23:39:17,570 INFO     ___FILE_ONLY___ :
2025-10-23 23:39:17,570 INFO     ___FILE_ONLY___  
2025-10-23 23:39:17,570 INFO     ___FILE_ONLY___ MATRIKKEL_API_BASE_URL_TEST
2025-10-23 23:39:17,570 INFO     ___FILE_ONLY___ 

2025-10-23 23:39:17,570 INFO     ___FILE_ONLY___     
2025-10-23 23:39:17,570 INFO     ___FILE_ONLY___ versionName
2025-10-23 23:39:17,570 INFO     ___FILE_ONLY___ :
2025-10-23 23:39:17,570 INFO     ___FILE_ONLY___  
2025-10-23 23:39:17,570 INFO     ___FILE_ONLY___ projects/energiverktoy-poc-1234/secrets/MATRIKKEL_API_BASE_URL_TEST/versions/latest
2025-10-23 23:39:17,570 INFO     ___FILE_ONLY___ 

2025-10-23 23:39:17,570 INFO     ___FILE_ONLY___   
2025-10-23 23:39:17,570 INFO     ___FILE_ONLY___ -
2025-10-23 23:39:17,570 INFO     ___FILE_ONLY___  
2025-10-23 23:39:17,570 INFO     ___FILE_ONLY___ env
2025-10-23 23:39:17,570 INFO     ___FILE_ONLY___ :
2025-10-23 23:39:17,570 INFO     ___FILE_ONLY___  
2025-10-23 23:39:17,570 INFO     ___FILE_ONLY___ MATRIKKEL_API_BASE_URL_PROD
2025-10-23 23:39:17,570 INFO     ___FILE_ONLY___ 

2025-10-23 23:39:17,570 INFO     ___FILE_ONLY___     
2025-10-23 23:39:17,570 INFO     ___FILE_ONLY___ versionName
2025-10-23 23:39:17,570 INFO     ___FILE_ONLY___ :
2025-10-23 23:39:17,571 INFO     ___FILE_ONLY___  
2025-10-23 23:39:17,571 INFO     ___FILE_ONLY___ projects/energiverktoy-poc-1234/secrets/MATRIKKEL_API_BASE_URL_PROD/versions/latest
2025-10-23 23:39:17,571 INFO     ___FILE_ONLY___ 

2025-10-23 23:39:17,571 INFO     ___FILE_ONLY___   
2025-10-23 23:39:17,571 INFO     ___FILE_ONLY___ -
2025-10-23 23:39:17,571 INFO     ___FILE_ONLY___  
2025-10-23 23:39:17,571 INFO     ___FILE_ONLY___ env
2025-10-23 23:39:17,571 INFO     ___FILE_ONLY___ :
2025-10-23 23:39:17,571 INFO     ___FILE_ONLY___  
2025-10-23 23:39:17,571 INFO     ___FILE_ONLY___ MATRIKKEL_SNAPSHOT_VERSION
2025-10-23 23:39:17,571 INFO     ___FILE_ONLY___ 

2025-10-23 23:39:17,571 INFO     ___FILE_ONLY___     
2025-10-23 23:39:17,571 INFO     ___FILE_ONLY___ versionName
2025-10-23 23:39:17,571 INFO     ___FILE_ONLY___ :
2025-10-23 23:39:17,571 INFO     ___FILE_ONLY___  
2025-10-23 23:39:17,571 INFO     ___FILE_ONLY___ projects/energiverktoy-poc-1234/secrets/MATRIKKEL_SNAPSHOT_VERSION/versions/latest
2025-10-23 23:39:17,571 INFO     ___FILE_ONLY___ 

2025-10-23 23:39:17,571 INFO     ___FILE_ONLY___   
2025-10-23 23:39:17,571 INFO     ___FILE_ONLY___ -
2025-10-23 23:39:17,571 INFO     ___FILE_ONLY___  
2025-10-23 23:39:17,571 INFO     ___FILE_ONLY___ env
2025-10-23 23:39:17,571 INFO     ___FILE_ONLY___ :
2025-10-23 23:39:17,571 INFO     ___FILE_ONLY___  
2025-10-23 23:39:17,571 INFO     ___FILE_ONLY___ MATRIKKEL_SYSTEM_VERSION
2025-10-23 23:39:17,571 INFO     ___FILE_ONLY___ 

2025-10-23 23:39:17,571 INFO     ___FILE_ONLY___     
2025-10-23 23:39:17,571 INFO     ___FILE_ONLY___ versionName
2025-10-23 23:39:17,571 INFO     ___FILE_ONLY___ :
2025-10-23 23:39:17,571 INFO     ___FILE_ONLY___  
2025-10-23 23:39:17,571 INFO     ___FILE_ONLY___ projects/energiverktoy-poc-1234/secrets/MATRIKKEL_SYSTEM_VERSION/versions/latest
2025-10-23 23:39:17,571 INFO     ___FILE_ONLY___ 

2025-10-23 23:39:17,571 INFO     ___FILE_ONLY___   
2025-10-23 23:39:17,571 INFO     ___FILE_ONLY___ -
2025-10-23 23:39:17,572 INFO     ___FILE_ONLY___  
2025-10-23 23:39:17,572 INFO     ___FILE_ONLY___ env
2025-10-23 23:39:17,572 INFO     ___FILE_ONLY___ :
2025-10-23 23:39:17,572 INFO     ___FILE_ONLY___  
2025-10-23 23:39:17,572 INFO     ___FILE_ONLY___ ENOVA_API_KEY
2025-10-23 23:39:17,572 INFO     ___FILE_ONLY___ 

2025-10-23 23:39:17,572 INFO     ___FILE_ONLY___     
2025-10-23 23:39:17,572 INFO     ___FILE_ONLY___ versionName
2025-10-23 23:39:17,572 INFO     ___FILE_ONLY___ :
2025-10-23 23:39:17,572 INFO     ___FILE_ONLY___  
2025-10-23 23:39:17,572 INFO     ___FILE_ONLY___ projects/energiverktoy-poc-1234/secrets/ENOVA_API_KEY/versions/latest
2025-10-23 23:39:17,572 INFO     ___FILE_ONLY___ 

2025-10-23 23:39:17,572 INFO     ___FILE_ONLY___   
2025-10-23 23:39:17,572 INFO     ___FILE_ONLY___ -
2025-10-23 23:39:17,572 INFO     ___FILE_ONLY___  
2025-10-23 23:39:17,572 INFO     ___FILE_ONLY___ env
2025-10-23 23:39:17,572 INFO     ___FILE_ONLY___ :
2025-10-23 23:39:17,572 INFO     ___FILE_ONLY___  
2025-10-23 23:39:17,572 INFO     ___FILE_ONLY___ LIVE
2025-10-23 23:39:17,572 INFO     ___FILE_ONLY___ 

2025-10-23 23:39:17,572 INFO     ___FILE_ONLY___     
2025-10-23 23:39:17,572 INFO     ___FILE_ONLY___ versionName
2025-10-23 23:39:17,572 INFO     ___FILE_ONLY___ :
2025-10-23 23:39:17,572 INFO     ___FILE_ONLY___  
2025-10-23 23:39:17,572 INFO     ___FILE_ONLY___ projects/energiverktoy-poc-1234/secrets/LIVE/versions/latest
2025-10-23 23:39:17,572 INFO     ___FILE_ONLY___ 

2025-10-23 23:39:17,572 INFO     ___FILE_ONLY___ createTime
2025-10-23 23:39:17,572 INFO     ___FILE_ONLY___ :
2025-10-23 23:39:17,572 INFO     ___FILE_ONLY___  '
2025-10-23 23:39:17,572 INFO     ___FILE_ONLY___ 2025-10-23T21:38:24.185541160Z
2025-10-23 23:39:17,572 INFO     ___FILE_ONLY___ '
2025-10-23 23:39:17,573 INFO     ___FILE_ONLY___ 

2025-10-23 23:39:17,573 INFO     ___FILE_ONLY___ id
2025-10-23 23:39:17,573 INFO     ___FILE_ONLY___ :
2025-10-23 23:39:17,573 INFO     ___FILE_ONLY___  
2025-10-23 23:39:17,573 INFO     ___FILE_ONLY___ 4500b1d5-bc7e-4543-89fb-0d401a39dcdb
2025-10-23 23:39:17,573 INFO     ___FILE_ONLY___ 

2025-10-23 23:39:17,573 INFO     ___FILE_ONLY___ images
2025-10-23 23:39:17,573 INFO     ___FILE_ONLY___ :
2025-10-23 23:39:17,573 INFO     ___FILE_ONLY___ 

2025-10-23 23:39:17,573 INFO     ___FILE_ONLY___ -
2025-10-23 23:39:17,573 INFO     ___FILE_ONLY___  
2025-10-23 23:39:17,573 INFO     ___FILE_ONLY___ europe-north1-docker.pkg.dev/energiverktoy-poc-1234/energinokkelen/app:manual-test
2025-10-23 23:39:17,573 INFO     ___FILE_ONLY___ 

2025-10-23 23:39:17,573 INFO     ___FILE_ONLY___ logUrl
2025-10-23 23:39:17,573 INFO     ___FILE_ONLY___ :
2025-10-23 23:39:17,573 INFO     ___FILE_ONLY___  
2025-10-23 23:39:17,573 INFO     ___FILE_ONLY___ https://console.cloud.google.com/cloud-build/builds/4500b1d5-bc7e-4543-89fb-0d401a39dcdb?project=168751968131
2025-10-23 23:39:17,573 INFO     ___FILE_ONLY___ 

2025-10-23 23:39:17,573 INFO     ___FILE_ONLY___ logsBucket
2025-10-23 23:39:17,573 INFO     ___FILE_ONLY___ :
2025-10-23 23:39:17,573 INFO     ___FILE_ONLY___  
2025-10-23 23:39:17,573 INFO     ___FILE_ONLY___ gs://energinokkelen-build-logs
2025-10-23 23:39:17,573 INFO     ___FILE_ONLY___ 

2025-10-23 23:39:17,573 INFO     ___FILE_ONLY___ name
2025-10-23 23:39:17,573 INFO     ___FILE_ONLY___ :
2025-10-23 23:39:17,573 INFO     ___FILE_ONLY___  
2025-10-23 23:39:17,573 INFO     ___FILE_ONLY___ projects/168751968131/locations/global/builds/4500b1d5-bc7e-4543-89fb-0d401a39dcdb
2025-10-23 23:39:17,573 INFO     ___FILE_ONLY___ 

2025-10-23 23:39:17,573 INFO     ___FILE_ONLY___ options
2025-10-23 23:39:17,573 INFO     ___FILE_ONLY___ :
2025-10-23 23:39:17,573 INFO     ___FILE_ONLY___ 

2025-10-23 23:39:17,573 INFO     ___FILE_ONLY___   
2025-10-23 23:39:17,573 INFO     ___FILE_ONLY___ logging
2025-10-23 23:39:17,573 INFO     ___FILE_ONLY___ :
2025-10-23 23:39:17,573 INFO     ___FILE_ONLY___  
2025-10-23 23:39:17,573 INFO     ___FILE_ONLY___ LEGACY
2025-10-23 23:39:17,573 INFO     ___FILE_ONLY___ 

2025-10-23 23:39:17,573 INFO     ___FILE_ONLY___   
2025-10-23 23:39:17,573 INFO     ___FILE_ONLY___ pool
2025-10-23 23:39:17,573 INFO     ___FILE_ONLY___ :
2025-10-23 23:39:17,573 INFO     ___FILE_ONLY___  {
2025-10-23 23:39:17,573 INFO     ___FILE_ONLY___ }
2025-10-23 23:39:17,573 INFO     ___FILE_ONLY___ 

2025-10-23 23:39:17,573 INFO     ___FILE_ONLY___ projectId
2025-10-23 23:39:17,573 INFO     ___FILE_ONLY___ :
2025-10-23 23:39:17,573 INFO     ___FILE_ONLY___  
2025-10-23 23:39:17,573 INFO     ___FILE_ONLY___ energiverktoy-poc-1234
2025-10-23 23:39:17,573 INFO     ___FILE_ONLY___ 

2025-10-23 23:39:17,573 INFO     ___FILE_ONLY___ queueTtl
2025-10-23 23:39:17,573 INFO     ___FILE_ONLY___ :
2025-10-23 23:39:17,573 INFO     ___FILE_ONLY___  
2025-10-23 23:39:17,574 INFO     ___FILE_ONLY___ 3600s
2025-10-23 23:39:17,574 INFO     ___FILE_ONLY___ 

2025-10-23 23:39:17,574 INFO     ___FILE_ONLY___ serviceAccount
2025-10-23 23:39:17,574 INFO     ___FILE_ONLY___ :
2025-10-23 23:39:17,574 INFO     ___FILE_ONLY___  
2025-10-23 23:39:17,574 INFO     ___FILE_ONLY___ projects/energiverktoy-poc-1234/serviceAccounts/cloud-build@energiverktoy-poc-1234.iam.gserviceaccount.com
2025-10-23 23:39:17,574 INFO     ___FILE_ONLY___ 

2025-10-23 23:39:17,574 INFO     ___FILE_ONLY___ source
2025-10-23 23:39:17,574 INFO     ___FILE_ONLY___ :
2025-10-23 23:39:17,574 INFO     ___FILE_ONLY___ 

2025-10-23 23:39:17,574 INFO     ___FILE_ONLY___   
2025-10-23 23:39:17,574 INFO     ___FILE_ONLY___ storageSource
2025-10-23 23:39:17,574 INFO     ___FILE_ONLY___ :
2025-10-23 23:39:17,574 INFO     ___FILE_ONLY___ 

2025-10-23 23:39:17,574 INFO     ___FILE_ONLY___     
2025-10-23 23:39:17,574 INFO     ___FILE_ONLY___ bucket
2025-10-23 23:39:17,574 INFO     ___FILE_ONLY___ :
2025-10-23 23:39:17,574 INFO     ___FILE_ONLY___  
2025-10-23 23:39:17,574 INFO     ___FILE_ONLY___ energiverktoy-poc-1234_cloudbuild
2025-10-23 23:39:17,574 INFO     ___FILE_ONLY___ 

2025-10-23 23:39:17,574 INFO     ___FILE_ONLY___     
2025-10-23 23:39:17,574 INFO     ___FILE_ONLY___ generation
2025-10-23 23:39:17,574 INFO     ___FILE_ONLY___ :
2025-10-23 23:39:17,574 INFO     ___FILE_ONLY___  '
2025-10-23 23:39:17,574 INFO     ___FILE_ONLY___ 1761255503270426
2025-10-23 23:39:17,574 INFO     ___FILE_ONLY___ '
2025-10-23 23:39:17,574 INFO     ___FILE_ONLY___ 

2025-10-23 23:39:17,574 INFO     ___FILE_ONLY___     
2025-10-23 23:39:17,574 INFO     ___FILE_ONLY___ object
2025-10-23 23:39:17,574 INFO     ___FILE_ONLY___ :
2025-10-23 23:39:17,574 INFO     ___FILE_ONLY___  
2025-10-23 23:39:17,574 INFO     ___FILE_ONLY___ source/1761255442.271782-997d00969bad4935a47754af60b5935f.tgz
2025-10-23 23:39:17,574 INFO     ___FILE_ONLY___ 

2025-10-23 23:39:17,574 INFO     ___FILE_ONLY___ sourceProvenance
2025-10-23 23:39:17,574 INFO     ___FILE_ONLY___ :
2025-10-23 23:39:17,574 INFO     ___FILE_ONLY___ 

2025-10-23 23:39:17,574 INFO     ___FILE_ONLY___   
2025-10-23 23:39:17,574 INFO     ___FILE_ONLY___ resolvedStorageSource
2025-10-23 23:39:17,574 INFO     ___FILE_ONLY___ :
2025-10-23 23:39:17,574 INFO     ___FILE_ONLY___ 

2025-10-23 23:39:17,575 INFO     ___FILE_ONLY___     
2025-10-23 23:39:17,575 INFO     ___FILE_ONLY___ bucket
2025-10-23 23:39:17,575 INFO     ___FILE_ONLY___ :
2025-10-23 23:39:17,575 INFO     ___FILE_ONLY___  
2025-10-23 23:39:17,575 INFO     ___FILE_ONLY___ energiverktoy-poc-1234_cloudbuild
2025-10-23 23:39:17,575 INFO     ___FILE_ONLY___ 

2025-10-23 23:39:17,575 INFO     ___FILE_ONLY___     
2025-10-23 23:39:17,575 INFO     ___FILE_ONLY___ generation
2025-10-23 23:39:17,575 INFO     ___FILE_ONLY___ :
2025-10-23 23:39:17,575 INFO     ___FILE_ONLY___  '
2025-10-23 23:39:17,575 INFO     ___FILE_ONLY___ 1761255503270426
2025-10-23 23:39:17,575 INFO     ___FILE_ONLY___ '
2025-10-23 23:39:17,575 INFO     ___FILE_ONLY___ 

2025-10-23 23:39:17,575 INFO     ___FILE_ONLY___     
2025-10-23 23:39:17,575 INFO     ___FILE_ONLY___ object
2025-10-23 23:39:17,575 INFO     ___FILE_ONLY___ :
2025-10-23 23:39:17,575 INFO     ___FILE_ONLY___  
2025-10-23 23:39:17,575 INFO     ___FILE_ONLY___ source/1761255442.271782-997d00969bad4935a47754af60b5935f.tgz
2025-10-23 23:39:17,575 INFO     ___FILE_ONLY___ 

2025-10-23 23:39:17,575 INFO     ___FILE_ONLY___ startTime
2025-10-23 23:39:17,575 INFO     ___FILE_ONLY___ :
2025-10-23 23:39:17,575 INFO     ___FILE_ONLY___  '
2025-10-23 23:39:17,575 INFO     ___FILE_ONLY___ 2025-10-23T21:38:25.486740237Z
2025-10-23 23:39:17,575 INFO     ___FILE_ONLY___ '
2025-10-23 23:39:17,575 INFO     ___FILE_ONLY___ 

2025-10-23 23:39:17,575 INFO     ___FILE_ONLY___ status
2025-10-23 23:39:17,575 INFO     ___FILE_ONLY___ :
2025-10-23 23:39:17,575 INFO     ___FILE_ONLY___  
2025-10-23 23:39:17,575 INFO     ___FILE_ONLY___ WORKING
2025-10-23 23:39:17,575 INFO     ___FILE_ONLY___ 

2025-10-23 23:39:17,575 INFO     ___FILE_ONLY___ steps
2025-10-23 23:39:17,575 INFO     ___FILE_ONLY___ :
2025-10-23 23:39:17,575 INFO     ___FILE_ONLY___ 

2025-10-23 23:39:17,575 INFO     ___FILE_ONLY___ -
2025-10-23 23:39:17,575 INFO     ___FILE_ONLY___  
2025-10-23 23:39:17,575 INFO     ___FILE_ONLY___ args
2025-10-23 23:39:17,575 INFO     ___FILE_ONLY___ :
2025-10-23 23:39:17,576 INFO     ___FILE_ONLY___ 

2025-10-23 23:39:17,576 INFO     ___FILE_ONLY___   
2025-10-23 23:39:17,576 INFO     ___FILE_ONLY___ -
2025-10-23 23:39:17,576 INFO     ___FILE_ONLY___  
2025-10-23 23:39:17,576 INFO     ___FILE_ONLY___ -lc
2025-10-23 23:39:17,576 INFO     ___FILE_ONLY___ 

2025-10-23 23:39:17,576 INFO     ___FILE_ONLY___   
2025-10-23 23:39:17,576 INFO     ___FILE_ONLY___ -
2025-10-23 23:39:17,576 INFO     ___FILE_ONLY___  
2025-10-23 23:39:17,576 INFO     ___FILE_ONLY___ npm
2025-10-23 23:39:17,576 INFO     ___FILE_ONLY___  
2025-10-23 23:39:17,576 INFO     ___FILE_ONLY___ ci
2025-10-23 23:39:17,576 INFO     ___FILE_ONLY___ 

2025-10-23 23:39:17,576 INFO     ___FILE_ONLY___   
2025-10-23 23:39:17,576 INFO     ___FILE_ONLY___ entrypoint
2025-10-23 23:39:17,576 INFO     ___FILE_ONLY___ :
2025-10-23 23:39:17,576 INFO     ___FILE_ONLY___  
2025-10-23 23:39:17,576 INFO     ___FILE_ONLY___ bash
2025-10-23 23:39:17,576 INFO     ___FILE_ONLY___ 

2025-10-23 23:39:17,576 INFO     ___FILE_ONLY___   
2025-10-23 23:39:17,576 INFO     ___FILE_ONLY___ id
2025-10-23 23:39:17,576 INFO     ___FILE_ONLY___ :
2025-10-23 23:39:17,576 INFO     ___FILE_ONLY___  
2025-10-23 23:39:17,576 INFO     ___FILE_ONLY___ Install
2025-10-23 23:39:17,576 INFO     ___FILE_ONLY___  
2025-10-23 23:39:17,576 INFO     ___FILE_ONLY___ dependencies
2025-10-23 23:39:17,576 INFO     ___FILE_ONLY___ 

2025-10-23 23:39:17,576 INFO     ___FILE_ONLY___   
2025-10-23 23:39:17,576 INFO     ___FILE_ONLY___ name
2025-10-23 23:39:17,576 INFO     ___FILE_ONLY___ :
2025-10-23 23:39:17,576 INFO     ___FILE_ONLY___  
2025-10-23 23:39:17,576 INFO     ___FILE_ONLY___ node:20
2025-10-23 23:39:17,576 INFO     ___FILE_ONLY___ 

2025-10-23 23:39:17,576 INFO     ___FILE_ONLY___ -
2025-10-23 23:39:17,576 INFO     ___FILE_ONLY___  
2025-10-23 23:39:17,576 INFO     ___FILE_ONLY___ args
2025-10-23 23:39:17,576 INFO     ___FILE_ONLY___ :
2025-10-23 23:39:17,576 INFO     ___FILE_ONLY___ 

2025-10-23 23:39:17,576 INFO     ___FILE_ONLY___   
2025-10-23 23:39:17,576 INFO     ___FILE_ONLY___ -
2025-10-23 23:39:17,576 INFO     ___FILE_ONLY___  
2025-10-23 23:39:17,576 INFO     ___FILE_ONLY___ -lc
2025-10-23 23:39:17,577 INFO     ___FILE_ONLY___ 

2025-10-23 23:39:17,577 INFO     ___FILE_ONLY___   
2025-10-23 23:39:17,577 INFO     ___FILE_ONLY___ -
2025-10-23 23:39:17,577 INFO     ___FILE_ONLY___  
2025-10-23 23:39:17,577 INFO     ___FILE_ONLY___ npm
2025-10-23 23:39:17,577 INFO     ___FILE_ONLY___  
2025-10-23 23:39:17,577 INFO     ___FILE_ONLY___ run
2025-10-23 23:39:17,577 INFO     ___FILE_ONLY___  
2025-10-23 23:39:17,577 INFO     ___FILE_ONLY___ verify:ci
2025-10-23 23:39:17,577 INFO     ___FILE_ONLY___ 

2025-10-23 23:39:17,577 INFO     ___FILE_ONLY___   
2025-10-23 23:39:17,577 INFO     ___FILE_ONLY___ entrypoint
2025-10-23 23:39:17,577 INFO     ___FILE_ONLY___ :
2025-10-23 23:39:17,577 INFO     ___FILE_ONLY___  
2025-10-23 23:39:17,577 INFO     ___FILE_ONLY___ bash
2025-10-23 23:39:17,577 INFO     ___FILE_ONLY___ 

2025-10-23 23:39:17,577 INFO     ___FILE_ONLY___   
2025-10-23 23:39:17,577 INFO     ___FILE_ONLY___ env
2025-10-23 23:39:17,577 INFO     ___FILE_ONLY___ :
2025-10-23 23:39:17,577 INFO     ___FILE_ONLY___ 

2025-10-23 23:39:17,577 INFO     ___FILE_ONLY___   
2025-10-23 23:39:17,577 INFO     ___FILE_ONLY___ -
2025-10-23 23:39:17,577 INFO     ___FILE_ONLY___  
2025-10-23 23:39:17,577 INFO     ___FILE_ONLY___ API_ENV=test
2025-10-23 23:39:17,577 INFO     ___FILE_ONLY___ 

2025-10-23 23:39:17,577 INFO     ___FILE_ONLY___   
2025-10-23 23:39:17,577 INFO     ___FILE_ONLY___ id
2025-10-23 23:39:17,577 INFO     ___FILE_ONLY___ :
2025-10-23 23:39:17,577 INFO     ___FILE_ONLY___  
2025-10-23 23:39:17,577 INFO     ___FILE_ONLY___ Verify
2025-10-23 23:39:17,577 INFO     ___FILE_ONLY___  
2025-10-23 23:39:17,577 INFO     ___FILE_ONLY___ (CI)
2025-10-23 23:39:17,577 INFO     ___FILE_ONLY___ 

2025-10-23 23:39:17,577 INFO     ___FILE_ONLY___   
2025-10-23 23:39:17,577 INFO     ___FILE_ONLY___ name
2025-10-23 23:39:17,577 INFO     ___FILE_ONLY___ :
2025-10-23 23:39:17,577 INFO     ___FILE_ONLY___  
2025-10-23 23:39:17,577 INFO     ___FILE_ONLY___ node:20
2025-10-23 23:39:17,577 INFO     ___FILE_ONLY___ 

2025-10-23 23:39:17,577 INFO     ___FILE_ONLY___   
2025-10-23 23:39:17,577 INFO     ___FILE_ONLY___ secretEnv
2025-10-23 23:39:17,577 INFO     ___FILE_ONLY___ :
2025-10-23 23:39:17,578 INFO     ___FILE_ONLY___ 

2025-10-23 23:39:17,578 INFO     ___FILE_ONLY___   
2025-10-23 23:39:17,578 INFO     ___FILE_ONLY___ -
2025-10-23 23:39:17,578 INFO     ___FILE_ONLY___  
2025-10-23 23:39:17,578 INFO     ___FILE_ONLY___ MATRIKKEL_USERNAME
2025-10-23 23:39:17,578 INFO     ___FILE_ONLY___ 

2025-10-23 23:39:17,578 INFO     ___FILE_ONLY___   
2025-10-23 23:39:17,578 INFO     ___FILE_ONLY___ -
2025-10-23 23:39:17,578 INFO     ___FILE_ONLY___  
2025-10-23 23:39:17,578 INFO     ___FILE_ONLY___ MATRIKKEL_PASSWORD
2025-10-23 23:39:17,578 INFO     ___FILE_ONLY___ 

2025-10-23 23:39:17,578 INFO     ___FILE_ONLY___   
2025-10-23 23:39:17,578 INFO     ___FILE_ONLY___ -
2025-10-23 23:39:17,578 INFO     ___FILE_ONLY___  
2025-10-23 23:39:17,578 INFO     ___FILE_ONLY___ MATRIKKEL_USERNAME_TEST
2025-10-23 23:39:17,578 INFO     ___FILE_ONLY___ 

2025-10-23 23:39:17,578 INFO     ___FILE_ONLY___   
2025-10-23 23:39:17,578 INFO     ___FILE_ONLY___ -
2025-10-23 23:39:17,578 INFO     ___FILE_ONLY___  
2025-10-23 23:39:17,578 INFO     ___FILE_ONLY___ MATRIKKEL_API_BASE_URL_TEST
2025-10-23 23:39:17,578 INFO     ___FILE_ONLY___ 

2025-10-23 23:39:17,578 INFO     ___FILE_ONLY___   
2025-10-23 23:39:17,578 INFO     ___FILE_ONLY___ -
2025-10-23 23:39:17,578 INFO     ___FILE_ONLY___  
2025-10-23 23:39:17,578 INFO     ___FILE_ONLY___ MATRIKKEL_API_BASE_URL_PROD
2025-10-23 23:39:17,578 INFO     ___FILE_ONLY___ 

2025-10-23 23:39:17,578 INFO     ___FILE_ONLY___   
2025-10-23 23:39:17,578 INFO     ___FILE_ONLY___ -
2025-10-23 23:39:17,578 INFO     ___FILE_ONLY___  
2025-10-23 23:39:17,578 INFO     ___FILE_ONLY___ MATRIKKEL_SNAPSHOT_VERSION
2025-10-23 23:39:17,578 INFO     ___FILE_ONLY___ 

2025-10-23 23:39:17,578 INFO     ___FILE_ONLY___   
2025-10-23 23:39:17,578 INFO     ___FILE_ONLY___ -
2025-10-23 23:39:17,578 INFO     ___FILE_ONLY___  
2025-10-23 23:39:17,578 INFO     ___FILE_ONLY___ MATRIKKEL_SYSTEM_VERSION
2025-10-23 23:39:17,578 INFO     ___FILE_ONLY___ 

2025-10-23 23:39:17,578 INFO     ___FILE_ONLY___   
2025-10-23 23:39:17,578 INFO     ___FILE_ONLY___ -
2025-10-23 23:39:17,578 INFO     ___FILE_ONLY___  
2025-10-23 23:39:17,578 INFO     ___FILE_ONLY___ ENOVA_API_KEY
2025-10-23 23:39:17,578 INFO     ___FILE_ONLY___ 

2025-10-23 23:39:17,578 INFO     ___FILE_ONLY___   
2025-10-23 23:39:17,578 INFO     ___FILE_ONLY___ -
2025-10-23 23:39:17,578 INFO     ___FILE_ONLY___  
2025-10-23 23:39:17,578 INFO     ___FILE_ONLY___ LIVE
2025-10-23 23:39:17,579 INFO     ___FILE_ONLY___ 

2025-10-23 23:39:17,579 INFO     ___FILE_ONLY___ -
2025-10-23 23:39:17,579 INFO     ___FILE_ONLY___  
2025-10-23 23:39:17,579 INFO     ___FILE_ONLY___ args
2025-10-23 23:39:17,579 INFO     ___FILE_ONLY___ :
2025-10-23 23:39:17,579 INFO     ___FILE_ONLY___ 

2025-10-23 23:39:17,579 INFO     ___FILE_ONLY___   
2025-10-23 23:39:17,579 INFO     ___FILE_ONLY___ -
2025-10-23 23:39:17,579 INFO     ___FILE_ONLY___  
2025-10-23 23:39:17,579 INFO     ___FILE_ONLY___ -lc
2025-10-23 23:39:17,579 INFO     ___FILE_ONLY___ 

2025-10-23 23:39:17,579 INFO     ___FILE_ONLY___   
2025-10-23 23:39:17,579 INFO     ___FILE_ONLY___ -
2025-10-23 23:39:17,579 INFO     ___FILE_ONLY___  
2025-10-23 23:39:17,579 INFO     ___FILE_ONLY___ npm
2025-10-23 23:39:17,579 INFO     ___FILE_ONLY___  
2025-10-23 23:39:17,579 INFO     ___FILE_ONLY___ run
2025-10-23 23:39:17,579 INFO     ___FILE_ONLY___  
2025-10-23 23:39:17,579 INFO     ___FILE_ONLY___ build:prod
2025-10-23 23:39:17,579 INFO     ___FILE_ONLY___ 

2025-10-23 23:39:17,579 INFO     ___FILE_ONLY___   
2025-10-23 23:39:17,579 INFO     ___FILE_ONLY___ entrypoint
2025-10-23 23:39:17,579 INFO     ___FILE_ONLY___ :
2025-10-23 23:39:17,579 INFO     ___FILE_ONLY___  
2025-10-23 23:39:17,579 INFO     ___FILE_ONLY___ bash
2025-10-23 23:39:17,579 INFO     ___FILE_ONLY___ 

2025-10-23 23:39:17,579 INFO     ___FILE_ONLY___   
2025-10-23 23:39:17,579 INFO     ___FILE_ONLY___ id
2025-10-23 23:39:17,579 INFO     ___FILE_ONLY___ :
2025-10-23 23:39:17,579 INFO     ___FILE_ONLY___  
2025-10-23 23:39:17,579 INFO     ___FILE_ONLY___ Build
2025-10-23 23:39:17,579 INFO     ___FILE_ONLY___  
2025-10-23 23:39:17,579 INFO     ___FILE_ONLY___ production
2025-10-23 23:39:17,579 INFO     ___FILE_ONLY___  
2025-10-23 23:39:17,579 INFO     ___FILE_ONLY___ bundle
2025-10-23 23:39:17,579 INFO     ___FILE_ONLY___ 

2025-10-23 23:39:17,579 INFO     ___FILE_ONLY___   
2025-10-23 23:39:17,579 INFO     ___FILE_ONLY___ name
2025-10-23 23:39:17,579 INFO     ___FILE_ONLY___ :
2025-10-23 23:39:17,579 INFO     ___FILE_ONLY___  
2025-10-23 23:39:17,579 INFO     ___FILE_ONLY___ node:20
2025-10-23 23:39:17,579 INFO     ___FILE_ONLY___ 

2025-10-23 23:39:17,580 INFO     ___FILE_ONLY___ -
2025-10-23 23:39:17,580 INFO     ___FILE_ONLY___  
2025-10-23 23:39:17,580 INFO     ___FILE_ONLY___ args
2025-10-23 23:39:17,580 INFO     ___FILE_ONLY___ :
2025-10-23 23:39:17,580 INFO     ___FILE_ONLY___ 

2025-10-23 23:39:17,580 INFO     ___FILE_ONLY___   
2025-10-23 23:39:17,580 INFO     ___FILE_ONLY___ -
2025-10-23 23:39:17,580 INFO     ___FILE_ONLY___  
2025-10-23 23:39:17,580 INFO     ___FILE_ONLY___ -c
2025-10-23 23:39:17,580 INFO     ___FILE_ONLY___ 

2025-10-23 23:39:17,580 INFO     ___FILE_ONLY___   
2025-10-23 23:39:17,580 INFO     ___FILE_ONLY___ -
2025-10-23 23:39:17,580 INFO     ___FILE_ONLY___  
2025-10-23 23:39:17,580 INFO     ___FILE_ONLY___ |
2025-10-23 23:39:17,580 INFO     ___FILE_ONLY___ 

2025-10-23 23:39:17,580 INFO     ___FILE_ONLY___     
2025-10-23 23:39:17,580 INFO     ___FILE_ONLY___ set -eo pipefail
2025-10-23 23:39:17,580 INFO     ___FILE_ONLY___ 

2025-10-23 23:39:17,580 INFO     ___FILE_ONLY___     
2025-10-23 23:39:17,580 INFO     ___FILE_ONLY___ image_uri="europe-north1-docker.pkg.dev/energiverktoy-poc-1234/energinokkelen/app:manual-test"
2025-10-23 23:39:17,580 INFO     ___FILE_ONLY___ 

2025-10-23 23:39:17,580 INFO     ___FILE_ONLY___     
2025-10-23 23:39:17,580 INFO     ___FILE_ONLY___ echo "$image_uri" > /workspace/image-uri.txt
2025-10-23 23:39:17,580 INFO     ___FILE_ONLY___ 

2025-10-23 23:39:17,580 INFO     ___FILE_ONLY___     
2025-10-23 23:39:17,580 INFO     ___FILE_ONLY___ docker build --file Dockerfile --tag "$image_uri" .
2025-10-23 23:39:17,580 INFO     ___FILE_ONLY___ 

2025-10-23 23:39:17,580 INFO     ___FILE_ONLY___   
2025-10-23 23:39:17,580 INFO     ___FILE_ONLY___ entrypoint
2025-10-23 23:39:17,580 INFO     ___FILE_ONLY___ :
2025-10-23 23:39:17,580 INFO     ___FILE_ONLY___  
2025-10-23 23:39:17,580 INFO     ___FILE_ONLY___ bash
2025-10-23 23:39:17,580 INFO     ___FILE_ONLY___ 

2025-10-23 23:39:17,580 INFO     ___FILE_ONLY___   
2025-10-23 23:39:17,580 INFO     ___FILE_ONLY___ id
2025-10-23 23:39:17,580 INFO     ___FILE_ONLY___ :
2025-10-23 23:39:17,580 INFO     ___FILE_ONLY___  
2025-10-23 23:39:17,580 INFO     ___FILE_ONLY___ Build
2025-10-23 23:39:17,580 INFO     ___FILE_ONLY___  
2025-10-23 23:39:17,580 INFO     ___FILE_ONLY___ container
2025-10-23 23:39:17,580 INFO     ___FILE_ONLY___  
2025-10-23 23:39:17,580 INFO     ___FILE_ONLY___ image
2025-10-23 23:39:17,581 INFO     ___FILE_ONLY___ 

2025-10-23 23:39:17,581 INFO     ___FILE_ONLY___   
2025-10-23 23:39:17,581 INFO     ___FILE_ONLY___ name
2025-10-23 23:39:17,581 INFO     ___FILE_ONLY___ :
2025-10-23 23:39:17,581 INFO     ___FILE_ONLY___  
2025-10-23 23:39:17,581 INFO     ___FILE_ONLY___ gcr.io/cloud-builders/docker
2025-10-23 23:39:17,581 INFO     ___FILE_ONLY___ 

2025-10-23 23:39:17,581 INFO     ___FILE_ONLY___ -
2025-10-23 23:39:17,581 INFO     ___FILE_ONLY___  
2025-10-23 23:39:17,581 INFO     ___FILE_ONLY___ args
2025-10-23 23:39:17,581 INFO     ___FILE_ONLY___ :
2025-10-23 23:39:17,581 INFO     ___FILE_ONLY___ 

2025-10-23 23:39:17,581 INFO     ___FILE_ONLY___   
2025-10-23 23:39:17,581 INFO     ___FILE_ONLY___ -
2025-10-23 23:39:17,581 INFO     ___FILE_ONLY___  
2025-10-23 23:39:17,581 INFO     ___FILE_ONLY___ -c
2025-10-23 23:39:17,581 INFO     ___FILE_ONLY___ 

2025-10-23 23:39:17,581 INFO     ___FILE_ONLY___   
2025-10-23 23:39:17,581 INFO     ___FILE_ONLY___ -
2025-10-23 23:39:17,581 INFO     ___FILE_ONLY___  
2025-10-23 23:39:17,581 INFO     ___FILE_ONLY___ |
2025-10-23 23:39:17,581 INFO     ___FILE_ONLY___ 

2025-10-23 23:39:17,581 INFO     ___FILE_ONLY___     
2025-10-23 23:39:17,581 INFO     ___FILE_ONLY___ set -eo pipefail
2025-10-23 23:39:17,581 INFO     ___FILE_ONLY___ 

2025-10-23 23:39:17,581 INFO     ___FILE_ONLY___     
2025-10-23 23:39:17,581 INFO     ___FILE_ONLY___ image_uri=$(cat /workspace/image-uri.txt)
2025-10-23 23:39:17,581 INFO     ___FILE_ONLY___ 

2025-10-23 23:39:17,581 INFO     ___FILE_ONLY___     
2025-10-23 23:39:17,581 INFO     ___FILE_ONLY___ docker push "$image_uri"
2025-10-23 23:39:17,581 INFO     ___FILE_ONLY___ 

2025-10-23 23:39:17,581 INFO     ___FILE_ONLY___   
2025-10-23 23:39:17,581 INFO     ___FILE_ONLY___ entrypoint
2025-10-23 23:39:17,581 INFO     ___FILE_ONLY___ :
2025-10-23 23:39:17,581 INFO     ___FILE_ONLY___  
2025-10-23 23:39:17,581 INFO     ___FILE_ONLY___ bash
2025-10-23 23:39:17,581 INFO     ___FILE_ONLY___ 

2025-10-23 23:39:17,581 INFO     ___FILE_ONLY___   
2025-10-23 23:39:17,581 INFO     ___FILE_ONLY___ id
2025-10-23 23:39:17,581 INFO     ___FILE_ONLY___ :
2025-10-23 23:39:17,581 INFO     ___FILE_ONLY___  
2025-10-23 23:39:17,581 INFO     ___FILE_ONLY___ Push
2025-10-23 23:39:17,581 INFO     ___FILE_ONLY___  
2025-10-23 23:39:17,581 INFO     ___FILE_ONLY___ container
2025-10-23 23:39:17,581 INFO     ___FILE_ONLY___  
2025-10-23 23:39:17,581 INFO     ___FILE_ONLY___ image
2025-10-23 23:39:17,581 INFO     ___FILE_ONLY___ 

2025-10-23 23:39:17,581 INFO     ___FILE_ONLY___   
2025-10-23 23:39:17,581 INFO     ___FILE_ONLY___ name
2025-10-23 23:39:17,581 INFO     ___FILE_ONLY___ :
2025-10-23 23:39:17,581 INFO     ___FILE_ONLY___  
2025-10-23 23:39:17,581 INFO     ___FILE_ONLY___ gcr.io/cloud-builders/docker
2025-10-23 23:39:17,581 INFO     ___FILE_ONLY___ 

2025-10-23 23:39:17,582 INFO     ___FILE_ONLY___ -
2025-10-23 23:39:17,582 INFO     ___FILE_ONLY___  
2025-10-23 23:39:17,582 INFO     ___FILE_ONLY___ args
2025-10-23 23:39:17,582 INFO     ___FILE_ONLY___ :
2025-10-23 23:39:17,582 INFO     ___FILE_ONLY___ 

2025-10-23 23:39:17,582 INFO     ___FILE_ONLY___   
2025-10-23 23:39:17,582 INFO     ___FILE_ONLY___ -
2025-10-23 23:39:17,582 INFO     ___FILE_ONLY___  
2025-10-23 23:39:17,582 INFO     ___FILE_ONLY___ -c
2025-10-23 23:39:17,582 INFO     ___FILE_ONLY___ 

2025-10-23 23:39:17,582 INFO     ___FILE_ONLY___   
2025-10-23 23:39:17,582 INFO     ___FILE_ONLY___ -
2025-10-23 23:39:17,582 INFO     ___FILE_ONLY___  
2025-10-23 23:39:17,582 INFO     ___FILE_ONLY___ |
2025-10-23 23:39:17,582 INFO     ___FILE_ONLY___ 

2025-10-23 23:39:17,582 INFO     ___FILE_ONLY___     
2025-10-23 23:39:17,582 INFO     ___FILE_ONLY___ set -eo pipefail
2025-10-23 23:39:17,582 INFO     ___FILE_ONLY___ 

2025-10-23 23:39:17,582 INFO     ___FILE_ONLY___     
2025-10-23 23:39:17,582 INFO     ___FILE_ONLY___ frontend_bucket="gs://energinokkelen-frontend"
2025-10-23 23:39:17,582 INFO     ___FILE_ONLY___ 

2025-10-23 23:39:17,582 INFO     ___FILE_ONLY___     
2025-10-23 23:39:17,582 INFO     ___FILE_ONLY___ content_bucket="gs://energinokkelen-content"
2025-10-23 23:39:17,582 INFO     ___FILE_ONLY___ 

2025-10-23 23:39:17,582 INFO     ___FILE_ONLY___     
2025-10-23 23:39:17,582 INFO     ___FILE_ONLY___ gsutil -m rsync -d -r dist "${frontend_bucket}"
2025-10-23 23:39:17,582 INFO     ___FILE_ONLY___ 

2025-10-23 23:39:17,582 INFO     ___FILE_ONLY___     
2025-10-23 23:39:17,582 INFO     ___FILE_ONLY___ gsutil -m rsync -d -r content "${content_bucket}"
2025-10-23 23:39:17,582 INFO     ___FILE_ONLY___ 

2025-10-23 23:39:17,582 INFO     ___FILE_ONLY___   
2025-10-23 23:39:17,582 INFO     ___FILE_ONLY___ entrypoint
2025-10-23 23:39:17,582 INFO     ___FILE_ONLY___ :
2025-10-23 23:39:17,582 INFO     ___FILE_ONLY___  
2025-10-23 23:39:17,582 INFO     ___FILE_ONLY___ bash
2025-10-23 23:39:17,582 INFO     ___FILE_ONLY___ 

2025-10-23 23:39:17,582 INFO     ___FILE_ONLY___   
2025-10-23 23:39:17,582 INFO     ___FILE_ONLY___ id
2025-10-23 23:39:17,582 INFO     ___FILE_ONLY___ :
2025-10-23 23:39:17,582 INFO     ___FILE_ONLY___  
2025-10-23 23:39:17,582 INFO     ___FILE_ONLY___ Sync
2025-10-23 23:39:17,582 INFO     ___FILE_ONLY___  
2025-10-23 23:39:17,582 INFO     ___FILE_ONLY___ frontend
2025-10-23 23:39:17,582 INFO     ___FILE_ONLY___  
2025-10-23 23:39:17,582 INFO     ___FILE_ONLY___ &
2025-10-23 23:39:17,582 INFO     ___FILE_ONLY___  
2025-10-23 23:39:17,582 INFO     ___FILE_ONLY___ content
2025-10-23 23:39:17,582 INFO     ___FILE_ONLY___  
2025-10-23 23:39:17,582 INFO     ___FILE_ONLY___ buckets
2025-10-23 23:39:17,582 INFO     ___FILE_ONLY___ 

2025-10-23 23:39:17,582 INFO     ___FILE_ONLY___   
2025-10-23 23:39:17,582 INFO     ___FILE_ONLY___ name
2025-10-23 23:39:17,582 INFO     ___FILE_ONLY___ :
2025-10-23 23:39:17,582 INFO     ___FILE_ONLY___  
2025-10-23 23:39:17,582 INFO     ___FILE_ONLY___ gcr.io/google.com/cloudsdktool/cloud-sdk
2025-10-23 23:39:17,582 INFO     ___FILE_ONLY___ 

2025-10-23 23:39:17,582 INFO     ___FILE_ONLY___ -
2025-10-23 23:39:17,582 INFO     ___FILE_ONLY___  
2025-10-23 23:39:17,582 INFO     ___FILE_ONLY___ args
2025-10-23 23:39:17,582 INFO     ___FILE_ONLY___ :
2025-10-23 23:39:17,583 INFO     ___FILE_ONLY___ 

2025-10-23 23:39:17,583 INFO     ___FILE_ONLY___   
2025-10-23 23:39:17,583 INFO     ___FILE_ONLY___ -
2025-10-23 23:39:17,583 INFO     ___FILE_ONLY___  
2025-10-23 23:39:17,583 INFO     ___FILE_ONLY___ -c
2025-10-23 23:39:17,583 INFO     ___FILE_ONLY___ 

2025-10-23 23:39:17,583 INFO     ___FILE_ONLY___   
2025-10-23 23:39:17,583 INFO     ___FILE_ONLY___ -
2025-10-23 23:39:17,583 INFO     ___FILE_ONLY___  
2025-10-23 23:39:17,583 INFO     ___FILE_ONLY___ |
2025-10-23 23:39:17,583 INFO     ___FILE_ONLY___ 

2025-10-23 23:39:17,583 INFO     ___FILE_ONLY___     
2025-10-23 23:39:17,583 INFO     ___FILE_ONLY___ set -eo pipefail
2025-10-23 23:39:17,583 INFO     ___FILE_ONLY___ 

2025-10-23 23:39:17,583 INFO     ___FILE_ONLY___     
2025-10-23 23:39:17,583 INFO     ___FILE_ONLY___ image_uri=$(cat /workspace/image-uri.txt)
2025-10-23 23:39:17,583 INFO     ___FILE_ONLY___ 

2025-10-23 23:39:17,583 INFO     ___FILE_ONLY___     
2025-10-23 23:39:17,583 INFO     ___FILE_ONLY___ CLOUD_RUN_CONFIG="deploy/gcp/cloudrun.yaml"
2025-10-23 23:39:17,583 INFO     ___FILE_ONLY___ 

2025-10-23 23:39:17,583 INFO     ___FILE_ONLY___     
2025-10-23 23:39:17,583 INFO     ___FILE_ONLY___ export IMAGE_URI="$image_uri"
2025-10-23 23:39:17,583 INFO     ___FILE_ONLY___ 

2025-10-23 23:39:17,583 INFO     ___FILE_ONLY___     
2025-10-23 23:39:17,583 INFO     ___FILE_ONLY___ export PROJECT_ID="energiverktoy-poc-1234"
2025-10-23 23:39:17,583 INFO     ___FILE_ONLY___ 

2025-10-23 23:39:17,583 INFO     ___FILE_ONLY___     
2025-10-23 23:39:17,583 INFO     ___FILE_ONLY___ export API_ENV="test"
2025-10-23 23:39:17,583 INFO     ___FILE_ONLY___ 

2025-10-23 23:39:17,583 INFO     ___FILE_ONLY___     
2025-10-23 23:39:17,583 INFO     ___FILE_ONLY___ export CLOUD_RUN_CONFIG
2025-10-23 23:39:17,583 INFO     ___FILE_ONLY___ 

2025-10-23 23:39:17,583 INFO     ___FILE_ONLY___     
2025-10-23 23:39:17,583 INFO     ___FILE_ONLY___ python - <<'PY'
2025-10-23 23:39:17,583 INFO     ___FILE_ONLY___ 

2025-10-23 23:39:17,583 INFO     ___FILE_ONLY___     
2025-10-23 23:39:17,583 INFO     ___FILE_ONLY___   import os, pathlib
2025-10-23 23:39:17,583 INFO     ___FILE_ONLY___ 

2025-10-23 23:39:17,583 INFO     ___FILE_ONLY___     
2025-10-23 23:39:17,583 INFO     ___FILE_ONLY___   config_path = pathlib.Path(os.environ["CLOUD_RUN_CONFIG"])
2025-10-23 23:39:17,583 INFO     ___FILE_ONLY___ 

2025-10-23 23:39:17,583 INFO     ___FILE_ONLY___     
2025-10-23 23:39:17,583 INFO     ___FILE_ONLY___   content = config_path.read_text()
2025-10-23 23:39:17,583 INFO     ___FILE_ONLY___ 

2025-10-23 23:39:17,583 INFO     ___FILE_ONLY___     
2025-10-23 23:39:17,583 INFO     ___FILE_ONLY___   for placeholder, value in {
2025-10-23 23:39:17,583 INFO     ___FILE_ONLY___ 

2025-10-23 23:39:17,583 INFO     ___FILE_ONLY___     
2025-10-23 23:39:17,583 INFO     ___FILE_ONLY___       "__IMAGE_URI__": os.environ["IMAGE_URI"],
2025-10-23 23:39:17,583 INFO     ___FILE_ONLY___ 

2025-10-23 23:39:17,583 INFO     ___FILE_ONLY___     
2025-10-23 23:39:17,583 INFO     ___FILE_ONLY___       "__PROJECT_ID__": os.environ["PROJECT_ID"],
2025-10-23 23:39:17,583 INFO     ___FILE_ONLY___ 

2025-10-23 23:39:17,583 INFO     ___FILE_ONLY___     
2025-10-23 23:39:17,583 INFO     ___FILE_ONLY___       "__API_ENV__": os.environ["API_ENV"],
2025-10-23 23:39:17,583 INFO     ___FILE_ONLY___ 

2025-10-23 23:39:17,583 INFO     ___FILE_ONLY___     
2025-10-23 23:39:17,584 INFO     ___FILE_ONLY___   }.items():
2025-10-23 23:39:17,584 INFO     ___FILE_ONLY___ 

2025-10-23 23:39:17,584 INFO     ___FILE_ONLY___     
2025-10-23 23:39:17,584 INFO     ___FILE_ONLY___       content = content.replace(placeholder, value)
2025-10-23 23:39:17,584 INFO     ___FILE_ONLY___ 

2025-10-23 23:39:17,584 INFO     ___FILE_ONLY___     
2025-10-23 23:39:17,584 INFO     ___FILE_ONLY___   out_path = pathlib.Path("/workspace/cloudrun-rendered.yaml")
2025-10-23 23:39:17,584 INFO     ___FILE_ONLY___ 

2025-10-23 23:39:17,584 INFO     ___FILE_ONLY___     
2025-10-23 23:39:17,584 INFO     ___FILE_ONLY___   out_path.write_text(content)
2025-10-23 23:39:17,584 INFO     ___FILE_ONLY___ 

2025-10-23 23:39:17,584 INFO     ___FILE_ONLY___     
2025-10-23 23:39:17,584 INFO     ___FILE_ONLY___   print(content)
2025-10-23 23:39:17,584 INFO     ___FILE_ONLY___ 

2025-10-23 23:39:17,584 INFO     ___FILE_ONLY___     
2025-10-23 23:39:17,584 INFO     ___FILE_ONLY___ PY
2025-10-23 23:39:17,584 INFO     ___FILE_ONLY___ 

2025-10-23 23:39:17,584 INFO     ___FILE_ONLY___   
2025-10-23 23:39:17,584 INFO     ___FILE_ONLY___ entrypoint
2025-10-23 23:39:17,584 INFO     ___FILE_ONLY___ :
2025-10-23 23:39:17,584 INFO     ___FILE_ONLY___  
2025-10-23 23:39:17,584 INFO     ___FILE_ONLY___ bash
2025-10-23 23:39:17,584 INFO     ___FILE_ONLY___ 

2025-10-23 23:39:17,584 INFO     ___FILE_ONLY___   
2025-10-23 23:39:17,584 INFO     ___FILE_ONLY___ id
2025-10-23 23:39:17,584 INFO     ___FILE_ONLY___ :
2025-10-23 23:39:17,584 INFO     ___FILE_ONLY___  
2025-10-23 23:39:17,584 INFO     ___FILE_ONLY___ Render
2025-10-23 23:39:17,584 INFO     ___FILE_ONLY___  
2025-10-23 23:39:17,584 INFO     ___FILE_ONLY___ Cloud
2025-10-23 23:39:17,584 INFO     ___FILE_ONLY___  
2025-10-23 23:39:17,584 INFO     ___FILE_ONLY___ Run
2025-10-23 23:39:17,584 INFO     ___FILE_ONLY___  
2025-10-23 23:39:17,584 INFO     ___FILE_ONLY___ config
2025-10-23 23:39:17,584 INFO     ___FILE_ONLY___ 

2025-10-23 23:39:17,584 INFO     ___FILE_ONLY___   
2025-10-23 23:39:17,584 INFO     ___FILE_ONLY___ name
2025-10-23 23:39:17,584 INFO     ___FILE_ONLY___ :
2025-10-23 23:39:17,584 INFO     ___FILE_ONLY___  
2025-10-23 23:39:17,584 INFO     ___FILE_ONLY___ gcr.io/google.com/cloudsdktool/cloud-sdk
2025-10-23 23:39:17,584 INFO     ___FILE_ONLY___ 

2025-10-23 23:39:17,584 INFO     ___FILE_ONLY___ -
2025-10-23 23:39:17,584 INFO     ___FILE_ONLY___  
2025-10-23 23:39:17,584 INFO     ___FILE_ONLY___ args
2025-10-23 23:39:17,584 INFO     ___FILE_ONLY___ :
2025-10-23 23:39:17,584 INFO     ___FILE_ONLY___ 

2025-10-23 23:39:17,584 INFO     ___FILE_ONLY___   
2025-10-23 23:39:17,584 INFO     ___FILE_ONLY___ -
2025-10-23 23:39:17,584 INFO     ___FILE_ONLY___  
2025-10-23 23:39:17,584 INFO     ___FILE_ONLY___ -c
2025-10-23 23:39:17,584 INFO     ___FILE_ONLY___ 

2025-10-23 23:39:17,584 INFO     ___FILE_ONLY___   
2025-10-23 23:39:17,584 INFO     ___FILE_ONLY___ -
2025-10-23 23:39:17,584 INFO     ___FILE_ONLY___  
2025-10-23 23:39:17,584 INFO     ___FILE_ONLY___ |
2025-10-23 23:39:17,584 INFO     ___FILE_ONLY___ 

2025-10-23 23:39:17,584 INFO     ___FILE_ONLY___     
2025-10-23 23:39:17,584 INFO     ___FILE_ONLY___ set -eo pipefail
2025-10-23 23:39:17,584 INFO     ___FILE_ONLY___ 

2025-10-23 23:39:17,584 INFO     ___FILE_ONLY___     
2025-10-23 23:39:17,584 INFO     ___FILE_ONLY___ if [[ "false" != "true" ]]; then
2025-10-23 23:39:17,584 INFO     ___FILE_ONLY___ 

2025-10-23 23:39:17,584 INFO     ___FILE_ONLY___     
2025-10-23 23:39:17,585 INFO     ___FILE_ONLY___   echo "Skipping Cloud Run deploy (DEPLOY=false)."
2025-10-23 23:39:17,585 INFO     ___FILE_ONLY___ 

2025-10-23 23:39:17,585 INFO     ___FILE_ONLY___     
2025-10-23 23:39:17,585 INFO     ___FILE_ONLY___   exit 0
2025-10-23 23:39:17,585 INFO     ___FILE_ONLY___ 

2025-10-23 23:39:17,585 INFO     ___FILE_ONLY___     
2025-10-23 23:39:17,585 INFO     ___FILE_ONLY___ fi
2025-10-23 23:39:17,585 INFO     ___FILE_ONLY___ 

2025-10-23 23:39:17,585 INFO     ___FILE_ONLY___     
2025-10-23 23:39:17,585 INFO     ___FILE_ONLY___ gcloud run services replace /workspace/cloudrun-rendered.yaml --region "europe-north1" --project "energiverktoy-poc-1234"
2025-10-23 23:39:17,585 INFO     ___FILE_ONLY___ 

2025-10-23 23:39:17,585 INFO     ___FILE_ONLY___   
2025-10-23 23:39:17,585 INFO     ___FILE_ONLY___ entrypoint
2025-10-23 23:39:17,585 INFO     ___FILE_ONLY___ :
2025-10-23 23:39:17,585 INFO     ___FILE_ONLY___  
2025-10-23 23:39:17,585 INFO     ___FILE_ONLY___ bash
2025-10-23 23:39:17,585 INFO     ___FILE_ONLY___ 

2025-10-23 23:39:17,585 INFO     ___FILE_ONLY___   
2025-10-23 23:39:17,585 INFO     ___FILE_ONLY___ id
2025-10-23 23:39:17,585 INFO     ___FILE_ONLY___ :
2025-10-23 23:39:17,585 INFO     ___FILE_ONLY___  
2025-10-23 23:39:17,585 INFO     ___FILE_ONLY___ Deploy
2025-10-23 23:39:17,585 INFO     ___FILE_ONLY___  
2025-10-23 23:39:17,585 INFO     ___FILE_ONLY___ Cloud
2025-10-23 23:39:17,585 INFO     ___FILE_ONLY___  
2025-10-23 23:39:17,585 INFO     ___FILE_ONLY___ Run
2025-10-23 23:39:17,585 INFO     ___FILE_ONLY___  
2025-10-23 23:39:17,585 INFO     ___FILE_ONLY___ (conditional)
2025-10-23 23:39:17,585 INFO     ___FILE_ONLY___ 

2025-10-23 23:39:17,585 INFO     ___FILE_ONLY___   
2025-10-23 23:39:17,585 INFO     ___FILE_ONLY___ name
2025-10-23 23:39:17,585 INFO     ___FILE_ONLY___ :
2025-10-23 23:39:17,585 INFO     ___FILE_ONLY___  
2025-10-23 23:39:17,585 INFO     ___FILE_ONLY___ gcr.io/google.com/cloudsdktool/cloud-sdk
2025-10-23 23:39:17,585 INFO     ___FILE_ONLY___ 

2025-10-23 23:39:17,585 INFO     ___FILE_ONLY___ substitutions
2025-10-23 23:39:17,585 INFO     ___FILE_ONLY___ :
2025-10-23 23:39:17,585 INFO     ___FILE_ONLY___ 

2025-10-23 23:39:17,585 INFO     ___FILE_ONLY___   
2025-10-23 23:39:17,585 INFO     ___FILE_ONLY___ _API_ENV
2025-10-23 23:39:17,585 INFO     ___FILE_ONLY___ :
2025-10-23 23:39:17,585 INFO     ___FILE_ONLY___  
2025-10-23 23:39:17,585 INFO     ___FILE_ONLY___ test
2025-10-23 23:39:17,585 INFO     ___FILE_ONLY___ 

2025-10-23 23:39:17,585 INFO     ___FILE_ONLY___   
2025-10-23 23:39:17,585 INFO     ___FILE_ONLY___ _CLOUD_RUN_CONFIG
2025-10-23 23:39:17,585 INFO     ___FILE_ONLY___ :
2025-10-23 23:39:17,585 INFO     ___FILE_ONLY___  
2025-10-23 23:39:17,585 INFO     ___FILE_ONLY___ deploy/gcp/cloudrun.yaml
2025-10-23 23:39:17,585 INFO     ___FILE_ONLY___ 

2025-10-23 23:39:17,585 INFO     ___FILE_ONLY___   
2025-10-23 23:39:17,585 INFO     ___FILE_ONLY___ _CONTENT_BUCKET
2025-10-23 23:39:17,585 INFO     ___FILE_ONLY___ :
2025-10-23 23:39:17,585 INFO     ___FILE_ONLY___  
2025-10-23 23:39:17,585 INFO     ___FILE_ONLY___ gs://energinokkelen-content
2025-10-23 23:39:17,586 INFO     ___FILE_ONLY___ 

2025-10-23 23:39:17,586 INFO     ___FILE_ONLY___   
2025-10-23 23:39:17,586 INFO     ___FILE_ONLY___ _DEPLOY
2025-10-23 23:39:17,586 INFO     ___FILE_ONLY___ :
2025-10-23 23:39:17,586 INFO     ___FILE_ONLY___  '
2025-10-23 23:39:17,586 INFO     ___FILE_ONLY___ false
2025-10-23 23:39:17,586 INFO     ___FILE_ONLY___ '
2025-10-23 23:39:17,586 INFO     ___FILE_ONLY___ 

2025-10-23 23:39:17,586 INFO     ___FILE_ONLY___   
2025-10-23 23:39:17,586 INFO     ___FILE_ONLY___ _FRONTEND_BUCKET
2025-10-23 23:39:17,586 INFO     ___FILE_ONLY___ :
2025-10-23 23:39:17,586 INFO     ___FILE_ONLY___  
2025-10-23 23:39:17,586 INFO     ___FILE_ONLY___ gs://energinokkelen-frontend
2025-10-23 23:39:17,586 INFO     ___FILE_ONLY___ 

2025-10-23 23:39:17,586 INFO     ___FILE_ONLY___   
2025-10-23 23:39:17,586 INFO     ___FILE_ONLY___ _REGION
2025-10-23 23:39:17,586 INFO     ___FILE_ONLY___ :
2025-10-23 23:39:17,586 INFO     ___FILE_ONLY___  
2025-10-23 23:39:17,586 INFO     ___FILE_ONLY___ europe-north1
2025-10-23 23:39:17,586 INFO     ___FILE_ONLY___ 

2025-10-23 23:39:17,586 INFO     ___FILE_ONLY___   
2025-10-23 23:39:17,586 INFO     ___FILE_ONLY___ _REPOSITORY
2025-10-23 23:39:17,586 INFO     ___FILE_ONLY___ :
2025-10-23 23:39:17,586 INFO     ___FILE_ONLY___  
2025-10-23 23:39:17,586 INFO     ___FILE_ONLY___ energinokkelen
2025-10-23 23:39:17,586 INFO     ___FILE_ONLY___ 

2025-10-23 23:39:17,586 INFO     ___FILE_ONLY___   
2025-10-23 23:39:17,586 INFO     ___FILE_ONLY___ _TAG
2025-10-23 23:39:17,586 INFO     ___FILE_ONLY___ :
2025-10-23 23:39:17,586 INFO     ___FILE_ONLY___  
2025-10-23 23:39:17,586 INFO     ___FILE_ONLY___ manual-test
2025-10-23 23:39:17,586 INFO     ___FILE_ONLY___ 

2025-10-23 23:39:17,586 INFO     ___FILE_ONLY___ timeout
2025-10-23 23:39:17,586 INFO     ___FILE_ONLY___ :
2025-10-23 23:39:17,586 INFO     ___FILE_ONLY___  
2025-10-23 23:39:17,586 INFO     ___FILE_ONLY___ 3600s
2025-10-23 23:39:17,586 INFO     ___FILE_ONLY___ 

2025-10-23 23:39:17,597 DEBUG    root            Metrics reporting process started...
