2025-10-23 23:53:36,370 DEBUG    root            Loaded Command Group: ['gcloud', 'builds']
2025-10-23 23:53:36,371 DEBUG    root            Loaded Command Group: ['gcloud', 'builds', 'describe']
2025-10-23 23:53:36,372 DEBUG    root            Running [gcloud.builds.describe] with arguments: [BUILD: "a3bc9367-1191-4560-b036-2fe41de50b97"]
2025-10-23 23:53:36,397 DEBUG    urllib3.connectionpool Starting new HTTPS connection (1): cloudbuild.googleapis.com:443
2025-10-23 23:53:37,218 DEBUG    urllib3.connectionpool https://cloudbuild.googleapis.com:443 "GET /v1/projects/energiverktoy-poc-1234/locations/global/builds/a3bc9367-1191-4560-b036-2fe41de50b97?alt=json HTTP/1.1" 200 None
2025-10-23 23:53:37,220 DEBUG    root            Chosen display Format:default
2025-10-23 23:53:37,221 INFO     root            Display format: "default"
2025-10-23 23:53:37,245 INFO     ___FILE_ONLY___ artifacts
2025-10-23 23:53:37,245 INFO     ___FILE_ONLY___ :
2025-10-23 23:53:37,245 INFO     ___FILE_ONLY___ 

2025-10-23 23:53:37,245 INFO     ___FILE_ONLY___   
2025-10-23 23:53:37,245 INFO     ___FILE_ONLY___ images
2025-10-23 23:53:37,245 INFO     ___FILE_ONLY___ :
2025-10-23 23:53:37,245 INFO     ___FILE_ONLY___ 

2025-10-23 23:53:37,245 INFO     ___FILE_ONLY___   
2025-10-23 23:53:37,245 INFO     ___FILE_ONLY___ -
2025-10-23 23:53:37,245 INFO     ___FILE_ONLY___  
2025-10-23 23:53:37,245 INFO     ___FILE_ONLY___ europe-north1-docker.pkg.dev/energiverktoy-poc-1234/energinokkelen/app:manual-test
2025-10-23 23:53:37,245 INFO     ___FILE_ONLY___ 

2025-10-23 23:53:37,245 INFO     ___FILE_ONLY___ availableSecrets
2025-10-23 23:53:37,245 INFO     ___FILE_ONLY___ :
2025-10-23 23:53:37,245 INFO     ___FILE_ONLY___ 

2025-10-23 23:53:37,245 INFO     ___FILE_ONLY___   
2025-10-23 23:53:37,245 INFO     ___FILE_ONLY___ secretManager
2025-10-23 23:53:37,246 INFO     ___FILE_ONLY___ :
2025-10-23 23:53:37,246 INFO     ___FILE_ONLY___ 

2025-10-23 23:53:37,246 INFO     ___FILE_ONLY___   
2025-10-23 23:53:37,246 INFO     ___FILE_ONLY___ -
2025-10-23 23:53:37,246 INFO     ___FILE_ONLY___  
2025-10-23 23:53:37,246 INFO     ___FILE_ONLY___ env
2025-10-23 23:53:37,246 INFO     ___FILE_ONLY___ :
2025-10-23 23:53:37,246 INFO     ___FILE_ONLY___  
2025-10-23 23:53:37,246 INFO     ___FILE_ONLY___ MATRIKKEL_USERNAME
2025-10-23 23:53:37,246 INFO     ___FILE_ONLY___ 

2025-10-23 23:53:37,246 INFO     ___FILE_ONLY___     
2025-10-23 23:53:37,246 INFO     ___FILE_ONLY___ versionName
2025-10-23 23:53:37,246 INFO     ___FILE_ONLY___ :
2025-10-23 23:53:37,246 INFO     ___FILE_ONLY___  
2025-10-23 23:53:37,246 INFO     ___FILE_ONLY___ projects/energiverktoy-poc-1234/secrets/MATRIKKEL_USERNAME/versions/latest
2025-10-23 23:53:37,246 INFO     ___FILE_ONLY___ 

2025-10-23 23:53:37,246 INFO     ___FILE_ONLY___   
2025-10-23 23:53:37,246 INFO     ___FILE_ONLY___ -
2025-10-23 23:53:37,246 INFO     ___FILE_ONLY___  
2025-10-23 23:53:37,246 INFO     ___FILE_ONLY___ env
2025-10-23 23:53:37,246 INFO     ___FILE_ONLY___ :
2025-10-23 23:53:37,246 INFO     ___FILE_ONLY___  
2025-10-23 23:53:37,246 INFO     ___FILE_ONLY___ MATRIKKEL_PASSWORD
2025-10-23 23:53:37,246 INFO     ___FILE_ONLY___ 

2025-10-23 23:53:37,246 INFO     ___FILE_ONLY___     
2025-10-23 23:53:37,246 INFO     ___FILE_ONLY___ versionName
2025-10-23 23:53:37,246 INFO     ___FILE_ONLY___ :
2025-10-23 23:53:37,246 INFO     ___FILE_ONLY___  
2025-10-23 23:53:37,246 INFO     ___FILE_ONLY___ projects/energiverktoy-poc-1234/secrets/MATRIKKEL_PASSWORD/versions/latest
2025-10-23 23:53:37,246 INFO     ___FILE_ONLY___ 

2025-10-23 23:53:37,246 INFO     ___FILE_ONLY___   
2025-10-23 23:53:37,246 INFO     ___FILE_ONLY___ -
2025-10-23 23:53:37,246 INFO     ___FILE_ONLY___  
2025-10-23 23:53:37,246 INFO     ___FILE_ONLY___ env
2025-10-23 23:53:37,246 INFO     ___FILE_ONLY___ :
2025-10-23 23:53:37,246 INFO     ___FILE_ONLY___  
2025-10-23 23:53:37,246 INFO     ___FILE_ONLY___ MATRIKKEL_USERNAME_TEST
2025-10-23 23:53:37,247 INFO     ___FILE_ONLY___ 

2025-10-23 23:53:37,247 INFO     ___FILE_ONLY___     
2025-10-23 23:53:37,247 INFO     ___FILE_ONLY___ versionName
2025-10-23 23:53:37,247 INFO     ___FILE_ONLY___ :
2025-10-23 23:53:37,247 INFO     ___FILE_ONLY___  
2025-10-23 23:53:37,247 INFO     ___FILE_ONLY___ projects/energiverktoy-poc-1234/secrets/MATRIKKEL_USERNAME_TEST/versions/latest
2025-10-23 23:53:37,247 INFO     ___FILE_ONLY___ 

2025-10-23 23:53:37,247 INFO     ___FILE_ONLY___   
2025-10-23 23:53:37,247 INFO     ___FILE_ONLY___ -
2025-10-23 23:53:37,247 INFO     ___FILE_ONLY___  
2025-10-23 23:53:37,247 INFO     ___FILE_ONLY___ env
2025-10-23 23:53:37,247 INFO     ___FILE_ONLY___ :
2025-10-23 23:53:37,247 INFO     ___FILE_ONLY___  
2025-10-23 23:53:37,247 INFO     ___FILE_ONLY___ MATRIKKEL_API_BASE_URL_TEST
2025-10-23 23:53:37,247 INFO     ___FILE_ONLY___ 

2025-10-23 23:53:37,247 INFO     ___FILE_ONLY___     
2025-10-23 23:53:37,247 INFO     ___FILE_ONLY___ versionName
2025-10-23 23:53:37,247 INFO     ___FILE_ONLY___ :
2025-10-23 23:53:37,247 INFO     ___FILE_ONLY___  
2025-10-23 23:53:37,247 INFO     ___FILE_ONLY___ projects/energiverktoy-poc-1234/secrets/MATRIKKEL_API_BASE_URL_TEST/versions/latest
2025-10-23 23:53:37,247 INFO     ___FILE_ONLY___ 

2025-10-23 23:53:37,247 INFO     ___FILE_ONLY___   
2025-10-23 23:53:37,247 INFO     ___FILE_ONLY___ -
2025-10-23 23:53:37,247 INFO     ___FILE_ONLY___  
2025-10-23 23:53:37,247 INFO     ___FILE_ONLY___ env
2025-10-23 23:53:37,247 INFO     ___FILE_ONLY___ :
2025-10-23 23:53:37,247 INFO     ___FILE_ONLY___  
2025-10-23 23:53:37,247 INFO     ___FILE_ONLY___ MATRIKKEL_API_BASE_URL_PROD
2025-10-23 23:53:37,247 INFO     ___FILE_ONLY___ 

2025-10-23 23:53:37,247 INFO     ___FILE_ONLY___     
2025-10-23 23:53:37,248 INFO     ___FILE_ONLY___ versionName
2025-10-23 23:53:37,248 INFO     ___FILE_ONLY___ :
2025-10-23 23:53:37,248 INFO     ___FILE_ONLY___  
2025-10-23 23:53:37,248 INFO     ___FILE_ONLY___ projects/energiverktoy-poc-1234/secrets/MATRIKKEL_API_BASE_URL_PROD/versions/latest
2025-10-23 23:53:37,248 INFO     ___FILE_ONLY___ 

2025-10-23 23:53:37,248 INFO     ___FILE_ONLY___   
2025-10-23 23:53:37,248 INFO     ___FILE_ONLY___ -
2025-10-23 23:53:37,248 INFO     ___FILE_ONLY___  
2025-10-23 23:53:37,248 INFO     ___FILE_ONLY___ env
2025-10-23 23:53:37,248 INFO     ___FILE_ONLY___ :
2025-10-23 23:53:37,248 INFO     ___FILE_ONLY___  
2025-10-23 23:53:37,248 INFO     ___FILE_ONLY___ MATRIKKEL_SNAPSHOT_VERSION
2025-10-23 23:53:37,248 INFO     ___FILE_ONLY___ 

2025-10-23 23:53:37,248 INFO     ___FILE_ONLY___     
2025-10-23 23:53:37,248 INFO     ___FILE_ONLY___ versionName
2025-10-23 23:53:37,248 INFO     ___FILE_ONLY___ :
2025-10-23 23:53:37,248 INFO     ___FILE_ONLY___  
2025-10-23 23:53:37,248 INFO     ___FILE_ONLY___ projects/energiverktoy-poc-1234/secrets/MATRIKKEL_SNAPSHOT_VERSION/versions/latest
2025-10-23 23:53:37,248 INFO     ___FILE_ONLY___ 

2025-10-23 23:53:37,248 INFO     ___FILE_ONLY___   
2025-10-23 23:53:37,248 INFO     ___FILE_ONLY___ -
2025-10-23 23:53:37,248 INFO     ___FILE_ONLY___  
2025-10-23 23:53:37,248 INFO     ___FILE_ONLY___ env
2025-10-23 23:53:37,248 INFO     ___FILE_ONLY___ :
2025-10-23 23:53:37,248 INFO     ___FILE_ONLY___  
2025-10-23 23:53:37,248 INFO     ___FILE_ONLY___ MATRIKKEL_SYSTEM_VERSION
2025-10-23 23:53:37,248 INFO     ___FILE_ONLY___ 

2025-10-23 23:53:37,248 INFO     ___FILE_ONLY___     
2025-10-23 23:53:37,248 INFO     ___FILE_ONLY___ versionName
2025-10-23 23:53:37,248 INFO     ___FILE_ONLY___ :
2025-10-23 23:53:37,248 INFO     ___FILE_ONLY___  
2025-10-23 23:53:37,248 INFO     ___FILE_ONLY___ projects/energiverktoy-poc-1234/secrets/MATRIKKEL_SYSTEM_VERSION/versions/latest
2025-10-23 23:53:37,249 INFO     ___FILE_ONLY___ 

2025-10-23 23:53:37,249 INFO     ___FILE_ONLY___   
2025-10-23 23:53:37,249 INFO     ___FILE_ONLY___ -
2025-10-23 23:53:37,249 INFO     ___FILE_ONLY___  
2025-10-23 23:53:37,249 INFO     ___FILE_ONLY___ env
2025-10-23 23:53:37,249 INFO     ___FILE_ONLY___ :
2025-10-23 23:53:37,249 INFO     ___FILE_ONLY___  
2025-10-23 23:53:37,249 INFO     ___FILE_ONLY___ ENOVA_API_KEY
2025-10-23 23:53:37,249 INFO     ___FILE_ONLY___ 

2025-10-23 23:53:37,249 INFO     ___FILE_ONLY___     
2025-10-23 23:53:37,249 INFO     ___FILE_ONLY___ versionName
2025-10-23 23:53:37,249 INFO     ___FILE_ONLY___ :
2025-10-23 23:53:37,249 INFO     ___FILE_ONLY___  
2025-10-23 23:53:37,249 INFO     ___FILE_ONLY___ projects/energiverktoy-poc-1234/secrets/ENOVA_API_KEY/versions/latest
2025-10-23 23:53:37,249 INFO     ___FILE_ONLY___ 

2025-10-23 23:53:37,249 INFO     ___FILE_ONLY___   
2025-10-23 23:53:37,249 INFO     ___FILE_ONLY___ -
2025-10-23 23:53:37,249 INFO     ___FILE_ONLY___  
2025-10-23 23:53:37,249 INFO     ___FILE_ONLY___ env
2025-10-23 23:53:37,249 INFO     ___FILE_ONLY___ :
2025-10-23 23:53:37,249 INFO     ___FILE_ONLY___  
2025-10-23 23:53:37,249 INFO     ___FILE_ONLY___ LIVE
2025-10-23 23:53:37,249 INFO     ___FILE_ONLY___ 

2025-10-23 23:53:37,249 INFO     ___FILE_ONLY___     
2025-10-23 23:53:37,249 INFO     ___FILE_ONLY___ versionName
2025-10-23 23:53:37,249 INFO     ___FILE_ONLY___ :
2025-10-23 23:53:37,249 INFO     ___FILE_ONLY___  
2025-10-23 23:53:37,249 INFO     ___FILE_ONLY___ projects/energiverktoy-poc-1234/secrets/LIVE/versions/latest
2025-10-23 23:53:37,249 INFO     ___FILE_ONLY___ 

2025-10-23 23:53:37,249 INFO     ___FILE_ONLY___ createTime
2025-10-23 23:53:37,250 INFO     ___FILE_ONLY___ :
2025-10-23 23:53:37,250 INFO     ___FILE_ONLY___  '
2025-10-23 23:53:37,250 INFO     ___FILE_ONLY___ 2025-10-23T21:49:06.403884723Z
2025-10-23 23:53:37,250 INFO     ___FILE_ONLY___ '
2025-10-23 23:53:37,250 INFO     ___FILE_ONLY___ 

2025-10-23 23:53:37,250 INFO     ___FILE_ONLY___ finishTime
2025-10-23 23:53:37,250 INFO     ___FILE_ONLY___ :
2025-10-23 23:53:37,250 INFO     ___FILE_ONLY___  '
2025-10-23 23:53:37,250 INFO     ___FILE_ONLY___ 2025-10-23T21:53:33.406081Z
2025-10-23 23:53:37,250 INFO     ___FILE_ONLY___ '
2025-10-23 23:53:37,250 INFO     ___FILE_ONLY___ 

2025-10-23 23:53:37,250 INFO     ___FILE_ONLY___ id
2025-10-23 23:53:37,250 INFO     ___FILE_ONLY___ :
2025-10-23 23:53:37,250 INFO     ___FILE_ONLY___  
2025-10-23 23:53:37,250 INFO     ___FILE_ONLY___ a3bc9367-1191-4560-b036-2fe41de50b97
2025-10-23 23:53:37,250 INFO     ___FILE_ONLY___ 

2025-10-23 23:53:37,250 INFO     ___FILE_ONLY___ images
2025-10-23 23:53:37,250 INFO     ___FILE_ONLY___ :
2025-10-23 23:53:37,250 INFO     ___FILE_ONLY___ 

2025-10-23 23:53:37,251 INFO     ___FILE_ONLY___ -
2025-10-23 23:53:37,251 INFO     ___FILE_ONLY___  
2025-10-23 23:53:37,251 INFO     ___FILE_ONLY___ europe-north1-docker.pkg.dev/energiverktoy-poc-1234/energinokkelen/app:manual-test
2025-10-23 23:53:37,251 INFO     ___FILE_ONLY___ 

2025-10-23 23:53:37,251 INFO     ___FILE_ONLY___ logUrl
2025-10-23 23:53:37,251 INFO     ___FILE_ONLY___ :
2025-10-23 23:53:37,251 INFO     ___FILE_ONLY___  
2025-10-23 23:53:37,251 INFO     ___FILE_ONLY___ https://console.cloud.google.com/cloud-build/builds/a3bc9367-1191-4560-b036-2fe41de50b97?project=168751968131
2025-10-23 23:53:37,251 INFO     ___FILE_ONLY___ 

2025-10-23 23:53:37,251 INFO     ___FILE_ONLY___ logsBucket
2025-10-23 23:53:37,251 INFO     ___FILE_ONLY___ :
2025-10-23 23:53:37,251 INFO     ___FILE_ONLY___  
2025-10-23 23:53:37,251 INFO     ___FILE_ONLY___ gs://energinokkelen-build-logs
2025-10-23 23:53:37,251 INFO     ___FILE_ONLY___ 

2025-10-23 23:53:37,251 INFO     ___FILE_ONLY___ name
2025-10-23 23:53:37,251 INFO     ___FILE_ONLY___ :
2025-10-23 23:53:37,251 INFO     ___FILE_ONLY___  
2025-10-23 23:53:37,251 INFO     ___FILE_ONLY___ projects/168751968131/locations/global/builds/a3bc9367-1191-4560-b036-2fe41de50b97
2025-10-23 23:53:37,251 INFO     ___FILE_ONLY___ 

2025-10-23 23:53:37,251 INFO     ___FILE_ONLY___ options
2025-10-23 23:53:37,251 INFO     ___FILE_ONLY___ :
2025-10-23 23:53:37,251 INFO     ___FILE_ONLY___ 

2025-10-23 23:53:37,251 INFO     ___FILE_ONLY___   
2025-10-23 23:53:37,251 INFO     ___FILE_ONLY___ logging
2025-10-23 23:53:37,251 INFO     ___FILE_ONLY___ :
2025-10-23 23:53:37,251 INFO     ___FILE_ONLY___  
2025-10-23 23:53:37,251 INFO     ___FILE_ONLY___ LEGACY
2025-10-23 23:53:37,251 INFO     ___FILE_ONLY___ 

2025-10-23 23:53:37,251 INFO     ___FILE_ONLY___   
2025-10-23 23:53:37,251 INFO     ___FILE_ONLY___ pool
2025-10-23 23:53:37,251 INFO     ___FILE_ONLY___ :
2025-10-23 23:53:37,251 INFO     ___FILE_ONLY___  {
2025-10-23 23:53:37,251 INFO     ___FILE_ONLY___ }
2025-10-23 23:53:37,251 INFO     ___FILE_ONLY___ 

2025-10-23 23:53:37,251 INFO     ___FILE_ONLY___ projectId
2025-10-23 23:53:37,251 INFO     ___FILE_ONLY___ :
2025-10-23 23:53:37,251 INFO     ___FILE_ONLY___  
2025-10-23 23:53:37,251 INFO     ___FILE_ONLY___ energiverktoy-poc-1234
2025-10-23 23:53:37,251 INFO     ___FILE_ONLY___ 

2025-10-23 23:53:37,251 INFO     ___FILE_ONLY___ queueTtl
2025-10-23 23:53:37,251 INFO     ___FILE_ONLY___ :
2025-10-23 23:53:37,251 INFO     ___FILE_ONLY___  
2025-10-23 23:53:37,251 INFO     ___FILE_ONLY___ 3600s
2025-10-23 23:53:37,251 INFO     ___FILE_ONLY___ 

2025-10-23 23:53:37,251 INFO     ___FILE_ONLY___ results
2025-10-23 23:53:37,252 INFO     ___FILE_ONLY___ :
2025-10-23 23:53:37,252 INFO     ___FILE_ONLY___ 

2025-10-23 23:53:37,252 INFO     ___FILE_ONLY___   
2025-10-23 23:53:37,252 INFO     ___FILE_ONLY___ buildStepImages
2025-10-23 23:53:37,252 INFO     ___FILE_ONLY___ :
2025-10-23 23:53:37,252 INFO     ___FILE_ONLY___ 

2025-10-23 23:53:37,252 INFO     ___FILE_ONLY___   
2025-10-23 23:53:37,252 INFO     ___FILE_ONLY___ -
2025-10-23 23:53:37,252 INFO     ___FILE_ONLY___  
2025-10-23 23:53:37,252 INFO     ___FILE_ONLY___ sha256:c11ae157cdd9f8b522d5a65e7f3f5f5c34cf45a8bd883c15e8f2028a2673dec7
2025-10-23 23:53:37,252 INFO     ___FILE_ONLY___ 

2025-10-23 23:53:37,252 INFO     ___FILE_ONLY___   
2025-10-23 23:53:37,252 INFO     ___FILE_ONLY___ -
2025-10-23 23:53:37,252 INFO     ___FILE_ONLY___  
2025-10-23 23:53:37,252 INFO     ___FILE_ONLY___ sha256:c11ae157cdd9f8b522d5a65e7f3f5f5c34cf45a8bd883c15e8f2028a2673dec7
2025-10-23 23:53:37,252 INFO     ___FILE_ONLY___ 

2025-10-23 23:53:37,252 INFO     ___FILE_ONLY___   
2025-10-23 23:53:37,252 INFO     ___FILE_ONLY___ -
2025-10-23 23:53:37,252 INFO     ___FILE_ONLY___  
2025-10-23 23:53:37,252 INFO     ___FILE_ONLY___ sha256:c11ae157cdd9f8b522d5a65e7f3f5f5c34cf45a8bd883c15e8f2028a2673dec7
2025-10-23 23:53:37,252 INFO     ___FILE_ONLY___ 

2025-10-23 23:53:37,252 INFO     ___FILE_ONLY___   
2025-10-23 23:53:37,252 INFO     ___FILE_ONLY___ -
2025-10-23 23:53:37,252 INFO     ___FILE_ONLY___  
2025-10-23 23:53:37,252 INFO     ___FILE_ONLY___ sha256:5eb34685636fb5030a0c9cb0ceefc0a34d823f546d5147989e80ce7ae84edc57
2025-10-23 23:53:37,252 INFO     ___FILE_ONLY___ 

2025-10-23 23:53:37,252 INFO     ___FILE_ONLY___   
2025-10-23 23:53:37,252 INFO     ___FILE_ONLY___ -
2025-10-23 23:53:37,252 INFO     ___FILE_ONLY___  
2025-10-23 23:53:37,252 INFO     ___FILE_ONLY___ sha256:5eb34685636fb5030a0c9cb0ceefc0a34d823f546d5147989e80ce7ae84edc57
2025-10-23 23:53:37,252 INFO     ___FILE_ONLY___ 

2025-10-23 23:53:37,252 INFO     ___FILE_ONLY___   
2025-10-23 23:53:37,252 INFO     ___FILE_ONLY___ -
2025-10-23 23:53:37,252 INFO     ___FILE_ONLY___  
2025-10-23 23:53:37,252 INFO     ___FILE_ONLY___ sha256:48f9ac199a849f18d0a2a690968fd515f70165c42d1f28c90bc93b12558065ef
2025-10-23 23:53:37,252 INFO     ___FILE_ONLY___ 

2025-10-23 23:53:37,252 INFO     ___FILE_ONLY___   
2025-10-23 23:53:37,252 INFO     ___FILE_ONLY___ -
2025-10-23 23:53:37,252 INFO     ___FILE_ONLY___  
2025-10-23 23:53:37,252 INFO     ___FILE_ONLY___ sha256:48f9ac199a849f18d0a2a690968fd515f70165c42d1f28c90bc93b12558065ef
2025-10-23 23:53:37,252 INFO     ___FILE_ONLY___ 

2025-10-23 23:53:37,252 INFO     ___FILE_ONLY___   
2025-10-23 23:53:37,252 INFO     ___FILE_ONLY___ -
2025-10-23 23:53:37,252 INFO     ___FILE_ONLY___  
2025-10-23 23:53:37,253 INFO     ___FILE_ONLY___ sha256:48f9ac199a849f18d0a2a690968fd515f70165c42d1f28c90bc93b12558065ef
2025-10-23 23:53:37,253 INFO     ___FILE_ONLY___ 

2025-10-23 23:53:37,253 INFO     ___FILE_ONLY___   
2025-10-23 23:53:37,253 INFO     ___FILE_ONLY___ buildStepOutputs
2025-10-23 23:53:37,253 INFO     ___FILE_ONLY___ :
2025-10-23 23:53:37,253 INFO     ___FILE_ONLY___ 

2025-10-23 23:53:37,253 INFO     ___FILE_ONLY___   
2025-10-23 23:53:37,253 INFO     ___FILE_ONLY___ -
2025-10-23 23:53:37,253 INFO     ___FILE_ONLY___  
2025-10-23 23:53:37,253 INFO     ___FILE_ONLY___ '
2025-10-23 23:53:37,253 INFO     ___FILE_ONLY___ '
2025-10-23 23:53:37,253 INFO     ___FILE_ONLY___ 

2025-10-23 23:53:37,253 INFO     ___FILE_ONLY___   
2025-10-23 23:53:37,253 INFO     ___FILE_ONLY___ -
2025-10-23 23:53:37,253 INFO     ___FILE_ONLY___  
2025-10-23 23:53:37,253 INFO     ___FILE_ONLY___ '
2025-10-23 23:53:37,253 INFO     ___FILE_ONLY___ '
2025-10-23 23:53:37,253 INFO     ___FILE_ONLY___ 

2025-10-23 23:53:37,253 INFO     ___FILE_ONLY___   
2025-10-23 23:53:37,253 INFO     ___FILE_ONLY___ -
2025-10-23 23:53:37,253 INFO     ___FILE_ONLY___  
2025-10-23 23:53:37,253 INFO     ___FILE_ONLY___ '
2025-10-23 23:53:37,253 INFO     ___FILE_ONLY___ '
2025-10-23 23:53:37,253 INFO     ___FILE_ONLY___ 

2025-10-23 23:53:37,253 INFO     ___FILE_ONLY___   
2025-10-23 23:53:37,253 INFO     ___FILE_ONLY___ -
2025-10-23 23:53:37,253 INFO     ___FILE_ONLY___  
2025-10-23 23:53:37,253 INFO     ___FILE_ONLY___ '
2025-10-23 23:53:37,253 INFO     ___FILE_ONLY___ '
2025-10-23 23:53:37,253 INFO     ___FILE_ONLY___ 

2025-10-23 23:53:37,253 INFO     ___FILE_ONLY___   
2025-10-23 23:53:37,253 INFO     ___FILE_ONLY___ -
2025-10-23 23:53:37,253 INFO     ___FILE_ONLY___  
2025-10-23 23:53:37,253 INFO     ___FILE_ONLY___ '
2025-10-23 23:53:37,253 INFO     ___FILE_ONLY___ '
2025-10-23 23:53:37,253 INFO     ___FILE_ONLY___ 

2025-10-23 23:53:37,253 INFO     ___FILE_ONLY___   
2025-10-23 23:53:37,253 INFO     ___FILE_ONLY___ -
2025-10-23 23:53:37,253 INFO     ___FILE_ONLY___  
2025-10-23 23:53:37,253 INFO     ___FILE_ONLY___ '
2025-10-23 23:53:37,253 INFO     ___FILE_ONLY___ '
2025-10-23 23:53:37,254 INFO     ___FILE_ONLY___ 

2025-10-23 23:53:37,254 INFO     ___FILE_ONLY___   
2025-10-23 23:53:37,254 INFO     ___FILE_ONLY___ -
2025-10-23 23:53:37,254 INFO     ___FILE_ONLY___  
2025-10-23 23:53:37,254 INFO     ___FILE_ONLY___ '
2025-10-23 23:53:37,254 INFO     ___FILE_ONLY___ '
2025-10-23 23:53:37,254 INFO     ___FILE_ONLY___ 

2025-10-23 23:53:37,254 INFO     ___FILE_ONLY___   
2025-10-23 23:53:37,254 INFO     ___FILE_ONLY___ -
2025-10-23 23:53:37,254 INFO     ___FILE_ONLY___  
2025-10-23 23:53:37,254 INFO     ___FILE_ONLY___ '
2025-10-23 23:53:37,254 INFO     ___FILE_ONLY___ '
2025-10-23 23:53:37,254 INFO     ___FILE_ONLY___ 

2025-10-23 23:53:37,254 INFO     ___FILE_ONLY___   
2025-10-23 23:53:37,254 INFO     ___FILE_ONLY___ images
2025-10-23 23:53:37,254 INFO     ___FILE_ONLY___ :
2025-10-23 23:53:37,254 INFO     ___FILE_ONLY___ 

2025-10-23 23:53:37,254 INFO     ___FILE_ONLY___   
2025-10-23 23:53:37,254 INFO     ___FILE_ONLY___ -
2025-10-23 23:53:37,254 INFO     ___FILE_ONLY___  
2025-10-23 23:53:37,254 INFO     ___FILE_ONLY___ digest
2025-10-23 23:53:37,254 INFO     ___FILE_ONLY___ :
2025-10-23 23:53:37,254 INFO     ___FILE_ONLY___  
2025-10-23 23:53:37,254 INFO     ___FILE_ONLY___ sha256:9752c577d673fdd649e6fed83409e52199987164bc6d9ec507e298c619ced6f0
2025-10-23 23:53:37,254 INFO     ___FILE_ONLY___ 

2025-10-23 23:53:37,254 INFO     ___FILE_ONLY___     
2025-10-23 23:53:37,254 INFO     ___FILE_ONLY___ name
2025-10-23 23:53:37,254 INFO     ___FILE_ONLY___ :
2025-10-23 23:53:37,254 INFO     ___FILE_ONLY___  
2025-10-23 23:53:37,254 INFO     ___FILE_ONLY___ europe-north1-docker.pkg.dev/energiverktoy-poc-1234/energinokkelen/app:manual-test
2025-10-23 23:53:37,254 INFO     ___FILE_ONLY___ 

2025-10-23 23:53:37,254 INFO     ___FILE_ONLY___     
2025-10-23 23:53:37,254 INFO     ___FILE_ONLY___ pushTiming
2025-10-23 23:53:37,254 INFO     ___FILE_ONLY___ :
2025-10-23 23:53:37,254 INFO     ___FILE_ONLY___ 

2025-10-23 23:53:37,254 INFO     ___FILE_ONLY___       
2025-10-23 23:53:37,254 INFO     ___FILE_ONLY___ endTime
2025-10-23 23:53:37,254 INFO     ___FILE_ONLY___ :
2025-10-23 23:53:37,255 INFO     ___FILE_ONLY___  '
2025-10-23 23:53:37,255 INFO     ___FILE_ONLY___ 2025-10-23T21:53:32.006233083Z
2025-10-23 23:53:37,255 INFO     ___FILE_ONLY___ '
2025-10-23 23:53:37,255 INFO     ___FILE_ONLY___ 

2025-10-23 23:53:37,255 INFO     ___FILE_ONLY___       
2025-10-23 23:53:37,255 INFO     ___FILE_ONLY___ startTime
2025-10-23 23:53:37,255 INFO     ___FILE_ONLY___ :
2025-10-23 23:53:37,255 INFO     ___FILE_ONLY___  '
2025-10-23 23:53:37,255 INFO     ___FILE_ONLY___ 2025-10-23T21:53:23.873622106Z
2025-10-23 23:53:37,255 INFO     ___FILE_ONLY___ '
2025-10-23 23:53:37,255 INFO     ___FILE_ONLY___ 

2025-10-23 23:53:37,255 INFO     ___FILE_ONLY___ serviceAccount
2025-10-23 23:53:37,255 INFO     ___FILE_ONLY___ :
2025-10-23 23:53:37,255 INFO     ___FILE_ONLY___  
2025-10-23 23:53:37,255 INFO     ___FILE_ONLY___ projects/energiverktoy-poc-1234/serviceAccounts/cloud-build@energiverktoy-poc-1234.iam.gserviceaccount.com
2025-10-23 23:53:37,255 INFO     ___FILE_ONLY___ 

2025-10-23 23:53:37,255 INFO     ___FILE_ONLY___ source
2025-10-23 23:53:37,255 INFO     ___FILE_ONLY___ :
2025-10-23 23:53:37,255 INFO     ___FILE_ONLY___ 

2025-10-23 23:53:37,255 INFO     ___FILE_ONLY___   
2025-10-23 23:53:37,255 INFO     ___FILE_ONLY___ storageSource
2025-10-23 23:53:37,255 INFO     ___FILE_ONLY___ :
2025-10-23 23:53:37,255 INFO     ___FILE_ONLY___ 

2025-10-23 23:53:37,255 INFO     ___FILE_ONLY___     
2025-10-23 23:53:37,255 INFO     ___FILE_ONLY___ bucket
2025-10-23 23:53:37,255 INFO     ___FILE_ONLY___ :
2025-10-23 23:53:37,255 INFO     ___FILE_ONLY___  
2025-10-23 23:53:37,255 INFO     ___FILE_ONLY___ energiverktoy-poc-1234_cloudbuild
2025-10-23 23:53:37,255 INFO     ___FILE_ONLY___ 

2025-10-23 23:53:37,255 INFO     ___FILE_ONLY___     
2025-10-23 23:53:37,255 INFO     ___FILE_ONLY___ generation
2025-10-23 23:53:37,255 INFO     ___FILE_ONLY___ :
2025-10-23 23:53:37,256 INFO     ___FILE_ONLY___  '
2025-10-23 23:53:37,256 INFO     ___FILE_ONLY___ 1761256145945321
2025-10-23 23:53:37,256 INFO     ___FILE_ONLY___ '
2025-10-23 23:53:37,256 INFO     ___FILE_ONLY___ 

2025-10-23 23:53:37,256 INFO     ___FILE_ONLY___     
2025-10-23 23:53:37,256 INFO     ___FILE_ONLY___ object
2025-10-23 23:53:37,256 INFO     ___FILE_ONLY___ :
2025-10-23 23:53:37,256 INFO     ___FILE_ONLY___  
2025-10-23 23:53:37,256 INFO     ___FILE_ONLY___ source/1761256086.754168-4f888cb0e79f43d5a4b0e4da1b6d96be.tgz
2025-10-23 23:53:37,256 INFO     ___FILE_ONLY___ 

2025-10-23 23:53:37,256 INFO     ___FILE_ONLY___ sourceProvenance
2025-10-23 23:53:37,256 INFO     ___FILE_ONLY___ :
2025-10-23 23:53:37,256 INFO     ___FILE_ONLY___ 

2025-10-23 23:53:37,256 INFO     ___FILE_ONLY___   
2025-10-23 23:53:37,256 INFO     ___FILE_ONLY___ fileHashes
2025-10-23 23:53:37,256 INFO     ___FILE_ONLY___ :
2025-10-23 23:53:37,256 INFO     ___FILE_ONLY___ 

2025-10-23 23:53:37,256 INFO     ___FILE_ONLY___     
2025-10-23 23:53:37,256 INFO     ___FILE_ONLY___ gs://energiverktoy-poc-1234_cloudbuild/source/1761256086.754168-4f888cb0e79f43d5a4b0e4da1b6d96be.tgz#1761256145945321
2025-10-23 23:53:37,256 INFO     ___FILE_ONLY___ :
2025-10-23 23:53:37,256 INFO     ___FILE_ONLY___ 

2025-10-23 23:53:37,256 INFO     ___FILE_ONLY___       
2025-10-23 23:53:37,256 INFO     ___FILE_ONLY___ fileHash
2025-10-23 23:53:37,256 INFO     ___FILE_ONLY___ :
2025-10-23 23:53:37,256 INFO     ___FILE_ONLY___ 

2025-10-23 23:53:37,256 INFO     ___FILE_ONLY___       
2025-10-23 23:53:37,256 INFO     ___FILE_ONLY___ -
2025-10-23 23:53:37,256 INFO     ___FILE_ONLY___  
2025-10-23 23:53:37,256 INFO     ___FILE_ONLY___ type
2025-10-23 23:53:37,256 INFO     ___FILE_ONLY___ :
2025-10-23 23:53:37,256 INFO     ___FILE_ONLY___  
2025-10-23 23:53:37,256 INFO     ___FILE_ONLY___ MD5
2025-10-23 23:53:37,256 INFO     ___FILE_ONLY___ 

2025-10-23 23:53:37,256 INFO     ___FILE_ONLY___         
2025-10-23 23:53:37,257 INFO     ___FILE_ONLY___ value
2025-10-23 23:53:37,257 INFO     ___FILE_ONLY___ :
2025-10-23 23:53:37,257 INFO     ___FILE_ONLY___  
2025-10-23 23:53:37,257 INFO     ___FILE_ONLY___ 4PdhbTa9i1gXvasuOhp16A==
2025-10-23 23:53:37,257 INFO     ___FILE_ONLY___ 

2025-10-23 23:53:37,257 INFO     ___FILE_ONLY___   
2025-10-23 23:53:37,257 INFO     ___FILE_ONLY___ resolvedStorageSource
2025-10-23 23:53:37,257 INFO     ___FILE_ONLY___ :
2025-10-23 23:53:37,257 INFO     ___FILE_ONLY___ 

2025-10-23 23:53:37,257 INFO     ___FILE_ONLY___     
2025-10-23 23:53:37,257 INFO     ___FILE_ONLY___ bucket
2025-10-23 23:53:37,257 INFO     ___FILE_ONLY___ :
2025-10-23 23:53:37,257 INFO     ___FILE_ONLY___  
2025-10-23 23:53:37,257 INFO     ___FILE_ONLY___ energiverktoy-poc-1234_cloudbuild
2025-10-23 23:53:37,257 INFO     ___FILE_ONLY___ 

2025-10-23 23:53:37,257 INFO     ___FILE_ONLY___     
2025-10-23 23:53:37,257 INFO     ___FILE_ONLY___ generation
2025-10-23 23:53:37,257 INFO     ___FILE_ONLY___ :
2025-10-23 23:53:37,257 INFO     ___FILE_ONLY___  '
2025-10-23 23:53:37,257 INFO     ___FILE_ONLY___ 1761256145945321
2025-10-23 23:53:37,257 INFO     ___FILE_ONLY___ '
2025-10-23 23:53:37,257 INFO     ___FILE_ONLY___ 

2025-10-23 23:53:37,257 INFO     ___FILE_ONLY___     
2025-10-23 23:53:37,257 INFO     ___FILE_ONLY___ object
2025-10-23 23:53:37,257 INFO     ___FILE_ONLY___ :
2025-10-23 23:53:37,257 INFO     ___FILE_ONLY___  
2025-10-23 23:53:37,257 INFO     ___FILE_ONLY___ source/1761256086.754168-4f888cb0e79f43d5a4b0e4da1b6d96be.tgz
2025-10-23 23:53:37,257 INFO     ___FILE_ONLY___ 

2025-10-23 23:53:37,257 INFO     ___FILE_ONLY___ startTime
2025-10-23 23:53:37,257 INFO     ___FILE_ONLY___ :
2025-10-23 23:53:37,257 INFO     ___FILE_ONLY___  '
2025-10-23 23:53:37,257 INFO     ___FILE_ONLY___ 2025-10-23T21:49:07.665897663Z
2025-10-23 23:53:37,257 INFO     ___FILE_ONLY___ '
2025-10-23 23:53:37,257 INFO     ___FILE_ONLY___ 

2025-10-23 23:53:37,258 INFO     ___FILE_ONLY___ status
2025-10-23 23:53:37,258 INFO     ___FILE_ONLY___ :
2025-10-23 23:53:37,258 INFO     ___FILE_ONLY___  
2025-10-23 23:53:37,258 INFO     ___FILE_ONLY___ SUCCESS
2025-10-23 23:53:37,258 INFO     ___FILE_ONLY___ 

2025-10-23 23:53:37,258 INFO     ___FILE_ONLY___ steps
2025-10-23 23:53:37,258 INFO     ___FILE_ONLY___ :
2025-10-23 23:53:37,258 INFO     ___FILE_ONLY___ 

2025-10-23 23:53:37,258 INFO     ___FILE_ONLY___ -
2025-10-23 23:53:37,258 INFO     ___FILE_ONLY___  
2025-10-23 23:53:37,258 INFO     ___FILE_ONLY___ args
2025-10-23 23:53:37,258 INFO     ___FILE_ONLY___ :
2025-10-23 23:53:37,258 INFO     ___FILE_ONLY___ 

2025-10-23 23:53:37,258 INFO     ___FILE_ONLY___   
2025-10-23 23:53:37,258 INFO     ___FILE_ONLY___ -
2025-10-23 23:53:37,258 INFO     ___FILE_ONLY___  
2025-10-23 23:53:37,258 INFO     ___FILE_ONLY___ -lc
2025-10-23 23:53:37,258 INFO     ___FILE_ONLY___ 

2025-10-23 23:53:37,258 INFO     ___FILE_ONLY___   
2025-10-23 23:53:37,258 INFO     ___FILE_ONLY___ -
2025-10-23 23:53:37,258 INFO     ___FILE_ONLY___  
2025-10-23 23:53:37,258 INFO     ___FILE_ONLY___ npm
2025-10-23 23:53:37,258 INFO     ___FILE_ONLY___  
2025-10-23 23:53:37,258 INFO     ___FILE_ONLY___ ci
2025-10-23 23:53:37,258 INFO     ___FILE_ONLY___ 

2025-10-23 23:53:37,258 INFO     ___FILE_ONLY___   
2025-10-23 23:53:37,258 INFO     ___FILE_ONLY___ entrypoint
2025-10-23 23:53:37,258 INFO     ___FILE_ONLY___ :
2025-10-23 23:53:37,258 INFO     ___FILE_ONLY___  
2025-10-23 23:53:37,258 INFO     ___FILE_ONLY___ bash
2025-10-23 23:53:37,258 INFO     ___FILE_ONLY___ 

2025-10-23 23:53:37,258 INFO     ___FILE_ONLY___   
2025-10-23 23:53:37,258 INFO     ___FILE_ONLY___ id
2025-10-23 23:53:37,258 INFO     ___FILE_ONLY___ :
2025-10-23 23:53:37,258 INFO     ___FILE_ONLY___  
2025-10-23 23:53:37,258 INFO     ___FILE_ONLY___ Install
2025-10-23 23:53:37,258 INFO     ___FILE_ONLY___  
2025-10-23 23:53:37,258 INFO     ___FILE_ONLY___ dependencies
2025-10-23 23:53:37,258 INFO     ___FILE_ONLY___ 

2025-10-23 23:53:37,258 INFO     ___FILE_ONLY___   
2025-10-23 23:53:37,258 INFO     ___FILE_ONLY___ name
2025-10-23 23:53:37,258 INFO     ___FILE_ONLY___ :
2025-10-23 23:53:37,259 INFO     ___FILE_ONLY___  
2025-10-23 23:53:37,259 INFO     ___FILE_ONLY___ node:20
2025-10-23 23:53:37,259 INFO     ___FILE_ONLY___ 

2025-10-23 23:53:37,259 INFO     ___FILE_ONLY___   
2025-10-23 23:53:37,259 INFO     ___FILE_ONLY___ pullTiming
2025-10-23 23:53:37,259 INFO     ___FILE_ONLY___ :
2025-10-23 23:53:37,259 INFO     ___FILE_ONLY___ 

2025-10-23 23:53:37,259 INFO     ___FILE_ONLY___     
2025-10-23 23:53:37,259 INFO     ___FILE_ONLY___ endTime
2025-10-23 23:53:37,259 INFO     ___FILE_ONLY___ :
2025-10-23 23:53:37,259 INFO     ___FILE_ONLY___  '
2025-10-23 23:53:37,259 INFO     ___FILE_ONLY___ 2025-10-23T21:49:37.613647043Z
2025-10-23 23:53:37,259 INFO     ___FILE_ONLY___ '
2025-10-23 23:53:37,259 INFO     ___FILE_ONLY___ 

2025-10-23 23:53:37,259 INFO     ___FILE_ONLY___     
2025-10-23 23:53:37,259 INFO     ___FILE_ONLY___ startTime
2025-10-23 23:53:37,259 INFO     ___FILE_ONLY___ :
2025-10-23 23:53:37,259 INFO     ___FILE_ONLY___  '
2025-10-23 23:53:37,259 INFO     ___FILE_ONLY___ 2025-10-23T21:49:14.907393026Z
2025-10-23 23:53:37,259 INFO     ___FILE_ONLY___ '
2025-10-23 23:53:37,259 INFO     ___FILE_ONLY___ 

2025-10-23 23:53:37,259 INFO     ___FILE_ONLY___   
2025-10-23 23:53:37,259 INFO     ___FILE_ONLY___ status
2025-10-23 23:53:37,259 INFO     ___FILE_ONLY___ :
2025-10-23 23:53:37,259 INFO     ___FILE_ONLY___  
2025-10-23 23:53:37,259 INFO     ___FILE_ONLY___ SUCCESS
2025-10-23 23:53:37,259 INFO     ___FILE_ONLY___ 

2025-10-23 23:53:37,259 INFO     ___FILE_ONLY___   
2025-10-23 23:53:37,259 INFO     ___FILE_ONLY___ timing
2025-10-23 23:53:37,259 INFO     ___FILE_ONLY___ :
2025-10-23 23:53:37,259 INFO     ___FILE_ONLY___ 

2025-10-23 23:53:37,259 INFO     ___FILE_ONLY___     
2025-10-23 23:53:37,259 INFO     ___FILE_ONLY___ endTime
2025-10-23 23:53:37,259 INFO     ___FILE_ONLY___ :
2025-10-23 23:53:37,259 INFO     ___FILE_ONLY___  '
2025-10-23 23:53:37,259 INFO     ___FILE_ONLY___ 2025-10-23T21:49:53.619299142Z
2025-10-23 23:53:37,259 INFO     ___FILE_ONLY___ '
2025-10-23 23:53:37,260 INFO     ___FILE_ONLY___ 

2025-10-23 23:53:37,260 INFO     ___FILE_ONLY___     
2025-10-23 23:53:37,260 INFO     ___FILE_ONLY___ startTime
2025-10-23 23:53:37,260 INFO     ___FILE_ONLY___ :
2025-10-23 23:53:37,260 INFO     ___FILE_ONLY___  '
2025-10-23 23:53:37,260 INFO     ___FILE_ONLY___ 2025-10-23T21:49:14.907393026Z
2025-10-23 23:53:37,260 INFO     ___FILE_ONLY___ '
2025-10-23 23:53:37,260 INFO     ___FILE_ONLY___ 

2025-10-23 23:53:37,260 INFO     ___FILE_ONLY___ -
2025-10-23 23:53:37,260 INFO     ___FILE_ONLY___  
2025-10-23 23:53:37,260 INFO     ___FILE_ONLY___ args
2025-10-23 23:53:37,260 INFO     ___FILE_ONLY___ :
2025-10-23 23:53:37,260 INFO     ___FILE_ONLY___ 

2025-10-23 23:53:37,260 INFO     ___FILE_ONLY___   
2025-10-23 23:53:37,260 INFO     ___FILE_ONLY___ -
2025-10-23 23:53:37,260 INFO     ___FILE_ONLY___  
2025-10-23 23:53:37,260 INFO     ___FILE_ONLY___ -lc
2025-10-23 23:53:37,260 INFO     ___FILE_ONLY___ 

2025-10-23 23:53:37,260 INFO     ___FILE_ONLY___   
2025-10-23 23:53:37,260 INFO     ___FILE_ONLY___ -
2025-10-23 23:53:37,260 INFO     ___FILE_ONLY___  
2025-10-23 23:53:37,260 INFO     ___FILE_ONLY___ npm
2025-10-23 23:53:37,260 INFO     ___FILE_ONLY___  
2025-10-23 23:53:37,260 INFO     ___FILE_ONLY___ run
2025-10-23 23:53:37,260 INFO     ___FILE_ONLY___  
2025-10-23 23:53:37,260 INFO     ___FILE_ONLY___ verify:ci
2025-10-23 23:53:37,260 INFO     ___FILE_ONLY___ 

2025-10-23 23:53:37,260 INFO     ___FILE_ONLY___   
2025-10-23 23:53:37,260 INFO     ___FILE_ONLY___ entrypoint
2025-10-23 23:53:37,260 INFO     ___FILE_ONLY___ :
2025-10-23 23:53:37,260 INFO     ___FILE_ONLY___  
2025-10-23 23:53:37,260 INFO     ___FILE_ONLY___ bash
2025-10-23 23:53:37,260 INFO     ___FILE_ONLY___ 

2025-10-23 23:53:37,260 INFO     ___FILE_ONLY___   
2025-10-23 23:53:37,260 INFO     ___FILE_ONLY___ env
2025-10-23 23:53:37,260 INFO     ___FILE_ONLY___ :
2025-10-23 23:53:37,260 INFO     ___FILE_ONLY___ 

2025-10-23 23:53:37,260 INFO     ___FILE_ONLY___   
2025-10-23 23:53:37,260 INFO     ___FILE_ONLY___ -
2025-10-23 23:53:37,260 INFO     ___FILE_ONLY___  
2025-10-23 23:53:37,260 INFO     ___FILE_ONLY___ API_ENV=test
2025-10-23 23:53:37,260 INFO     ___FILE_ONLY___ 

2025-10-23 23:53:37,260 INFO     ___FILE_ONLY___   
2025-10-23 23:53:37,260 INFO     ___FILE_ONLY___ id
2025-10-23 23:53:37,260 INFO     ___FILE_ONLY___ :
2025-10-23 23:53:37,260 INFO     ___FILE_ONLY___  
2025-10-23 23:53:37,260 INFO     ___FILE_ONLY___ Verify
2025-10-23 23:53:37,260 INFO     ___FILE_ONLY___  
2025-10-23 23:53:37,260 INFO     ___FILE_ONLY___ (CI)
2025-10-23 23:53:37,260 INFO     ___FILE_ONLY___ 

2025-10-23 23:53:37,260 INFO     ___FILE_ONLY___   
2025-10-23 23:53:37,260 INFO     ___FILE_ONLY___ name
2025-10-23 23:53:37,261 INFO     ___FILE_ONLY___ :
2025-10-23 23:53:37,261 INFO     ___FILE_ONLY___  
2025-10-23 23:53:37,261 INFO     ___FILE_ONLY___ node:20
2025-10-23 23:53:37,261 INFO     ___FILE_ONLY___ 

2025-10-23 23:53:37,261 INFO     ___FILE_ONLY___   
2025-10-23 23:53:37,261 INFO     ___FILE_ONLY___ pullTiming
2025-10-23 23:53:37,261 INFO     ___FILE_ONLY___ :
2025-10-23 23:53:37,261 INFO     ___FILE_ONLY___ 

2025-10-23 23:53:37,261 INFO     ___FILE_ONLY___     
2025-10-23 23:53:37,261 INFO     ___FILE_ONLY___ endTime
2025-10-23 23:53:37,261 INFO     ___FILE_ONLY___ :
2025-10-23 23:53:37,261 INFO     ___FILE_ONLY___  '
2025-10-23 23:53:37,261 INFO     ___FILE_ONLY___ 2025-10-23T21:49:53.620385619Z
2025-10-23 23:53:37,261 INFO     ___FILE_ONLY___ '
2025-10-23 23:53:37,261 INFO     ___FILE_ONLY___ 

2025-10-23 23:53:37,261 INFO     ___FILE_ONLY___     
2025-10-23 23:53:37,261 INFO     ___FILE_ONLY___ startTime
2025-10-23 23:53:37,261 INFO     ___FILE_ONLY___ :
2025-10-23 23:53:37,261 INFO     ___FILE_ONLY___  '
2025-10-23 23:53:37,261 INFO     ___FILE_ONLY___ 2025-10-23T21:49:53.619376860Z
2025-10-23 23:53:37,261 INFO     ___FILE_ONLY___ '
2025-10-23 23:53:37,261 INFO     ___FILE_ONLY___ 

2025-10-23 23:53:37,261 INFO     ___FILE_ONLY___   
2025-10-23 23:53:37,261 INFO     ___FILE_ONLY___ secretEnv
2025-10-23 23:53:37,261 INFO     ___FILE_ONLY___ :
2025-10-23 23:53:37,261 INFO     ___FILE_ONLY___ 

2025-10-23 23:53:37,261 INFO     ___FILE_ONLY___   
2025-10-23 23:53:37,261 INFO     ___FILE_ONLY___ -
2025-10-23 23:53:37,261 INFO     ___FILE_ONLY___  
2025-10-23 23:53:37,261 INFO     ___FILE_ONLY___ MATRIKKEL_USERNAME
2025-10-23 23:53:37,261 INFO     ___FILE_ONLY___ 

2025-10-23 23:53:37,261 INFO     ___FILE_ONLY___   
2025-10-23 23:53:37,261 INFO     ___FILE_ONLY___ -
2025-10-23 23:53:37,261 INFO     ___FILE_ONLY___  
2025-10-23 23:53:37,261 INFO     ___FILE_ONLY___ MATRIKKEL_PASSWORD
2025-10-23 23:53:37,261 INFO     ___FILE_ONLY___ 

2025-10-23 23:53:37,261 INFO     ___FILE_ONLY___   
2025-10-23 23:53:37,261 INFO     ___FILE_ONLY___ -
2025-10-23 23:53:37,261 INFO     ___FILE_ONLY___  
2025-10-23 23:53:37,261 INFO     ___FILE_ONLY___ MATRIKKEL_USERNAME_TEST
2025-10-23 23:53:37,261 INFO     ___FILE_ONLY___ 

2025-10-23 23:53:37,261 INFO     ___FILE_ONLY___   
2025-10-23 23:53:37,261 INFO     ___FILE_ONLY___ -
2025-10-23 23:53:37,261 INFO     ___FILE_ONLY___  
2025-10-23 23:53:37,261 INFO     ___FILE_ONLY___ MATRIKKEL_API_BASE_URL_TEST
2025-10-23 23:53:37,261 INFO     ___FILE_ONLY___ 

2025-10-23 23:53:37,261 INFO     ___FILE_ONLY___   
2025-10-23 23:53:37,261 INFO     ___FILE_ONLY___ -
2025-10-23 23:53:37,261 INFO     ___FILE_ONLY___  
2025-10-23 23:53:37,261 INFO     ___FILE_ONLY___ MATRIKKEL_API_BASE_URL_PROD
2025-10-23 23:53:37,261 INFO     ___FILE_ONLY___ 

2025-10-23 23:53:37,261 INFO     ___FILE_ONLY___   
2025-10-23 23:53:37,261 INFO     ___FILE_ONLY___ -
2025-10-23 23:53:37,261 INFO     ___FILE_ONLY___  
2025-10-23 23:53:37,261 INFO     ___FILE_ONLY___ MATRIKKEL_SNAPSHOT_VERSION
2025-10-23 23:53:37,261 INFO     ___FILE_ONLY___ 

2025-10-23 23:53:37,261 INFO     ___FILE_ONLY___   
2025-10-23 23:53:37,261 INFO     ___FILE_ONLY___ -
2025-10-23 23:53:37,261 INFO     ___FILE_ONLY___  
2025-10-23 23:53:37,262 INFO     ___FILE_ONLY___ MATRIKKEL_SYSTEM_VERSION
2025-10-23 23:53:37,262 INFO     ___FILE_ONLY___ 

2025-10-23 23:53:37,262 INFO     ___FILE_ONLY___   
2025-10-23 23:53:37,262 INFO     ___FILE_ONLY___ -
2025-10-23 23:53:37,262 INFO     ___FILE_ONLY___  
2025-10-23 23:53:37,262 INFO     ___FILE_ONLY___ ENOVA_API_KEY
2025-10-23 23:53:37,262 INFO     ___FILE_ONLY___ 

2025-10-23 23:53:37,262 INFO     ___FILE_ONLY___   
2025-10-23 23:53:37,262 INFO     ___FILE_ONLY___ -
2025-10-23 23:53:37,262 INFO     ___FILE_ONLY___  
2025-10-23 23:53:37,262 INFO     ___FILE_ONLY___ LIVE
2025-10-23 23:53:37,262 INFO     ___FILE_ONLY___ 

2025-10-23 23:53:37,262 INFO     ___FILE_ONLY___   
2025-10-23 23:53:37,262 INFO     ___FILE_ONLY___ status
2025-10-23 23:53:37,262 INFO     ___FILE_ONLY___ :
2025-10-23 23:53:37,262 INFO     ___FILE_ONLY___  
2025-10-23 23:53:37,262 INFO     ___FILE_ONLY___ SUCCESS
2025-10-23 23:53:37,262 INFO     ___FILE_ONLY___ 

2025-10-23 23:53:37,262 INFO     ___FILE_ONLY___   
2025-10-23 23:53:37,262 INFO     ___FILE_ONLY___ timing
2025-10-23 23:53:37,262 INFO     ___FILE_ONLY___ :
2025-10-23 23:53:37,262 INFO     ___FILE_ONLY___ 

2025-10-23 23:53:37,262 INFO     ___FILE_ONLY___     
2025-10-23 23:53:37,262 INFO     ___FILE_ONLY___ endTime
2025-10-23 23:53:37,262 INFO     ___FILE_ONLY___ :
2025-10-23 23:53:37,262 INFO     ___FILE_ONLY___  '
2025-10-23 23:53:37,262 INFO     ___FILE_ONLY___ 2025-10-23T21:50:16.917920962Z
2025-10-23 23:53:37,262 INFO     ___FILE_ONLY___ '
2025-10-23 23:53:37,262 INFO     ___FILE_ONLY___ 

2025-10-23 23:53:37,262 INFO     ___FILE_ONLY___     
2025-10-23 23:53:37,262 INFO     ___FILE_ONLY___ startTime
2025-10-23 23:53:37,262 INFO     ___FILE_ONLY___ :
2025-10-23 23:53:37,262 INFO     ___FILE_ONLY___  '
2025-10-23 23:53:37,262 INFO     ___FILE_ONLY___ 2025-10-23T21:49:53.619376860Z
2025-10-23 23:53:37,262 INFO     ___FILE_ONLY___ '
2025-10-23 23:53:37,262 INFO     ___FILE_ONLY___ 

2025-10-23 23:53:37,262 INFO     ___FILE_ONLY___ -
2025-10-23 23:53:37,262 INFO     ___FILE_ONLY___  
2025-10-23 23:53:37,262 INFO     ___FILE_ONLY___ args
2025-10-23 23:53:37,262 INFO     ___FILE_ONLY___ :
2025-10-23 23:53:37,262 INFO     ___FILE_ONLY___ 

2025-10-23 23:53:37,262 INFO     ___FILE_ONLY___   
2025-10-23 23:53:37,262 INFO     ___FILE_ONLY___ -
2025-10-23 23:53:37,262 INFO     ___FILE_ONLY___  
2025-10-23 23:53:37,262 INFO     ___FILE_ONLY___ -lc
2025-10-23 23:53:37,262 INFO     ___FILE_ONLY___ 

2025-10-23 23:53:37,262 INFO     ___FILE_ONLY___   
2025-10-23 23:53:37,262 INFO     ___FILE_ONLY___ -
2025-10-23 23:53:37,262 INFO     ___FILE_ONLY___  
2025-10-23 23:53:37,262 INFO     ___FILE_ONLY___ npm
2025-10-23 23:53:37,262 INFO     ___FILE_ONLY___  
2025-10-23 23:53:37,262 INFO     ___FILE_ONLY___ run
2025-10-23 23:53:37,262 INFO     ___FILE_ONLY___  
2025-10-23 23:53:37,262 INFO     ___FILE_ONLY___ build:prod
2025-10-23 23:53:37,263 INFO     ___FILE_ONLY___ 

2025-10-23 23:53:37,263 INFO     ___FILE_ONLY___   
2025-10-23 23:53:37,263 INFO     ___FILE_ONLY___ entrypoint
2025-10-23 23:53:37,263 INFO     ___FILE_ONLY___ :
2025-10-23 23:53:37,263 INFO     ___FILE_ONLY___  
2025-10-23 23:53:37,263 INFO     ___FILE_ONLY___ bash
2025-10-23 23:53:37,263 INFO     ___FILE_ONLY___ 

2025-10-23 23:53:37,263 INFO     ___FILE_ONLY___   
2025-10-23 23:53:37,263 INFO     ___FILE_ONLY___ id
2025-10-23 23:53:37,263 INFO     ___FILE_ONLY___ :
2025-10-23 23:53:37,263 INFO     ___FILE_ONLY___  
2025-10-23 23:53:37,263 INFO     ___FILE_ONLY___ Build
2025-10-23 23:53:37,263 INFO     ___FILE_ONLY___  
2025-10-23 23:53:37,263 INFO     ___FILE_ONLY___ production
2025-10-23 23:53:37,263 INFO     ___FILE_ONLY___  
2025-10-23 23:53:37,263 INFO     ___FILE_ONLY___ bundle
2025-10-23 23:53:37,263 INFO     ___FILE_ONLY___ 

2025-10-23 23:53:37,263 INFO     ___FILE_ONLY___   
2025-10-23 23:53:37,263 INFO     ___FILE_ONLY___ name
2025-10-23 23:53:37,263 INFO     ___FILE_ONLY___ :
2025-10-23 23:53:37,263 INFO     ___FILE_ONLY___  
2025-10-23 23:53:37,263 INFO     ___FILE_ONLY___ node:20
2025-10-23 23:53:37,263 INFO     ___FILE_ONLY___ 

2025-10-23 23:53:37,263 INFO     ___FILE_ONLY___   
2025-10-23 23:53:37,263 INFO     ___FILE_ONLY___ pullTiming
2025-10-23 23:53:37,263 INFO     ___FILE_ONLY___ :
2025-10-23 23:53:37,263 INFO     ___FILE_ONLY___ 

2025-10-23 23:53:37,263 INFO     ___FILE_ONLY___     
2025-10-23 23:53:37,263 INFO     ___FILE_ONLY___ endTime
2025-10-23 23:53:37,263 INFO     ___FILE_ONLY___ :
2025-10-23 23:53:37,263 INFO     ___FILE_ONLY___  '
2025-10-23 23:53:37,263 INFO     ___FILE_ONLY___ 2025-10-23T21:50:16.919194742Z
2025-10-23 23:53:37,263 INFO     ___FILE_ONLY___ '
2025-10-23 23:53:37,263 INFO     ___FILE_ONLY___ 

2025-10-23 23:53:37,263 INFO     ___FILE_ONLY___     
2025-10-23 23:53:37,263 INFO     ___FILE_ONLY___ startTime
2025-10-23 23:53:37,263 INFO     ___FILE_ONLY___ :
2025-10-23 23:53:37,263 INFO     ___FILE_ONLY___  '
2025-10-23 23:53:37,263 INFO     ___FILE_ONLY___ 2025-10-23T21:50:16.917994028Z
2025-10-23 23:53:37,263 INFO     ___FILE_ONLY___ '
2025-10-23 23:53:37,264 INFO     ___FILE_ONLY___ 

2025-10-23 23:53:37,264 INFO     ___FILE_ONLY___   
2025-10-23 23:53:37,264 INFO     ___FILE_ONLY___ status
2025-10-23 23:53:37,264 INFO     ___FILE_ONLY___ :
2025-10-23 23:53:37,264 INFO     ___FILE_ONLY___  
2025-10-23 23:53:37,264 INFO     ___FILE_ONLY___ SUCCESS
2025-10-23 23:53:37,264 INFO     ___FILE_ONLY___ 

2025-10-23 23:53:37,264 INFO     ___FILE_ONLY___   
2025-10-23 23:53:37,264 INFO     ___FILE_ONLY___ timing
2025-10-23 23:53:37,264 INFO     ___FILE_ONLY___ :
2025-10-23 23:53:37,264 INFO     ___FILE_ONLY___ 

2025-10-23 23:53:37,264 INFO     ___FILE_ONLY___     
2025-10-23 23:53:37,264 INFO     ___FILE_ONLY___ endTime
2025-10-23 23:53:37,264 INFO     ___FILE_ONLY___ :
2025-10-23 23:53:37,264 INFO     ___FILE_ONLY___  '
2025-10-23 23:53:37,264 INFO     ___FILE_ONLY___ 2025-10-23T21:50:32.402370223Z
2025-10-23 23:53:37,264 INFO     ___FILE_ONLY___ '
2025-10-23 23:53:37,264 INFO     ___FILE_ONLY___ 

2025-10-23 23:53:37,264 INFO     ___FILE_ONLY___     
2025-10-23 23:53:37,264 INFO     ___FILE_ONLY___ startTime
2025-10-23 23:53:37,264 INFO     ___FILE_ONLY___ :
2025-10-23 23:53:37,264 INFO     ___FILE_ONLY___  '
2025-10-23 23:53:37,264 INFO     ___FILE_ONLY___ 2025-10-23T21:50:16.917994028Z
2025-10-23 23:53:37,264 INFO     ___FILE_ONLY___ '
2025-10-23 23:53:37,264 INFO     ___FILE_ONLY___ 

2025-10-23 23:53:37,264 INFO     ___FILE_ONLY___ -
2025-10-23 23:53:37,264 INFO     ___FILE_ONLY___  
2025-10-23 23:53:37,264 INFO     ___FILE_ONLY___ args
2025-10-23 23:53:37,264 INFO     ___FILE_ONLY___ :
2025-10-23 23:53:37,264 INFO     ___FILE_ONLY___ 

2025-10-23 23:53:37,264 INFO     ___FILE_ONLY___   
2025-10-23 23:53:37,264 INFO     ___FILE_ONLY___ -
2025-10-23 23:53:37,264 INFO     ___FILE_ONLY___  
2025-10-23 23:53:37,264 INFO     ___FILE_ONLY___ -c
2025-10-23 23:53:37,264 INFO     ___FILE_ONLY___ 

2025-10-23 23:53:37,264 INFO     ___FILE_ONLY___   
2025-10-23 23:53:37,264 INFO     ___FILE_ONLY___ -
2025-10-23 23:53:37,264 INFO     ___FILE_ONLY___  
2025-10-23 23:53:37,264 INFO     ___FILE_ONLY___ |
2025-10-23 23:53:37,264 INFO     ___FILE_ONLY___ 

2025-10-23 23:53:37,264 INFO     ___FILE_ONLY___     
2025-10-23 23:53:37,264 INFO     ___FILE_ONLY___ set -eo pipefail
2025-10-23 23:53:37,264 INFO     ___FILE_ONLY___ 

2025-10-23 23:53:37,264 INFO     ___FILE_ONLY___     
2025-10-23 23:53:37,265 INFO     ___FILE_ONLY___ image_uri="europe-north1-docker.pkg.dev/energiverktoy-poc-1234/energinokkelen/app:manual-test"
2025-10-23 23:53:37,265 INFO     ___FILE_ONLY___ 

2025-10-23 23:53:37,265 INFO     ___FILE_ONLY___     
2025-10-23 23:53:37,265 INFO     ___FILE_ONLY___ echo "$image_uri" > /workspace/image-uri.txt
2025-10-23 23:53:37,265 INFO     ___FILE_ONLY___ 

2025-10-23 23:53:37,265 INFO     ___FILE_ONLY___     
2025-10-23 23:53:37,265 INFO     ___FILE_ONLY___ docker build --file Dockerfile --tag "$image_uri" .
2025-10-23 23:53:37,265 INFO     ___FILE_ONLY___ 

2025-10-23 23:53:37,265 INFO     ___FILE_ONLY___   
2025-10-23 23:53:37,265 INFO     ___FILE_ONLY___ entrypoint
2025-10-23 23:53:37,265 INFO     ___FILE_ONLY___ :
2025-10-23 23:53:37,265 INFO     ___FILE_ONLY___  
2025-10-23 23:53:37,265 INFO     ___FILE_ONLY___ bash
2025-10-23 23:53:37,265 INFO     ___FILE_ONLY___ 

2025-10-23 23:53:37,265 INFO     ___FILE_ONLY___   
2025-10-23 23:53:37,265 INFO     ___FILE_ONLY___ id
2025-10-23 23:53:37,265 INFO     ___FILE_ONLY___ :
2025-10-23 23:53:37,265 INFO     ___FILE_ONLY___  
2025-10-23 23:53:37,265 INFO     ___FILE_ONLY___ Build
2025-10-23 23:53:37,265 INFO     ___FILE_ONLY___  
2025-10-23 23:53:37,265 INFO     ___FILE_ONLY___ container
2025-10-23 23:53:37,265 INFO     ___FILE_ONLY___  
2025-10-23 23:53:37,265 INFO     ___FILE_ONLY___ image
2025-10-23 23:53:37,265 INFO     ___FILE_ONLY___ 

2025-10-23 23:53:37,265 INFO     ___FILE_ONLY___   
2025-10-23 23:53:37,265 INFO     ___FILE_ONLY___ name
2025-10-23 23:53:37,265 INFO     ___FILE_ONLY___ :
2025-10-23 23:53:37,265 INFO     ___FILE_ONLY___  
2025-10-23 23:53:37,265 INFO     ___FILE_ONLY___ gcr.io/cloud-builders/docker
2025-10-23 23:53:37,265 INFO     ___FILE_ONLY___ 

2025-10-23 23:53:37,265 INFO     ___FILE_ONLY___   
2025-10-23 23:53:37,265 INFO     ___FILE_ONLY___ pullTiming
2025-10-23 23:53:37,265 INFO     ___FILE_ONLY___ :
2025-10-23 23:53:37,265 INFO     ___FILE_ONLY___ 

2025-10-23 23:53:37,265 INFO     ___FILE_ONLY___     
2025-10-23 23:53:37,265 INFO     ___FILE_ONLY___ endTime
2025-10-23 23:53:37,265 INFO     ___FILE_ONLY___ :
2025-10-23 23:53:37,265 INFO     ___FILE_ONLY___  '
2025-10-23 23:53:37,265 INFO     ___FILE_ONLY___ 2025-10-23T21:50:32.406268798Z
2025-10-23 23:53:37,265 INFO     ___FILE_ONLY___ '
2025-10-23 23:53:37,265 INFO     ___FILE_ONLY___ 

2025-10-23 23:53:37,265 INFO     ___FILE_ONLY___     
2025-10-23 23:53:37,265 INFO     ___FILE_ONLY___ startTime
2025-10-23 23:53:37,265 INFO     ___FILE_ONLY___ :
2025-10-23 23:53:37,266 INFO     ___FILE_ONLY___  '
2025-10-23 23:53:37,266 INFO     ___FILE_ONLY___ 2025-10-23T21:50:32.402443920Z
2025-10-23 23:53:37,266 INFO     ___FILE_ONLY___ '
2025-10-23 23:53:37,266 INFO     ___FILE_ONLY___ 

2025-10-23 23:53:37,266 INFO     ___FILE_ONLY___   
2025-10-23 23:53:37,266 INFO     ___FILE_ONLY___ status
2025-10-23 23:53:37,266 INFO     ___FILE_ONLY___ :
2025-10-23 23:53:37,266 INFO     ___FILE_ONLY___  
2025-10-23 23:53:37,266 INFO     ___FILE_ONLY___ SUCCESS
2025-10-23 23:53:37,266 INFO     ___FILE_ONLY___ 

2025-10-23 23:53:37,266 INFO     ___FILE_ONLY___   
2025-10-23 23:53:37,266 INFO     ___FILE_ONLY___ timing
2025-10-23 23:53:37,266 INFO     ___FILE_ONLY___ :
2025-10-23 23:53:37,266 INFO     ___FILE_ONLY___ 

2025-10-23 23:53:37,266 INFO     ___FILE_ONLY___     
2025-10-23 23:53:37,266 INFO     ___FILE_ONLY___ endTime
2025-10-23 23:53:37,266 INFO     ___FILE_ONLY___ :
2025-10-23 23:53:37,266 INFO     ___FILE_ONLY___  '
2025-10-23 23:53:37,266 INFO     ___FILE_ONLY___ 2025-10-23T21:51:37.784656289Z
2025-10-23 23:53:37,266 INFO     ___FILE_ONLY___ '
2025-10-23 23:53:37,266 INFO     ___FILE_ONLY___ 

2025-10-23 23:53:37,266 INFO     ___FILE_ONLY___     
2025-10-23 23:53:37,266 INFO     ___FILE_ONLY___ startTime
2025-10-23 23:53:37,266 INFO     ___FILE_ONLY___ :
2025-10-23 23:53:37,266 INFO     ___FILE_ONLY___  '
2025-10-23 23:53:37,266 INFO     ___FILE_ONLY___ 2025-10-23T21:50:32.402443920Z
2025-10-23 23:53:37,266 INFO     ___FILE_ONLY___ '
2025-10-23 23:53:37,266 INFO     ___FILE_ONLY___ 

2025-10-23 23:53:37,266 INFO     ___FILE_ONLY___ -
2025-10-23 23:53:37,266 INFO     ___FILE_ONLY___  
2025-10-23 23:53:37,266 INFO     ___FILE_ONLY___ args
2025-10-23 23:53:37,266 INFO     ___FILE_ONLY___ :
2025-10-23 23:53:37,266 INFO     ___FILE_ONLY___ 

2025-10-23 23:53:37,266 INFO     ___FILE_ONLY___   
2025-10-23 23:53:37,266 INFO     ___FILE_ONLY___ -
2025-10-23 23:53:37,266 INFO     ___FILE_ONLY___  
2025-10-23 23:53:37,266 INFO     ___FILE_ONLY___ -c
2025-10-23 23:53:37,266 INFO     ___FILE_ONLY___ 

2025-10-23 23:53:37,266 INFO     ___FILE_ONLY___   
2025-10-23 23:53:37,266 INFO     ___FILE_ONLY___ -
2025-10-23 23:53:37,266 INFO     ___FILE_ONLY___  
2025-10-23 23:53:37,266 INFO     ___FILE_ONLY___ |
2025-10-23 23:53:37,266 INFO     ___FILE_ONLY___ 

2025-10-23 23:53:37,266 INFO     ___FILE_ONLY___     
2025-10-23 23:53:37,266 INFO     ___FILE_ONLY___ set -eo pipefail
2025-10-23 23:53:37,266 INFO     ___FILE_ONLY___ 

2025-10-23 23:53:37,267 INFO     ___FILE_ONLY___     
2025-10-23 23:53:37,267 INFO     ___FILE_ONLY___ image_uri=$(cat /workspace/image-uri.txt)
2025-10-23 23:53:37,267 INFO     ___FILE_ONLY___ 

2025-10-23 23:53:37,267 INFO     ___FILE_ONLY___     
2025-10-23 23:53:37,267 INFO     ___FILE_ONLY___ docker push "$image_uri"
2025-10-23 23:53:37,267 INFO     ___FILE_ONLY___ 

2025-10-23 23:53:37,267 INFO     ___FILE_ONLY___   
2025-10-23 23:53:37,267 INFO     ___FILE_ONLY___ entrypoint
2025-10-23 23:53:37,267 INFO     ___FILE_ONLY___ :
2025-10-23 23:53:37,267 INFO     ___FILE_ONLY___  
2025-10-23 23:53:37,267 INFO     ___FILE_ONLY___ bash
2025-10-23 23:53:37,267 INFO     ___FILE_ONLY___ 

2025-10-23 23:53:37,267 INFO     ___FILE_ONLY___   
2025-10-23 23:53:37,267 INFO     ___FILE_ONLY___ id
2025-10-23 23:53:37,267 INFO     ___FILE_ONLY___ :
2025-10-23 23:53:37,267 INFO     ___FILE_ONLY___  
2025-10-23 23:53:37,267 INFO     ___FILE_ONLY___ Push
2025-10-23 23:53:37,267 INFO     ___FILE_ONLY___  
2025-10-23 23:53:37,267 INFO     ___FILE_ONLY___ container
2025-10-23 23:53:37,267 INFO     ___FILE_ONLY___  
2025-10-23 23:53:37,267 INFO     ___FILE_ONLY___ image
2025-10-23 23:53:37,267 INFO     ___FILE_ONLY___ 

2025-10-23 23:53:37,267 INFO     ___FILE_ONLY___   
2025-10-23 23:53:37,267 INFO     ___FILE_ONLY___ name
2025-10-23 23:53:37,267 INFO     ___FILE_ONLY___ :
2025-10-23 23:53:37,267 INFO     ___FILE_ONLY___  
2025-10-23 23:53:37,267 INFO     ___FILE_ONLY___ gcr.io/cloud-builders/docker
2025-10-23 23:53:37,267 INFO     ___FILE_ONLY___ 

2025-10-23 23:53:37,267 INFO     ___FILE_ONLY___   
2025-10-23 23:53:37,267 INFO     ___FILE_ONLY___ pullTiming
2025-10-23 23:53:37,267 INFO     ___FILE_ONLY___ :
2025-10-23 23:53:37,267 INFO     ___FILE_ONLY___ 

2025-10-23 23:53:37,267 INFO     ___FILE_ONLY___     
2025-10-23 23:53:37,267 INFO     ___FILE_ONLY___ endTime
2025-10-23 23:53:37,267 INFO     ___FILE_ONLY___ :
2025-10-23 23:53:37,267 INFO     ___FILE_ONLY___  '
2025-10-23 23:53:37,267 INFO     ___FILE_ONLY___ 2025-10-23T21:51:37.787553766Z
2025-10-23 23:53:37,267 INFO     ___FILE_ONLY___ '
2025-10-23 23:53:37,267 INFO     ___FILE_ONLY___ 

2025-10-23 23:53:37,267 INFO     ___FILE_ONLY___     
2025-10-23 23:53:37,267 INFO     ___FILE_ONLY___ startTime
2025-10-23 23:53:37,267 INFO     ___FILE_ONLY___ :
2025-10-23 23:53:37,267 INFO     ___FILE_ONLY___  '
2025-10-23 23:53:37,267 INFO     ___FILE_ONLY___ 2025-10-23T21:51:37.784744339Z
2025-10-23 23:53:37,267 INFO     ___FILE_ONLY___ '
2025-10-23 23:53:37,267 INFO     ___FILE_ONLY___ 

2025-10-23 23:53:37,267 INFO     ___FILE_ONLY___   
2025-10-23 23:53:37,268 INFO     ___FILE_ONLY___ status
2025-10-23 23:53:37,268 INFO     ___FILE_ONLY___ :
2025-10-23 23:53:37,268 INFO     ___FILE_ONLY___  
2025-10-23 23:53:37,268 INFO     ___FILE_ONLY___ SUCCESS
2025-10-23 23:53:37,268 INFO     ___FILE_ONLY___ 

2025-10-23 23:53:37,268 INFO     ___FILE_ONLY___   
2025-10-23 23:53:37,268 INFO     ___FILE_ONLY___ timing
2025-10-23 23:53:37,268 INFO     ___FILE_ONLY___ :
2025-10-23 23:53:37,268 INFO     ___FILE_ONLY___ 

2025-10-23 23:53:37,268 INFO     ___FILE_ONLY___     
2025-10-23 23:53:37,268 INFO     ___FILE_ONLY___ endTime
2025-10-23 23:53:37,268 INFO     ___FILE_ONLY___ :
2025-10-23 23:53:37,268 INFO     ___FILE_ONLY___  '
2025-10-23 23:53:37,268 INFO     ___FILE_ONLY___ 2025-10-23T21:52:06.969864757Z
2025-10-23 23:53:37,268 INFO     ___FILE_ONLY___ '
2025-10-23 23:53:37,268 INFO     ___FILE_ONLY___ 

2025-10-23 23:53:37,268 INFO     ___FILE_ONLY___     
2025-10-23 23:53:37,268 INFO     ___FILE_ONLY___ startTime
2025-10-23 23:53:37,268 INFO     ___FILE_ONLY___ :
2025-10-23 23:53:37,268 INFO     ___FILE_ONLY___  '
2025-10-23 23:53:37,268 INFO     ___FILE_ONLY___ 2025-10-23T21:51:37.784744339Z
2025-10-23 23:53:37,268 INFO     ___FILE_ONLY___ '
2025-10-23 23:53:37,268 INFO     ___FILE_ONLY___ 

2025-10-23 23:53:37,268 INFO     ___FILE_ONLY___ -
2025-10-23 23:53:37,268 INFO     ___FILE_ONLY___  
2025-10-23 23:53:37,268 INFO     ___FILE_ONLY___ args
2025-10-23 23:53:37,268 INFO     ___FILE_ONLY___ :
2025-10-23 23:53:37,268 INFO     ___FILE_ONLY___ 

2025-10-23 23:53:37,268 INFO     ___FILE_ONLY___   
2025-10-23 23:53:37,268 INFO     ___FILE_ONLY___ -
2025-10-23 23:53:37,268 INFO     ___FILE_ONLY___  
2025-10-23 23:53:37,268 INFO     ___FILE_ONLY___ -c
2025-10-23 23:53:37,268 INFO     ___FILE_ONLY___ 

2025-10-23 23:53:37,268 INFO     ___FILE_ONLY___   
2025-10-23 23:53:37,268 INFO     ___FILE_ONLY___ -
2025-10-23 23:53:37,268 INFO     ___FILE_ONLY___  
2025-10-23 23:53:37,268 INFO     ___FILE_ONLY___ |
2025-10-23 23:53:37,268 INFO     ___FILE_ONLY___ 

2025-10-23 23:53:37,268 INFO     ___FILE_ONLY___     
2025-10-23 23:53:37,268 INFO     ___FILE_ONLY___ set -eo pipefail
2025-10-23 23:53:37,268 INFO     ___FILE_ONLY___ 

2025-10-23 23:53:37,268 INFO     ___FILE_ONLY___     
2025-10-23 23:53:37,268 INFO     ___FILE_ONLY___ frontend_bucket="gs://energinokkelen-frontend"
2025-10-23 23:53:37,268 INFO     ___FILE_ONLY___ 

2025-10-23 23:53:37,268 INFO     ___FILE_ONLY___     
2025-10-23 23:53:37,268 INFO     ___FILE_ONLY___ content_bucket="gs://energinokkelen-content"
2025-10-23 23:53:37,269 INFO     ___FILE_ONLY___ 

2025-10-23 23:53:37,269 INFO     ___FILE_ONLY___     
2025-10-23 23:53:37,269 INFO     ___FILE_ONLY___ gsutil -m rsync -d -r dist "${frontend_bucket}"
2025-10-23 23:53:37,269 INFO     ___FILE_ONLY___ 

2025-10-23 23:53:37,269 INFO     ___FILE_ONLY___     
2025-10-23 23:53:37,269 INFO     ___FILE_ONLY___ gsutil -m rsync -d -r content "${content_bucket}"
2025-10-23 23:53:37,269 INFO     ___FILE_ONLY___ 

2025-10-23 23:53:37,269 INFO     ___FILE_ONLY___   
2025-10-23 23:53:37,269 INFO     ___FILE_ONLY___ entrypoint
2025-10-23 23:53:37,269 INFO     ___FILE_ONLY___ :
2025-10-23 23:53:37,269 INFO     ___FILE_ONLY___  
2025-10-23 23:53:37,269 INFO     ___FILE_ONLY___ bash
2025-10-23 23:53:37,269 INFO     ___FILE_ONLY___ 

2025-10-23 23:53:37,269 INFO     ___FILE_ONLY___   
2025-10-23 23:53:37,269 INFO     ___FILE_ONLY___ id
2025-10-23 23:53:37,269 INFO     ___FILE_ONLY___ :
2025-10-23 23:53:37,269 INFO     ___FILE_ONLY___  
2025-10-23 23:53:37,269 INFO     ___FILE_ONLY___ Sync
2025-10-23 23:53:37,269 INFO     ___FILE_ONLY___  
2025-10-23 23:53:37,269 INFO     ___FILE_ONLY___ frontend
2025-10-23 23:53:37,269 INFO     ___FILE_ONLY___  
2025-10-23 23:53:37,269 INFO     ___FILE_ONLY___ &
2025-10-23 23:53:37,269 INFO     ___FILE_ONLY___  
2025-10-23 23:53:37,269 INFO     ___FILE_ONLY___ content
2025-10-23 23:53:37,269 INFO     ___FILE_ONLY___  
2025-10-23 23:53:37,269 INFO     ___FILE_ONLY___ buckets
2025-10-23 23:53:37,269 INFO     ___FILE_ONLY___ 

2025-10-23 23:53:37,269 INFO     ___FILE_ONLY___   
2025-10-23 23:53:37,269 INFO     ___FILE_ONLY___ name
2025-10-23 23:53:37,269 INFO     ___FILE_ONLY___ :
2025-10-23 23:53:37,269 INFO     ___FILE_ONLY___  
2025-10-23 23:53:37,269 INFO     ___FILE_ONLY___ gcr.io/google.com/cloudsdktool/cloud-sdk
2025-10-23 23:53:37,269 INFO     ___FILE_ONLY___ 

2025-10-23 23:53:37,269 INFO     ___FILE_ONLY___   
2025-10-23 23:53:37,269 INFO     ___FILE_ONLY___ pullTiming
2025-10-23 23:53:37,269 INFO     ___FILE_ONLY___ :
2025-10-23 23:53:37,269 INFO     ___FILE_ONLY___ 

2025-10-23 23:53:37,269 INFO     ___FILE_ONLY___     
2025-10-23 23:53:37,269 INFO     ___FILE_ONLY___ endTime
2025-10-23 23:53:37,269 INFO     ___FILE_ONLY___ :
2025-10-23 23:53:37,269 INFO     ___FILE_ONLY___  '
2025-10-23 23:53:37,269 INFO     ___FILE_ONLY___ 2025-10-23T21:53:13.232331497Z
2025-10-23 23:53:37,269 INFO     ___FILE_ONLY___ '
2025-10-23 23:53:37,269 INFO     ___FILE_ONLY___ 

2025-10-23 23:53:37,269 INFO     ___FILE_ONLY___     
2025-10-23 23:53:37,269 INFO     ___FILE_ONLY___ startTime
2025-10-23 23:53:37,269 INFO     ___FILE_ONLY___ :
2025-10-23 23:53:37,270 INFO     ___FILE_ONLY___  '
2025-10-23 23:53:37,270 INFO     ___FILE_ONLY___ 2025-10-23T21:52:06.969947292Z
2025-10-23 23:53:37,270 INFO     ___FILE_ONLY___ '
2025-10-23 23:53:37,270 INFO     ___FILE_ONLY___ 

2025-10-23 23:53:37,270 INFO     ___FILE_ONLY___   
2025-10-23 23:53:37,270 INFO     ___FILE_ONLY___ status
2025-10-23 23:53:37,270 INFO     ___FILE_ONLY___ :
2025-10-23 23:53:37,270 INFO     ___FILE_ONLY___  
2025-10-23 23:53:37,270 INFO     ___FILE_ONLY___ SUCCESS
2025-10-23 23:53:37,270 INFO     ___FILE_ONLY___ 

2025-10-23 23:53:37,270 INFO     ___FILE_ONLY___   
2025-10-23 23:53:37,270 INFO     ___FILE_ONLY___ timing
2025-10-23 23:53:37,270 INFO     ___FILE_ONLY___ :
2025-10-23 23:53:37,270 INFO     ___FILE_ONLY___ 

2025-10-23 23:53:37,270 INFO     ___FILE_ONLY___     
2025-10-23 23:53:37,270 INFO     ___FILE_ONLY___ endTime
2025-10-23 23:53:37,270 INFO     ___FILE_ONLY___ :
2025-10-23 23:53:37,270 INFO     ___FILE_ONLY___  '
2025-10-23 23:53:37,270 INFO     ___FILE_ONLY___ 2025-10-23T21:53:22.613392480Z
2025-10-23 23:53:37,270 INFO     ___FILE_ONLY___ '
2025-10-23 23:53:37,270 INFO     ___FILE_ONLY___ 

2025-10-23 23:53:37,270 INFO     ___FILE_ONLY___     
2025-10-23 23:53:37,270 INFO     ___FILE_ONLY___ startTime
2025-10-23 23:53:37,270 INFO     ___FILE_ONLY___ :
2025-10-23 23:53:37,270 INFO     ___FILE_ONLY___  '
2025-10-23 23:53:37,270 INFO     ___FILE_ONLY___ 2025-10-23T21:52:06.969947292Z
2025-10-23 23:53:37,270 INFO     ___FILE_ONLY___ '
2025-10-23 23:53:37,270 INFO     ___FILE_ONLY___ 

2025-10-23 23:53:37,270 INFO     ___FILE_ONLY___ -
2025-10-23 23:53:37,270 INFO     ___FILE_ONLY___  
2025-10-23 23:53:37,270 INFO     ___FILE_ONLY___ args
2025-10-23 23:53:37,270 INFO     ___FILE_ONLY___ :
2025-10-23 23:53:37,270 INFO     ___FILE_ONLY___ 

2025-10-23 23:53:37,270 INFO     ___FILE_ONLY___   
2025-10-23 23:53:37,270 INFO     ___FILE_ONLY___ -
2025-10-23 23:53:37,270 INFO     ___FILE_ONLY___  
2025-10-23 23:53:37,270 INFO     ___FILE_ONLY___ -c
2025-10-23 23:53:37,270 INFO     ___FILE_ONLY___ 

2025-10-23 23:53:37,270 INFO     ___FILE_ONLY___   
2025-10-23 23:53:37,270 INFO     ___FILE_ONLY___ -
2025-10-23 23:53:37,270 INFO     ___FILE_ONLY___  
2025-10-23 23:53:37,270 INFO     ___FILE_ONLY___ |
2025-10-23 23:53:37,270 INFO     ___FILE_ONLY___ 

2025-10-23 23:53:37,271 INFO     ___FILE_ONLY___     
2025-10-23 23:53:37,271 INFO     ___FILE_ONLY___ set -eo pipefail
2025-10-23 23:53:37,271 INFO     ___FILE_ONLY___ 

2025-10-23 23:53:37,271 INFO     ___FILE_ONLY___     
2025-10-23 23:53:37,271 INFO     ___FILE_ONLY___ image_uri=$(cat /workspace/image-uri.txt)
2025-10-23 23:53:37,271 INFO     ___FILE_ONLY___ 

2025-10-23 23:53:37,271 INFO     ___FILE_ONLY___     
2025-10-23 23:53:37,271 INFO     ___FILE_ONLY___ config_template="deploy/gcp/cloudrun.yaml"
2025-10-23 23:53:37,271 INFO     ___FILE_ONLY___ 

2025-10-23 23:53:37,271 INFO     ___FILE_ONLY___     
2025-10-23 23:53:37,271 INFO     ___FILE_ONLY___ sed -e "s|__IMAGE_URI__|$image_uri|g" \
2025-10-23 23:53:37,271 INFO     ___FILE_ONLY___ 

2025-10-23 23:53:37,271 INFO     ___FILE_ONLY___     
2025-10-23 23:53:37,271 INFO     ___FILE_ONLY___     -e "s|__PROJECT_ID__|energiverktoy-poc-1234|g" \
2025-10-23 23:53:37,271 INFO     ___FILE_ONLY___ 

2025-10-23 23:53:37,271 INFO     ___FILE_ONLY___     
2025-10-23 23:53:37,271 INFO     ___FILE_ONLY___     -e "s|__API_ENV__|test|g" \
2025-10-23 23:53:37,271 INFO     ___FILE_ONLY___ 

2025-10-23 23:53:37,271 INFO     ___FILE_ONLY___     
2025-10-23 23:53:37,271 INFO     ___FILE_ONLY___     "$config_template" > /workspace/cloudrun-rendered.yaml
2025-10-23 23:53:37,271 INFO     ___FILE_ONLY___ 

2025-10-23 23:53:37,271 INFO     ___FILE_ONLY___     
2025-10-23 23:53:37,271 INFO     ___FILE_ONLY___ cat /workspace/cloudrun-rendered.yaml
2025-10-23 23:53:37,271 INFO     ___FILE_ONLY___ 

2025-10-23 23:53:37,271 INFO     ___FILE_ONLY___   
2025-10-23 23:53:37,271 INFO     ___FILE_ONLY___ entrypoint
2025-10-23 23:53:37,271 INFO     ___FILE_ONLY___ :
2025-10-23 23:53:37,271 INFO     ___FILE_ONLY___  
2025-10-23 23:53:37,271 INFO     ___FILE_ONLY___ bash
2025-10-23 23:53:37,271 INFO     ___FILE_ONLY___ 

2025-10-23 23:53:37,271 INFO     ___FILE_ONLY___   
2025-10-23 23:53:37,271 INFO     ___FILE_ONLY___ id
2025-10-23 23:53:37,271 INFO     ___FILE_ONLY___ :
2025-10-23 23:53:37,271 INFO     ___FILE_ONLY___  
2025-10-23 23:53:37,271 INFO     ___FILE_ONLY___ Render
2025-10-23 23:53:37,271 INFO     ___FILE_ONLY___  
2025-10-23 23:53:37,271 INFO     ___FILE_ONLY___ Cloud
2025-10-23 23:53:37,271 INFO     ___FILE_ONLY___  
2025-10-23 23:53:37,271 INFO     ___FILE_ONLY___ Run
2025-10-23 23:53:37,271 INFO     ___FILE_ONLY___  
2025-10-23 23:53:37,271 INFO     ___FILE_ONLY___ config
2025-10-23 23:53:37,272 INFO     ___FILE_ONLY___ 

2025-10-23 23:53:37,272 INFO     ___FILE_ONLY___   
2025-10-23 23:53:37,272 INFO     ___FILE_ONLY___ name
2025-10-23 23:53:37,272 INFO     ___FILE_ONLY___ :
2025-10-23 23:53:37,272 INFO     ___FILE_ONLY___  
2025-10-23 23:53:37,272 INFO     ___FILE_ONLY___ gcr.io/google.com/cloudsdktool/cloud-sdk
2025-10-23 23:53:37,272 INFO     ___FILE_ONLY___ 

2025-10-23 23:53:37,272 INFO     ___FILE_ONLY___   
2025-10-23 23:53:37,272 INFO     ___FILE_ONLY___ pullTiming
2025-10-23 23:53:37,272 INFO     ___FILE_ONLY___ :
2025-10-23 23:53:37,272 INFO     ___FILE_ONLY___ 

2025-10-23 23:53:37,272 INFO     ___FILE_ONLY___     
2025-10-23 23:53:37,272 INFO     ___FILE_ONLY___ endTime
2025-10-23 23:53:37,272 INFO     ___FILE_ONLY___ :
2025-10-23 23:53:37,272 INFO     ___FILE_ONLY___  '
2025-10-23 23:53:37,272 INFO     ___FILE_ONLY___ 2025-10-23T21:53:22.614592970Z
2025-10-23 23:53:37,272 INFO     ___FILE_ONLY___ '
2025-10-23 23:53:37,272 INFO     ___FILE_ONLY___ 

2025-10-23 23:53:37,272 INFO     ___FILE_ONLY___     
2025-10-23 23:53:37,272 INFO     ___FILE_ONLY___ startTime
2025-10-23 23:53:37,272 INFO     ___FILE_ONLY___ :
2025-10-23 23:53:37,272 INFO     ___FILE_ONLY___  '
2025-10-23 23:53:37,272 INFO     ___FILE_ONLY___ 2025-10-23T21:53:22.613557881Z
2025-10-23 23:53:37,272 INFO     ___FILE_ONLY___ '
2025-10-23 23:53:37,272 INFO     ___FILE_ONLY___ 

2025-10-23 23:53:37,272 INFO     ___FILE_ONLY___   
2025-10-23 23:53:37,272 INFO     ___FILE_ONLY___ status
2025-10-23 23:53:37,272 INFO     ___FILE_ONLY___ :
2025-10-23 23:53:37,272 INFO     ___FILE_ONLY___  
2025-10-23 23:53:37,272 INFO     ___FILE_ONLY___ SUCCESS
2025-10-23 23:53:37,272 INFO     ___FILE_ONLY___ 

2025-10-23 23:53:37,272 INFO     ___FILE_ONLY___   
2025-10-23 23:53:37,272 INFO     ___FILE_ONLY___ timing
2025-10-23 23:53:37,272 INFO     ___FILE_ONLY___ :
2025-10-23 23:53:37,272 INFO     ___FILE_ONLY___ 

2025-10-23 23:53:37,272 INFO     ___FILE_ONLY___     
2025-10-23 23:53:37,272 INFO     ___FILE_ONLY___ endTime
2025-10-23 23:53:37,272 INFO     ___FILE_ONLY___ :
2025-10-23 23:53:37,272 INFO     ___FILE_ONLY___  '
2025-10-23 23:53:37,272 INFO     ___FILE_ONLY___ 2025-10-23T21:53:23.210019751Z
2025-10-23 23:53:37,272 INFO     ___FILE_ONLY___ '
2025-10-23 23:53:37,272 INFO     ___FILE_ONLY___ 

2025-10-23 23:53:37,272 INFO     ___FILE_ONLY___     
2025-10-23 23:53:37,272 INFO     ___FILE_ONLY___ startTime
2025-10-23 23:53:37,272 INFO     ___FILE_ONLY___ :
2025-10-23 23:53:37,273 INFO     ___FILE_ONLY___  '
2025-10-23 23:53:37,273 INFO     ___FILE_ONLY___ 2025-10-23T21:53:22.613557881Z
2025-10-23 23:53:37,273 INFO     ___FILE_ONLY___ '
2025-10-23 23:53:37,273 INFO     ___FILE_ONLY___ 

2025-10-23 23:53:37,273 INFO     ___FILE_ONLY___ -
2025-10-23 23:53:37,273 INFO     ___FILE_ONLY___  
2025-10-23 23:53:37,273 INFO     ___FILE_ONLY___ args
2025-10-23 23:53:37,273 INFO     ___FILE_ONLY___ :
2025-10-23 23:53:37,273 INFO     ___FILE_ONLY___ 

2025-10-23 23:53:37,273 INFO     ___FILE_ONLY___   
2025-10-23 23:53:37,273 INFO     ___FILE_ONLY___ -
2025-10-23 23:53:37,273 INFO     ___FILE_ONLY___  
2025-10-23 23:53:37,273 INFO     ___FILE_ONLY___ -c
2025-10-23 23:53:37,273 INFO     ___FILE_ONLY___ 

2025-10-23 23:53:37,273 INFO     ___FILE_ONLY___   
2025-10-23 23:53:37,273 INFO     ___FILE_ONLY___ -
2025-10-23 23:53:37,273 INFO     ___FILE_ONLY___  
2025-10-23 23:53:37,273 INFO     ___FILE_ONLY___ |
2025-10-23 23:53:37,273 INFO     ___FILE_ONLY___ 

2025-10-23 23:53:37,273 INFO     ___FILE_ONLY___     
2025-10-23 23:53:37,273 INFO     ___FILE_ONLY___ set -eo pipefail
2025-10-23 23:53:37,273 INFO     ___FILE_ONLY___ 

2025-10-23 23:53:37,273 INFO     ___FILE_ONLY___     
2025-10-23 23:53:37,273 INFO     ___FILE_ONLY___ if [[ "false" != "true" ]]; then
2025-10-23 23:53:37,273 INFO     ___FILE_ONLY___ 

2025-10-23 23:53:37,273 INFO     ___FILE_ONLY___     
2025-10-23 23:53:37,273 INFO     ___FILE_ONLY___   echo "Skipping Cloud Run deploy (DEPLOY=false)."
2025-10-23 23:53:37,273 INFO     ___FILE_ONLY___ 

2025-10-23 23:53:37,273 INFO     ___FILE_ONLY___     
2025-10-23 23:53:37,273 INFO     ___FILE_ONLY___   exit 0
2025-10-23 23:53:37,273 INFO     ___FILE_ONLY___ 

2025-10-23 23:53:37,273 INFO     ___FILE_ONLY___     
2025-10-23 23:53:37,273 INFO     ___FILE_ONLY___ fi
2025-10-23 23:53:37,273 INFO     ___FILE_ONLY___ 

2025-10-23 23:53:37,273 INFO     ___FILE_ONLY___     
2025-10-23 23:53:37,273 INFO     ___FILE_ONLY___ gcloud run services replace /workspace/cloudrun-rendered.yaml --region "europe-north1" --project "energiverktoy-poc-1234"
2025-10-23 23:53:37,273 INFO     ___FILE_ONLY___ 

2025-10-23 23:53:37,273 INFO     ___FILE_ONLY___   
2025-10-23 23:53:37,273 INFO     ___FILE_ONLY___ entrypoint
2025-10-23 23:53:37,273 INFO     ___FILE_ONLY___ :
2025-10-23 23:53:37,273 INFO     ___FILE_ONLY___  
2025-10-23 23:53:37,273 INFO     ___FILE_ONLY___ bash
2025-10-23 23:53:37,273 INFO     ___FILE_ONLY___ 

2025-10-23 23:53:37,273 INFO     ___FILE_ONLY___   
2025-10-23 23:53:37,273 INFO     ___FILE_ONLY___ id
2025-10-23 23:53:37,273 INFO     ___FILE_ONLY___ :
2025-10-23 23:53:37,273 INFO     ___FILE_ONLY___  
2025-10-23 23:53:37,273 INFO     ___FILE_ONLY___ Deploy
2025-10-23 23:53:37,273 INFO     ___FILE_ONLY___  
2025-10-23 23:53:37,273 INFO     ___FILE_ONLY___ Cloud
2025-10-23 23:53:37,273 INFO     ___FILE_ONLY___  
2025-10-23 23:53:37,274 INFO     ___FILE_ONLY___ Run
2025-10-23 23:53:37,274 INFO     ___FILE_ONLY___  
2025-10-23 23:53:37,274 INFO     ___FILE_ONLY___ (conditional)
2025-10-23 23:53:37,274 INFO     ___FILE_ONLY___ 

2025-10-23 23:53:37,274 INFO     ___FILE_ONLY___   
2025-10-23 23:53:37,274 INFO     ___FILE_ONLY___ name
2025-10-23 23:53:37,274 INFO     ___FILE_ONLY___ :
2025-10-23 23:53:37,274 INFO     ___FILE_ONLY___  
2025-10-23 23:53:37,274 INFO     ___FILE_ONLY___ gcr.io/google.com/cloudsdktool/cloud-sdk
2025-10-23 23:53:37,274 INFO     ___FILE_ONLY___ 

2025-10-23 23:53:37,274 INFO     ___FILE_ONLY___   
2025-10-23 23:53:37,274 INFO     ___FILE_ONLY___ pullTiming
2025-10-23 23:53:37,274 INFO     ___FILE_ONLY___ :
2025-10-23 23:53:37,274 INFO     ___FILE_ONLY___ 

2025-10-23 23:53:37,274 INFO     ___FILE_ONLY___     
2025-10-23 23:53:37,274 INFO     ___FILE_ONLY___ endTime
2025-10-23 23:53:37,274 INFO     ___FILE_ONLY___ :
2025-10-23 23:53:37,274 INFO     ___FILE_ONLY___  '
2025-10-23 23:53:37,274 INFO     ___FILE_ONLY___ 2025-10-23T21:53:23.211193140Z
2025-10-23 23:53:37,274 INFO     ___FILE_ONLY___ '
2025-10-23 23:53:37,274 INFO     ___FILE_ONLY___ 

2025-10-23 23:53:37,274 INFO     ___FILE_ONLY___     
2025-10-23 23:53:37,274 INFO     ___FILE_ONLY___ startTime
2025-10-23 23:53:37,274 INFO     ___FILE_ONLY___ :
2025-10-23 23:53:37,274 INFO     ___FILE_ONLY___  '
2025-10-23 23:53:37,274 INFO     ___FILE_ONLY___ 2025-10-23T21:53:23.210129320Z
2025-10-23 23:53:37,274 INFO     ___FILE_ONLY___ '
2025-10-23 23:53:37,274 INFO     ___FILE_ONLY___ 

2025-10-23 23:53:37,274 INFO     ___FILE_ONLY___   
2025-10-23 23:53:37,274 INFO     ___FILE_ONLY___ status
2025-10-23 23:53:37,274 INFO     ___FILE_ONLY___ :
2025-10-23 23:53:37,274 INFO     ___FILE_ONLY___  
2025-10-23 23:53:37,274 INFO     ___FILE_ONLY___ SUCCESS
2025-10-23 23:53:37,274 INFO     ___FILE_ONLY___ 

2025-10-23 23:53:37,274 INFO     ___FILE_ONLY___   
2025-10-23 23:53:37,274 INFO     ___FILE_ONLY___ timing
2025-10-23 23:53:37,274 INFO     ___FILE_ONLY___ :
2025-10-23 23:53:37,274 INFO     ___FILE_ONLY___ 

2025-10-23 23:53:37,274 INFO     ___FILE_ONLY___     
2025-10-23 23:53:37,274 INFO     ___FILE_ONLY___ endTime
2025-10-23 23:53:37,274 INFO     ___FILE_ONLY___ :
2025-10-23 23:53:37,274 INFO     ___FILE_ONLY___  '
2025-10-23 23:53:37,274 INFO     ___FILE_ONLY___ 2025-10-23T21:53:23.839753548Z
2025-10-23 23:53:37,274 INFO     ___FILE_ONLY___ '
2025-10-23 23:53:37,274 INFO     ___FILE_ONLY___ 

2025-10-23 23:53:37,274 INFO     ___FILE_ONLY___     
2025-10-23 23:53:37,274 INFO     ___FILE_ONLY___ startTime
2025-10-23 23:53:37,275 INFO     ___FILE_ONLY___ :
2025-10-23 23:53:37,275 INFO     ___FILE_ONLY___  '
2025-10-23 23:53:37,275 INFO     ___FILE_ONLY___ 2025-10-23T21:53:23.210129320Z
2025-10-23 23:53:37,275 INFO     ___FILE_ONLY___ '
2025-10-23 23:53:37,275 INFO     ___FILE_ONLY___ 

2025-10-23 23:53:37,275 INFO     ___FILE_ONLY___ substitutions
2025-10-23 23:53:37,275 INFO     ___FILE_ONLY___ :
2025-10-23 23:53:37,275 INFO     ___FILE_ONLY___ 

2025-10-23 23:53:37,275 INFO     ___FILE_ONLY___   
2025-10-23 23:53:37,275 INFO     ___FILE_ONLY___ _API_ENV
2025-10-23 23:53:37,275 INFO     ___FILE_ONLY___ :
2025-10-23 23:53:37,275 INFO     ___FILE_ONLY___  
2025-10-23 23:53:37,275 INFO     ___FILE_ONLY___ test
2025-10-23 23:53:37,275 INFO     ___FILE_ONLY___ 

2025-10-23 23:53:37,275 INFO     ___FILE_ONLY___   
2025-10-23 23:53:37,275 INFO     ___FILE_ONLY___ _CLOUD_RUN_CONFIG
2025-10-23 23:53:37,275 INFO     ___FILE_ONLY___ :
2025-10-23 23:53:37,275 INFO     ___FILE_ONLY___  
2025-10-23 23:53:37,275 INFO     ___FILE_ONLY___ deploy/gcp/cloudrun.yaml
2025-10-23 23:53:37,275 INFO     ___FILE_ONLY___ 

2025-10-23 23:53:37,275 INFO     ___FILE_ONLY___   
2025-10-23 23:53:37,275 INFO     ___FILE_ONLY___ _CONTENT_BUCKET
2025-10-23 23:53:37,275 INFO     ___FILE_ONLY___ :
2025-10-23 23:53:37,275 INFO     ___FILE_ONLY___  
2025-10-23 23:53:37,275 INFO     ___FILE_ONLY___ gs://energinokkelen-content
2025-10-23 23:53:37,275 INFO     ___FILE_ONLY___ 

2025-10-23 23:53:37,275 INFO     ___FILE_ONLY___   
2025-10-23 23:53:37,275 INFO     ___FILE_ONLY___ _DEPLOY
2025-10-23 23:53:37,275 INFO     ___FILE_ONLY___ :
2025-10-23 23:53:37,275 INFO     ___FILE_ONLY___  '
2025-10-23 23:53:37,275 INFO     ___FILE_ONLY___ false
2025-10-23 23:53:37,275 INFO     ___FILE_ONLY___ '
2025-10-23 23:53:37,275 INFO     ___FILE_ONLY___ 

2025-10-23 23:53:37,275 INFO     ___FILE_ONLY___   
2025-10-23 23:53:37,275 INFO     ___FILE_ONLY___ _FRONTEND_BUCKET
2025-10-23 23:53:37,275 INFO     ___FILE_ONLY___ :
2025-10-23 23:53:37,275 INFO     ___FILE_ONLY___  
2025-10-23 23:53:37,275 INFO     ___FILE_ONLY___ gs://energinokkelen-frontend
2025-10-23 23:53:37,275 INFO     ___FILE_ONLY___ 

2025-10-23 23:53:37,275 INFO     ___FILE_ONLY___   
2025-10-23 23:53:37,275 INFO     ___FILE_ONLY___ _REGION
2025-10-23 23:53:37,275 INFO     ___FILE_ONLY___ :
2025-10-23 23:53:37,275 INFO     ___FILE_ONLY___  
2025-10-23 23:53:37,275 INFO     ___FILE_ONLY___ europe-north1
2025-10-23 23:53:37,275 INFO     ___FILE_ONLY___ 

2025-10-23 23:53:37,275 INFO     ___FILE_ONLY___   
2025-10-23 23:53:37,275 INFO     ___FILE_ONLY___ _REPOSITORY
2025-10-23 23:53:37,275 INFO     ___FILE_ONLY___ :
2025-10-23 23:53:37,276 INFO     ___FILE_ONLY___  
2025-10-23 23:53:37,276 INFO     ___FILE_ONLY___ energinokkelen
2025-10-23 23:53:37,276 INFO     ___FILE_ONLY___ 

2025-10-23 23:53:37,276 INFO     ___FILE_ONLY___   
2025-10-23 23:53:37,276 INFO     ___FILE_ONLY___ _TAG
2025-10-23 23:53:37,276 INFO     ___FILE_ONLY___ :
2025-10-23 23:53:37,276 INFO     ___FILE_ONLY___  
2025-10-23 23:53:37,276 INFO     ___FILE_ONLY___ manual-test
2025-10-23 23:53:37,276 INFO     ___FILE_ONLY___ 

2025-10-23 23:53:37,276 INFO     ___FILE_ONLY___ timeout
2025-10-23 23:53:37,276 INFO     ___FILE_ONLY___ :
2025-10-23 23:53:37,276 INFO     ___FILE_ONLY___  
2025-10-23 23:53:37,276 INFO     ___FILE_ONLY___ 3600s
2025-10-23 23:53:37,276 INFO     ___FILE_ONLY___ 

2025-10-23 23:53:37,276 INFO     ___FILE_ONLY___ timing
2025-10-23 23:53:37,276 INFO     ___FILE_ONLY___ :
2025-10-23 23:53:37,276 INFO     ___FILE_ONLY___ 

2025-10-23 23:53:37,276 INFO     ___FILE_ONLY___   
2025-10-23 23:53:37,276 INFO     ___FILE_ONLY___ BUILD
2025-10-23 23:53:37,276 INFO     ___FILE_ONLY___ :
2025-10-23 23:53:37,276 INFO     ___FILE_ONLY___ 

2025-10-23 23:53:37,276 INFO     ___FILE_ONLY___     
2025-10-23 23:53:37,276 INFO     ___FILE_ONLY___ endTime
2025-10-23 23:53:37,276 INFO     ___FILE_ONLY___ :
2025-10-23 23:53:37,276 INFO     ___FILE_ONLY___  '
2025-10-23 23:53:37,276 INFO     ___FILE_ONLY___ 2025-10-23T21:53:23.873570176Z
2025-10-23 23:53:37,276 INFO     ___FILE_ONLY___ '
2025-10-23 23:53:37,276 INFO     ___FILE_ONLY___ 

2025-10-23 23:53:37,276 INFO     ___FILE_ONLY___     
2025-10-23 23:53:37,276 INFO     ___FILE_ONLY___ startTime
2025-10-23 23:53:37,276 INFO     ___FILE_ONLY___ :
2025-10-23 23:53:37,276 INFO     ___FILE_ONLY___  '
2025-10-23 23:53:37,276 INFO     ___FILE_ONLY___ 2025-10-23T21:49:14.355643748Z
2025-10-23 23:53:37,276 INFO     ___FILE_ONLY___ '
2025-10-23 23:53:37,276 INFO     ___FILE_ONLY___ 

2025-10-23 23:53:37,276 INFO     ___FILE_ONLY___   
2025-10-23 23:53:37,276 INFO     ___FILE_ONLY___ FETCHSOURCE
2025-10-23 23:53:37,276 INFO     ___FILE_ONLY___ :
2025-10-23 23:53:37,276 INFO     ___FILE_ONLY___ 

2025-10-23 23:53:37,276 INFO     ___FILE_ONLY___     
2025-10-23 23:53:37,276 INFO     ___FILE_ONLY___ endTime
2025-10-23 23:53:37,276 INFO     ___FILE_ONLY___ :
2025-10-23 23:53:37,276 INFO     ___FILE_ONLY___  '
2025-10-23 23:53:37,276 INFO     ___FILE_ONLY___ 2025-10-23T21:49:14.355586778Z
2025-10-23 23:53:37,276 INFO     ___FILE_ONLY___ '
2025-10-23 23:53:37,276 INFO     ___FILE_ONLY___ 

2025-10-23 23:53:37,277 INFO     ___FILE_ONLY___     
2025-10-23 23:53:37,277 INFO     ___FILE_ONLY___ startTime
2025-10-23 23:53:37,277 INFO     ___FILE_ONLY___ :
2025-10-23 23:53:37,277 INFO     ___FILE_ONLY___  '
2025-10-23 23:53:37,277 INFO     ___FILE_ONLY___ 2025-10-23T21:49:09.359089629Z
2025-10-23 23:53:37,277 INFO     ___FILE_ONLY___ '
2025-10-23 23:53:37,277 INFO     ___FILE_ONLY___ 

2025-10-23 23:53:37,277 INFO     ___FILE_ONLY___   
2025-10-23 23:53:37,277 INFO     ___FILE_ONLY___ PUSH
2025-10-23 23:53:37,277 INFO     ___FILE_ONLY___ :
2025-10-23 23:53:37,277 INFO     ___FILE_ONLY___ 

2025-10-23 23:53:37,277 INFO     ___FILE_ONLY___     
2025-10-23 23:53:37,277 INFO     ___FILE_ONLY___ endTime
2025-10-23 23:53:37,277 INFO     ___FILE_ONLY___ :
2025-10-23 23:53:37,277 INFO     ___FILE_ONLY___  '
2025-10-23 23:53:37,277 INFO     ___FILE_ONLY___ 2025-10-23T21:53:32.006285383Z
2025-10-23 23:53:37,277 INFO     ___FILE_ONLY___ '
2025-10-23 23:53:37,277 INFO     ___FILE_ONLY___ 

2025-10-23 23:53:37,277 INFO     ___FILE_ONLY___     
2025-10-23 23:53:37,277 INFO     ___FILE_ONLY___ startTime
2025-10-23 23:53:37,277 INFO     ___FILE_ONLY___ :
2025-10-23 23:53:37,277 INFO     ___FILE_ONLY___  '
2025-10-23 23:53:37,277 INFO     ___FILE_ONLY___ 2025-10-23T21:53:23.873621276Z
2025-10-23 23:53:37,277 INFO     ___FILE_ONLY___ '
2025-10-23 23:53:37,277 INFO     ___FILE_ONLY___ 

2025-10-23 23:53:37,277 INFO     ___FILE_ONLY___   
2025-10-23 23:53:37,277 INFO     ___FILE_ONLY___ STORAGE_SOURCE
2025-10-23 23:53:37,277 INFO     ___FILE_ONLY___ :
2025-10-23 23:53:37,277 INFO     ___FILE_ONLY___ 

2025-10-23 23:53:37,277 INFO     ___FILE_ONLY___     
2025-10-23 23:53:37,277 INFO     ___FILE_ONLY___ endTime
2025-10-23 23:53:37,277 INFO     ___FILE_ONLY___ :
2025-10-23 23:53:37,277 INFO     ___FILE_ONLY___  '
2025-10-23 23:53:37,277 INFO     ___FILE_ONLY___ 2025-10-23T21:49:14.355586778Z
2025-10-23 23:53:37,277 INFO     ___FILE_ONLY___ '
2025-10-23 23:53:37,277 INFO     ___FILE_ONLY___ 

2025-10-23 23:53:37,277 INFO     ___FILE_ONLY___     
2025-10-23 23:53:37,277 INFO     ___FILE_ONLY___ startTime
2025-10-23 23:53:37,277 INFO     ___FILE_ONLY___ :
2025-10-23 23:53:37,277 INFO     ___FILE_ONLY___  '
2025-10-23 23:53:37,277 INFO     ___FILE_ONLY___ 2025-10-23T21:49:09.359089629Z
2025-10-23 23:53:37,277 INFO     ___FILE_ONLY___ '
2025-10-23 23:53:37,277 INFO     ___FILE_ONLY___ 

2025-10-23 23:53:37,287 DEBUG    root            Metrics reporting process started...
